

================================================================
== Vitis HLS Report for 'do_compute'
================================================================
* Date:           Sun May 17 22:42:10 2026

* Version:        2024.1 (Build 5069499 on May 21 2024)
* Project:        FLOOD_HLS_optimized
* Solution:       solution_FLOOD_HLS_optimized (Vivado IP Flow Target)
* Product family: virtexuplusHBM
* Target device:  xcu50-fsvh2104-2-e


================================================================
== Performance Estimates
================================================================
+ Timing: 
    * Summary: 
    +--------+---------+----------+------------+
    |  Clock |  Target | Estimated| Uncertainty|
    +--------+---------+----------+------------+
    |ap_clk  |  4.00 ns|  4.989 ns|     1.08 ns|
    +--------+---------+----------+------------+

+ Latency: 
    * Summary: 
    +---------+---------+----------+----------+-----+-----+---------+
    |  Latency (cycles) |  Latency (absolute) |  Interval | Pipeline|
    |   min   |   max   |    min   |    max   | min | max |   Type  |
    +---------+---------+----------+----------+-----+-----+---------+
    |        ?|        ?|         ?|         ?|    ?|    ?|       no|
    +---------+---------+----------+----------+-----+-----+---------+

    + Detail: 
        * Instance: 
        +--------------------------------------------------------------------+--------------------------------------------------------+---------+---------+-----------+-----------+------+------+-----------------------------------------------+
        |                                                                    |                                                        |  Latency (cycles) |   Latency (absolute)  |   Interval  |                    Pipeline                   |
        |                              Instance                              |                         Module                         |   min   |   max   |    min    |    max    |  min |  max |                      Type                     |
        +--------------------------------------------------------------------+--------------------------------------------------------+---------+---------+-----------+-----------+------+------+-----------------------------------------------+
        |grp_do_compute_Pipeline_VITIS_LOOP_111_9_VITIS_LOOP_112_10_fu_1563  |do_compute_Pipeline_VITIS_LOOP_111_9_VITIS_LOOP_112_10  |     4886|     4886|  24.376 us|  24.376 us|  4803|  4803|  loop auto-rewind stp(delay=0 clock cycles(s))|
        |grp_do_compute_Pipeline_VITIS_LOOP_94_8_fu_1618                     |do_compute_Pipeline_VITIS_LOOP_94_8                     |        ?|        ?|          ?|          ?|     0|     0|  loop auto-rewind stp(delay=0 clock cycles(s))|
        |grp_do_compute_Pipeline_PROPAGATION_ROWS_PROPAGATION_COLS_fu_1706   |do_compute_Pipeline_PROPAGATION_ROWS_PROPAGATION_COLS   |     1615|     1615|   6.460 us|   6.460 us|  1601|  1601|  loop auto-rewind stp(delay=0 clock cycles(s))|
        +--------------------------------------------------------------------+--------------------------------------------------------+---------+---------+-----------+-----------+------+------+-----------------------------------------------+

        * Loop: 
        +--------------------------+---------+---------+----------+-----------+-----------+------+----------+
        |                          |  Latency (cycles) | Iteration|  Initiation Interval  | Trip |          |
        |         Loop Name        |   min   |   max   |  Latency |  achieved |   target  | Count| Pipelined|
        +--------------------------+---------+---------+----------+-----------+-----------+------+----------+
        |- VITIS_LOOP_55_1         |    11280|    11280|       282|          -|          -|    40|        no|
        | + VITIS_LOOP_56_2        |      280|      280|         7|          -|          -|    40|        no|
        |  ++ VITIS_LOOP_65_3      |        4|        4|         1|          -|          -|     4|        no|
        |- VITIS_LOOP_72_4         |        ?|        ?|         ?|          -|          -|     ?|        no|
        | + VITIS_LOOP_77_5        |      132|      132|        22|          -|          -|     6|        no|
        | + VITIS_LOOP_84_6        |        ?|        ?|         ?|          -|          -|     6|        no|
        |  ++ VITIS_LOOP_93_7      |        ?|        ?|         ?|          -|          -|     ?|        no|
        | + VITIS_LOOP_240_13      |     9680|     9680|       242|          -|          -|    40|        no|
        |  ++ VITIS_LOOP_241_14    |      240|      240|         6|          -|          -|    40|        no|
        |   +++ VITIS_LOOP_242_15  |        4|        4|         1|          -|          -|     4|        no|
        |- VITIS_LOOP_317_16       |    30520|    30520|       763|          -|          -|    40|        no|
        | + VITIS_LOOP_318_17      |      760|      760|        19|          -|          -|    40|        no|
        +--------------------------+---------+---------+----------+-----------+-----------+------+----------+



================================================================
== Utilization Estimates
================================================================
* Summary: 
+---------------------+---------+------+---------+--------+-----+
|         Name        | BRAM_18K|  DSP |    FF   |   LUT  | URAM|
+---------------------+---------+------+---------+--------+-----+
|DSP                  |        -|     -|        -|       -|    -|
|Expression           |        -|     -|        0|    1176|    -|
|FIFO                 |        -|     -|        -|       -|    -|
|Instance             |        5|   112|    69542|   26990|    -|
|Memory               |       24|     -|     1280|    1320|    0|
|Multiplexer          |        -|     -|        0|    6784|    -|
|Register             |        -|     -|     5054|       -|    -|
+---------------------+---------+------+---------+--------+-----+
|Total                |       29|   112|    75876|   36270|    0|
+---------------------+---------+------+---------+--------+-----+
|Available SLR        |     1344|  2976|   871680|  435840|  320|
+---------------------+---------+------+---------+--------+-----+
|Utilization SLR (%)  |        2|     3|        8|       8|    0|
+---------------------+---------+------+---------+--------+-----+
|Available            |     2688|  5952|  1743360|  871680|  640|
+---------------------+---------+------+---------+--------+-----+
|Utilization (%)      |        1|     1|        4|       4|    0|
+---------------------+---------+------+---------+--------+-----+

+ Detail: 
    * Instance: 
    +--------------------------------------------------------------------+--------------------------------------------------------+---------+----+-------+-------+-----+
    |                              Instance                              |                         Module                         | BRAM_18K| DSP|   FF  |  LUT  | URAM|
    +--------------------------------------------------------------------+--------------------------------------------------------+---------+----+-------+-------+-----+
    |dcmp_64ns_64ns_1_2_no_dsp_1_U281                                    |dcmp_64ns_64ns_1_2_no_dsp_1                             |        0|   0|      0|      0|    0|
    |grp_do_compute_Pipeline_PROPAGATION_ROWS_PROPAGATION_COLS_fu_1706   |do_compute_Pipeline_PROPAGATION_ROWS_PROPAGATION_COLS   |        0|  12|  24097|   5645|    0|
    |grp_do_compute_Pipeline_VITIS_LOOP_111_9_VITIS_LOOP_112_10_fu_1563  |do_compute_Pipeline_VITIS_LOOP_111_9_VITIS_LOOP_112_10  |        0|   8|  29215|   7067|    0|
    |grp_do_compute_Pipeline_VITIS_LOOP_94_8_fu_1618                     |do_compute_Pipeline_VITIS_LOOP_94_8                     |        5|  68|  14348|  11781|    0|
    |faddfsub_32ns_32ns_32_7_full_dsp_1_U266                             |faddfsub_32ns_32ns_32_7_full_dsp_1                      |        0|   2|    318|    198|    0|
    |faddfsub_32ns_32ns_32_7_full_dsp_1_U267                             |faddfsub_32ns_32ns_32_7_full_dsp_1                      |        0|   2|    318|    198|    0|
    |faddfsub_32ns_32ns_32_7_full_dsp_1_U268                             |faddfsub_32ns_32ns_32_7_full_dsp_1                      |        0|   2|    318|    198|    0|
    |fcmp_32ns_32ns_1_2_no_dsp_1_U278                                    |fcmp_32ns_32ns_1_2_no_dsp_1                             |        0|   0|      0|      0|    0|
    |fcmp_32ns_32ns_1_2_no_dsp_1_U279                                    |fcmp_32ns_32ns_1_2_no_dsp_1                             |        0|   0|      0|      0|    0|
    |fcmp_32ns_32ns_1_2_no_dsp_1_U280                                    |fcmp_32ns_32ns_1_2_no_dsp_1                             |        0|   0|      0|      0|    0|
    |fdiv_32ns_32ns_32_12_no_dsp_1_U272                                  |fdiv_32ns_32ns_32_12_no_dsp_1                           |        0|   0|      0|      0|    0|
    |fdiv_32ns_32ns_32_12_no_dsp_1_U273                                  |fdiv_32ns_32ns_32_12_no_dsp_1                           |        0|   0|      0|      0|    0|
    |fdiv_32ns_32ns_32_12_no_dsp_1_U274                                  |fdiv_32ns_32ns_32_12_no_dsp_1                           |        0|   0|      0|      0|    0|
    |fmul_32ns_32ns_32_4_max_dsp_1_U269                                  |fmul_32ns_32ns_32_4_max_dsp_1                           |        0|   3|    143|     78|    0|
    |fmul_32ns_32ns_32_4_max_dsp_1_U270                                  |fmul_32ns_32ns_32_4_max_dsp_1                           |        0|   3|    143|     78|    0|
    |fmul_32ns_32ns_32_4_max_dsp_1_U271                                  |fmul_32ns_32ns_32_4_max_dsp_1                           |        0|   3|    143|     78|    0|
    |fmul_32ns_32ns_32_4_max_dsp_1_U283                                  |fmul_32ns_32ns_32_4_max_dsp_1                           |        0|   3|    143|     78|    0|
    |fmul_32ns_32ns_32_4_max_dsp_1_U284                                  |fmul_32ns_32ns_32_4_max_dsp_1                           |        0|   3|    143|     78|    0|
    |fmul_32ns_32ns_32_4_max_dsp_1_U285                                  |fmul_32ns_32ns_32_4_max_dsp_1                           |        0|   3|    143|     78|    0|
    |fpext_32ns_64_2_no_dsp_1_U276                                       |fpext_32ns_64_2_no_dsp_1                                |        0|   0|      0|      0|    0|
    |fpext_32ns_64_2_no_dsp_1_U277                                       |fpext_32ns_64_2_no_dsp_1                                |        0|   0|      0|      0|    0|
    |grp_p_hls_fptosi_float_i32_fu_4255                                  |p_hls_fptosi_float_i32                                  |        0|   0|     35|    629|    0|
    |grp_p_hls_fptosi_float_i32_fu_4271                                  |p_hls_fptosi_float_i32                                  |        0|   0|     35|    629|    0|
    |sitofp_32ns_32_4_no_dsp_1_U275                                      |sitofp_32ns_32_4_no_dsp_1                               |        0|   0|      0|      0|    0|
    |sparsemux_81_6_32_1_1_U282                                          |sparsemux_81_6_32_1_1                                   |        0|   0|      0|    177|    0|
    +--------------------------------------------------------------------+--------------------------------------------------------+---------+----+-------+-------+-----+
    |Total                                                               |                                                        |        5| 112|  69542|  26990|    0|
    +--------------------------------------------------------------------+--------------------------------------------------------+---------+----+-------+-------+-----+

    * DSP: 
    N/A

    * Memory: 
    +-------------------------+--------------------------------+---------+----+----+-----+------+-----+------+-------------+
    |          Memory         |             Module             | BRAM_18K| FF | LUT| URAM| Words| Bits| Banks| W*Bits*Banks|
    +-------------------------+--------------------------------+---------+----+----+-----+------+-----+------+-------------+
    |spillage_flag_U          |spillage_flag_RAM_AUTO_1R1W     |        4|   0|   0|    0|  1600|   32|     1|        51200|
    |spillage_level_U         |spillage_flag_RAM_AUTO_1R1W     |        4|   0|   0|    0|  1600|   32|     1|        51200|
    |spillage_from_neigh_U    |spillage_flag_RAM_AUTO_1R1W     |        4|   0|   0|    0|  1600|   32|     1|        51200|
    |spillage_from_neigh_1_U  |spillage_flag_RAM_AUTO_1R1W     |        4|   0|   0|    0|  1600|   32|     1|        51200|
    |spillage_from_neigh_2_U  |spillage_flag_RAM_AUTO_1R1W     |        4|   0|   0|    0|  1600|   32|     1|        51200|
    |spillage_from_neigh_3_U  |spillage_flag_RAM_AUTO_1R1W     |        4|   0|   0|    0|  1600|   32|     1|        51200|
    |water_level_U            |water_level_RAM_1WNR_AUTO_1R1W  |        0|  32|  33|    0|    40|   32|     1|         1280|
    |water_level_1_U          |water_level_RAM_1WNR_AUTO_1R1W  |        0|  32|  33|    0|    40|   32|     1|         1280|
    |water_level_2_U          |water_level_RAM_1WNR_AUTO_1R1W  |        0|  32|  33|    0|    40|   32|     1|         1280|
    |water_level_3_U          |water_level_RAM_1WNR_AUTO_1R1W  |        0|  32|  33|    0|    40|   32|     1|         1280|
    |water_level_4_U          |water_level_RAM_1WNR_AUTO_1R1W  |        0|  32|  33|    0|    40|   32|     1|         1280|
    |water_level_5_U          |water_level_RAM_1WNR_AUTO_1R1W  |        0|  32|  33|    0|    40|   32|     1|         1280|
    |water_level_6_U          |water_level_RAM_1WNR_AUTO_1R1W  |        0|  32|  33|    0|    40|   32|     1|         1280|
    |water_level_7_U          |water_level_RAM_1WNR_AUTO_1R1W  |        0|  32|  33|    0|    40|   32|     1|         1280|
    |water_level_8_U          |water_level_RAM_1WNR_AUTO_1R1W  |        0|  32|  33|    0|    40|   32|     1|         1280|
    |water_level_9_U          |water_level_RAM_1WNR_AUTO_1R1W  |        0|  32|  33|    0|    40|   32|     1|         1280|
    |water_level_10_U         |water_level_RAM_1WNR_AUTO_1R1W  |        0|  32|  33|    0|    40|   32|     1|         1280|
    |water_level_11_U         |water_level_RAM_1WNR_AUTO_1R1W  |        0|  32|  33|    0|    40|   32|     1|         1280|
    |water_level_12_U         |water_level_RAM_1WNR_AUTO_1R1W  |        0|  32|  33|    0|    40|   32|     1|         1280|
    |water_level_13_U         |water_level_RAM_1WNR_AUTO_1R1W  |        0|  32|  33|    0|    40|   32|     1|         1280|
    |water_level_14_U         |water_level_RAM_1WNR_AUTO_1R1W  |        0|  32|  33|    0|    40|   32|     1|         1280|
    |water_level_15_U         |water_level_RAM_1WNR_AUTO_1R1W  |        0|  32|  33|    0|    40|   32|     1|         1280|
    |water_level_16_U         |water_level_RAM_1WNR_AUTO_1R1W  |        0|  32|  33|    0|    40|   32|     1|         1280|
    |water_level_17_U         |water_level_RAM_1WNR_AUTO_1R1W  |        0|  32|  33|    0|    40|   32|     1|         1280|
    |water_level_18_U         |water_level_RAM_1WNR_AUTO_1R1W  |        0|  32|  33|    0|    40|   32|     1|         1280|
    |water_level_19_U         |water_level_RAM_1WNR_AUTO_1R1W  |        0|  32|  33|    0|    40|   32|     1|         1280|
    |water_level_20_U         |water_level_RAM_1WNR_AUTO_1R1W  |        0|  32|  33|    0|    40|   32|     1|         1280|
    |water_level_21_U         |water_level_RAM_1WNR_AUTO_1R1W  |        0|  32|  33|    0|    40|   32|     1|         1280|
    |water_level_22_U         |water_level_RAM_1WNR_AUTO_1R1W  |        0|  32|  33|    0|    40|   32|     1|         1280|
    |water_level_23_U         |water_level_RAM_1WNR_AUTO_1R1W  |        0|  32|  33|    0|    40|   32|     1|         1280|
    |water_level_24_U         |water_level_RAM_1WNR_AUTO_1R1W  |        0|  32|  33|    0|    40|   32|     1|         1280|
    |water_level_25_U         |water_level_RAM_1WNR_AUTO_1R1W  |        0|  32|  33|    0|    40|   32|     1|         1280|
    |water_level_26_U         |water_level_RAM_1WNR_AUTO_1R1W  |        0|  32|  33|    0|    40|   32|     1|         1280|
    |water_level_27_U         |water_level_RAM_1WNR_AUTO_1R1W  |        0|  32|  33|    0|    40|   32|     1|         1280|
    |water_level_28_U         |water_level_RAM_1WNR_AUTO_1R1W  |        0|  32|  33|    0|    40|   32|     1|         1280|
    |water_level_29_U         |water_level_RAM_1WNR_AUTO_1R1W  |        0|  32|  33|    0|    40|   32|     1|         1280|
    |water_level_30_U         |water_level_RAM_1WNR_AUTO_1R1W  |        0|  32|  33|    0|    40|   32|     1|         1280|
    |water_level_31_U         |water_level_RAM_1WNR_AUTO_1R1W  |        0|  32|  33|    0|    40|   32|     1|         1280|
    |water_level_32_U         |water_level_RAM_1WNR_AUTO_1R1W  |        0|  32|  33|    0|    40|   32|     1|         1280|
    |water_level_33_U         |water_level_RAM_1WNR_AUTO_1R1W  |        0|  32|  33|    0|    40|   32|     1|         1280|
    |water_level_34_U         |water_level_RAM_1WNR_AUTO_1R1W  |        0|  32|  33|    0|    40|   32|     1|         1280|
    |water_level_35_U         |water_level_RAM_1WNR_AUTO_1R1W  |        0|  32|  33|    0|    40|   32|     1|         1280|
    |water_level_36_U         |water_level_RAM_1WNR_AUTO_1R1W  |        0|  32|  33|    0|    40|   32|     1|         1280|
    |water_level_37_U         |water_level_RAM_1WNR_AUTO_1R1W  |        0|  32|  33|    0|    40|   32|     1|         1280|
    |water_level_38_U         |water_level_RAM_1WNR_AUTO_1R1W  |        0|  32|  33|    0|    40|   32|     1|         1280|
    |water_level_39_U         |water_level_RAM_1WNR_AUTO_1R1W  |        0|  32|  33|    0|    40|   32|     1|         1280|
    +-------------------------+--------------------------------+---------+----+----+-----+------+-----+------+-------------+
    |Total                    |                                |       24|1280|1320|    0| 11200| 1472|    46|       358400|
    +-------------------------+--------------------------------+---------+----+----+-----+------+-----+------+-------------+

    * FIFO: 
    N/A

    * Expression: 
    +-------------------------+----------+----+---+----+------------+------------+
    |      Variable Name      | Operation| DSP| FF| LUT| Bitwidth P0| Bitwidth P1|
    +-------------------------+----------+----+---+----+------------+------------+
    |add_ln240_fu_2672_p2     |         +|   0|  0|  13|           6|           1|
    |add_ln241_fu_2722_p2     |         +|   0|  0|  13|           6|           1|
    |add_ln242_fu_2753_p2     |         +|   0|  0|  10|           3|           1|
    |add_ln247_fu_2732_p2     |         +|   0|  0|  18|          11|          11|
    |add_ln317_fu_2772_p2     |         +|   0|  0|  13|           6|           1|
    |add_ln318_fu_2846_p2     |         +|   0|  0|  13|           6|           1|
    |add_ln321_fu_2984_p2     |         +|   0|  0|  71|          64|          64|
    |add_ln54_1_fu_2698_p2    |         +|   0|  0|  18|          11|          11|
    |add_ln54_fu_1971_p2      |         +|   0|  0|  18|          11|          11|
    |add_ln55_fu_1901_p2      |         +|   0|  0|  13|           6|           1|
    |add_ln56_fu_2015_p2      |         +|   0|  0|  13|           6|           1|
    |add_ln61_fu_2025_p2      |         +|   0|  0|  18|          11|          11|
    |add_ln65_fu_2050_p2      |         +|   0|  0|  10|           3|           1|
    |add_ln72_fu_2171_p2      |         +|   0|  0|  38|          31|           1|
    |add_ln77_fu_2228_p2      |         +|   0|  0|  10|           3|           1|
    |add_ln84_fu_2314_p2      |         +|   0|  0|  10|           3|           1|
    |and_ln319_1_fu_3076_p2   |       and|   0|  0|   2|           1|           1|
    |and_ln319_fu_3070_p2     |       and|   0|  0|   2|           1|           1|
    |and_ln72_1_fu_2165_p2    |       and|   0|  0|   2|           1|           1|
    |and_ln72_2_fu_2159_p2    |       and|   0|  0|   2|           1|           1|
    |and_ln72_fu_2154_p2      |       and|   0|  0|   2|           1|           1|
    |and_ln86_fu_2506_p2      |       and|   0|  0|   2|           1|           1|
    |and_ln87_fu_2489_p2      |       and|   0|  0|   2|           1|           1|
    |and_ln88_fu_2523_p2      |       and|   0|  0|   2|           1|           1|
    |and_ln89_fu_2540_p2      |       and|   0|  0|   2|           1|           1|
    |and_ln93_1_fu_2638_p2    |       and|   0|  0|   2|           1|           1|
    |and_ln93_fu_2633_p2      |       and|   0|  0|   2|           1|           1|
    |icmp_ln240_fu_2666_p2    |      icmp|   0|  0|  13|           6|           6|
    |icmp_ln241_fu_2716_p2    |      icmp|   0|  0|  13|           6|           6|
    |icmp_ln242_fu_2747_p2    |      icmp|   0|  0|  12|           3|           4|
    |icmp_ln317_fu_2766_p2    |      icmp|   0|  0|  13|           6|           6|
    |icmp_ln318_fu_2840_p2    |      icmp|   0|  0|  13|           6|           6|
    |icmp_ln319_1_fu_3040_p2  |      icmp|   0|  0|  30|          23|           1|
    |icmp_ln319_2_fu_3052_p2  |      icmp|   0|  0|  15|           8|           2|
    |icmp_ln319_3_fu_3058_p2  |      icmp|   0|  0|  30|          23|           1|
    |icmp_ln319_fu_3034_p2    |      icmp|   0|  0|  15|           8|           2|
    |icmp_ln55_fu_1895_p2     |      icmp|   0|  0|  13|           6|           6|
    |icmp_ln56_fu_2009_p2     |      icmp|   0|  0|  13|           6|           6|
    |icmp_ln65_fu_2044_p2     |      icmp|   0|  0|  12|           3|           4|
    |icmp_ln72_1_fu_2123_p2   |      icmp|   0|  0|  18|          11|           2|
    |icmp_ln72_2_fu_2129_p2   |      icmp|   0|  0|  59|          52|           1|
    |icmp_ln72_3_fu_2078_p2   |      icmp|   0|  0|  18|          11|           2|
    |icmp_ln72_4_fu_2084_p2   |      icmp|   0|  0|  59|          52|           1|
    |icmp_ln72_fu_2145_p2     |      icmp|   0|  0|  39|          32|          32|
    |icmp_ln77_fu_2222_p2     |      icmp|   0|  0|  10|           3|           3|
    |icmp_ln84_fu_2308_p2     |      icmp|   0|  0|  10|           3|           3|
    |icmp_ln86_1_fu_2420_p2   |      icmp|   0|  0|  30|          23|           1|
    |icmp_ln86_fu_2414_p2     |      icmp|   0|  0|  15|           8|           2|
    |icmp_ln87_1_fu_2391_p2   |      icmp|   0|  0|  30|          23|           1|
    |icmp_ln87_fu_2385_p2     |      icmp|   0|  0|  15|           8|           2|
    |icmp_ln88_1_fu_2450_p2   |      icmp|   0|  0|  30|          23|           1|
    |icmp_ln88_fu_2444_p2     |      icmp|   0|  0|  15|           8|           2|
    |icmp_ln89_1_fu_2479_p2   |      icmp|   0|  0|  30|          23|           1|
    |icmp_ln89_fu_2473_p2     |      icmp|   0|  0|  15|           8|           2|
    |icmp_ln93_1_fu_2621_p2   |      icmp|   0|  0|  30|          23|           1|
    |icmp_ln93_2_fu_2571_p2   |      icmp|   0|  0|  15|           8|           2|
    |icmp_ln93_3_fu_2577_p2   |      icmp|   0|  0|  30|          23|           1|
    |icmp_ln93_fu_2615_p2     |      icmp|   0|  0|  15|           8|           2|
    |or_ln319_1_fu_3064_p2    |        or|   0|  0|   2|           1|           1|
    |or_ln319_fu_3046_p2      |        or|   0|  0|   2|           1|           1|
    |or_ln72_1_fu_2090_p2     |        or|   0|  0|   2|           1|           1|
    |or_ln72_fu_2150_p2       |        or|   0|  0|   2|           1|           1|
    |or_ln86_fu_2502_p2       |        or|   0|  0|   2|           1|           1|
    |or_ln87_fu_2485_p2       |        or|   0|  0|   2|           1|           1|
    |or_ln88_fu_2519_p2       |        or|   0|  0|   2|           1|           1|
    |or_ln89_fu_2536_p2       |        or|   0|  0|   2|           1|           1|
    |or_ln93_1_fu_2583_p2     |        or|   0|  0|   2|           1|           1|
    |or_ln93_fu_2627_p2       |        or|   0|  0|   2|           1|           1|
    |select_ln319_fu_3082_p3  |    select|   0|  0|  32|           1|          32|
    |select_ln86_fu_2511_p3   |    select|   0|  0|  32|           1|           1|
    |select_ln87_fu_2494_p3   |    select|   0|  0|  32|           1|          32|
    |select_ln88_fu_2528_p3   |    select|   0|  0|  32|           1|           1|
    |select_ln89_fu_2545_p3   |    select|   0|  0|  32|           1|          32|
    +-------------------------+----------+----+---+----+------------+------------+
    |Total                    |          |   0|  0|1176|         667|         350|
    +-------------------------+----------+----+---+----+------------+------------+

    * Multiplexer: 
    +---------------------------------------------+-----+-----------+-----+-----------+
    |                     Name                    | LUT | Input Size| Bits| Total Bits|
    +---------------------------------------------+-----+-----------+-----+-----------+
    |add551_lcssa26_fu_524                        |    9|          2|   64|        128|
    |ap_NS_fsm                                    |  623|        121|    1|        121|
    |cell_pos_reg_1541                            |    9|          2|    3|          6|
    |cloud_1_reg_1485                             |    9|          2|    3|          6|
    |cloud_reg_1464                               |    9|          2|    3|          6|
    |col_pos_1_reg_1552                           |    9|          2|    6|         12|
    |col_pos_4_reg_1530                           |    9|          2|    6|         12|
    |col_pos_reg_1442                             |    9|          2|    6|         12|
    |depth_pos_reg_1453                           |    9|          2|    3|          6|
    |empty_82_fu_512                              |    9|          2|  416|        832|
    |empty_83_reg_1475                            |    9|          2|  416|        832|
    |empty_84_reg_1507                            |    9|          2|  416|        832|
    |empty_85_fu_520                              |    9|          2|   32|         64|
    |empty_fu_508                                 |    9|          2|   31|         62|
    |grp_fu_1760_ce                               |   14|          3|    1|          3|
    |grp_fu_1760_opcode                           |   26|          5|    2|         10|
    |grp_fu_1760_p0                               |   49|          9|   32|        288|
    |grp_fu_1760_p1                               |   43|          8|   32|        256|
    |grp_fu_1765_ce                               |    9|          2|    1|          2|
    |grp_fu_1765_opcode                           |   20|          4|    2|          8|
    |grp_fu_1765_p0                               |   20|          4|   32|        128|
    |grp_fu_1765_p1                               |   20|          4|   32|        128|
    |grp_fu_1769_ce                               |    9|          2|    1|          2|
    |grp_fu_1769_opcode                           |   14|          3|    2|          6|
    |grp_fu_1769_p0                               |   14|          3|   32|         96|
    |grp_fu_1769_p1                               |   14|          3|   32|         96|
    |grp_fu_1774_ce                               |   20|          4|    1|          4|
    |grp_fu_1774_p0                               |   37|          7|   32|        224|
    |grp_fu_1774_p1                               |   31|          6|   32|        192|
    |grp_fu_1779_ce                               |   14|          3|    1|          3|
    |grp_fu_1779_p0                               |   20|          4|   32|        128|
    |grp_fu_1779_p1                               |   20|          4|   32|        128|
    |grp_fu_1784_ce                               |   14|          3|    1|          3|
    |grp_fu_1784_p0                               |   20|          4|   32|        128|
    |grp_fu_1784_p1                               |   20|          4|   32|        128|
    |grp_fu_1791_ce                               |   14|          3|    1|          3|
    |grp_fu_1791_p0                               |   43|          8|   32|        256|
    |grp_fu_1791_p1                               |   37|          7|   32|        224|
    |grp_fu_1796_ce                               |    9|          2|    1|          2|
    |grp_fu_1796_p0                               |   20|          4|   32|        128|
    |grp_fu_1796_p1                               |   20|          4|   32|        128|
    |grp_fu_1810_ce                               |    9|          2|    1|          2|
    |grp_fu_1810_p0                               |   14|          3|   32|         96|
    |grp_fu_1813_ce                               |   20|          4|    1|          4|
    |grp_fu_1813_p0                               |   26|          5|   32|        160|
    |grp_fu_1819_ce                               |   20|          4|    1|          4|
    |grp_fu_1819_opcode                           |   31|          6|    5|         30|
    |grp_fu_1819_p0                               |   43|          8|   32|        256|
    |grp_fu_1819_p1                               |   43|          8|   32|        256|
    |grp_fu_1825_ce                               |    9|          2|    1|          2|
    |grp_fu_1825_opcode                           |   14|          3|    5|         15|
    |grp_fu_1825_p0                               |   14|          3|   32|         96|
    |grp_fu_1825_p1                               |   14|          3|   32|         96|
    |grp_fu_1830_ce                               |    9|          2|    1|          2|
    |grp_fu_1830_opcode                           |   14|          3|    5|         15|
    |grp_fu_1830_p0                               |   14|          3|   32|         96|
    |grp_fu_1830_p1                               |   14|          3|   32|         96|
    |grp_fu_1836_ce                               |   14|          3|    1|          3|
    |grp_fu_1836_opcode                           |   20|          4|    5|         20|
    |grp_fu_1836_p0                               |   20|          4|   64|        256|
    |grp_fu_1836_p1                               |   20|          4|   64|        256|
    |grp_fu_4259_ce                               |   14|          3|    1|          3|
    |grp_fu_4259_p0                               |   14|          3|   32|         96|
    |grp_fu_4259_p1                               |   14|          3|   32|         96|
    |grp_fu_4263_ce                               |   14|          3|    1|          3|
    |grp_fu_4263_p0                               |   14|          3|   32|         96|
    |grp_fu_4263_p1                               |   14|          3|   32|         96|
    |grp_fu_4267_ce                               |   14|          3|    1|          3|
    |grp_fu_4267_p0                               |   14|          3|   32|         96|
    |grp_fu_4267_p1                               |   14|          3|   32|         96|
    |grp_p_hls_fptosi_float_i32_fu_4255_ap_ce     |   20|          4|    1|          4|
    |grp_p_hls_fptosi_float_i32_fu_4255_ap_start  |   20|          4|    1|          4|
    |grp_p_hls_fptosi_float_i32_fu_4255_x         |   20|          4|   32|        128|
    |grp_p_hls_fptosi_float_i32_fu_4271_ap_ce     |   14|          3|    1|          3|
    |grp_p_hls_fptosi_float_i32_fu_4271_ap_start  |   14|          3|    1|          3|
    |grp_p_hls_fptosi_float_i32_fu_4271_x         |   14|          3|   32|         96|
    |max_spillage_iter_1_fu_504                   |    9|          2|   64|        128|
    |p_clouds_address0                            |    9|          2|    3|          6|
    |p_clouds_address0_local                      |   20|          4|    3|         12|
    |p_clouds_ce0                                 |    9|          2|    1|          2|
    |row_pos_1_fu_516                             |    9|          2|    6|         12|
    |row_pos_3_reg_1497                           |    9|          2|   32|         64|
    |row_pos_7_reg_1519                           |    9|          2|    6|         12|
    |row_pos_fu_300                               |    9|          2|    6|         12|
    |spillage_flag_address0                       |   14|          3|   11|         33|
    |spillage_flag_address0_local                 |   14|          3|   11|         33|
    |spillage_flag_ce0                            |   14|          3|    1|          3|
    |spillage_flag_d0                             |    9|          2|   32|         64|
    |spillage_flag_we0                            |    9|          2|    1|          2|
    |spillage_from_neigh_1_address0               |   14|          3|   11|         33|
    |spillage_from_neigh_1_address0_local         |   14|          3|   11|         33|
    |spillage_from_neigh_1_ce0                    |   14|          3|    1|          3|
    |spillage_from_neigh_1_d0                     |    9|          2|   32|         64|
    |spillage_from_neigh_1_we0                    |    9|          2|    1|          2|
    |spillage_from_neigh_2_address0               |   14|          3|   11|         33|
    |spillage_from_neigh_2_address0_local         |   14|          3|   11|         33|
    |spillage_from_neigh_2_ce0                    |   14|          3|    1|          3|
    |spillage_from_neigh_2_d0                     |    9|          2|   32|         64|
    |spillage_from_neigh_2_we0                    |    9|          2|    1|          2|
    |spillage_from_neigh_3_address0               |   14|          3|   11|         33|
    |spillage_from_neigh_3_address0_local         |   14|          3|   11|         33|
    |spillage_from_neigh_3_ce0                    |   14|          3|    1|          3|
    |spillage_from_neigh_3_d0                     |    9|          2|   32|         64|
    |spillage_from_neigh_3_we0                    |    9|          2|    1|          2|
    |spillage_from_neigh_address0                 |   14|          3|   11|         33|
    |spillage_from_neigh_address0_local           |   14|          3|   11|         33|
    |spillage_from_neigh_ce0                      |   14|          3|    1|          3|
    |spillage_from_neigh_d0                       |    9|          2|   32|         64|
    |spillage_from_neigh_we0                      |    9|          2|    1|          2|
    |spillage_level_address0                      |   14|          3|   11|         33|
    |spillage_level_address0_local                |   14|          3|   11|         33|
    |spillage_level_ce0                           |   14|          3|    1|          3|
    |spillage_level_d0                            |    9|          2|   32|         64|
    |spillage_level_we0                           |    9|          2|    1|          2|
    |water_level_10_address0                      |   20|          4|    6|         24|
    |water_level_10_address0_local                |   14|          3|    6|         18|
    |water_level_10_address1                      |   14|          3|    6|         18|
    |water_level_10_ce0                           |   20|          4|    1|          4|
    |water_level_10_ce1                           |   14|          3|    1|          3|
    |water_level_10_d0                            |   14|          3|   32|         96|
    |water_level_10_we0                           |   14|          3|    1|          3|
    |water_level_11_address0                      |   20|          4|    6|         24|
    |water_level_11_address0_local                |   14|          3|    6|         18|
    |water_level_11_address1                      |   14|          3|    6|         18|
    |water_level_11_ce0                           |   20|          4|    1|          4|
    |water_level_11_ce1                           |   14|          3|    1|          3|
    |water_level_11_d0                            |   14|          3|   32|         96|
    |water_level_11_we0                           |   14|          3|    1|          3|
    |water_level_12_address0                      |   20|          4|    6|         24|
    |water_level_12_address0_local                |   14|          3|    6|         18|
    |water_level_12_address1                      |   14|          3|    6|         18|
    |water_level_12_ce0                           |   20|          4|    1|          4|
    |water_level_12_ce1                           |   14|          3|    1|          3|
    |water_level_12_d0                            |   14|          3|   32|         96|
    |water_level_12_we0                           |   14|          3|    1|          3|
    |water_level_13_address0                      |   20|          4|    6|         24|
    |water_level_13_address0_local                |   14|          3|    6|         18|
    |water_level_13_address1                      |   14|          3|    6|         18|
    |water_level_13_ce0                           |   20|          4|    1|          4|
    |water_level_13_ce1                           |   14|          3|    1|          3|
    |water_level_13_d0                            |   14|          3|   32|         96|
    |water_level_13_we0                           |   14|          3|    1|          3|
    |water_level_14_address0                      |   20|          4|    6|         24|
    |water_level_14_address0_local                |   14|          3|    6|         18|
    |water_level_14_address1                      |   14|          3|    6|         18|
    |water_level_14_ce0                           |   20|          4|    1|          4|
    |water_level_14_ce1                           |   14|          3|    1|          3|
    |water_level_14_d0                            |   14|          3|   32|         96|
    |water_level_14_we0                           |   14|          3|    1|          3|
    |water_level_15_address0                      |   20|          4|    6|         24|
    |water_level_15_address0_local                |   14|          3|    6|         18|
    |water_level_15_address1                      |   14|          3|    6|         18|
    |water_level_15_ce0                           |   20|          4|    1|          4|
    |water_level_15_ce1                           |   14|          3|    1|          3|
    |water_level_15_d0                            |   14|          3|   32|         96|
    |water_level_15_we0                           |   14|          3|    1|          3|
    |water_level_16_address0                      |   20|          4|    6|         24|
    |water_level_16_address0_local                |   14|          3|    6|         18|
    |water_level_16_address1                      |   14|          3|    6|         18|
    |water_level_16_ce0                           |   20|          4|    1|          4|
    |water_level_16_ce1                           |   14|          3|    1|          3|
    |water_level_16_d0                            |   14|          3|   32|         96|
    |water_level_16_we0                           |   14|          3|    1|          3|
    |water_level_17_address0                      |   20|          4|    6|         24|
    |water_level_17_address0_local                |   14|          3|    6|         18|
    |water_level_17_address1                      |   14|          3|    6|         18|
    |water_level_17_ce0                           |   20|          4|    1|          4|
    |water_level_17_ce1                           |   14|          3|    1|          3|
    |water_level_17_d0                            |   14|          3|   32|         96|
    |water_level_17_we0                           |   14|          3|    1|          3|
    |water_level_18_address0                      |   20|          4|    6|         24|
    |water_level_18_address0_local                |   14|          3|    6|         18|
    |water_level_18_address1                      |   14|          3|    6|         18|
    |water_level_18_ce0                           |   20|          4|    1|          4|
    |water_level_18_ce1                           |   14|          3|    1|          3|
    |water_level_18_d0                            |   14|          3|   32|         96|
    |water_level_18_we0                           |   14|          3|    1|          3|
    |water_level_19_address0                      |   20|          4|    6|         24|
    |water_level_19_address0_local                |   14|          3|    6|         18|
    |water_level_19_address1                      |   14|          3|    6|         18|
    |water_level_19_ce0                           |   20|          4|    1|          4|
    |water_level_19_ce1                           |   14|          3|    1|          3|
    |water_level_19_d0                            |   14|          3|   32|         96|
    |water_level_19_we0                           |   14|          3|    1|          3|
    |water_level_1_address0                       |   20|          4|    6|         24|
    |water_level_1_address0_local                 |   14|          3|    6|         18|
    |water_level_1_address1                       |   14|          3|    6|         18|
    |water_level_1_ce0                            |   20|          4|    1|          4|
    |water_level_1_ce1                            |   14|          3|    1|          3|
    |water_level_1_d0                             |   14|          3|   32|         96|
    |water_level_1_we0                            |   14|          3|    1|          3|
    |water_level_20_address0                      |   20|          4|    6|         24|
    |water_level_20_address0_local                |   14|          3|    6|         18|
    |water_level_20_address1                      |   14|          3|    6|         18|
    |water_level_20_ce0                           |   20|          4|    1|          4|
    |water_level_20_ce1                           |   14|          3|    1|          3|
    |water_level_20_d0                            |   14|          3|   32|         96|
    |water_level_20_we0                           |   14|          3|    1|          3|
    |water_level_21_address0                      |   20|          4|    6|         24|
    |water_level_21_address0_local                |   14|          3|    6|         18|
    |water_level_21_address1                      |   14|          3|    6|         18|
    |water_level_21_ce0                           |   20|          4|    1|          4|
    |water_level_21_ce1                           |   14|          3|    1|          3|
    |water_level_21_d0                            |   14|          3|   32|         96|
    |water_level_21_we0                           |   14|          3|    1|          3|
    |water_level_22_address0                      |   20|          4|    6|         24|
    |water_level_22_address0_local                |   14|          3|    6|         18|
    |water_level_22_address1                      |   14|          3|    6|         18|
    |water_level_22_ce0                           |   20|          4|    1|          4|
    |water_level_22_ce1                           |   14|          3|    1|          3|
    |water_level_22_d0                            |   14|          3|   32|         96|
    |water_level_22_we0                           |   14|          3|    1|          3|
    |water_level_23_address0                      |   20|          4|    6|         24|
    |water_level_23_address0_local                |   14|          3|    6|         18|
    |water_level_23_address1                      |   14|          3|    6|         18|
    |water_level_23_ce0                           |   20|          4|    1|          4|
    |water_level_23_ce1                           |   14|          3|    1|          3|
    |water_level_23_d0                            |   14|          3|   32|         96|
    |water_level_23_we0                           |   14|          3|    1|          3|
    |water_level_24_address0                      |   20|          4|    6|         24|
    |water_level_24_address0_local                |   14|          3|    6|         18|
    |water_level_24_address1                      |   14|          3|    6|         18|
    |water_level_24_ce0                           |   20|          4|    1|          4|
    |water_level_24_ce1                           |   14|          3|    1|          3|
    |water_level_24_d0                            |   14|          3|   32|         96|
    |water_level_24_we0                           |   14|          3|    1|          3|
    |water_level_25_address0                      |   20|          4|    6|         24|
    |water_level_25_address0_local                |   14|          3|    6|         18|
    |water_level_25_address1                      |   14|          3|    6|         18|
    |water_level_25_ce0                           |   20|          4|    1|          4|
    |water_level_25_ce1                           |   14|          3|    1|          3|
    |water_level_25_d0                            |   14|          3|   32|         96|
    |water_level_25_we0                           |   14|          3|    1|          3|
    |water_level_26_address0                      |   20|          4|    6|         24|
    |water_level_26_address0_local                |   14|          3|    6|         18|
    |water_level_26_address1                      |   14|          3|    6|         18|
    |water_level_26_ce0                           |   20|          4|    1|          4|
    |water_level_26_ce1                           |   14|          3|    1|          3|
    |water_level_26_d0                            |   14|          3|   32|         96|
    |water_level_26_we0                           |   14|          3|    1|          3|
    |water_level_27_address0                      |   20|          4|    6|         24|
    |water_level_27_address0_local                |   14|          3|    6|         18|
    |water_level_27_address1                      |   14|          3|    6|         18|
    |water_level_27_ce0                           |   20|          4|    1|          4|
    |water_level_27_ce1                           |   14|          3|    1|          3|
    |water_level_27_d0                            |   14|          3|   32|         96|
    |water_level_27_we0                           |   14|          3|    1|          3|
    |water_level_28_address0                      |   20|          4|    6|         24|
    |water_level_28_address0_local                |   14|          3|    6|         18|
    |water_level_28_address1                      |   14|          3|    6|         18|
    |water_level_28_ce0                           |   20|          4|    1|          4|
    |water_level_28_ce1                           |   14|          3|    1|          3|
    |water_level_28_d0                            |   14|          3|   32|         96|
    |water_level_28_we0                           |   14|          3|    1|          3|
    |water_level_29_address0                      |   20|          4|    6|         24|
    |water_level_29_address0_local                |   14|          3|    6|         18|
    |water_level_29_address1                      |   14|          3|    6|         18|
    |water_level_29_ce0                           |   20|          4|    1|          4|
    |water_level_29_ce1                           |   14|          3|    1|          3|
    |water_level_29_d0                            |   14|          3|   32|         96|
    |water_level_29_we0                           |   14|          3|    1|          3|
    |water_level_2_address0                       |   20|          4|    6|         24|
    |water_level_2_address0_local                 |   14|          3|    6|         18|
    |water_level_2_address1                       |   14|          3|    6|         18|
    |water_level_2_ce0                            |   20|          4|    1|          4|
    |water_level_2_ce1                            |   14|          3|    1|          3|
    |water_level_2_d0                             |   14|          3|   32|         96|
    |water_level_2_we0                            |   14|          3|    1|          3|
    |water_level_30_address0                      |   20|          4|    6|         24|
    |water_level_30_address0_local                |   14|          3|    6|         18|
    |water_level_30_address1                      |   14|          3|    6|         18|
    |water_level_30_ce0                           |   20|          4|    1|          4|
    |water_level_30_ce1                           |   14|          3|    1|          3|
    |water_level_30_d0                            |   14|          3|   32|         96|
    |water_level_30_we0                           |   14|          3|    1|          3|
    |water_level_31_address0                      |   20|          4|    6|         24|
    |water_level_31_address0_local                |   14|          3|    6|         18|
    |water_level_31_address1                      |   14|          3|    6|         18|
    |water_level_31_ce0                           |   20|          4|    1|          4|
    |water_level_31_ce1                           |   14|          3|    1|          3|
    |water_level_31_d0                            |   14|          3|   32|         96|
    |water_level_31_we0                           |   14|          3|    1|          3|
    |water_level_32_address0                      |   20|          4|    6|         24|
    |water_level_32_address0_local                |   14|          3|    6|         18|
    |water_level_32_address1                      |   14|          3|    6|         18|
    |water_level_32_ce0                           |   20|          4|    1|          4|
    |water_level_32_ce1                           |   14|          3|    1|          3|
    |water_level_32_d0                            |   14|          3|   32|         96|
    |water_level_32_we0                           |   14|          3|    1|          3|
    |water_level_33_address0                      |   20|          4|    6|         24|
    |water_level_33_address0_local                |   14|          3|    6|         18|
    |water_level_33_address1                      |   14|          3|    6|         18|
    |water_level_33_ce0                           |   20|          4|    1|          4|
    |water_level_33_ce1                           |   14|          3|    1|          3|
    |water_level_33_d0                            |   14|          3|   32|         96|
    |water_level_33_we0                           |   14|          3|    1|          3|
    |water_level_34_address0                      |   20|          4|    6|         24|
    |water_level_34_address0_local                |   14|          3|    6|         18|
    |water_level_34_address1                      |   14|          3|    6|         18|
    |water_level_34_ce0                           |   20|          4|    1|          4|
    |water_level_34_ce1                           |   14|          3|    1|          3|
    |water_level_34_d0                            |   14|          3|   32|         96|
    |water_level_34_we0                           |   14|          3|    1|          3|
    |water_level_35_address0                      |   20|          4|    6|         24|
    |water_level_35_address0_local                |   14|          3|    6|         18|
    |water_level_35_address1                      |   14|          3|    6|         18|
    |water_level_35_ce0                           |   20|          4|    1|          4|
    |water_level_35_ce1                           |   14|          3|    1|          3|
    |water_level_35_d0                            |   14|          3|   32|         96|
    |water_level_35_we0                           |   14|          3|    1|          3|
    |water_level_36_address0                      |   20|          4|    6|         24|
    |water_level_36_address0_local                |   14|          3|    6|         18|
    |water_level_36_address1                      |   14|          3|    6|         18|
    |water_level_36_ce0                           |   20|          4|    1|          4|
    |water_level_36_ce1                           |   14|          3|    1|          3|
    |water_level_36_d0                            |   14|          3|   32|         96|
    |water_level_36_we0                           |   14|          3|    1|          3|
    |water_level_37_address0                      |   20|          4|    6|         24|
    |water_level_37_address0_local                |   14|          3|    6|         18|
    |water_level_37_address1                      |   14|          3|    6|         18|
    |water_level_37_ce0                           |   20|          4|    1|          4|
    |water_level_37_ce1                           |   14|          3|    1|          3|
    |water_level_37_d0                            |   14|          3|   32|         96|
    |water_level_37_we0                           |   14|          3|    1|          3|
    |water_level_38_address0                      |   20|          4|    6|         24|
    |water_level_38_address0_local                |   14|          3|    6|         18|
    |water_level_38_address1                      |   14|          3|    6|         18|
    |water_level_38_ce0                           |   20|          4|    1|          4|
    |water_level_38_ce1                           |   14|          3|    1|          3|
    |water_level_38_d0                            |   14|          3|   32|         96|
    |water_level_38_we0                           |   14|          3|    1|          3|
    |water_level_39_address0                      |   20|          4|    6|         24|
    |water_level_39_address0_local                |   14|          3|    6|         18|
    |water_level_39_address1                      |   14|          3|    6|         18|
    |water_level_39_ce0                           |   20|          4|    1|          4|
    |water_level_39_ce1                           |   14|          3|    1|          3|
    |water_level_39_d0                            |   14|          3|   32|         96|
    |water_level_39_we0                           |   14|          3|    1|          3|
    |water_level_3_address0                       |   20|          4|    6|         24|
    |water_level_3_address0_local                 |   14|          3|    6|         18|
    |water_level_3_address1                       |   14|          3|    6|         18|
    |water_level_3_ce0                            |   20|          4|    1|          4|
    |water_level_3_ce1                            |   14|          3|    1|          3|
    |water_level_3_d0                             |   14|          3|   32|         96|
    |water_level_3_we0                            |   14|          3|    1|          3|
    |water_level_4_address0                       |   20|          4|    6|         24|
    |water_level_4_address0_local                 |   14|          3|    6|         18|
    |water_level_4_address1                       |   14|          3|    6|         18|
    |water_level_4_ce0                            |   20|          4|    1|          4|
    |water_level_4_ce1                            |   14|          3|    1|          3|
    |water_level_4_d0                             |   14|          3|   32|         96|
    |water_level_4_we0                            |   14|          3|    1|          3|
    |water_level_5_address0                       |   20|          4|    6|         24|
    |water_level_5_address0_local                 |   14|          3|    6|         18|
    |water_level_5_address1                       |   14|          3|    6|         18|
    |water_level_5_ce0                            |   20|          4|    1|          4|
    |water_level_5_ce1                            |   14|          3|    1|          3|
    |water_level_5_d0                             |   14|          3|   32|         96|
    |water_level_5_we0                            |   14|          3|    1|          3|
    |water_level_6_address0                       |   20|          4|    6|         24|
    |water_level_6_address0_local                 |   14|          3|    6|         18|
    |water_level_6_address1                       |   14|          3|    6|         18|
    |water_level_6_ce0                            |   20|          4|    1|          4|
    |water_level_6_ce1                            |   14|          3|    1|          3|
    |water_level_6_d0                             |   14|          3|   32|         96|
    |water_level_6_we0                            |   14|          3|    1|          3|
    |water_level_7_address0                       |   20|          4|    6|         24|
    |water_level_7_address0_local                 |   14|          3|    6|         18|
    |water_level_7_address1                       |   14|          3|    6|         18|
    |water_level_7_ce0                            |   20|          4|    1|          4|
    |water_level_7_ce1                            |   14|          3|    1|          3|
    |water_level_7_d0                             |   14|          3|   32|         96|
    |water_level_7_we0                            |   14|          3|    1|          3|
    |water_level_8_address0                       |   20|          4|    6|         24|
    |water_level_8_address0_local                 |   14|          3|    6|         18|
    |water_level_8_address1                       |   14|          3|    6|         18|
    |water_level_8_ce0                            |   20|          4|    1|          4|
    |water_level_8_ce1                            |   14|          3|    1|          3|
    |water_level_8_d0                             |   14|          3|   32|         96|
    |water_level_8_we0                            |   14|          3|    1|          3|
    |water_level_9_address0                       |   20|          4|    6|         24|
    |water_level_9_address0_local                 |   14|          3|    6|         18|
    |water_level_9_address1                       |   14|          3|    6|         18|
    |water_level_9_ce0                            |   20|          4|    1|          4|
    |water_level_9_ce1                            |   14|          3|    1|          3|
    |water_level_9_d0                             |   14|          3|   32|         96|
    |water_level_9_we0                            |   14|          3|    1|          3|
    |water_level_address0                         |   20|          4|    6|         24|
    |water_level_address0_local                   |   14|          3|    6|         18|
    |water_level_address1                         |   14|          3|    6|         18|
    |water_level_ce0                              |   20|          4|    1|          4|
    |water_level_ce1                              |   14|          3|    1|          3|
    |water_level_d0                               |   14|          3|   32|         96|
    |water_level_we0                              |   14|          3|    1|          3|
    +---------------------------------------------+-----+-----------+-----+-----------+
    |Total                                        | 6784|       1405| 5182|      15915|
    +---------------------------------------------+-----+-----------+-----+-----------+

    * Register: 
    +---------------------------------------------------------------------------------+-----+----+-----+-----------+
    |                                       Name                                      |  FF | LUT| Bits| Const Bits|
    +---------------------------------------------------------------------------------+-----+----+-----+-----------+
    |add4_reg_3618                                                                    |   32|   0|   32|          0|
    |add551_lcssa26_fu_524                                                            |   64|   0|   64|          0|
    |add_ln240_reg_3763                                                               |    6|   0|    6|          0|
    |add_ln241_reg_3776                                                               |    6|   0|    6|          0|
    |add_ln317_reg_3825                                                               |    6|   0|    6|          0|
    |add_ln318_reg_4233                                                               |    6|   0|    6|          0|
    |add_ln54_1_reg_3768                                                              |    8|   0|   11|          3|
    |add_ln54_reg_3138                                                                |    8|   0|   11|          3|
    |add_ln55_reg_3133                                                                |    6|   0|    6|          0|
    |add_ln56_reg_3373                                                                |    6|   0|    6|          0|
    |add_ln72_reg_3458                                                                |   31|   0|   31|          0|
    |add_ln77_reg_3497                                                                |    3|   0|    3|          0|
    |add_ln84_reg_3550                                                                |    3|   0|    3|          0|
    |ap_CS_fsm                                                                        |  120|   0|  120|          0|
    |bitcast_ln26_reg_3364                                                            |   32|   0|   32|          0|
    |bitcast_ln86_1_reg_3586                                                          |   32|   0|   32|          0|
    |bitcast_ln86_reg_3580                                                            |   32|   0|   32|          0|
    |bitcast_ln88_reg_3594                                                            |   32|   0|   32|          0|
    |bitcast_ln94_reg_3710                                                            |   32|   0|   32|          0|
    |cell_pos_reg_1541                                                                |    3|   0|    3|          0|
    |cloud_1_reg_1485                                                                 |    3|   0|    3|          0|
    |cloud_reg_1464                                                                   |    3|   0|    3|          0|
    |col_end_reg_3700                                                                 |   32|   0|   32|          0|
    |col_pos_1_reg_1552                                                               |    6|   0|    6|          0|
    |col_pos_4_reg_1530                                                               |    6|   0|    6|          0|
    |col_pos_reg_1442                                                                 |    6|   0|    6|          0|
    |conv1_reg_4243                                                                   |   32|   0|   32|          0|
    |conv_reg_3424                                                                    |   64|   0|   64|          0|
    |depth_pos_reg_1453                                                               |    3|   0|    3|          0|
    |empty_82_fu_512                                                                  |  416|   0|  416|          0|
    |empty_83_reg_1475                                                                |  416|   0|  416|          0|
    |empty_84_reg_1507                                                                |  416|   0|  416|          0|
    |empty_85_fu_520                                                                  |   32|   0|   32|          0|
    |empty_fu_508                                                                     |   31|   0|   31|          0|
    |grp_do_compute_Pipeline_PROPAGATION_ROWS_PROPAGATION_COLS_fu_1706_ap_start_reg   |    1|   0|    1|          0|
    |grp_do_compute_Pipeline_VITIS_LOOP_111_9_VITIS_LOOP_112_10_fu_1563_ap_start_reg  |    1|   0|    1|          0|
    |grp_do_compute_Pipeline_VITIS_LOOP_94_8_fu_1618_ap_start_reg                     |    1|   0|    1|          0|
    |icmp_ln72_1_reg_3437                                                             |    1|   0|    1|          0|
    |icmp_ln72_2_reg_3442                                                             |    1|   0|    1|          0|
    |icmp_ln86_1_reg_3630                                                             |    1|   0|    1|          0|
    |icmp_ln86_reg_3625                                                               |    1|   0|    1|          0|
    |icmp_ln87_1_reg_3613                                                             |    1|   0|    1|          0|
    |icmp_ln87_reg_3608                                                               |    1|   0|    1|          0|
    |icmp_ln88_1_reg_3645                                                             |    1|   0|    1|          0|
    |icmp_ln88_reg_3640                                                               |    1|   0|    1|          0|
    |icmp_ln89_1_reg_3655                                                             |    1|   0|    1|          0|
    |icmp_ln89_reg_3650                                                               |    1|   0|    1|          0|
    |max_spillage_iter_1_fu_504                                                       |   64|   0|   64|          0|
    |mul_reg_3728                                                                     |   32|   0|   32|          0|
    |or_ln72_1_reg_3429                                                               |    1|   0|    1|          0|
    |or_ln93_1_reg_3705                                                               |    1|   0|    1|          0|
    |p_clouds_addr_reg_3502                                                           |    3|   0|    3|          0|
    |p_load52_reg_3447                                                                |   31|   0|   31|          0|
    |p_load55_reg_4248                                                                |   32|   0|   32|          0|
    |reg_1857                                                                         |   32|   0|   32|          0|
    |reg_1864                                                                         |   32|   0|   32|          0|
    |reg_1868                                                                         |   32|   0|   32|          0|
    |reg_1875                                                                         |   32|   0|   32|          0|
    |reg_1881                                                                         |   32|   0|   32|          0|
    |row_pos_1_fu_516                                                                 |    6|   0|    6|          0|
    |row_pos_3_reg_1497                                                               |   32|   0|   32|          0|
    |row_pos_6_reg_3733                                                               |   32|   0|   32|          0|
    |row_pos_7_reg_1519                                                               |    6|   0|    6|          0|
    |row_pos_fu_300                                                                   |    6|   0|    6|          0|
    |select_ln86_reg_3680                                                             |   32|   0|   32|          0|
    |select_ln87_reg_3675                                                             |   32|   0|   32|          0|
    |select_ln88_reg_3685                                                             |   32|   0|   32|          0|
    |select_ln89_reg_3690                                                             |   32|   0|   32|          0|
    |spillage_flag_addr_1_reg_3781                                                    |   11|   0|   11|          0|
    |spillage_flag_addr_reg_3378                                                      |   11|   0|   11|          0|
    |spillage_from_neigh_1_addr_1_reg_3796                                            |   11|   0|   11|          0|
    |spillage_from_neigh_1_addr_reg_3393                                              |   11|   0|   11|          0|
    |spillage_from_neigh_2_addr_1_reg_3801                                            |   11|   0|   11|          0|
    |spillage_from_neigh_2_addr_reg_3398                                              |   11|   0|   11|          0|
    |spillage_from_neigh_3_addr_1_reg_3806                                            |   11|   0|   11|          0|
    |spillage_from_neigh_3_addr_reg_3403                                              |   11|   0|   11|          0|
    |spillage_from_neigh_addr_1_reg_3791                                              |   11|   0|   11|          0|
    |spillage_from_neigh_addr_reg_3388                                                |   11|   0|   11|          0|
    |spillage_level_addr_1_reg_3786                                                   |   11|   0|   11|          0|
    |spillage_level_addr_reg_3383                                                     |   11|   0|   11|          0|
    |sub_reg_3601                                                                     |   32|   0|   32|          0|
    |tmp_24_reg_3660                                                                  |    1|   0|    1|          0|
    |tmp_26_reg_3635                                                                  |    1|   0|    1|          0|
    |tmp_28_reg_3665                                                                  |    1|   0|    1|          0|
    |tmp_30_reg_3670                                                                  |    1|   0|    1|          0|
    |tmp_37_reg_3723                                                                  |    8|   0|    8|          0|
    |tmp_66_reg_3484                                                                  |  128|   0|  128|          0|
    |tmp_72_reg_3489                                                                  |  160|   0|  160|          0|
    |tmp_reg_4238                                                                     |   32|   0|   32|          0|
    |tmp_s_reg_3522                                                                   |  160|   0|  160|          0|
    |trunc_ln2_reg_3507                                                               |   32|   0|   32|          0|
    |trunc_ln3_reg_3517                                                               |   32|   0|   32|          0|
    |trunc_ln79_reg_3512                                                              |   32|   0|   32|          0|
    |trunc_ln86_1_reg_3565                                                            |   32|   0|   32|          0|
    |trunc_ln86_reg_3560                                                              |   95|   0|   95|          0|
    |trunc_ln88_reg_3570                                                              |   32|   0|   32|          0|
    |trunc_ln94_reg_3715                                                              |   23|   0|   23|          0|
    |trunc_ln99_1_reg_3575                                                            |   23|   0|   23|          0|
    |water_level_10_addr_reg_3193                                                     |    6|   0|    6|          0|
    |water_level_10_load_reg_4080                                                     |   32|   0|   32|          0|
    |water_level_11_addr_reg_3198                                                     |    6|   0|    6|          0|
    |water_level_11_load_reg_4085                                                     |   32|   0|   32|          0|
    |water_level_12_addr_reg_3203                                                     |    6|   0|    6|          0|
    |water_level_12_load_reg_4090                                                     |   32|   0|   32|          0|
    |water_level_13_addr_reg_3208                                                     |    6|   0|    6|          0|
    |water_level_13_load_reg_4095                                                     |   32|   0|   32|          0|
    |water_level_14_addr_reg_3213                                                     |    6|   0|    6|          0|
    |water_level_14_load_reg_4100                                                     |   32|   0|   32|          0|
    |water_level_15_addr_reg_3218                                                     |    6|   0|    6|          0|
    |water_level_15_load_reg_4105                                                     |   32|   0|   32|          0|
    |water_level_16_addr_reg_3223                                                     |    6|   0|    6|          0|
    |water_level_16_load_reg_4110                                                     |   32|   0|   32|          0|
    |water_level_17_addr_reg_3228                                                     |    6|   0|    6|          0|
    |water_level_17_load_reg_4115                                                     |   32|   0|   32|          0|
    |water_level_18_addr_reg_3233                                                     |    6|   0|    6|          0|
    |water_level_18_load_reg_4120                                                     |   32|   0|   32|          0|
    |water_level_19_addr_reg_3238                                                     |    6|   0|    6|          0|
    |water_level_19_load_reg_4125                                                     |   32|   0|   32|          0|
    |water_level_1_addr_reg_3148                                                      |    6|   0|    6|          0|
    |water_level_1_load_reg_4035                                                      |   32|   0|   32|          0|
    |water_level_20_addr_reg_3243                                                     |    6|   0|    6|          0|
    |water_level_20_load_reg_4130                                                     |   32|   0|   32|          0|
    |water_level_21_addr_reg_3248                                                     |    6|   0|    6|          0|
    |water_level_21_load_reg_4135                                                     |   32|   0|   32|          0|
    |water_level_22_addr_reg_3253                                                     |    6|   0|    6|          0|
    |water_level_22_load_reg_4140                                                     |   32|   0|   32|          0|
    |water_level_23_addr_reg_3258                                                     |    6|   0|    6|          0|
    |water_level_23_load_reg_4145                                                     |   32|   0|   32|          0|
    |water_level_24_addr_reg_3263                                                     |    6|   0|    6|          0|
    |water_level_24_load_reg_4150                                                     |   32|   0|   32|          0|
    |water_level_25_addr_reg_3268                                                     |    6|   0|    6|          0|
    |water_level_25_load_reg_4155                                                     |   32|   0|   32|          0|
    |water_level_26_addr_reg_3273                                                     |    6|   0|    6|          0|
    |water_level_26_load_reg_4160                                                     |   32|   0|   32|          0|
    |water_level_27_addr_reg_3278                                                     |    6|   0|    6|          0|
    |water_level_27_load_reg_4165                                                     |   32|   0|   32|          0|
    |water_level_28_addr_reg_3283                                                     |    6|   0|    6|          0|
    |water_level_28_load_reg_4170                                                     |   32|   0|   32|          0|
    |water_level_29_addr_reg_3288                                                     |    6|   0|    6|          0|
    |water_level_29_load_reg_4175                                                     |   32|   0|   32|          0|
    |water_level_2_addr_reg_3153                                                      |    6|   0|    6|          0|
    |water_level_2_load_reg_4040                                                      |   32|   0|   32|          0|
    |water_level_30_addr_reg_3293                                                     |    6|   0|    6|          0|
    |water_level_30_load_reg_4180                                                     |   32|   0|   32|          0|
    |water_level_31_addr_reg_3298                                                     |    6|   0|    6|          0|
    |water_level_31_load_reg_4185                                                     |   32|   0|   32|          0|
    |water_level_32_addr_reg_3303                                                     |    6|   0|    6|          0|
    |water_level_32_load_reg_4190                                                     |   32|   0|   32|          0|
    |water_level_33_addr_reg_3308                                                     |    6|   0|    6|          0|
    |water_level_33_load_reg_4195                                                     |   32|   0|   32|          0|
    |water_level_34_addr_reg_3313                                                     |    6|   0|    6|          0|
    |water_level_34_load_reg_4200                                                     |   32|   0|   32|          0|
    |water_level_35_addr_reg_3318                                                     |    6|   0|    6|          0|
    |water_level_35_load_reg_4205                                                     |   32|   0|   32|          0|
    |water_level_36_addr_reg_3323                                                     |    6|   0|    6|          0|
    |water_level_36_load_reg_4210                                                     |   32|   0|   32|          0|
    |water_level_37_addr_reg_3328                                                     |    6|   0|    6|          0|
    |water_level_37_load_reg_4215                                                     |   32|   0|   32|          0|
    |water_level_38_addr_reg_3333                                                     |    6|   0|    6|          0|
    |water_level_38_load_reg_4220                                                     |   32|   0|   32|          0|
    |water_level_39_addr_reg_3338                                                     |    6|   0|    6|          0|
    |water_level_39_load_reg_4225                                                     |   32|   0|   32|          0|
    |water_level_3_addr_reg_3158                                                      |    6|   0|    6|          0|
    |water_level_3_load_reg_4045                                                      |   32|   0|   32|          0|
    |water_level_4_addr_reg_3163                                                      |    6|   0|    6|          0|
    |water_level_4_load_reg_4050                                                      |   32|   0|   32|          0|
    |water_level_5_addr_reg_3168                                                      |    6|   0|    6|          0|
    |water_level_5_load_reg_4055                                                      |   32|   0|   32|          0|
    |water_level_6_addr_reg_3173                                                      |    6|   0|    6|          0|
    |water_level_6_load_reg_4060                                                      |   32|   0|   32|          0|
    |water_level_7_addr_reg_3178                                                      |    6|   0|    6|          0|
    |water_level_7_load_reg_4065                                                      |   32|   0|   32|          0|
    |water_level_8_addr_reg_3183                                                      |    6|   0|    6|          0|
    |water_level_8_load_reg_4070                                                      |   32|   0|   32|          0|
    |water_level_9_addr_reg_3188                                                      |    6|   0|    6|          0|
    |water_level_9_load_reg_4075                                                      |   32|   0|   32|          0|
    |water_level_addr_reg_3143                                                        |    6|   0|    6|          0|
    |water_level_load_reg_4030                                                        |   32|   0|   32|          0|
    |x_assign_1_reg_3743                                                              |   64|   0|   64|          0|
    |y_pos_reg_3738                                                                   |   32|   0|   32|          0|
    +---------------------------------------------------------------------------------+-----+----+-----+-----------+
    |Total                                                                            | 5054|   0| 5060|          6|
    +---------------------------------------------------------------------------------+-----+----+-----+-----------+



================================================================
== Interface
================================================================
* Summary: 
+-------------------+-----+-----+------------+---------------+--------------+
|     RTL Ports     | Dir | Bits|  Protocol  | Source Object |    C Type    |
+-------------------+-----+-----+------------+---------------+--------------+
|ap_clk             |   in|    1|  ap_ctrl_hs|     do_compute|  return value|
|ap_rst             |   in|    1|  ap_ctrl_hs|     do_compute|  return value|
|ap_start           |   in|    1|  ap_ctrl_hs|     do_compute|  return value|
|ap_done            |  out|    1|  ap_ctrl_hs|     do_compute|  return value|
|ap_idle            |  out|    1|  ap_ctrl_hs|     do_compute|  return value|
|ap_ready           |  out|    1|  ap_ctrl_hs|     do_compute|  return value|
|p_ground_address0  |  out|   11|   ap_memory|       p_ground|         array|
|p_ground_ce0       |  out|    1|   ap_memory|       p_ground|         array|
|p_ground_q0        |   in|   32|   ap_memory|       p_ground|         array|
|p_ground_address1  |  out|   11|   ap_memory|       p_ground|         array|
|p_ground_ce1       |  out|    1|   ap_memory|       p_ground|         array|
|p_ground_q1        |   in|   32|   ap_memory|       p_ground|         array|
|p_threshold        |   in|   32|     ap_none|    p_threshold|       pointer|
|p_num_minutes      |   in|   32|     ap_none|  p_num_minutes|       pointer|
|p_ex_factor        |   in|   32|     ap_none|    p_ex_factor|       pointer|
|p_clouds_address0  |  out|    3|   ap_memory|       p_clouds|         array|
|p_clouds_ce0       |  out|    1|   ap_memory|       p_clouds|         array|
|p_clouds_we0       |  out|    1|   ap_memory|       p_clouds|         array|
|p_clouds_d0        |  out|  224|   ap_memory|       p_clouds|         array|
|p_clouds_q0        |   in|  224|   ap_memory|       p_clouds|         array|
|r_i                |   in|  416|     ap_ovld|              r|       pointer|
|r_o                |  out|  416|     ap_ovld|              r|       pointer|
|r_o_ap_vld         |  out|    1|     ap_ovld|              r|       pointer|
+-------------------+-----+-----+------------+---------------+--------------+

