

================================================================
== Vitis HLS Report for 'do_compute'
================================================================
* Date:           Sun May 17 18:43:28 2026

* Version:        2024.1 (Build 5069499 on May 21 2024)
* Project:        .small_mountains_base_disabled
* Solution:       solution_FLOOD_HLS_base (Vivado IP Flow Target)
* Product family: virtexuplusHBM
* Target device:  xcu50-fsvh2104-2-e


================================================================
== Performance Estimates
================================================================
+ Timing: 
    * Summary: 
    +--------+---------+----------+------------+
    |  Clock |  Target | Estimated| Uncertainty|
    +--------+---------+----------+------------+
    |ap_clk  |  4.00 ns|  2.916 ns|     1.08 ns|
    +--------+---------+----------+------------+

+ Latency: 
    * Summary: 
    +---------+---------+----------+----------+-----+-----+---------+
    |  Latency (cycles) |  Latency (absolute) |  Interval | Pipeline|
    |   min   |   max   |    min   |    max   | min | max |   Type  |
    +---------+---------+----------+----------+-----+-----+---------+
    |        ?|        ?|         ?|         ?|    ?|    ?|       no|
    +---------+---------+----------+----------+-----+-----+---------+

    + Detail: 
        * Instance: 
        +----------------------------------+----------------------+---------+---------+----------+----------+-----+-----+---------+
        |                                  |                      |  Latency (cycles) |  Latency (absolute) |  Interval | Pipeline|
        |             Instance             |        Module        |   min   |   max   |    min   |    max   | min | max |   Type  |
        +----------------------------------+----------------------+---------+---------+----------+----------+-----+-----+---------+
        |grp_pow_generic_double_s_fu_1028  |pow_generic_double_s  |       72|       72|  0.288 us|  0.288 us|    1|    1|      yes|
        |grp_pow_generic_double_s_fu_1057  |pow_generic_double_s  |       72|       72|  0.288 us|  0.288 us|    1|    1|      yes|
        +----------------------------------+----------------------+---------+---------+----------+----------+-----+-----+---------+

        * Loop: 
        +--------------------------+---------+---------+-------------+-----------+-----------+------+----------+
        |                          |  Latency (cycles) |  Iteration  |  Initiation Interval  | Trip |          |
        |         Loop Name        |   min   |   max   |   Latency   |  achieved |   target  | Count| Pipelined|
        +--------------------------+---------+---------+-------------+-----------+-----------+------+----------+
        |- VITIS_LOOP_53_1         |    28920|    28920|          482|          -|          -|    60|        no|
        | + VITIS_LOOP_54_2        |      480|      480|            6|          -|          -|    80|        no|
        |  ++ VITIS_LOOP_63_3      |        4|        4|            1|          -|          -|     4|        no|
        |- VITIS_LOOP_70_4         |        ?|        ?|            ?|          -|          -|     ?|        no|
        | + VITIS_LOOP_76_5        |      198|      198|           22|          -|          -|     9|        no|
        | + VITIS_LOOP_83_6        |        ?|        ?|            ?|          -|          -|     9|        no|
        |  ++ VITIS_LOOP_92_7      |        ?|        ?|            ?|          -|          -|     ?|        no|
        |   +++ VITIS_LOOP_93_8    |        ?|        ?|    137 ~ 195|          -|          -|     ?|        no|
        | + VITIS_LOOP_109_9       |    14520|  1881720|  242 ~ 31362|          -|          -|    60|        no|
        |  ++ VITIS_LOOP_110_10    |      240|    31360|      3 ~ 392|          -|          -|    80|        no|
        |   +++ VITIS_LOOP_121_11  |      164|      164|           41|          -|          -|     4|        no|
        |   +++ VITIS_LOOP_156_12  |       16|      164|       4 ~ 41|          -|          -|     4|        no|
        | + PROPAGATION_ROWS       |   292920|   292920|         4882|          -|          -|    60|        no|
        |  ++ PROPAGATION_COLS     |     4880|     4880|           61|          -|          -|    80|        no|
        |   +++ NEIGHBOR_ACCUM     |       48|       48|           12|          -|          -|     4|        no|
        | + VITIS_LOOP_234_13      |    28920|    28920|          482|          -|          -|    60|        no|
        |  ++ VITIS_LOOP_235_14    |      480|      480|            6|          -|          -|    80|        no|
        |   +++ VITIS_LOOP_236_15  |        4|        4|            1|          -|          -|     4|        no|
        |- VITIS_LOOP_249_16       |    96120|    96120|         1602|          -|          -|    60|        no|
        | + VITIS_LOOP_250_17      |     1600|     1600|           20|          -|          -|    80|        no|
        +--------------------------+---------+---------+-------------+-----------+-----------+------+----------+



================================================================
== Utilization Estimates
================================================================
* Summary: 
+---------------------+---------+------+---------+--------+-----+
|         Name        | BRAM_18K|  DSP |    FF   |   LUT  | URAM|
+---------------------+---------+------+---------+--------+-----+
|DSP                  |        -|     -|        -|       -|    -|
|Expression           |        -|     -|        0|    7544|    -|
|FIFO                 |        -|     -|        -|       -|    -|
|Instance             |       10|   143|    25491|   19342|    -|
|Memory               |       86|     -|        4|       6|    0|
|Multiplexer          |        -|     -|        0|    3838|    -|
|Register             |        -|     -|    10178|       -|    -|
+---------------------+---------+------+---------+--------+-----+
|Total                |       96|   143|    35673|   30730|    0|
+---------------------+---------+------+---------+--------+-----+
|Available SLR        |     1344|  2976|   871680|  435840|  320|
+---------------------+---------+------+---------+--------+-----+
|Utilization SLR (%)  |        7|     4|        4|       7|    0|
+---------------------+---------+------+---------+--------+-----+
|Available            |     2688|  5952|  1743360|  871680|  640|
+---------------------+---------+------+---------+--------+-----+
|Utilization (%)      |        3|     2|        2|       3|    0|
+---------------------+---------+------+---------+--------+-----+

+ Detail: 
    * Instance: 
    +----------------------------------------+------------------------------------+---------+----+-------+------+-----+
    |                Instance                |               Module               | BRAM_18K| DSP|   FF  |  LUT | URAM|
    +----------------------------------------+------------------------------------+---------+----+-------+------+-----+
    |dadd_64ns_64ns_64_5_full_dsp_1_U59      |dadd_64ns_64ns_64_5_full_dsp_1      |        0|   3|    457|   698|    0|
    |dcmp_64ns_64ns_1_2_no_dsp_1_U60         |dcmp_64ns_64ns_1_2_no_dsp_1         |        0|   0|      0|     0|    0|
    |dcmp_64ns_64ns_1_2_no_dsp_1_U61         |dcmp_64ns_64ns_1_2_no_dsp_1         |        0|   0|      0|     0|    0|
    |dsqrt_64ns_64ns_64_21_no_dsp_1_U62      |dsqrt_64ns_64ns_64_21_no_dsp_1      |        0|   0|      0|     0|    0|
    |faddfsub_32ns_32ns_32_7_full_dsp_1_U46  |faddfsub_32ns_32ns_32_7_full_dsp_1  |        0|   2|    318|   198|    0|
    |faddfsub_32ns_32ns_32_7_full_dsp_1_U47  |faddfsub_32ns_32ns_32_7_full_dsp_1  |        0|   2|    318|   198|    0|
    |fcmp_32ns_32ns_1_2_no_dsp_1_U56         |fcmp_32ns_32ns_1_2_no_dsp_1         |        0|   0|      0|     0|    0|
    |fcmp_32ns_32ns_1_2_no_dsp_1_U57         |fcmp_32ns_32ns_1_2_no_dsp_1         |        0|   0|      0|     0|    0|
    |fdiv_32ns_32ns_32_12_no_dsp_1_U50       |fdiv_32ns_32ns_32_12_no_dsp_1       |        0|   0|      0|     0|    0|
    |fdiv_32ns_32ns_32_12_no_dsp_1_U51       |fdiv_32ns_32ns_32_12_no_dsp_1       |        0|   0|      0|     0|    0|
    |fmul_32ns_32ns_32_4_max_dsp_1_U48       |fmul_32ns_32ns_32_4_max_dsp_1       |        0|   3|    143|    78|    0|
    |fmul_32ns_32ns_32_4_max_dsp_1_U49       |fmul_32ns_32ns_32_4_max_dsp_1       |        0|   3|    143|    78|    0|
    |fpext_32ns_64_2_no_dsp_1_U54            |fpext_32ns_64_2_no_dsp_1            |        0|   0|      0|     0|    0|
    |fpext_32ns_64_2_no_dsp_1_U55            |fpext_32ns_64_2_no_dsp_1            |        0|   0|      0|     0|    0|
    |fptrunc_64ns_32_2_no_dsp_1_U53          |fptrunc_64ns_32_2_no_dsp_1          |        0|   0|      0|     0|    0|
    |fsqrt_32ns_32ns_32_12_no_dsp_1_U58      |fsqrt_32ns_32ns_32_12_no_dsp_1      |        0|   0|      0|     0|    0|
    |grp_pow_generic_double_s_fu_1028        |pow_generic_double_s                |        5|  65|  12056|  9046|    0|
    |grp_pow_generic_double_s_fu_1057        |pow_generic_double_s                |        5|  65|  12056|  9046|    0|
    |sitofp_32ns_32_4_no_dsp_1_U52           |sitofp_32ns_32_4_no_dsp_1           |        0|   0|      0|     0|    0|
    +----------------------------------------+------------------------------------+---------+----+-------+------+-----+
    |Total                                   |                                    |       10| 143|  25491| 19342|    0|
    +----------------------------------------+------------------------------------+---------+----+-------+------+-----+

    * DSP: 
    N/A

    * Memory: 
    +-----------------------+-----------------------------------+---------+---+----+-----+-------+-----+------+-------------+
    |         Memory        |               Module              | BRAM_18K| FF| LUT| URAM| Words | Bits| Banks| W*Bits*Banks|
    +-----------------------+-----------------------------------+---------+---+----+-----+-------+-----+------+-------------+
    |displacements_0_U      |displacements_0_ROM_AUTO_1R        |        0|  2|   3|    0|      4|    2|     1|            8|
    |displacements_1_U      |displacements_1_ROM_AUTO_1R        |        0|  2|   3|    0|      4|    2|     1|            8|
    |spillage_from_neigh_U  |spillage_from_neigh_RAM_AUTO_1R1W  |       38|  0|   0|    0|  19200|   32|     1|       614400|
    |water_level_U          |water_level_RAM_AUTO_1R1W          |       16|  0|   0|    0|   4800|   32|     1|       153600|
    |spillage_flag_U        |water_level_RAM_AUTO_1R1W          |       16|  0|   0|    0|   4800|   32|     1|       153600|
    |spillage_level_U       |water_level_RAM_AUTO_1R1W          |       16|  0|   0|    0|   4800|   32|     1|       153600|
    +-----------------------+-----------------------------------+---------+---+----+-----+-------+-----+------+-------------+
    |Total                  |                                   |       86|  4|   6|    0|  33608|  132|     6|      1075216|
    +-----------------------+-----------------------------------+---------+---+----+-----+-------+-----+------+-------------+

    * FIFO: 
    N/A

    * Expression: 
    +--------------------------------+----------+----+---+-----+------------+------------+
    |          Variable Name         | Operation| DSP| FF| LUT | Bitwidth P0| Bitwidth P1|
    +--------------------------------+----------+----+---+-----+------------+------------+
    |add_ln101_1_fu_2446_p2          |         +|   0|  0|   17|          13|          13|
    |add_ln101_2_fu_2429_p2          |         +|   0|  0|   17|          13|          13|
    |add_ln101_fu_2641_p2            |         +|   0|  0|   39|          32|          32|
    |add_ln102_fu_2660_p2            |         +|   0|  0|   71|          64|          64|
    |add_ln109_fu_2679_p2            |         +|   0|  0|   13|           6|           1|
    |add_ln110_fu_2725_p2            |         +|   0|  0|   14|           7|           1|
    |add_ln117_1_fu_2709_p2          |         +|   0|  0|   20|          13|          13|
    |add_ln117_fu_2735_p2            |         +|   0|  0|   20|          13|          13|
    |add_ln121_fu_2783_p2            |         +|   0|  0|   10|           3|           1|
    |add_ln134_1_fu_2851_p2          |         +|   0|  0|   17|          13|          13|
    |add_ln134_fu_2861_p2            |         +|   0|  0|   17|          13|          13|
    |add_ln156_fu_3273_p2            |         +|   0|  0|   10|           3|           1|
    |add_ln168_fu_3589_p2            |         +|   0|  0|   71|          64|          64|
    |add_ln173_1_fu_3350_p2          |         +|   0|  0|   17|          13|          13|
    |add_ln173_fu_3363_p2            |         +|   0|  0|   17|          13|          13|
    |add_ln177_fu_3383_p2            |         +|   0|  0|   22|          15|          15|
    |add_ln191_fu_3625_p2            |         +|   0|  0|   13|           6|           1|
    |add_ln193_fu_3667_p2            |         +|   0|  0|   14|           7|           1|
    |add_ln196_1_fu_3655_p2          |         +|   0|  0|   20|          13|          13|
    |add_ln196_fu_3677_p2            |         +|   0|  0|   20|          13|          13|
    |add_ln221_fu_4094_p2            |         +|   0|  0|   10|           3|           1|
    |add_ln222_fu_4104_p2            |         +|   0|  0|   22|          15|          15|
    |add_ln234_fu_4267_p2            |         +|   0|  0|   13|           6|           1|
    |add_ln235_fu_4323_p2            |         +|   0|  0|   14|           7|           1|
    |add_ln236_fu_4358_p2            |         +|   0|  0|   10|           3|           1|
    |add_ln239_fu_4368_p2            |         +|   0|  0|   22|          15|          15|
    |add_ln241_1_fu_4297_p2          |         +|   0|  0|   20|          13|          13|
    |add_ln241_fu_4333_p2            |         +|   0|  0|   20|          13|          13|
    |add_ln249_fu_4387_p2            |         +|   0|  0|   13|           6|           1|
    |add_ln250_fu_4447_p2            |         +|   0|  0|   14|           7|           1|
    |add_ln251_1_fu_4417_p2          |         +|   0|  0|   20|          13|          13|
    |add_ln251_fu_4457_p2            |         +|   0|  0|   20|          13|          13|
    |add_ln253_fu_4475_p2            |         +|   0|  0|   71|          64|          64|
    |add_ln317_1_fu_2213_p2          |         +|   0|  0|   16|           9|           8|
    |add_ln317_2_fu_2315_p2          |         +|   0|  0|   16|           9|           8|
    |add_ln317_3_fu_3969_p2          |         +|   0|  0|   16|           9|           8|
    |add_ln317_4_fu_4156_p2          |         +|   0|  0|   16|           9|           8|
    |add_ln317_5_fu_3476_p2          |         +|   0|  0|   16|           9|           8|
    |add_ln317_fu_2546_p2            |         +|   0|  0|   16|           9|           8|
    |add_ln53_fu_1309_p2             |         +|   0|  0|   13|           6|           1|
    |add_ln54_fu_1383_p2             |         +|   0|  0|   14|           7|           1|
    |add_ln58_1_fu_1339_p2           |         +|   0|  0|   20|          13|          13|
    |add_ln58_fu_1393_p2             |         +|   0|  0|   20|          13|          13|
    |add_ln63_fu_1423_p2             |         +|   0|  0|   10|           3|           1|
    |add_ln64_fu_1433_p2             |         +|   0|  0|   22|          15|          15|
    |add_ln70_fu_1554_p2             |         +|   0|  0|   38|          31|           1|
    |add_ln76_fu_1611_p2             |         +|   0|  0|   12|           4|           1|
    |add_ln83_fu_1701_p2             |         +|   0|  0|   12|           4|           1|
    |new_col_1_fu_3298_p2            |         +|   0|  0|   15|           8|           8|
    |new_col_fu_2806_p2              |         +|   0|  0|   15|           8|           8|
    |new_row_1_fu_3289_p2            |         +|   0|  0|   14|           7|           7|
    |new_row_fu_2798_p2              |         +|   0|  0|   14|           7|           7|
    |spill_acc_1_fu_4255_p2          |         +|   0|  0|   39|          32|          32|
    |wl_3_fu_4114_p2                 |         +|   0|  0|   39|          32|          32|
    |result_12_fu_2394_p2            |         -|   0|  0|   13|           1|           6|
    |result_19_fu_2435_p2            |         -|   0|  0|   20|           1|          13|
    |result_22_fu_4063_p2            |         -|   0|  0|   39|           1|          32|
    |result_23_fu_4243_p2            |         -|   0|  0|   39|           1|          32|
    |result_26_fu_3563_p2            |         -|   0|  0|   39|           1|          32|
    |result_6_fu_2630_p2             |         -|   0|  0|   39|           1|          32|
    |sub_ln18_1_fu_2227_p2           |         -|   0|  0|   15|           7|           8|
    |sub_ln18_2_fu_2329_p2           |         -|   0|  0|   15|           7|           8|
    |sub_ln18_3_fu_3983_p2           |         -|   0|  0|   15|           7|           8|
    |sub_ln18_4_fu_4170_p2           |         -|   0|  0|   15|           7|           8|
    |sub_ln18_5_fu_3490_p2           |         -|   0|  0|   15|           7|           8|
    |sub_ln18_fu_2560_p2             |         -|   0|  0|   15|           7|           8|
    |wl_1_fu_4075_p2                 |         -|   0|  0|   39|          32|          32|
    |and_ln139_1_fu_2931_p2          |       and|   0|  0|    2|           1|           1|
    |and_ln139_fu_2925_p2            |       and|   0|  0|    2|           1|           1|
    |and_ln142_1_fu_3015_p2          |       and|   0|  0|    2|           1|           1|
    |and_ln142_fu_3009_p2            |       and|   0|  0|    2|           1|           1|
    |and_ln145_1_fu_3121_p2          |       and|   0|  0|    2|           1|           1|
    |and_ln145_fu_3115_p2            |       and|   0|  0|    2|           1|           1|
    |and_ln148_fu_3171_p2            |       and|   0|  0|    2|           1|           1|
    |and_ln151_fu_3211_p2            |       and|   0|  0|    2|           1|           1|
    |and_ln175_1_fu_3440_p2          |       and|   0|  0|    2|           1|           1|
    |and_ln175_fu_3435_p2            |       and|   0|  0|    2|           1|           1|
    |and_ln199_fu_3723_p2            |       and|   0|  0|    2|           1|           1|
    |and_ln207_1_fu_3822_p2          |       and|   0|  0|    2|           1|           1|
    |and_ln207_fu_3816_p2            |       and|   0|  0|    2|           1|           1|
    |and_ln211_1_fu_3880_p2          |       and|   0|  0|    2|           1|           1|
    |and_ln211_2_fu_3913_p2          |       and|   0|  0|    2|           1|           1|
    |and_ln211_fu_3874_p2            |       and|   0|  0|    2|           1|           1|
    |and_ln251_1_fu_4563_p2          |       and|   0|  0|    2|           1|           1|
    |and_ln251_fu_4557_p2            |       and|   0|  0|    2|           1|           1|
    |and_ln70_1_fu_1548_p2           |       and|   0|  0|    2|           1|           1|
    |and_ln70_2_fu_1542_p2           |       and|   0|  0|    2|           1|           1|
    |and_ln70_fu_1537_p2             |       and|   0|  0|    2|           1|           1|
    |and_ln85_fu_1926_p2             |       and|   0|  0|    2|           1|           1|
    |and_ln86_fu_1892_p2             |       and|   0|  0|    2|           1|           1|
    |and_ln87_fu_1943_p2             |       and|   0|  0|    2|           1|           1|
    |and_ln88_fu_1909_p2             |       and|   0|  0|    2|           1|           1|
    |and_ln92_1_fu_2047_p2           |       and|   0|  0|    2|           1|           1|
    |and_ln92_fu_2042_p2             |       and|   0|  0|    2|           1|           1|
    |and_ln93_1_fu_2114_p2           |       and|   0|  0|    2|           1|           1|
    |and_ln93_fu_2109_p2             |       and|   0|  0|    2|           1|           1|
    |and_ln97_1_fu_2184_p2           |       and|   0|  0|    2|           1|           1|
    |and_ln97_fu_2178_p2             |       and|   0|  0|    2|           1|           1|
    |and_ln98_fu_2488_p2             |       and|   0|  0|    2|           1|           1|
    |empty_88_fu_3252_p2             |       and|   0|  0|    2|           1|           1|
    |empty_89_fu_3257_p2             |       and|   0|  0|    2|           1|           1|
    |grp_fu_1203_p2                  |      icmp|   0|  0|   15|           8|           2|
    |icmp_ln109_fu_2673_p2           |      icmp|   0|  0|   13|           6|           4|
    |icmp_ln110_fu_2719_p2           |      icmp|   0|  0|   14|           7|           7|
    |icmp_ln111_fu_2748_p2           |      icmp|   0|  0|   39|          32|           1|
    |icmp_ln121_fu_2777_p2           |      icmp|   0|  0|   12|           3|           4|
    |icmp_ln128_1_fu_2817_p2         |      icmp|   0|  0|   15|           8|           7|
    |icmp_ln128_fu_2811_p2           |      icmp|   0|  0|   14|           7|           6|
    |icmp_ln139_1_fu_2771_p2         |      icmp|   0|  0|   30|          23|           1|
    |icmp_ln139_2_fu_2905_p2         |      icmp|   0|  0|   15|           8|           2|
    |icmp_ln139_3_fu_2911_p2         |      icmp|   0|  0|   30|          23|           1|
    |icmp_ln142_1_fu_2979_p2         |      icmp|   0|  0|   30|          23|           1|
    |icmp_ln142_2_fu_2991_p2         |      icmp|   0|  0|   15|           8|           2|
    |icmp_ln142_3_fu_2997_p2         |      icmp|   0|  0|   30|          23|           1|
    |icmp_ln142_fu_2973_p2           |      icmp|   0|  0|   15|           8|           2|
    |icmp_ln145_1_fu_3085_p2         |      icmp|   0|  0|   30|          23|           1|
    |icmp_ln145_2_fu_3097_p2         |      icmp|   0|  0|   15|           8|           2|
    |icmp_ln145_3_fu_3103_p2         |      icmp|   0|  0|   30|          23|           1|
    |icmp_ln145_fu_3079_p2           |      icmp|   0|  0|   15|           8|           2|
    |icmp_ln148_1_fu_3159_p2         |      icmp|   0|  0|   30|          23|           1|
    |icmp_ln148_fu_3153_p2           |      icmp|   0|  0|   15|           8|           2|
    |icmp_ln151_1_fu_3201_p2         |      icmp|   0|  0|   59|          52|           1|
    |icmp_ln151_fu_3195_p2           |      icmp|   0|  0|   18|          11|           2|
    |icmp_ln156_fu_3267_p2           |      icmp|   0|  0|   12|           3|           4|
    |icmp_ln163_1_fu_3312_p2         |      icmp|   0|  0|   15|           8|           7|
    |icmp_ln163_fu_3307_p2           |      icmp|   0|  0|   14|           7|           6|
    |icmp_ln175_1_fu_3423_p2         |      icmp|   0|  0|   30|          23|           1|
    |icmp_ln175_fu_3417_p2           |      icmp|   0|  0|   15|           8|           2|
    |icmp_ln191_fu_3619_p2           |      icmp|   0|  0|   13|           6|           4|
    |icmp_ln193_fu_3661_p2           |      icmp|   0|  0|   14|           7|           7|
    |icmp_ln199_1_fu_3713_p2         |      icmp|   0|  0|   30|          23|           1|
    |icmp_ln199_fu_3707_p2           |      icmp|   0|  0|   15|           8|           2|
    |icmp_ln207_1_fu_3786_p2         |      icmp|   0|  0|   59|          52|           1|
    |icmp_ln207_2_fu_3798_p2         |      icmp|   0|  0|   18|          11|           2|
    |icmp_ln207_3_fu_3804_p2         |      icmp|   0|  0|   59|          52|           1|
    |icmp_ln207_fu_3780_p2           |      icmp|   0|  0|   18|          11|           2|
    |icmp_ln211_1_fu_3862_p2         |      icmp|   0|  0|   59|          52|           1|
    |icmp_ln211_fu_3856_p2           |      icmp|   0|  0|   18|          11|           2|
    |icmp_ln221_fu_4088_p2           |      icmp|   0|  0|   12|           3|           4|
    |icmp_ln234_fu_4261_p2           |      icmp|   0|  0|   13|           6|           4|
    |icmp_ln235_fu_4317_p2           |      icmp|   0|  0|   14|           7|           7|
    |icmp_ln236_fu_4352_p2           |      icmp|   0|  0|   12|           3|           4|
    |icmp_ln249_fu_4381_p2           |      icmp|   0|  0|   13|           6|           4|
    |icmp_ln250_fu_4441_p2           |      icmp|   0|  0|   14|           7|           7|
    |icmp_ln251_1_fu_4527_p2         |      icmp|   0|  0|   30|          23|           1|
    |icmp_ln251_2_fu_4539_p2         |      icmp|   0|  0|   15|           8|           2|
    |icmp_ln251_3_fu_4545_p2         |      icmp|   0|  0|   30|          23|           1|
    |icmp_ln251_fu_4521_p2           |      icmp|   0|  0|   15|           8|           2|
    |icmp_ln53_fu_1303_p2            |      icmp|   0|  0|   13|           6|           4|
    |icmp_ln54_fu_1377_p2            |      icmp|   0|  0|   14|           7|           7|
    |icmp_ln63_fu_1417_p2            |      icmp|   0|  0|   12|           3|           4|
    |icmp_ln70_1_fu_1506_p2          |      icmp|   0|  0|   18|          11|           2|
    |icmp_ln70_2_fu_1512_p2          |      icmp|   0|  0|   59|          52|           1|
    |icmp_ln70_3_fu_1461_p2          |      icmp|   0|  0|   18|          11|           2|
    |icmp_ln70_4_fu_1467_p2          |      icmp|   0|  0|   59|          52|           1|
    |icmp_ln70_fu_1528_p2            |      icmp|   0|  0|   39|          32|          32|
    |icmp_ln76_fu_1605_p2            |      icmp|   0|  0|   12|           4|           4|
    |icmp_ln83_fu_1695_p2            |      icmp|   0|  0|   12|           4|           4|
    |icmp_ln85_1_fu_1853_p2          |      icmp|   0|  0|   30|          23|           1|
    |icmp_ln85_fu_1847_p2            |      icmp|   0|  0|   15|           8|           2|
    |icmp_ln86_1_fu_1793_p2          |      icmp|   0|  0|   30|          23|           1|
    |icmp_ln86_fu_1787_p2            |      icmp|   0|  0|   15|           8|           2|
    |icmp_ln87_1_fu_1882_p2          |      icmp|   0|  0|   30|          23|           1|
    |icmp_ln87_fu_1876_p2            |      icmp|   0|  0|   15|           8|           2|
    |icmp_ln88_1_fu_1823_p2          |      icmp|   0|  0|   30|          23|           1|
    |icmp_ln88_fu_1817_p2            |      icmp|   0|  0|   15|           8|           2|
    |icmp_ln92_1_fu_2030_p2          |      icmp|   0|  0|   30|          23|           1|
    |icmp_ln92_2_fu_1974_p2          |      icmp|   0|  0|   15|           8|           2|
    |icmp_ln92_3_fu_1980_p2          |      icmp|   0|  0|   30|          23|           1|
    |icmp_ln92_fu_2024_p2            |      icmp|   0|  0|   15|           8|           2|
    |icmp_ln93_1_fu_2097_p2          |      icmp|   0|  0|   30|          23|           1|
    |icmp_ln93_2_fu_2062_p2          |      icmp|   0|  0|   15|           8|           2|
    |icmp_ln93_3_fu_2000_p2          |      icmp|   0|  0|   30|          23|           1|
    |icmp_ln93_fu_2091_p2            |      icmp|   0|  0|   15|           8|           2|
    |icmp_ln97_1_fu_2162_p2          |      icmp|   0|  0|   30|          23|           1|
    |icmp_ln97_2_fu_2129_p2          |      icmp|   0|  0|   15|           8|           2|
    |icmp_ln97_3_fu_1758_p2          |      icmp|   0|  0|   30|          23|           1|
    |icmp_ln97_fu_2156_p2            |      icmp|   0|  0|   15|           8|           2|
    |icmp_ln98_1_fu_2476_p2          |      icmp|   0|  0|   30|          23|           1|
    |icmp_ln98_fu_2470_p2            |      icmp|   0|  0|   15|           8|           2|
    |notlhs161_fu_3236_p2            |      icmp|   0|  0|   15|           8|           2|
    |notrhs162_fu_3242_p2            |      icmp|   0|  0|   30|          23|           1|
    |lshr_ln18_1_fu_2252_p2          |      lshr|   0|  0|  242|          79|          79|
    |lshr_ln18_2_fu_2354_p2          |      lshr|   0|  0|  242|          79|          79|
    |lshr_ln18_3_fu_4009_p2          |      lshr|   0|  0|  242|          79|          79|
    |lshr_ln18_4_fu_4196_p2          |      lshr|   0|  0|  242|          79|          79|
    |lshr_ln18_5_fu_3516_p2          |      lshr|   0|  0|  242|          79|          79|
    |lshr_ln18_fu_2586_p2            |      lshr|   0|  0|  242|          79|          79|
    |empty_86_fu_3231_p2             |        or|   0|  0|    2|           1|           1|
    |empty_87_fu_3248_p2             |        or|   0|  0|    2|           1|           1|
    |or_ln128_fu_2877_p2             |        or|   0|  0|    2|           1|           1|
    |or_ln139_1_fu_2921_p2           |        or|   0|  0|    2|           1|           1|
    |or_ln139_fu_2917_p2             |        or|   0|  0|    2|           1|           1|
    |or_ln142_1_fu_3003_p2           |        or|   0|  0|    2|           1|           1|
    |or_ln142_fu_2985_p2             |        or|   0|  0|    2|           1|           1|
    |or_ln145_1_fu_3109_p2           |        or|   0|  0|    2|           1|           1|
    |or_ln145_fu_3091_p2             |        or|   0|  0|    2|           1|           1|
    |or_ln148_fu_3165_p2             |        or|   0|  0|    2|           1|           1|
    |or_ln151_fu_3207_p2             |        or|   0|  0|    2|           1|           1|
    |or_ln163_fu_3317_p2             |        or|   0|  0|    2|           1|           1|
    |or_ln175_fu_3429_p2             |        or|   0|  0|    2|           1|           1|
    |or_ln199_fu_3719_p2             |        or|   0|  0|    2|           1|           1|
    |or_ln207_1_fu_3810_p2           |        or|   0|  0|    2|           1|           1|
    |or_ln207_fu_3792_p2             |        or|   0|  0|    2|           1|           1|
    |or_ln211_fu_3868_p2             |        or|   0|  0|    2|           1|           1|
    |or_ln251_1_fu_4551_p2           |        or|   0|  0|    2|           1|           1|
    |or_ln251_fu_4533_p2             |        or|   0|  0|    2|           1|           1|
    |or_ln70_1_fu_1473_p2            |        or|   0|  0|    2|           1|           1|
    |or_ln70_fu_1533_p2              |        or|   0|  0|    2|           1|           1|
    |or_ln85_fu_1922_p2              |        or|   0|  0|    2|           1|           1|
    |or_ln86_fu_1888_p2              |        or|   0|  0|    2|           1|           1|
    |or_ln87_fu_1939_p2              |        or|   0|  0|    2|           1|           1|
    |or_ln88_fu_1905_p2              |        or|   0|  0|    2|           1|           1|
    |or_ln92_1_fu_1986_p2            |        or|   0|  0|    2|           1|           1|
    |or_ln92_fu_2036_p2              |        or|   0|  0|    2|           1|           1|
    |or_ln93_1_fu_2068_p2            |        or|   0|  0|    2|           1|           1|
    |or_ln93_fu_2103_p2              |        or|   0|  0|    2|           1|           1|
    |or_ln97_1_fu_2174_p2            |        or|   0|  0|    2|           1|           1|
    |or_ln97_fu_2168_p2              |        or|   0|  0|    2|           1|           1|
    |or_ln98_fu_2482_p2              |        or|   0|  0|    2|           1|           1|
    |empty_95_fu_3918_p3             |    select|   0|  0|  359|           1|         416|
    |max_spillage_iter_3_fu_3926_p3  |    select|   0|  0|   63|           1|          64|
    |max_spillage_iter_8_fu_3828_p3  |    select|   0|  0|   63|           1|          64|
    |my_spillage_level_1_fu_3029_p3  |    select|   0|  0|   32|           1|          32|
    |my_spillage_level_3_fu_3021_p3  |    select|   0|  0|   32|           1|          32|
    |my_spillage_level_fu_3127_p3    |    select|   0|  0|   32|           1|          32|
    |neighbor_height_1_fu_2881_p3    |    select|   0|  0|   32|           1|          32|
    |result_15_fu_2399_p3            |    select|   0|  0|    6|           1|           6|
    |result_20_fu_2440_p3            |    select|   0|  0|   13|           1|          13|
    |result_24_fu_4248_p3            |    select|   0|  0|   32|           1|          32|
    |result_27_fu_3568_p3            |    select|   0|  0|   32|           1|          32|
    |result_28_fu_4068_p3            |    select|   0|  0|   32|           1|          32|
    |result_9_fu_2635_p3             |    select|   0|  0|   32|           1|          32|
    |select_ln18_10_fu_3500_p3       |    select|   0|  0|    9|           1|           9|
    |select_ln18_2_fu_2236_p3        |    select|   0|  0|    9|           1|           9|
    |select_ln18_4_fu_2338_p3        |    select|   0|  0|    9|           1|           9|
    |select_ln18_6_fu_3993_p3        |    select|   0|  0|    9|           1|           9|
    |select_ln18_8_fu_4180_p3        |    select|   0|  0|    9|           1|           9|
    |select_ln18_fu_2570_p3          |    select|   0|  0|    9|           1|           9|
    |select_ln251_fu_4569_p3         |    select|   0|  0|   32|           1|          32|
    |select_ln85_fu_1931_p3          |    select|   0|  0|   32|           1|           1|
    |select_ln86_fu_1897_p3          |    select|   0|  0|   32|           1|          32|
    |select_ln87_fu_1948_p3          |    select|   0|  0|   32|           1|           1|
    |select_ln88_fu_1914_p3          |    select|   0|  0|   32|           1|          32|
    |select_ln98_fu_2494_p3          |    select|   0|  0|   32|           1|           1|
    |sum_diff_1_fu_3036_p3           |    select|   0|  0|   32|           1|          32|
    |val_1_fu_2284_p3                |    select|   0|  0|    6|           1|           6|
    |val_2_fu_2386_p3                |    select|   0|  0|   13|           1|          13|
    |val_3_fu_3548_p3                |    select|   0|  0|   32|           1|          32|
    |val_4_fu_4041_p3                |    select|   0|  0|   32|           1|          32|
    |val_5_fu_4228_p3                |    select|   0|  0|   32|           1|          32|
    |val_fu_2618_p3                  |    select|   0|  0|   32|           1|          32|
    |wl_2_fu_4081_p3                 |    select|   0|  0|   32|           1|          32|
    |shl_ln18_1_fu_2258_p2           |       shl|   0|  0|  242|          79|          79|
    |shl_ln18_2_fu_2360_p2           |       shl|   0|  0|  242|          79|          79|
    |shl_ln18_3_fu_4015_p2           |       shl|   0|  0|  242|          79|          79|
    |shl_ln18_4_fu_4202_p2           |       shl|   0|  0|  242|          79|          79|
    |shl_ln18_5_fu_3522_p2           |       shl|   0|  0|  242|          79|          79|
    |shl_ln18_fu_2592_p2             |       shl|   0|  0|  242|          79|          79|
    +--------------------------------+----------+----+---+-----+------------+------------+
    |Total                           |          |   0|  0| 7544|        3159|        3305|
    +--------------------------------+----------+----+---+-----+------------+------------+

    * Multiplexer: 
    +------------------------------------+------+-----------+-----+-----------+
    |                Name                |  LUT | Input Size| Bits| Total Bits|
    +------------------------------------+------+-----------+-----+-----------+
    |add551_lcssa26_fu_366               |     9|          2|   64|        128|
    |ap_NS_fsm                           |  2557|        486|    1|        486|
    |cell_pos_1_reg_1006                 |     9|          2|    3|          6|
    |cell_pos_2_reg_961                  |     9|          2|    3|          6|
    |cell_pos_3_reg_846                  |     9|          2|    3|          6|
    |cell_pos_reg_800                    |     9|          2|    3|          6|
    |cloud_1_reg_687                     |     9|          2|    4|          8|
    |cloud_reg_666                       |     9|          2|    4|          8|
    |col_pos_1_reg_1017                  |     9|          2|    7|         14|
    |col_pos_3_reg_788                   |     9|          2|    7|         14|
    |col_pos_6_reg_938                   |     9|          2|    7|         14|
    |col_pos_7_reg_995                   |     9|          2|    7|         14|
    |col_pos_8_reg_720                   |     9|          2|   32|         64|
    |col_pos_reg_644                     |     9|          2|    7|         14|
    |depth_pos_reg_655                   |     9|          2|    3|          6|
    |displacements_0_address0_local      |    14|          3|    2|          6|
    |displacements_1_address0_local      |    14|          3|    2|          6|
    |empty_78_fu_354                     |     9|          2|  416|        832|
    |empty_79_reg_677                    |     9|          2|  416|        832|
    |empty_80_reg_708                    |     9|          2|  416|        832|
    |empty_81_reg_730                    |     9|          2|  416|        832|
    |empty_82_reg_742                    |     9|          2|  416|        832|
    |empty_83_reg_754                    |     9|          2|  416|        832|
    |empty_84_reg_776                    |     9|          2|  416|        832|
    |empty_90_reg_835                    |     9|          2|  416|        832|
    |empty_91_reg_858                    |     9|          2|  416|        832|
    |empty_92_reg_873                    |     9|          2|  416|        832|
    |empty_93_reg_892                    |     9|          2|  416|        832|
    |empty_94_reg_926                    |     9|          2|  416|        832|
    |empty_96_fu_362                     |     9|          2|   32|         64|
    |empty_fu_350                        |     9|          2|   31|         62|
    |grp_fu_1086_opcode                  |    14|          3|    2|          6|
    |grp_fu_1086_p0                      |    65|         14|   32|        448|
    |grp_fu_1086_p1                      |    59|         11|   32|        352|
    |grp_fu_1091_opcode                  |    14|          3|    2|          6|
    |grp_fu_1091_p0                      |    14|          3|   32|         96|
    |grp_fu_1091_p1                      |    14|          3|   32|         96|
    |grp_fu_1098_p0                      |    59|         11|   32|        352|
    |grp_fu_1098_p1                      |    43|          8|   32|        256|
    |grp_fu_1103_p0                      |    14|          3|   32|         96|
    |grp_fu_1113_p0                      |    49|          9|   32|        288|
    |grp_fu_1113_p1                      |    43|          8|   32|        256|
    |grp_fu_1118_p0                      |    20|          4|   32|        128|
    |grp_fu_1118_p1                      |    14|          3|   32|         96|
    |grp_fu_1135_p0                      |    20|          4|   32|        128|
    |grp_fu_1141_opcode                  |    26|          5|    5|         25|
    |grp_fu_1141_p0                      |    49|          9|   32|        288|
    |grp_fu_1141_p1                      |    65|         12|   32|        384|
    |grp_fu_1146_opcode                  |    14|          3|    5|         15|
    |grp_fu_1146_p0                      |    20|          4|   32|        128|
    |grp_fu_1146_p1                      |    14|          3|   32|         96|
    |grp_fu_1169_p0                      |    14|          3|   64|        192|
    |grp_fu_1169_p1                      |    20|          4|   64|        256|
    |max_spillage_iter_1_fu_346          |     9|          2|   64|        128|
    |max_spillage_iter_2_reg_914         |     9|          2|   64|        128|
    |max_spillage_iter_4_reg_949         |     9|          2|   64|        128|
    |my_spillage_level_2_reg_811         |     9|          2|   32|         64|
    |p_clouds_address0_local             |    20|          4|    4|         16|
    |p_ground_address0_local             |    20|          4|   13|         52|
    |row_pos_10_reg_698                  |     9|          2|   32|         64|
    |row_pos_1_fu_358                    |     9|          2|    6|         12|
    |row_pos_3_reg_765                   |     9|          2|    6|         12|
    |row_pos_5_reg_903                   |     9|          2|    6|         12|
    |row_pos_7_reg_984                   |     9|          2|    6|         12|
    |row_pos_fu_326                      |     9|          2|    6|         12|
    |spill_acc_reg_972                   |     9|          2|   32|         64|
    |spillage_flag_address0_local        |    26|          5|   13|         65|
    |spillage_flag_d0_local              |    14|          3|   32|         96|
    |spillage_from_neigh_address0_local  |    26|          5|   15|         75|
    |spillage_from_neigh_d0_local        |    14|          3|   32|         96|
    |spillage_level_address0_local       |    26|          5|   13|         65|
    |spillage_level_d0_local             |    14|          3|   32|         96|
    |sum_diff_reg_823                    |     9|          2|   32|         64|
    |water_level_address0_local          |    49|          9|   13|        117|
    |water_level_d0_local                |    20|          4|   32|        128|
    +------------------------------------+------+-----------+-----+-----------+
    |Total                               |  3838|        747| 6417|      16410|
    +------------------------------------+------+-----------+-----+-----------+

    * Register: 
    +-------------------------------------+-----+----+-----+-----------+
    |                 Name                |  FF | LUT| Bits| Const Bits|
    +-------------------------------------+-----+----+-----+-----------+
    |add551_lcssa26_fu_366                |   64|   0|   64|          0|
    |add5_reg_5011                        |   64|   0|   64|          0|
    |add_ln101_1_reg_5059                 |   13|   0|   13|          0|
    |add_ln101_reg_5095                   |   32|   0|   32|          0|
    |add_ln109_reg_5118                   |    6|   0|    6|          0|
    |add_ln110_reg_5137                   |    7|   0|    7|          0|
    |add_ln117_1_reg_5123                 |    9|   0|   13|          4|
    |add_ln121_reg_5193                   |    3|   0|    3|          0|
    |add_ln156_reg_5338                   |    3|   0|    3|          0|
    |add_ln191_reg_5411                   |    6|   0|    6|          0|
    |add_ln193_reg_5424                   |    7|   0|    7|          0|
    |add_ln196_1_reg_5416                 |    9|   0|   13|          4|
    |add_ln196_reg_5429                   |   13|   0|   13|          0|
    |add_ln221_reg_5515                   |    3|   0|    3|          0|
    |add_ln234_reg_5549                   |    6|   0|    6|          0|
    |add_ln235_reg_5562                   |    7|   0|    7|          0|
    |add_ln241_1_reg_5554                 |    9|   0|   13|          4|
    |add_ln249_reg_5593                   |    6|   0|    6|          0|
    |add_ln250_reg_5606                   |    7|   0|    7|          0|
    |add_ln251_1_reg_5598                 |    9|   0|   13|          4|
    |add_ln53_reg_4596                    |    6|   0|    6|          0|
    |add_ln54_reg_4636                    |    7|   0|    7|          0|
    |add_ln58_1_reg_4601                  |    9|   0|   13|          4|
    |add_ln70_reg_4693                    |   31|   0|   31|          0|
    |add_ln76_reg_4732                    |    4|   0|    4|          0|
    |add_ln83_reg_4790                    |    4|   0|    4|          0|
    |and_ln139_1_reg_5270                 |    1|   0|    1|          0|
    |and_ln175_1_reg_5388                 |    1|   0|    1|          0|
    |and_ln199_reg_5469                   |    1|   0|    1|          0|
    |and_ln97_1_reg_5033                  |    1|   0|    1|          0|
    |ap_CS_fsm                            |  485|   0|  485|          0|
    |bitcast_ln139_reg_5179               |   32|   0|   32|          0|
    |bitcast_ln27_reg_4627                |   32|   0|   32|          0|
    |bitcast_ln85_1_reg_4805              |   32|   0|   32|          0|
    |bitcast_ln85_reg_4830                |   32|   0|   32|          0|
    |bitcast_ln87_reg_4813                |   32|   0|   32|          0|
    |bitcast_ln93_reg_4938                |   32|   0|   32|          0|
    |bitcast_ln98_1_reg_4819              |   32|   0|   32|          0|
    |bitcast_ln98_reg_4742                |   32|   0|   32|          0|
    |cell_pos_1_reg_1006                  |    3|   0|    3|          0|
    |cell_pos_2_reg_961                   |    3|   0|    3|          0|
    |cell_pos_3_reg_846                   |    3|   0|    3|          0|
    |cell_pos_reg_800                     |    3|   0|    3|          0|
    |cloud_1_reg_687                      |    4|   0|    4|          0|
    |cloud_reg_666                        |    4|   0|    4|          0|
    |col_pos_1_reg_1017                   |    7|   0|    7|          0|
    |col_pos_3_reg_788                    |    7|   0|    7|          0|
    |col_pos_6_reg_938                    |    7|   0|    7|          0|
    |col_pos_7_reg_995                    |    7|   0|    7|          0|
    |col_pos_8_reg_720                    |   32|   0|   32|          0|
    |col_pos_reg_644                      |    7|   0|    7|          0|
    |col_start_reg_4928                   |   32|   0|   32|          0|
    |conv_reg_4659                        |   64|   0|   64|          0|
    |data_1_reg_4948                      |   32|   0|   32|          0|
    |data_2_reg_4972                      |   32|   0|   32|          0|
    |data_3_reg_5491                      |   32|   0|   32|          0|
    |data_4_reg_5530                      |   32|   0|   32|          0|
    |data_5_reg_5328                      |   32|   0|   32|          0|
    |depth_pos_reg_655                    |    3|   0|    3|          0|
    |displacements_0_load_reg_5208        |    2|   0|    2|          0|
    |displacements_1_load_reg_5213        |    2|   0|    2|          0|
    |distance_reg_5021                    |   32|   0|   32|          0|
    |empty_78_fu_354                      |  416|   0|  416|          0|
    |empty_79_reg_677                     |  416|   0|  416|          0|
    |empty_80_reg_708                     |  416|   0|  416|          0|
    |empty_81_reg_730                     |  416|   0|  416|          0|
    |empty_82_reg_742                     |  416|   0|  416|          0|
    |empty_83_reg_754                     |  416|   0|  416|          0|
    |empty_84_reg_776                     |  416|   0|  416|          0|
    |empty_86_reg_5308                    |    1|   0|    1|          0|
    |empty_89_reg_5324                    |    1|   0|    1|          0|
    |empty_90_reg_835                     |  416|   0|  416|          0|
    |empty_91_reg_858                     |  416|   0|  416|          0|
    |empty_92_reg_873                     |  416|   0|  416|          0|
    |empty_93_reg_892                     |  416|   0|  416|          0|
    |empty_94_reg_926                     |  416|   0|  416|          0|
    |empty_95_reg_5481                    |  416|   0|  416|          0|
    |empty_96_fu_362                      |   32|   0|   32|          0|
    |empty_fu_350                         |   31|   0|   31|          0|
    |icmp_ln128_1_reg_5223                |    1|   0|    1|          0|
    |icmp_ln128_reg_5218                  |    1|   0|    1|          0|
    |icmp_ln139_1_reg_5184                |    1|   0|    1|          0|
    |icmp_ln139_2_reg_5260                |    1|   0|    1|          0|
    |icmp_ln139_3_reg_5265                |    1|   0|    1|          0|
    |icmp_ln139_reg_5243                  |    1|   0|    1|          0|
    |icmp_ln151_1_reg_5300                |    1|   0|    1|          0|
    |icmp_ln151_reg_5295                  |    1|   0|    1|          0|
    |icmp_ln199_1_reg_5459                |    1|   0|    1|          0|
    |icmp_ln199_reg_5454                  |    1|   0|    1|          0|
    |icmp_ln70_1_reg_4672                 |    1|   0|    1|          0|
    |icmp_ln70_2_reg_4677                 |    1|   0|    1|          0|
    |icmp_ln85_1_reg_4868                 |    1|   0|    1|          0|
    |icmp_ln85_reg_4863                   |    1|   0|    1|          0|
    |icmp_ln86_1_reg_4841                 |    1|   0|    1|          0|
    |icmp_ln86_reg_4836                   |    1|   0|    1|          0|
    |icmp_ln87_1_reg_4883                 |    1|   0|    1|          0|
    |icmp_ln87_reg_4878                   |    1|   0|    1|          0|
    |icmp_ln88_1_reg_4858                 |    1|   0|    1|          0|
    |icmp_ln88_reg_4853                   |    1|   0|    1|          0|
    |icmp_ln93_3_reg_4943                 |    1|   0|    1|          0|
    |icmp_ln97_2_reg_4991                 |    1|   0|    1|          0|
    |icmp_ln97_3_reg_4825                 |    1|   0|    1|          0|
    |max_spillage_iter_1_fu_346           |   64|   0|   64|          0|
    |max_spillage_iter_2_reg_914          |   64|   0|   64|          0|
    |max_spillage_iter_3_reg_5486         |   64|   0|   64|          0|
    |max_spillage_iter_4_reg_949          |   64|   0|   64|          0|
    |mul9_reg_5392                        |   32|   0|   32|          0|
    |my_spillage_level_1_reg_5276         |   32|   0|   32|          0|
    |my_spillage_level_2_reg_811          |   32|   0|   32|          0|
    |my_spillage_level_reg_5286           |   32|   0|   32|          0|
    |neighbor_height_1_reg_5253           |   32|   0|   32|          0|
    |neighbor_height_2_reg_5165           |   32|   0|   32|          0|
    |new_col_1_reg_5359                   |    8|   0|    8|          0|
    |new_row_1_reg_5353                   |    7|   0|    7|          0|
    |notlhs161_reg_5314                   |    1|   0|    1|          0|
    |notrhs162_reg_5319                   |    1|   0|    1|          0|
    |or_ln70_1_reg_4664                   |    1|   0|    1|          0|
    |or_ln92_1_reg_4933                   |    1|   0|    1|          0|
    |or_ln93_1_reg_4967                   |    1|   0|    1|          0|
    |p_clouds_addr_reg_4737               |    4|   0|    4|          0|
    |p_clouds_load_1_reg_4800             |  224|   0|  224|          0|
    |p_ground_addr_reg_5142               |   13|   0|   13|          0|
    |p_ground_load_1_reg_5238             |   32|   0|   32|          0|
    |p_load131_reg_4682                   |   31|   0|   31|          0|
    |p_load134_reg_5616                   |   32|   0|   32|          0|
    |reg_1216                             |   32|   0|   32|          0|
    |reg_1224                             |   32|   0|   32|          0|
    |reg_1228                             |   32|   0|   32|          0|
    |reg_1237                             |   32|   0|   32|          0|
    |reg_1243                             |   32|   0|   32|          0|
    |reg_1249                             |   32|   0|   32|          0|
    |reg_1258                             |   32|   0|   32|          0|
    |reg_1266                             |   32|   0|   32|          0|
    |reg_1274                             |   64|   0|   64|          0|
    |reg_1281                             |   32|   0|   32|          0|
    |reg_1286                             |   32|   0|   32|          0|
    |reg_1291                             |   32|   0|   32|          0|
    |result_9_reg_5090                    |   32|   0|   32|          0|
    |row_pos_10_reg_698                   |   32|   0|   32|          0|
    |row_pos_1_fu_358                     |    6|   0|    6|          0|
    |row_pos_3_reg_765                    |    6|   0|    6|          0|
    |row_pos_5_reg_903                    |    6|   0|    6|          0|
    |row_pos_7_reg_984                    |    6|   0|    6|          0|
    |row_pos_fu_326                       |    6|   0|    6|          0|
    |select_ln85_reg_4913                 |   32|   0|   32|          0|
    |select_ln86_reg_4903                 |   32|   0|   32|          0|
    |select_ln87_reg_4918                 |   32|   0|   32|          0|
    |select_ln88_reg_4908                 |   32|   0|   32|          0|
    |select_ln98_reg_5069                 |   32|   0|   32|          0|
    |spill_acc_reg_972                    |   32|   0|   32|          0|
    |spillage_flag_addr_2_reg_5152        |   13|   0|   13|          0|
    |spillage_flag_addr_3_reg_5567        |   13|   0|   13|          0|
    |spillage_from_neigh_addr_3_reg_5378  |   15|   0|   15|          0|
    |spillage_from_neigh_load_reg_5525    |   32|   0|   32|          0|
    |spillage_level_addr_2_reg_5157       |   13|   0|   13|          0|
    |spillage_level_addr_3_reg_5572       |   13|   0|   13|          0|
    |spillage_level_load_reg_5464         |   32|   0|   32|          0|
    |sub1_reg_4846                        |   32|   0|   32|          0|
    |sum_diff_reg_823                     |   32|   0|   32|          0|
    |tmp_11_reg_4898                      |    1|   0|    1|          0|
    |tmp_13_reg_4888                      |    1|   0|    1|          0|
    |tmp_1_reg_5016                       |   64|   0|   64|          0|
    |tmp_2_reg_5064                       |   32|   0|   32|          0|
    |tmp_48_reg_4719                      |  128|   0|  128|          0|
    |tmp_4_reg_4893                       |    1|   0|    1|          0|
    |tmp_57_reg_4724                      |  160|   0|  160|          0|
    |tmp_58_reg_4641                      |   13|   0|   15|          2|
    |tmp_59_reg_4762                      |  160|   0|  160|          0|
    |tmp_6_reg_4873                       |    1|   0|    1|          0|
    |tmp_83_reg_5502                      |   13|   0|   15|          2|
    |tmp_93_reg_5577                      |   13|   0|   15|          2|
    |tmp_reg_5001                         |   64|   0|   64|          0|
    |tmp_s_reg_5006                       |   64|   0|   64|          0|
    |trunc_ln2_reg_4747                   |   32|   0|   32|          0|
    |trunc_ln3_reg_4757                   |   32|   0|   32|          0|
    |trunc_ln78_reg_4752                  |   32|   0|   32|          0|
    |trunc_ln91_reg_5028                  |  352|   0|  352|          0|
    |trunc_ln92_1_reg_4959                |   23|   0|   23|          0|
    |trunc_ln93_1_reg_4983                |   23|   0|   23|          0|
    |val_1_reg_5042                       |    6|   0|    6|          0|
    |val_2_reg_5053                       |   13|   0|   13|          0|
    |val_3_reg_5397                       |   32|   0|   32|          0|
    |val_4_reg_5496                       |   32|   0|   32|          0|
    |val_5_reg_5535                       |   32|   0|   32|          0|
    |val_reg_5079                         |   32|   0|   32|          0|
    |water_level_addr_3_reg_5085          |   13|   0|   13|          0|
    |water_level_addr_4_reg_5434          |   13|   0|   13|          0|
    |wl_2_reg_5507                        |   32|   0|   32|          0|
    |x_assign_reg_4996                    |   64|   0|   64|          0|
    |xs_exp_1_reg_4953                    |    8|   0|    8|          0|
    |xs_exp_2_reg_4977                    |    8|   0|    8|          0|
    |xs_sign_1_reg_5037                   |    1|   0|    1|          0|
    |xs_sign_2_reg_5048                   |    1|   0|    1|          0|
    |xs_sign_reg_5074                     |    1|   0|    1|          0|
    |zext_ln110_reg_5128                  |    6|   0|    7|          1|
    |zext_ln121_reg_5173                  |    7|   0|    8|          1|
    +-------------------------------------+-----+----+-----+-----------+
    |Total                                |10178|   0|10206|         28|
    +-------------------------------------+-----+----+-----+-----------+



================================================================
== Interface
================================================================
* Summary: 
+-------------------+-----+-----+------------+---------------+--------------+
|     RTL Ports     | Dir | Bits|  Protocol  | Source Object |    C Type    |
+-------------------+-----+-----+------------+---------------+--------------+
|ap_clk             |   in|    1|  ap_ctrl_hs|     do_compute|  return value|
|ap_rst             |   in|    1|  ap_ctrl_hs|     do_compute|  return value|
|ap_start           |   in|    1|  ap_ctrl_hs|     do_compute|  return value|
|ap_done            |  out|    1|  ap_ctrl_hs|     do_compute|  return value|
|ap_idle            |  out|    1|  ap_ctrl_hs|     do_compute|  return value|
|ap_ready           |  out|    1|  ap_ctrl_hs|     do_compute|  return value|
|p_ground_address0  |  out|   13|   ap_memory|       p_ground|         array|
|p_ground_ce0       |  out|    1|   ap_memory|       p_ground|         array|
|p_ground_q0        |   in|   32|   ap_memory|       p_ground|         array|
|p_threshold        |   in|   32|     ap_none|    p_threshold|       pointer|
|p_num_minutes      |   in|   32|     ap_none|  p_num_minutes|       pointer|
|p_ex_factor        |   in|   32|     ap_none|    p_ex_factor|       pointer|
|p_clouds_address0  |  out|    4|   ap_memory|       p_clouds|         array|
|p_clouds_ce0       |  out|    1|   ap_memory|       p_clouds|         array|
|p_clouds_we0       |  out|    1|   ap_memory|       p_clouds|         array|
|p_clouds_d0        |  out|  224|   ap_memory|       p_clouds|         array|
|p_clouds_q0        |   in|  224|   ap_memory|       p_clouds|         array|
|r_i                |   in|  416|     ap_ovld|              r|       pointer|
|r_o                |  out|  416|     ap_ovld|              r|       pointer|
|r_o_ap_vld         |  out|    1|     ap_ovld|              r|       pointer|
+-------------------+-----+-----+------------+---------------+--------------+

