==============================================================
Vitis HLS - High-Level Synthesis from C, C++ and OpenCL v2024.1 (64-bit)
Tool Version Limit: 2024.05
Copyright 1986-2022 Xilinx, Inc. All Rights Reserved.
Copyright 2022-2024 Advanced Micro Devices, Inc. All Rights Reserved.

==============================================================
INFO: [HLS 200-1505] Using default flow_target 'vivado'
INFO: [HLS 200-1510] Running: set_part virtexuplusHBM 
INFO: [HLS 200-1611] Setting target device to 'xcu50-fsvh2104-2-e'
INFO: [HLS 200-1510] Running: create_clock -period 250MHz 
INFO: [SYN 201-201] Setting up clock 'default' with a period of 4ns.
INFO: [HLS 200-1510] Running: csim_design -argv tiny_dam.out D 0.00001 10 50 10 30 10 70 7 5 60 26 25 1321156 
INFO: [SIM 211-2] *************** CSIM start ***************
INFO: [SIM 211-4] CSIM will launch CLANG as the compiler.
INFO: [HLS 200-2036] Building debug C Simulation binaries
INFO: [SIM 211-1] CSim done with 0 errors.
INFO: [SIM 211-3] *************** CSIM finish ***************
INFO: [HLS 200-2161] Finished Command csim_design Elapsed time: 00:00:00; Allocated memory: 1.000 MB.
INFO: [HLS 200-1510] Running: config_compile -pipeline_loops 0 
INFO: [HLS 200-1510] Running: csynth_design 
INFO: [HLS 200-111] Finished File checks and directory preparation: CPU user time: 0.1 seconds. CPU system time: 0.01 seconds. Elapsed time: 0.11 seconds; current allocated memory: 253.902 MB.
INFO: [HLS 200-10] Analyzing design file 'flood_HLS_base.cpp' ... 
WARNING: [HLS 207-5015] comparison of array 'water_level' equal to a null pointer is always false (flood_HLS_base.cpp:46:9)
WARNING: [HLS 207-5015] comparison of array 'spillage_flag' equal to a null pointer is always false (flood_HLS_base.cpp:46:34)
WARNING: [HLS 207-5015] comparison of array 'spillage_level' equal to a null pointer is always false (flood_HLS_base.cpp:46:61)
WARNING: [HLS 207-5015] comparison of array 'spillage_from_neigh' equal to a null pointer is always false (flood_HLS_base.cpp:46:89)
INFO: [HLS 200-10] Analyzing design file 'rng.cpp' ... 
INFO: [HLS 200-111] Finished Source Code Analysis and Preprocessing: CPU user time: 1.26 seconds. CPU system time: 1.07 seconds. Elapsed time: 2.49 seconds; current allocated memory: 256.457 MB.
INFO: [HLS 200-777] Using interface defaults for 'Vivado' flow target.
INFO: [HLS 200-1995] There were 69,335 instructions in the design after the 'Compile/Link' phase of compilation. See the Design Size Report for more details: /home/acce2632/acce-fpga/.tiny_dam_base_disabled/solution_FLOOD_HLS_base/syn/report/csynth_design_size.rpt
INFO: [HLS 200-1995] There were 6,331 instructions in the design after the 'Unroll/Inline (step 1)' phase of compilation. See the Design Size Report for more details: /home/acce2632/acce-fpga/.tiny_dam_base_disabled/solution_FLOOD_HLS_base/syn/report/csynth_design_size.rpt
INFO: [HLS 200-1995] There were 2,485 instructions in the design after the 'Unroll/Inline (step 2)' phase of compilation. See the Design Size Report for more details: /home/acce2632/acce-fpga/.tiny_dam_base_disabled/solution_FLOOD_HLS_base/syn/report/csynth_design_size.rpt
INFO: [HLS 200-1995] There were 2,385 instructions in the design after the 'Unroll/Inline (step 3)' phase of compilation. See the Design Size Report for more details: /home/acce2632/acce-fpga/.tiny_dam_base_disabled/solution_FLOOD_HLS_base/syn/report/csynth_design_size.rpt
INFO: [HLS 200-1995] There were 1,627 instructions in the design after the 'Unroll/Inline (step 4)' phase of compilation. See the Design Size Report for more details: /home/acce2632/acce-fpga/.tiny_dam_base_disabled/solution_FLOOD_HLS_base/syn/report/csynth_design_size.rpt
INFO: [HLS 200-1995] There were 1,626 instructions in the design after the 'Array/Struct (step 1)' phase of compilation. See the Design Size Report for more details: /home/acce2632/acce-fpga/.tiny_dam_base_disabled/solution_FLOOD_HLS_base/syn/report/csynth_design_size.rpt
INFO: [HLS 200-1995] There were 1,626 instructions in the design after the 'Array/Struct (step 2)' phase of compilation. See the Design Size Report for more details: /home/acce2632/acce-fpga/.tiny_dam_base_disabled/solution_FLOOD_HLS_base/syn/report/csynth_design_size.rpt
INFO: [HLS 200-1995] There were 1,728 instructions in the design after the 'Array/Struct (step 3)' phase of compilation. See the Design Size Report for more details: /home/acce2632/acce-fpga/.tiny_dam_base_disabled/solution_FLOOD_HLS_base/syn/report/csynth_design_size.rpt
INFO: [HLS 200-1995] There were 1,741 instructions in the design after the 'Array/Struct (step 4)' phase of compilation. See the Design Size Report for more details: /home/acce2632/acce-fpga/.tiny_dam_base_disabled/solution_FLOOD_HLS_base/syn/report/csynth_design_size.rpt
INFO: [HLS 200-1995] There were 1,749 instructions in the design after the 'Array/Struct (step 5)' phase of compilation. See the Design Size Report for more details: /home/acce2632/acce-fpga/.tiny_dam_base_disabled/solution_FLOOD_HLS_base/syn/report/csynth_design_size.rpt
INFO: [HLS 200-1995] There were 1,623 instructions in the design after the 'Performance (step 1)' phase of compilation. See the Design Size Report for more details: /home/acce2632/acce-fpga/.tiny_dam_base_disabled/solution_FLOOD_HLS_base/syn/report/csynth_design_size.rpt
INFO: [HLS 200-1995] There were 1,604 instructions in the design after the 'Performance (step 2)' phase of compilation. See the Design Size Report for more details: /home/acce2632/acce-fpga/.tiny_dam_base_disabled/solution_FLOOD_HLS_base/syn/report/csynth_design_size.rpt
INFO: [HLS 200-1995] There were 1,603 instructions in the design after the 'Performance (step 3)' phase of compilation. See the Design Size Report for more details: /home/acce2632/acce-fpga/.tiny_dam_base_disabled/solution_FLOOD_HLS_base/syn/report/csynth_design_size.rpt
INFO: [HLS 200-1995] There were 1,603 instructions in the design after the 'Performance (step 4)' phase of compilation. See the Design Size Report for more details: /home/acce2632/acce-fpga/.tiny_dam_base_disabled/solution_FLOOD_HLS_base/syn/report/csynth_design_size.rpt
INFO: [HLS 200-1995] There were 1,620 instructions in the design after the 'HW Transforms (step 1)' phase of compilation. See the Design Size Report for more details: /home/acce2632/acce-fpga/.tiny_dam_base_disabled/solution_FLOOD_HLS_base/syn/report/csynth_design_size.rpt
INFO: [HLS 200-1995] There were 1,634 instructions in the design after the 'HW Transforms (step 2)' phase of compilation. See the Design Size Report for more details: /home/acce2632/acce-fpga/.tiny_dam_base_disabled/solution_FLOOD_HLS_base/syn/report/csynth_design_size.rpt
INFO: [HLS 214-210] Disaggregating variable 'p'
INFO: [HLS 214-178] Inlining function 'fp_struct<double>::fp_struct(double)' into 'int generic_isinf<double>(double)' (/wrk/ci/prod/2024.1/hls_product/continuous/545/2024.1/src/shared/hls/clib/hlsmath/include/FloatingPoint/hls_isinf.h:16:0)
INFO: [HLS 214-178] Inlining function 'fp_struct<double>::fp_struct(double)' into 'int generic_isnan<double>(double)' (/wrk/ci/prod/2024.1/hls_product/continuous/545/2024.1/src/shared/hls/clib/hlsmath/include/FloatingPoint/hls_isnan.h:16:0)
INFO: [HLS 214-178] Inlining function 'fp_struct<double>::data() const (.110.120.130.163)' into 'fp_struct<double>::to_double() const (.107.117.127.160)' (/wrk/ci/prod/2024.1/hls_product/continuous/545/2024.1/src/shared/hls/clib/src/hls/utils/x_hls_utils.h:494:0)
INFO: [HLS 214-178] Inlining function 'fp_struct<double>::to_double() const (.107.117.127.160)' into 'fp_struct<double>::to_ieee() const' (/wrk/ci/prod/2024.1/hls_product/continuous/545/2024.1/src/shared/hls/clib/src/hls/utils/x_hls_utils.h:509:0)
INFO: [HLS 214-178] Inlining function 'void pow_reduce::log_range_reduce<ap_fixed<121, 12, (ap_q_mode)5, (ap_o_mode)3, 0>, 4, 4, 71, 73>(ap_ufixed<71, -(4), (ap_q_mode)5, (ap_o_mode)3, 0>, ap_fixed<121, 12, (ap_q_mode)5, (ap_o_mode)3, 0>&, ap_ufixed<73, -(((4) + (4)) - (1)), (ap_q_mode)5, (ap_o_mode)3, 0>&)' into 'ap_ufixed<72, -37, (ap_q_mode)5, (ap_o_mode)3, 0> pow_reduce::pow_traits<double>::log_range_reduction<71>(ap_ufixed<71, -4, (ap_q_mode)5, (ap_o_mode)3, 0>, ap_fixed<121, 12, (ap_q_mode)5, (ap_o_mode)3, 0>&)' (/wrk/ci/prod/2024.1/hls_product/continuous/545/2024.1/src/shared/hls/clib/hlsmath/include/FloatingPoint/hls_pow.h:186:0)
INFO: [HLS 214-178] Inlining function 'void pow_reduce::log_range_reduce<ap_fixed<121, 12, (ap_q_mode)5, (ap_o_mode)3, 0>, 7, 6, 73, 83>(ap_ufixed<73, -(7), (ap_q_mode)5, (ap_o_mode)3, 0>, ap_fixed<121, 12, (ap_q_mode)5, (ap_o_mode)3, 0>&, ap_ufixed<83, -(((7) + (6)) - (1)), (ap_q_mode)5, (ap_o_mode)3, 0>&)' into 'ap_ufixed<72, -37, (ap_q_mode)5, (ap_o_mode)3, 0> pow_reduce::pow_traits<double>::log_range_reduction<71>(ap_ufixed<71, -4, (ap_q_mode)5, (ap_o_mode)3, 0>, ap_fixed<121, 12, (ap_q_mode)5, (ap_o_mode)3, 0>&)' (/wrk/ci/prod/2024.1/hls_product/continuous/545/2024.1/src/shared/hls/clib/hlsmath/include/FloatingPoint/hls_pow.h:186:0)
INFO: [HLS 214-178] Inlining function 'void pow_reduce::log_range_reduce<ap_fixed<121, 12, (ap_q_mode)5, (ap_o_mode)3, 0>, 12, 6, 83, 92>(ap_ufixed<83, -(12), (ap_q_mode)5, (ap_o_mode)3, 0>, ap_fixed<121, 12, (ap_q_mode)5, (ap_o_mode)3, 0>&, ap_ufixed<92, -(((12) + (6)) - (1)), (ap_q_mode)5, (ap_o_mode)3, 0>&)' into 'ap_ufixed<72, -37, (ap_q_mode)5, (ap_o_mode)3, 0> pow_reduce::pow_traits<double>::log_range_reduction<71>(ap_ufixed<71, -4, (ap_q_mode)5, (ap_o_mode)3, 0>, ap_fixed<121, 12, (ap_q_mode)5, (ap_o_mode)3, 0>&)' (/wrk/ci/prod/2024.1/hls_product/continuous/545/2024.1/src/shared/hls/clib/hlsmath/include/FloatingPoint/hls_pow.h:186:0)
INFO: [HLS 214-178] Inlining function 'void pow_reduce::log_range_reduce<ap_fixed<121, 12, (ap_q_mode)5, (ap_o_mode)3, 0>, 17, 6, 92, 87>(ap_ufixed<92, -(17), (ap_q_mode)5, (ap_o_mode)3, 0>, ap_fixed<121, 12, (ap_q_mode)5, (ap_o_mode)3, 0>&, ap_ufixed<87, -(((17) + (6)) - (1)), (ap_q_mode)5, (ap_o_mode)3, 0>&)' into 'ap_ufixed<72, -37, (ap_q_mode)5, (ap_o_mode)3, 0> pow_reduce::pow_traits<double>::log_range_reduction<71>(ap_ufixed<71, -4, (ap_q_mode)5, (ap_o_mode)3, 0>, ap_fixed<121, 12, (ap_q_mode)5, (ap_o_mode)3, 0>&)' (/wrk/ci/prod/2024.1/hls_product/continuous/545/2024.1/src/shared/hls/clib/hlsmath/include/FloatingPoint/hls_pow.h:186:0)
INFO: [HLS 214-178] Inlining function 'void pow_reduce::log_range_reduce<ap_fixed<121, 12, (ap_q_mode)5, (ap_o_mode)3, 0>, 22, 6, 87, 82>(ap_ufixed<87, -(22), (ap_q_mode)5, (ap_o_mode)3, 0>, ap_fixed<121, 12, (ap_q_mode)5, (ap_o_mode)3, 0>&, ap_ufixed<82, -(((22) + (6)) - (1)), (ap_q_mode)5, (ap_o_mode)3, 0>&)' into 'ap_ufixed<72, -37, (ap_q_mode)5, (ap_o_mode)3, 0> pow_reduce::pow_traits<double>::log_range_reduction<71>(ap_ufixed<71, -4, (ap_q_mode)5, (ap_o_mode)3, 0>, ap_fixed<121, 12, (ap_q_mode)5, (ap_o_mode)3, 0>&)' (/wrk/ci/prod/2024.1/hls_product/continuous/545/2024.1/src/shared/hls/clib/hlsmath/include/FloatingPoint/hls_pow.h:186:0)
INFO: [HLS 214-178] Inlining function 'void pow_reduce::log_range_reduce<ap_fixed<121, 12, (ap_q_mode)5, (ap_o_mode)3, 0>, 27, 6, 82, 77>(ap_ufixed<82, -(27), (ap_q_mode)5, (ap_o_mode)3, 0>, ap_fixed<121, 12, (ap_q_mode)5, (ap_o_mode)3, 0>&, ap_ufixed<77, -(((27) + (6)) - (1)), (ap_q_mode)5, (ap_o_mode)3, 0>&)' into 'ap_ufixed<72, -37, (ap_q_mode)5, (ap_o_mode)3, 0> pow_reduce::pow_traits<double>::log_range_reduction<71>(ap_ufixed<71, -4, (ap_q_mode)5, (ap_o_mode)3, 0>, ap_fixed<121, 12, (ap_q_mode)5, (ap_o_mode)3, 0>&)' (/wrk/ci/prod/2024.1/hls_product/continuous/545/2024.1/src/shared/hls/clib/hlsmath/include/FloatingPoint/hls_pow.h:186:0)
INFO: [HLS 214-178] Inlining function 'void pow_reduce::log_range_reduce<ap_fixed<121, 12, (ap_q_mode)5, (ap_o_mode)3, 0>, 32, 6, 77, 72>(ap_ufixed<77, -(32), (ap_q_mode)5, (ap_o_mode)3, 0>, ap_fixed<121, 12, (ap_q_mode)5, (ap_o_mode)3, 0>&, ap_ufixed<72, -(((32) + (6)) - (1)), (ap_q_mode)5, (ap_o_mode)3, 0>&)' into 'ap_ufixed<72, -37, (ap_q_mode)5, (ap_o_mode)3, 0> pow_reduce::pow_traits<double>::log_range_reduction<71>(ap_ufixed<71, -4, (ap_q_mode)5, (ap_o_mode)3, 0>, ap_fixed<121, 12, (ap_q_mode)5, (ap_o_mode)3, 0>&)' (/wrk/ci/prod/2024.1/hls_product/continuous/545/2024.1/src/shared/hls/clib/hlsmath/include/FloatingPoint/hls_pow.h:186:0)
INFO: [HLS 214-178] Inlining function 'fp_struct<double>::fp_struct(double)' into 'double pow_reduce::pow_generic<double>(double, double)' (/wrk/ci/prod/2024.1/hls_product/continuous/545/2024.1/src/shared/hls/clib/hlsmath/include/FloatingPoint/hls_pow.h:292:0)
INFO: [HLS 214-178] Inlining function 'fp_struct<double>::expv() const' into 'double pow_reduce::pow_generic<double>(double, double)' (/wrk/ci/prod/2024.1/hls_product/continuous/545/2024.1/src/shared/hls/clib/hlsmath/include/FloatingPoint/hls_pow.h:292:0)
INFO: [HLS 214-178] Inlining function 'int generic_isinf<double>(double)' into 'double pow_reduce::pow_generic<double>(double, double)' (/wrk/ci/prod/2024.1/hls_product/continuous/545/2024.1/src/shared/hls/clib/hlsmath/include/FloatingPoint/hls_pow.h:292:0)
INFO: [HLS 214-178] Inlining function 'int generic_isnan<double>(double)' into 'double pow_reduce::pow_generic<double>(double, double)' (/wrk/ci/prod/2024.1/hls_product/continuous/545/2024.1/src/shared/hls/clib/hlsmath/include/FloatingPoint/hls_pow.h:292:0)
INFO: [HLS 214-178] Inlining function 'pow_reduce::pow_traits<double>::exp_Z1P_m_1(ap_ufixed<51, -8, (ap_q_mode)5, (ap_o_mode)3, 0>)' into 'double pow_reduce::pow_generic<double>(double, double)' (/wrk/ci/prod/2024.1/hls_product/continuous/545/2024.1/src/shared/hls/clib/hlsmath/include/FloatingPoint/hls_pow.h:292:0)
INFO: [HLS 214-178] Inlining function 'pow' into '__gnu_cxx::__promote_2<float, int, __gnu_cxx::__promote<float, std::__is_integer<float>::__value>::__type, __gnu_cxx::__promote<int, std::__is_integer<int>::__value>::__type>::__type std::pow<float, int>(float, int)' (/cm/shared/package/vivado/Vitis_HLS/2024.1/tps/lnx64/gcc-8.3.0/lib/gcc/x86_64-pc-linux-gnu/8.3.0/../../../../include/c++/8.3.0/cmath:416:0)
INFO: [HLS 214-178] Inlining function 'fp_struct<float>::fp_struct(float)' into 'int generic_cast_IEEE754<int, (ap_q_mode)6, float>(float, bool, hls::enable_if<std::numeric_limits<int>::is_signed, bool>::type)' (/wrk/ci/prod/2024.1/hls_product/continuous/545/2024.1/src/shared/hls/clib/hlsmath/include/FloatingPoint/hls_case_IEEE754.h:12:0)
INFO: [HLS 214-178] Inlining function 'fp_struct<float>::mantissa() const' into 'int generic_cast_IEEE754<int, (ap_q_mode)6, float>(float, bool, hls::enable_if<std::numeric_limits<int>::is_signed, bool>::type)' (/wrk/ci/prod/2024.1/hls_product/continuous/545/2024.1/src/shared/hls/clib/hlsmath/include/FloatingPoint/hls_case_IEEE754.h:12:0)
INFO: [HLS 214-178] Inlining function 'fp_struct<float>::expv() const' into 'int generic_cast_IEEE754<int, (ap_q_mode)6, float>(float, bool, hls::enable_if<std::numeric_limits<int>::is_signed, bool>::type)' (/wrk/ci/prod/2024.1/hls_product/continuous/545/2024.1/src/shared/hls/clib/hlsmath/include/FloatingPoint/hls_case_IEEE754.h:12:0)
INFO: [HLS 214-178] Inlining function 'fp_struct<float>::__signbit() const' into 'int generic_cast_IEEE754<int, (ap_q_mode)6, float>(float, bool, hls::enable_if<std::numeric_limits<int>::is_signed, bool>::type)' (/wrk/ci/prod/2024.1/hls_product/continuous/545/2024.1/src/shared/hls/clib/hlsmath/include/FloatingPoint/hls_case_IEEE754.h:12:0)
INFO: [HLS 214-178] Inlining function 'int generic_cast_IEEE754<int, (ap_q_mode)6, float>(float, bool, hls::enable_if<std::numeric_limits<int>::is_signed, bool>::type)' into 'int generic_cast_IEEE754<int, float>(float, bool)' (/wrk/ci/prod/2024.1/hls_product/continuous/545/2024.1/src/shared/hls/clib/hlsmath/include/FloatingPoint/hls_case_IEEE754.h:116:0)
INFO: [HLS 214-178] Inlining function 'int generic_cast_IEEE754<int, float>(float, bool)' into '__hls_fptosi_float_i32' (/wrk/ci/prod/2024.1/hls_product/continuous/545/2024.1/src/shared/hls/clib/hlsmath/src/lib_floatconversion.cpp:51:0)
INFO: [HLS 214-241] Aggregating scalar variable 'r' with compact=bit mode in 416-bits (flood_HLS_base.cpp:25:0)
INFO: [HLS 214-241] Aggregating bram variable 'p_clouds' with compact=bit mode in 224-bits
INFO: [HLS 200-111] Finished Compiling Optimization and Transform: CPU user time: 5.07 seconds. CPU system time: 0.74 seconds. Elapsed time: 8.7 seconds; current allocated memory: 266.426 MB.
INFO: [HLS 200-111] Finished Checking Pragmas: CPU user time: 0 seconds. CPU system time: 0 seconds. Elapsed time: 0 seconds; current allocated memory: 266.426 MB.
INFO: [HLS 200-10] Starting code transformations ...
INFO: [HLS 200-111] Finished Standard Transforms: CPU user time: 0.08 seconds. CPU system time: 0.01 seconds. Elapsed time: 0.09 seconds; current allocated memory: 271.172 MB.
INFO: [HLS 200-10] Checking synthesizability ...
INFO: [XFORM 203-602] Inlining function 'fp_struct<double>::to_ieee' into 'pow_reduce::pow_generic<double>' (/wrk/ci/prod/2024.1/hls_product/continuous/545/2024.1/src/shared/hls/clib/hlsmath/include/FloatingPoint/hls_pow.h:383) automatically.
INFO: [XFORM 203-602] Inlining function 'pow_reduce::pow_traits<double>::log_range_reduction<71>' into 'pow_reduce::pow_generic<double>' (/wrk/ci/prod/2024.1/hls_product/continuous/545/2024.1/src/shared/hls/clib/hlsmath/include/FloatingPoint/hls_pow.h:519) automatically.
INFO: [XFORM 203-602] Inlining function '__hls_fptosi_float_i32' into 'do_compute' (flood_HLS_base.cpp:101) automatically.
INFO: [HLS 200-111] Finished Checking Synthesizability: CPU user time: 0.11 seconds. CPU system time: 0 seconds. Elapsed time: 0.13 seconds; current allocated memory: 277.004 MB.
INFO: [XFORM 203-102] Partitioning array 'displacements' in dimension 1 automatically.
INFO: [XFORM 203-602] Inlining function 'fp_struct<double>::to_ieee' into 'pow_reduce::pow_generic<double>' (/wrk/ci/prod/2024.1/hls_product/continuous/545/2024.1/src/shared/hls/clib/hlsmath/include/FloatingPoint/hls_pow.h:383) automatically.
INFO: [XFORM 203-602] Inlining function 'pow_reduce::pow_traits<double>::log_range_reduction<71>' into 'pow_reduce::pow_generic<double>' (/wrk/ci/prod/2024.1/hls_product/continuous/545/2024.1/src/shared/hls/clib/hlsmath/include/FloatingPoint/hls_pow.h:519) automatically.
INFO: [XFORM 203-602] Inlining function '__hls_fptosi_float_i32' into 'do_compute' (flood_HLS_base.cpp:101) automatically.
INFO: [XFORM 203-401] Performing if-conversion on hyperblock to (/wrk/ci/prod/2024.1/hls_product/continuous/545/2024.1/src/shared/hls/clib/hlsmath/include/FloatingPoint/hls_pow.h:661:3) in function 'pow_reduce::pow_generic<double>'... converting 9 basic blocks.
INFO: [XFORM 203-401] Performing if-conversion on hyperblock from (flood_HLS_base.cpp:112:27) to (flood_HLS_base.cpp:121:40) in function 'do_compute'... converting 5 basic blocks.
INFO: [XFORM 203-401] Performing if-conversion on hyperblock from (flood_HLS_base.cpp:52:18) to (flood_HLS_base.cpp:221:17) in function 'do_compute'... converting 4 basic blocks.
INFO: [XFORM 203-11] Balancing expressions in function 'pow_reduce::pow_generic<double>' (/wrk/ci/prod/2024.1/hls_product/continuous/545/2024.1/src/shared/hls/clib/hlsmath/include/FloatingPoint/hls_pow.h:18:3)...7 expression(s) balanced.
INFO: [XFORM 203-11] Balancing expressions in function 'do_compute' (flood_HLS_base.cpp:7:37)...3 expression(s) balanced.
INFO: [HLS 200-111] Finished Loop, function and other optimizations: CPU user time: 0.43 seconds. CPU system time: 0.02 seconds. Elapsed time: 0.47 seconds; current allocated memory: 307.543 MB.
INFO: [HLS 200-111] Finished Architecture Synthesis: CPU user time: 0.4 seconds. CPU system time: 0.01 seconds. Elapsed time: 0.42 seconds; current allocated memory: 323.414 MB.
INFO: [HLS 200-10] Starting hardware synthesis ...
INFO: [HLS 200-10] Synthesizing 'do_compute' ...
WARNING: [SYN 201-103] Legalizing function name 'pow_generic<double>' to 'pow_generic_double_s'.
INFO: [HLS 200-10] ----------------------------------------------------------------
INFO: [HLS 200-42] -- Implementing module 'pow_generic_double_s' 
INFO: [HLS 200-10] ----------------------------------------------------------------
INFO: [SCHED 204-11] Starting scheduling ...
INFO: [HLS 200-486] Changing DSP latency (root=add_ln563) to 3 in order to utilize available DSP registers.
INFO: [SCHED 204-61] Pipelining function 'pow_generic<double>'.
INFO: [HLS 200-1470] Pipelining result : Target II = NA, Final II = 1, Depth = 73, function 'pow_generic<double>'
INFO: [SCHED 204-11] Finished scheduling.
INFO: [HLS 200-111] Finished Scheduling: CPU user time: 0.41 seconds. CPU system time: 0.01 seconds. Elapsed time: 0.45 seconds; current allocated memory: 323.414 MB.
INFO: [BIND 205-100] Starting micro-architecture generation ...
INFO: [BIND 205-101] Performing variable lifetime analysis.
INFO: [BIND 205-101] Exploring resource sharing.
INFO: [BIND 205-101] Binding ...
INFO: [BIND 205-100] Finished micro-architecture generation.
INFO: [HLS 200-111] Finished Binding: CPU user time: 0.06 seconds. CPU system time: 0.01 seconds. Elapsed time: 0.08 seconds; current allocated memory: 323.414 MB.
INFO: [HLS 200-10] ----------------------------------------------------------------
INFO: [HLS 200-42] -- Implementing module 'do_compute' 
INFO: [HLS 200-10] ----------------------------------------------------------------
INFO: [SCHED 204-11] Starting scheduling ...
INFO: [HLS 200-486] Changing DSP latency (root=add_ln101_1) to 3 in order to utilize available DSP registers.
INFO: [HLS 200-486] Changing DSP latency (root=add_ln134) to 3 in order to utilize available DSP registers.
INFO: [HLS 200-486] Changing DSP latency (root=add_ln173) to 3 in order to utilize available DSP registers.
INFO: [SCHED 204-11] Finished scheduling.
INFO: [HLS 200-111] Finished Scheduling: CPU user time: 0.61 seconds. CPU system time: 0 seconds. Elapsed time: 0.63 seconds; current allocated memory: 329.984 MB.
INFO: [BIND 205-100] Starting micro-architecture generation ...
INFO: [BIND 205-101] Performing variable lifetime analysis.
INFO: [BIND 205-101] Exploring resource sharing.
INFO: [BIND 205-101] Binding ...
INFO: [BIND 205-100] Finished micro-architecture generation.
INFO: [HLS 200-111] Finished Binding: CPU user time: 0.28 seconds. CPU system time: 0.01 seconds. Elapsed time: 0.39 seconds; current allocated memory: 329.984 MB.
INFO: [HLS 200-10] ----------------------------------------------------------------
INFO: [HLS 200-10] -- Generating RTL for module 'pow_generic_double_s' 
INFO: [HLS 200-10] ----------------------------------------------------------------
INFO: [SYN 201-210] Renamed object name 'pow_generic_double_s_pow_reduce_anonymous_namespace_log_inverse_lut_table_pow_0_5_64_array_ROM_AUTO_1R' to 'pow_generic_double_s_pow_reduce_anonymous_namespace_log_inverse_lut_table_powbkb' due to the length limit 80
INFO: [SYN 201-210] Renamed object name 'pow_generic_double_s_pow_reduce_anonymous_namespace_log0_lut_table_array_ROM_AUTO_1R' to 'pow_generic_double_s_pow_reduce_anonymous_namespace_log0_lut_table_array_ROM_cud' due to the length limit 80
INFO: [SYN 201-210] Renamed object name 'pow_generic_double_s_pow_reduce_anonymous_namespace_log_lut_table_ap_fixed_4_4_16_array_ROM_AUTO_1R' to 'pow_generic_double_s_pow_reduce_anonymous_namespace_log_lut_table_ap_fixed_4_dEe' due to the length limit 80
INFO: [SYN 201-210] Renamed object name 'pow_generic_double_s_pow_reduce_anonymous_namespace_log_lut_table_ap_fixed_7_6_64_array_ROM_AUTO_1R' to 'pow_generic_double_s_pow_reduce_anonymous_namespace_log_lut_table_ap_fixed_7_eOg' due to the length limit 80
INFO: [SYN 201-210] Renamed object name 'pow_generic_double_s_pow_reduce_anonymous_namespace_log_lut_table_ap_fixed_12_6_64_array_ROM_AUTO_1R' to 'pow_generic_double_s_pow_reduce_anonymous_namespace_log_lut_table_ap_fixed_12fYi' due to the length limit 80
INFO: [SYN 201-210] Renamed object name 'pow_generic_double_s_pow_reduce_anonymous_namespace_log_lut_table_ap_fixed_17_6_64_array_ROM_AUTO_1R' to 'pow_generic_double_s_pow_reduce_anonymous_namespace_log_lut_table_ap_fixed_17g8j' due to the length limit 80
INFO: [SYN 201-210] Renamed object name 'pow_generic_double_s_pow_reduce_anonymous_namespace_log_lut_table_ap_fixed_22_6_64_array_ROM_AUTO_1R' to 'pow_generic_double_s_pow_reduce_anonymous_namespace_log_lut_table_ap_fixed_22hbi' due to the length limit 80
INFO: [SYN 201-210] Renamed object name 'pow_generic_double_s_pow_reduce_anonymous_namespace_log_lut_table_ap_fixed_27_6_64_array_ROM_AUTO_1R' to 'pow_generic_double_s_pow_reduce_anonymous_namespace_log_lut_table_ap_fixed_27ibs' due to the length limit 80
INFO: [SYN 201-210] Renamed object name 'pow_generic_double_s_pow_reduce_anonymous_namespace_log_lut_table_ap_fixed_32_6_64_array_ROM_AUTO_1R' to 'pow_generic_double_s_pow_reduce_anonymous_namespace_log_lut_table_ap_fixed_32jbC' due to the length limit 80
INFO: [SYN 201-210] Renamed object name 'pow_generic_double_s_pow_reduce_anonymous_namespace_table_exp_Z1_ap_ufixed_array_ROM_AUTO_1R' to 'pow_generic_double_s_pow_reduce_anonymous_namespace_table_exp_Z1_ap_ufixed_arkbM' due to the length limit 80
INFO: [SYN 201-210] Renamed object name 'pow_generic_double_s_pow_reduce_anonymous_namespace_table_f_Z3_ap_ufixed_array_ROM_AUTO_1R' to 'pow_generic_double_s_pow_reduce_anonymous_namespace_table_f_Z3_ap_ufixed_arralbW' due to the length limit 80
INFO: [SYN 201-210] Renamed object name 'pow_generic_double_s_pow_reduce_anonymous_namespace_table_f_Z2_ap_ufixed_array_ROM_AUTO_1R' to 'pow_generic_double_s_pow_reduce_anonymous_namespace_table_f_Z2_ap_ufixed_arramb6' due to the length limit 80
INFO: [RTGEN 206-104] Estimated max fanout for 'pow_generic_double_s' is 15107 from HDL expression: (1'b0 == ap_block_pp0_stage0_11001)
INFO: [RTGEN 206-100] Generating core module 'mac_muladd_16s_15ns_19s_31_4_1': 1 instance(s).
INFO: [RTGEN 206-100] Generating core module 'mul_12s_80ns_90_5_1': 1 instance(s).
INFO: [RTGEN 206-100] Generating core module 'mul_13s_71s_71_5_1': 1 instance(s).
INFO: [RTGEN 206-100] Generating core module 'mul_40ns_40ns_80_2_1': 1 instance(s).
INFO: [RTGEN 206-100] Generating core module 'mul_43ns_36ns_79_2_1': 1 instance(s).
INFO: [RTGEN 206-100] Generating core module 'mul_49ns_44ns_93_3_1': 1 instance(s).
INFO: [RTGEN 206-100] Generating core module 'mul_50ns_50ns_100_3_1': 1 instance(s).
INFO: [RTGEN 206-100] Generating core module 'mul_54s_6ns_54_3_1': 1 instance(s).
INFO: [RTGEN 206-100] Generating core module 'mul_71ns_4ns_75_5_1': 1 instance(s).
INFO: [RTGEN 206-100] Generating core module 'mul_73ns_6ns_79_5_1': 1 instance(s).
INFO: [RTGEN 206-100] Generating core module 'mul_77ns_6ns_83_5_1': 1 instance(s).
INFO: [RTGEN 206-100] Generating core module 'mul_82ns_6ns_88_5_1': 1 instance(s).
INFO: [RTGEN 206-100] Generating core module 'mul_83ns_6ns_89_5_1': 1 instance(s).
INFO: [RTGEN 206-100] Generating core module 'mul_87ns_6ns_93_5_1': 1 instance(s).
INFO: [RTGEN 206-100] Generating core module 'mul_92ns_6ns_98_5_1': 1 instance(s).
INFO: [RTGEN 206-100] Generating core module 'sparsemux_9_3_64_1_1': 1 instance(s).
INFO: [RTGEN 206-100] Finished creating RTL model for 'pow_generic_double_s'.
INFO: [RTMG 210-279] Implementing memory 'do_compute_pow_generic_double_s_pow_reduce_anonymous_namespace_log_inverse_lut_table_powbkb' using auto ROMs.
INFO: [RTMG 210-279] Implementing memory 'do_compute_pow_generic_double_s_pow_reduce_anonymous_namespace_log0_lut_table_array_ROM_cud' using auto ROMs.
INFO: [RTMG 210-279] Implementing memory 'do_compute_pow_generic_double_s_pow_reduce_anonymous_namespace_log_lut_table_ap_fixed_4_dEe' using auto ROMs.
INFO: [RTMG 210-279] Implementing memory 'do_compute_pow_generic_double_s_pow_reduce_anonymous_namespace_log_lut_table_ap_fixed_7_eOg' using auto ROMs.
INFO: [RTMG 210-279] Implementing memory 'do_compute_pow_generic_double_s_pow_reduce_anonymous_namespace_log_lut_table_ap_fixed_12fYi' using auto ROMs.
INFO: [RTMG 210-279] Implementing memory 'do_compute_pow_generic_double_s_pow_reduce_anonymous_namespace_log_lut_table_ap_fixed_17g8j' using auto ROMs.
INFO: [RTMG 210-279] Implementing memory 'do_compute_pow_generic_double_s_pow_reduce_anonymous_namespace_log_lut_table_ap_fixed_22hbi' using auto ROMs.
INFO: [RTMG 210-279] Implementing memory 'do_compute_pow_generic_double_s_pow_reduce_anonymous_namespace_log_lut_table_ap_fixed_27ibs' using auto ROMs.
INFO: [RTMG 210-279] Implementing memory 'do_compute_pow_generic_double_s_pow_reduce_anonymous_namespace_log_lut_table_ap_fixed_32jbC' using auto ROMs.
INFO: [RTMG 210-279] Implementing memory 'do_compute_pow_generic_double_s_pow_reduce_anonymous_namespace_table_exp_Z1_ap_ufixed_arkbM' using auto ROMs.
INFO: [RTMG 210-279] Implementing memory 'do_compute_pow_generic_double_s_pow_reduce_anonymous_namespace_table_f_Z3_ap_ufixed_arralbW' using auto ROMs.
INFO: [RTMG 210-279] Implementing memory 'do_compute_pow_generic_double_s_pow_reduce_anonymous_namespace_table_f_Z2_ap_ufixed_arramb6' using auto ROMs.
INFO: [HLS 200-111] Finished Creating RTL model: CPU user time: 0.31 seconds. CPU system time: 0.02 seconds. Elapsed time: 0.42 seconds; current allocated memory: 333.465 MB.
INFO: [HLS 200-10] ----------------------------------------------------------------
INFO: [HLS 200-10] -- Generating RTL for module 'do_compute' 
INFO: [HLS 200-10] ----------------------------------------------------------------
INFO: [RTGEN 206-500] Setting interface mode on port 'do_compute/p_ground' to 'ap_memory'.
INFO: [RTGEN 206-500] Setting interface mode on port 'do_compute/p_threshold' to 'ap_none'.
INFO: [RTGEN 206-500] Setting interface mode on port 'do_compute/p_num_minutes' to 'ap_none'.
INFO: [RTGEN 206-500] Setting interface mode on port 'do_compute/p_ex_factor' to 'ap_none'.
INFO: [RTGEN 206-500] Setting interface mode on port 'do_compute/p_clouds' to 'ap_memory'.
INFO: [RTGEN 206-500] Setting interface mode on port 'do_compute/r' to 'ap_ovld'.
INFO: [RTGEN 206-500] Setting interface mode on function 'do_compute' to 'ap_ctrl_hs'.
INFO: [RTGEN 206-100] Generating core module 'dadd_64ns_64ns_64_5_full_dsp_1': 1 instance(s).
INFO: [RTGEN 206-100] Generating core module 'dcmp_64ns_64ns_1_2_no_dsp_1': 2 instance(s).
INFO: [RTGEN 206-100] Generating core module 'dsqrt_64ns_64ns_64_21_no_dsp_1': 1 instance(s).
INFO: [RTGEN 206-100] Generating core module 'faddfsub_32ns_32ns_32_7_full_dsp_1': 2 instance(s).
INFO: [RTGEN 206-100] Generating core module 'fcmp_32ns_32ns_1_2_no_dsp_1': 2 instance(s).
INFO: [RTGEN 206-100] Generating core module 'fdiv_32ns_32ns_32_12_no_dsp_1': 2 instance(s).
INFO: [RTGEN 206-100] Generating core module 'fmul_32ns_32ns_32_4_max_dsp_1': 2 instance(s).
INFO: [RTGEN 206-100] Generating core module 'fpext_32ns_64_2_no_dsp_1': 2 instance(s).
INFO: [RTGEN 206-100] Generating core module 'fptrunc_64ns_32_2_no_dsp_1': 1 instance(s).
INFO: [RTGEN 206-100] Generating core module 'fsqrt_32ns_32ns_32_12_no_dsp_1': 1 instance(s).
INFO: [RTGEN 206-100] Generating core module 'mac_muladd_6ns_6ns_12ns_12_4_1': 1 instance(s).
INFO: [RTGEN 206-100] Generating core module 'mac_muladd_6ns_6ns_6ns_12_4_1': 1 instance(s).
INFO: [RTGEN 206-100] Generating core module 'mac_muladd_6ns_6ns_7s_12_4_1': 1 instance(s).
INFO: [RTGEN 206-100] Generating core module 'sitofp_32ns_32_4_no_dsp_1': 1 instance(s).
INFO: [RTGEN 206-100] Finished creating RTL model for 'do_compute'.
INFO: [RTMG 210-279] Implementing memory 'do_compute_displacements_0_ROM_AUTO_1R' using auto ROMs.
INFO: [RTMG 210-279] Implementing memory 'do_compute_displacements_1_ROM_AUTO_1R' using auto ROMs.
INFO: [RTMG 210-278] Implementing memory 'do_compute_water_level_RAM_AUTO_1R1W' using auto RAMs.
INFO: [RTMG 210-278] Implementing memory 'do_compute_spillage_from_neigh_RAM_AUTO_1R1W' using auto RAMs.
INFO: [HLS 200-111] Finished Creating RTL model: CPU user time: 0.47 seconds. CPU system time: 0.03 seconds. Elapsed time: 0.59 seconds; current allocated memory: 350.027 MB.
INFO: [HLS 200-111] Finished Generating all RTL models: CPU user time: 0.67 seconds. CPU system time: 0.1 seconds. Elapsed time: 1.12 seconds; current allocated memory: 367.090 MB.
INFO: [HLS 200-111] Finished Updating report files: CPU user time: 0.62 seconds. CPU system time: 0.05 seconds. Elapsed time: 0.73 seconds; current allocated memory: 376.992 MB.
INFO: [VHDL 208-304] Generating VHDL RTL for do_compute.
INFO: [VLOG 209-307] Generating Verilog RTL for do_compute.
INFO: [HLS 200-790] **** Loop Constraint Status: All loop constraints were satisfied.
INFO: [HLS 200-789] **** Estimated Fmax: 342.99 MHz
INFO: [HLS 200-2161] Finished Command csynth_design Elapsed time: 00:00:16; Allocated memory: 123.145 MB.
INFO: [HLS 200-1510] Running: cosim_design -argv tiny_dam.out D 0.00001 10 50 10 30 10 70 7 5 60 26 25 1321156 -trace_level none -enable_binary_tv 
INFO: [COSIM 212-47] Using XSIM for RTL simulation.
INFO: [COSIM 212-14] Instrumenting C test bench ...
INFO: [COSIM 212-302] Starting C TB testing ... 
INFO: [COSIM 212-333] Generating C post check test bench ...
INFO: [COSIM 212-12] Generating RTL test bench ...
INFO: [COSIM 212-1] *** C/RTL co-simulation file generation completed. ***
INFO: [COSIM 212-323] Starting verilog simulation. 
INFO: [COSIM 212-15] Starting XSIM ...
WARNING: [HLS 200-2011] Cannot find the 'zip' utility on this system. This is required for cosimulation.
INFO: [COSIM 212-316] Starting C post checking ...
INFO: [COSIM 212-1000] *** C/RTL co-simulation finished: PASS ***
INFO: [COSIM 212-211] II is measurable only when transaction number is greater than 1 in RTL simulation. Otherwise, they will be marked as all NA. If user wants to calculate them, please make sure there are at least 2 transactions in RTL simulation.
INFO: [HLS 200-2161] Finished Command cosim_design Elapsed time: 00:42:43; Allocated memory: 7.441 MB.
