
****** Vitis HLS - High-Level Synthesis from C, C++ and OpenCL v2024.2 (64-bit)
  **** SW Build 5238294 on Nov  8 2024
  **** IP Build 5239520 on Sun Nov 10 16:12:51 MST 2024
  **** SharedData Build 5239561 on Fri Nov 08 14:39:27 MST 2024
  **** Start of session at: Wed May 13 16:52:55 2026
    ** Copyright 1986-2022 Xilinx, Inc. All Rights Reserved.
    ** Copyright 2022-2024 Advanced Micro Devices, Inc. All Rights Reserved.

source C:/Xilinx/Vitis/2024.2/scripts/vitis_hls/hls.tcl -notrace
INFO: [HLS 200-10] For user 'quinn' on host 'quinnpc' (Windows NT_amd64 version 10.0) on Wed May 13 16:52:55 +0200 2026
INFO: [HLS 200-10] In directory 'C:/Users/quinn/Documents/GitHub/ACCE-FPGA-Group-5'
WARNING: [HLS 200-2053] The vitis_hls executable is deprecated. Consider using vitis-run --mode hls --tcl
Sourcing Tcl script 'run_FLOOD_HLS_base.tcl'
INFO: [HLS 200-1510] Running: open_project -reset FLOOD_HLS_base 
INFO: [HLS 200-10] Creating and opening project 'C:/Users/quinn/Documents/GitHub/ACCE-FPGA-Group-5/FLOOD_HLS_base'.
INFO: [HLS 200-1510] Running: set_top do_compute 
INFO: [HLS 200-1510] Running: add_files FLOOD.h -cflags -DNROWS=40 -DNCOLS=40 -DNCLOUDS=6 
INFO: [HLS 200-10] Adding design file 'FLOOD.h' to the project
INFO: [HLS 200-1510] Running: add_files rng.cpp 
INFO: [HLS 200-10] Adding design file 'rng.cpp' to the project
INFO: [HLS 200-1510] Running: add_files flood_HLS_base.cpp -cflags -DNROWS=40 -DNCOLS=40 -DNCLOUDS=6 
INFO: [HLS 200-10] Adding design file 'flood_HLS_base.cpp' to the project
INFO: [HLS 200-1510] Running: add_files -tb test_FLOOD_base.cpp -cflags -DNROWS=40 -DNCOLS=40 -DNCLOUDS=6 
INFO: [HLS 200-10] Adding test bench file 'test_FLOOD_base.cpp' to the project
INFO: [HLS 200-1510] Running: open_solution -reset solution_FLOOD_HLS_base 
INFO: [HLS 200-10] Creating and opening solution 'C:/Users/quinn/Documents/GitHub/ACCE-FPGA-Group-5/FLOOD_HLS_base/solution_FLOOD_HLS_base'.
INFO: [HLS 200-10] Cleaning up the solution database.
INFO: [HLS 200-1505] Using default flow_target 'vivado'
Resolution: For help on HLS 200-1505 see docs.xilinx.com/access/sources/dita/topic?Doc_Version=2024.2%20English&url=ug1448-hls-guidance&resourceid=200-1505.html
INFO: [HLS 200-1510] Running: set_part virtexuplusHBM 
INFO: [HLS 200-1611] Setting target device to 'xcu50-fsvh2104-2-e'
INFO: [HLS 200-1510] Running: create_clock -period 250MHz 
INFO: [SYN 201-201] Setting up clock 'default' with a period of 4ns.
INFO: [HLS 200-1510] Running: csim_design -argv tiny_mountains.out M 0.00001 10 50 7 19 5 210 6 4 70 23 45 456823 
INFO: [SIM 211-2] *************** CSIM start ***************
INFO: [SIM 211-4] CSIM will launch CLANG as the compiler.
INFO: [HLS 200-2036] Building debug C Simulation binaries
   Compiling ../../../../test_FLOOD_base.cpp in debug mode
   Compiling ../../../../flood_HLS_base.cpp in debug mode
   Compiling ../../../../rng.cpp in debug mode
   Generating csim.exe
../../../../flood_HLS_base.cpp:46:9: warning: comparison of array 'water_level' equal to a null pointer is always false [-Wtautological-pointer-compare]
    if (water_level == NULL || spillage_flag == NULL || spillage_level == NULL || spillage_from_neigh == NULL) {
        ^~~~~~~~~~~    ~~~~
../../../../flood_HLS_base.cpp:46:32: warning: comparison of array 'spillage_flag' equal to a null pointer is always false [-Wtautological-pointer-compare]
    if (water_level == NULL || spillage_flag == NULL || spillage_level == NULL || spillage_from_neigh == NULL) {
                               ^~~~~~~~~~~~~    ~~~~
../../../../flood_HLS_base.cpp:46:57: warning: comparison of array 'spillage_level' equal to a null pointer is always false [-Wtautological-pointer-compare]
    if (water_level == NULL || spillage_flag == NULL || spillage_level == NULL || spillage_from_neigh == NULL) {
                                                        ^~~~~~~~~~~~~~    ~~~~
../../../../flood_HLS_base.cpp:46:83: warning: comparison of array 'spillage_from_neigh' equal to a null pointer is always false [-Wtautological-pointer-compare]
    if (water_level == NULL || spillage_flag == NULL || spillage_level == NULL || spillage_from_neigh == NULL) {
                                                                                  ^~~~~~~~~~~~~~~~~~~    ~~~~
4 warnings generated.
INFO: [SIM 211-1] CSim done with 0 errors.
INFO: [SIM 211-3] *************** CSIM finish ***************
INFO: [HLS 200-2161] Finished Command csim_design Elapsed time: 00:00:01; Allocated memory: 1.062 MB.
INFO: [HLS 200-1510] Running: config_compile -pipeline_loops 0 
INFO: [HLS 200-1510] Running: csynth_design 
INFO: [HLS 200-111] Finished File checks and directory preparation: CPU user time: 0 seconds. CPU system time: 0 seconds. Elapsed time: 0.064 seconds; current allocated memory: 160.551 MB.
INFO: [HLS 200-10] Analyzing design file 'flood_HLS_base.cpp' ... 
WARNING: [HLS 207-5015] comparison of array 'water_level' equal to a null pointer is always false (flood_HLS_base.cpp:46:9)
WARNING: [HLS 207-5015] comparison of array 'spillage_flag' equal to a null pointer is always false (flood_HLS_base.cpp:46:31)
WARNING: [HLS 207-5015] comparison of array 'spillage_level' equal to a null pointer is always false (flood_HLS_base.cpp:46:55)
WARNING: [HLS 207-5015] comparison of array 'spillage_from_neigh' equal to a null pointer is always false (flood_HLS_base.cpp:46:80)
INFO: [HLS 200-10] Analyzing design file 'rng.cpp' ... 
INFO: [HLS 200-111] Finished Source Code Analysis and Preprocessing: CPU user time: 0 seconds. CPU system time: 0 seconds. Elapsed time: 1.793 seconds; current allocated memory: 163.125 MB.
INFO: [HLS 200-777] Using interface defaults for 'Vivado' flow target.
INFO: [HLS 200-1995] There were 69,358 instructions in the design after the 'Compile/Link' phase of compilation. See the Design Size Report for more details: C:/Users/quinn/Documents/GitHub/ACCE-FPGA-Group-5/FLOOD_HLS_base/solution_FLOOD_HLS_base/syn/report/csynth_design_size.rpt
INFO: [HLS 200-1995] There were 6,333 instructions in the design after the 'Unroll/Inline (step 1)' phase of compilation. See the Design Size Report for more details: C:/Users/quinn/Documents/GitHub/ACCE-FPGA-Group-5/FLOOD_HLS_base/solution_FLOOD_HLS_base/syn/report/csynth_design_size.rpt
INFO: [HLS 200-1995] There were 2,474 instructions in the design after the 'Unroll/Inline (step 2)' phase of compilation. See the Design Size Report for more details: C:/Users/quinn/Documents/GitHub/ACCE-FPGA-Group-5/FLOOD_HLS_base/solution_FLOOD_HLS_base/syn/report/csynth_design_size.rpt
INFO: [HLS 200-1995] There were 2,374 instructions in the design after the 'Unroll/Inline (step 3)' phase of compilation. See the Design Size Report for more details: C:/Users/quinn/Documents/GitHub/ACCE-FPGA-Group-5/FLOOD_HLS_base/solution_FLOOD_HLS_base/syn/report/csynth_design_size.rpt
INFO: [HLS 200-1995] There were 1,627 instructions in the design after the 'Unroll/Inline (step 4)' phase of compilation. See the Design Size Report for more details: C:/Users/quinn/Documents/GitHub/ACCE-FPGA-Group-5/FLOOD_HLS_base/solution_FLOOD_HLS_base/syn/report/csynth_design_size.rpt
INFO: [HLS 200-1995] There were 1,626 instructions in the design after the 'Array/Struct (step 1)' phase of compilation. See the Design Size Report for more details: C:/Users/quinn/Documents/GitHub/ACCE-FPGA-Group-5/FLOOD_HLS_base/solution_FLOOD_HLS_base/syn/report/csynth_design_size.rpt
INFO: [HLS 200-1995] There were 1,626 instructions in the design after the 'Array/Struct (step 2)' phase of compilation. See the Design Size Report for more details: C:/Users/quinn/Documents/GitHub/ACCE-FPGA-Group-5/FLOOD_HLS_base/solution_FLOOD_HLS_base/syn/report/csynth_design_size.rpt
INFO: [HLS 200-1995] There were 1,728 instructions in the design after the 'Array/Struct (step 3)' phase of compilation. See the Design Size Report for more details: C:/Users/quinn/Documents/GitHub/ACCE-FPGA-Group-5/FLOOD_HLS_base/solution_FLOOD_HLS_base/syn/report/csynth_design_size.rpt
INFO: [HLS 200-1995] There were 1,739 instructions in the design after the 'Array/Struct (step 4)' phase of compilation. See the Design Size Report for more details: C:/Users/quinn/Documents/GitHub/ACCE-FPGA-Group-5/FLOOD_HLS_base/solution_FLOOD_HLS_base/syn/report/csynth_design_size.rpt
INFO: [HLS 200-1995] There were 1,750 instructions in the design after the 'Array/Struct (step 5)' phase of compilation. See the Design Size Report for more details: C:/Users/quinn/Documents/GitHub/ACCE-FPGA-Group-5/FLOOD_HLS_base/solution_FLOOD_HLS_base/syn/report/csynth_design_size.rpt
INFO: [HLS 200-1995] There were 1,624 instructions in the design after the 'Performance (step 1)' phase of compilation. See the Design Size Report for more details: C:/Users/quinn/Documents/GitHub/ACCE-FPGA-Group-5/FLOOD_HLS_base/solution_FLOOD_HLS_base/syn/report/csynth_design_size.rpt
INFO: [HLS 200-1995] There were 1,605 instructions in the design after the 'Performance (step 2)' phase of compilation. See the Design Size Report for more details: C:/Users/quinn/Documents/GitHub/ACCE-FPGA-Group-5/FLOOD_HLS_base/solution_FLOOD_HLS_base/syn/report/csynth_design_size.rpt
INFO: [HLS 200-1995] There were 1,610 instructions in the design after the 'Performance (step 3)' phase of compilation. See the Design Size Report for more details: C:/Users/quinn/Documents/GitHub/ACCE-FPGA-Group-5/FLOOD_HLS_base/solution_FLOOD_HLS_base/syn/report/csynth_design_size.rpt
INFO: [HLS 200-1995] There were 1,606 instructions in the design after the 'Performance (step 4)' phase of compilation. See the Design Size Report for more details: C:/Users/quinn/Documents/GitHub/ACCE-FPGA-Group-5/FLOOD_HLS_base/solution_FLOOD_HLS_base/syn/report/csynth_design_size.rpt
INFO: [HLS 200-1995] There were 1,623 instructions in the design after the 'HW Transforms (step 1)' phase of compilation. See the Design Size Report for more details: C:/Users/quinn/Documents/GitHub/ACCE-FPGA-Group-5/FLOOD_HLS_base/solution_FLOOD_HLS_base/syn/report/csynth_design_size.rpt
INFO: [HLS 200-1995] There were 1,639 instructions in the design after the 'HW Transforms (step 2)' phase of compilation. See the Design Size Report for more details: C:/Users/quinn/Documents/GitHub/ACCE-FPGA-Group-5/FLOOD_HLS_base/solution_FLOOD_HLS_base/syn/report/csynth_design_size.rpt
INFO: [HLS 214-210] Disaggregating variable 'p'
Resolution: For help on HLS 214-210 see docs.xilinx.com/access/sources/dita/topic?Doc_Version=2024.2%20English&url=ug1448-hls-guidance&resourceid=214-210.html
INFO: [HLS 214-178] Inlining function 'fp_struct<double>::fp_struct(double)' into 'int generic_isinf<double>(double)' (C:\scratch\2024.2\hls_product\495\2024.2\src\shared\hls\clib/hlsmath/include/FloatingPoint\hls_isinf.h:16:0)
INFO: [HLS 214-178] Inlining function 'fp_struct<double>::fp_struct(double)' into 'int generic_isnan<double>(double)' (C:\scratch\2024.2\hls_product\495\2024.2\src\shared\hls\clib/hlsmath/include/FloatingPoint/hls_isnan.h:16:0)
INFO: [HLS 214-178] Inlining function 'fp_struct<double>::data() const (.110.120.130.163)' into 'fp_struct<double>::to_double() const (.107.117.127.160)' (C:\scratch\2024.2\hls_product\495\2024.2\src\shared\hls\clib/src/hls\utils/x_hls_utils.h:494:0)
INFO: [HLS 214-178] Inlining function 'fp_struct<double>::to_double() const (.107.117.127.160)' into 'fp_struct<double>::to_ieee() const' (C:\scratch\2024.2\hls_product\495\2024.2\src\shared\hls\clib/src/hls\utils/x_hls_utils.h:509:0)
INFO: [HLS 214-178] Inlining function 'void pow_reduce::log_range_reduce<ap_fixed<121, 12, (ap_q_mode)5, (ap_o_mode)3, 0>, 4, 4, 71, 73>(ap_ufixed<71, -(4), (ap_q_mode)5, (ap_o_mode)3, 0>, ap_fixed<121, 12, (ap_q_mode)5, (ap_o_mode)3, 0>&, ap_ufixed<73, -(((4) + (4)) - (1)), (ap_q_mode)5, (ap_o_mode)3, 0>&)' into 'ap_ufixed<72, -37, (ap_q_mode)5, (ap_o_mode)3, 0> pow_reduce::pow_traits<double>::log_range_reduction<71>(ap_ufixed<71, -4, (ap_q_mode)5, (ap_o_mode)3, 0>, ap_fixed<121, 12, (ap_q_mode)5, (ap_o_mode)3, 0>&)' (C:\scratch\2024.2\hls_product\495\2024.2\src\shared\hls\clib/hlsmath/include/FloatingPoint\hls_pow.h:186:0)
INFO: [HLS 214-178] Inlining function 'void pow_reduce::log_range_reduce<ap_fixed<121, 12, (ap_q_mode)5, (ap_o_mode)3, 0>, 7, 6, 73, 83>(ap_ufixed<73, -(7), (ap_q_mode)5, (ap_o_mode)3, 0>, ap_fixed<121, 12, (ap_q_mode)5, (ap_o_mode)3, 0>&, ap_ufixed<83, -(((7) + (6)) - (1)), (ap_q_mode)5, (ap_o_mode)3, 0>&)' into 'ap_ufixed<72, -37, (ap_q_mode)5, (ap_o_mode)3, 0> pow_reduce::pow_traits<double>::log_range_reduction<71>(ap_ufixed<71, -4, (ap_q_mode)5, (ap_o_mode)3, 0>, ap_fixed<121, 12, (ap_q_mode)5, (ap_o_mode)3, 0>&)' (C:\scratch\2024.2\hls_product\495\2024.2\src\shared\hls\clib/hlsmath/include/FloatingPoint\hls_pow.h:186:0)
INFO: [HLS 214-178] Inlining function 'void pow_reduce::log_range_reduce<ap_fixed<121, 12, (ap_q_mode)5, (ap_o_mode)3, 0>, 12, 6, 83, 92>(ap_ufixed<83, -(12), (ap_q_mode)5, (ap_o_mode)3, 0>, ap_fixed<121, 12, (ap_q_mode)5, (ap_o_mode)3, 0>&, ap_ufixed<92, -(((12) + (6)) - (1)), (ap_q_mode)5, (ap_o_mode)3, 0>&)' into 'ap_ufixed<72, -37, (ap_q_mode)5, (ap_o_mode)3, 0> pow_reduce::pow_traits<double>::log_range_reduction<71>(ap_ufixed<71, -4, (ap_q_mode)5, (ap_o_mode)3, 0>, ap_fixed<121, 12, (ap_q_mode)5, (ap_o_mode)3, 0>&)' (C:\scratch\2024.2\hls_product\495\2024.2\src\shared\hls\clib/hlsmath/include/FloatingPoint\hls_pow.h:186:0)
INFO: [HLS 214-178] Inlining function 'void pow_reduce::log_range_reduce<ap_fixed<121, 12, (ap_q_mode)5, (ap_o_mode)3, 0>, 17, 6, 92, 87>(ap_ufixed<92, -(17), (ap_q_mode)5, (ap_o_mode)3, 0>, ap_fixed<121, 12, (ap_q_mode)5, (ap_o_mode)3, 0>&, ap_ufixed<87, -(((17) + (6)) - (1)), (ap_q_mode)5, (ap_o_mode)3, 0>&)' into 'ap_ufixed<72, -37, (ap_q_mode)5, (ap_o_mode)3, 0> pow_reduce::pow_traits<double>::log_range_reduction<71>(ap_ufixed<71, -4, (ap_q_mode)5, (ap_o_mode)3, 0>, ap_fixed<121, 12, (ap_q_mode)5, (ap_o_mode)3, 0>&)' (C:\scratch\2024.2\hls_product\495\2024.2\src\shared\hls\clib/hlsmath/include/FloatingPoint\hls_pow.h:186:0)
INFO: [HLS 214-178] Inlining function 'void pow_reduce::log_range_reduce<ap_fixed<121, 12, (ap_q_mode)5, (ap_o_mode)3, 0>, 22, 6, 87, 82>(ap_ufixed<87, -(22), (ap_q_mode)5, (ap_o_mode)3, 0>, ap_fixed<121, 12, (ap_q_mode)5, (ap_o_mode)3, 0>&, ap_ufixed<82, -(((22) + (6)) - (1)), (ap_q_mode)5, (ap_o_mode)3, 0>&)' into 'ap_ufixed<72, -37, (ap_q_mode)5, (ap_o_mode)3, 0> pow_reduce::pow_traits<double>::log_range_reduction<71>(ap_ufixed<71, -4, (ap_q_mode)5, (ap_o_mode)3, 0>, ap_fixed<121, 12, (ap_q_mode)5, (ap_o_mode)3, 0>&)' (C:\scratch\2024.2\hls_product\495\2024.2\src\shared\hls\clib/hlsmath/include/FloatingPoint\hls_pow.h:186:0)
INFO: [HLS 214-178] Inlining function 'void pow_reduce::log_range_reduce<ap_fixed<121, 12, (ap_q_mode)5, (ap_o_mode)3, 0>, 27, 6, 82, 77>(ap_ufixed<82, -(27), (ap_q_mode)5, (ap_o_mode)3, 0>, ap_fixed<121, 12, (ap_q_mode)5, (ap_o_mode)3, 0>&, ap_ufixed<77, -(((27) + (6)) - (1)), (ap_q_mode)5, (ap_o_mode)3, 0>&)' into 'ap_ufixed<72, -37, (ap_q_mode)5, (ap_o_mode)3, 0> pow_reduce::pow_traits<double>::log_range_reduction<71>(ap_ufixed<71, -4, (ap_q_mode)5, (ap_o_mode)3, 0>, ap_fixed<121, 12, (ap_q_mode)5, (ap_o_mode)3, 0>&)' (C:\scratch\2024.2\hls_product\495\2024.2\src\shared\hls\clib/hlsmath/include/FloatingPoint\hls_pow.h:186:0)
INFO: [HLS 214-178] Inlining function 'void pow_reduce::log_range_reduce<ap_fixed<121, 12, (ap_q_mode)5, (ap_o_mode)3, 0>, 32, 6, 77, 72>(ap_ufixed<77, -(32), (ap_q_mode)5, (ap_o_mode)3, 0>, ap_fixed<121, 12, (ap_q_mode)5, (ap_o_mode)3, 0>&, ap_ufixed<72, -(((32) + (6)) - (1)), (ap_q_mode)5, (ap_o_mode)3, 0>&)' into 'ap_ufixed<72, -37, (ap_q_mode)5, (ap_o_mode)3, 0> pow_reduce::pow_traits<double>::log_range_reduction<71>(ap_ufixed<71, -4, (ap_q_mode)5, (ap_o_mode)3, 0>, ap_fixed<121, 12, (ap_q_mode)5, (ap_o_mode)3, 0>&)' (C:\scratch\2024.2\hls_product\495\2024.2\src\shared\hls\clib/hlsmath/include/FloatingPoint\hls_pow.h:186:0)
INFO: [HLS 214-178] Inlining function 'fp_struct<double>::fp_struct(double)' into 'double pow_reduce::pow_generic<double>(double, double)' (C:\scratch\2024.2\hls_product\495\2024.2\src\shared\hls\clib/hlsmath/include/FloatingPoint\hls_pow.h:292:0)
INFO: [HLS 214-178] Inlining function 'fp_struct<double>::expv() const' into 'double pow_reduce::pow_generic<double>(double, double)' (C:\scratch\2024.2\hls_product\495\2024.2\src\shared\hls\clib/hlsmath/include/FloatingPoint\hls_pow.h:292:0)
INFO: [HLS 214-178] Inlining function 'int generic_isinf<double>(double)' into 'double pow_reduce::pow_generic<double>(double, double)' (C:\scratch\2024.2\hls_product\495\2024.2\src\shared\hls\clib/hlsmath/include/FloatingPoint\hls_pow.h:292:0)
INFO: [HLS 214-178] Inlining function 'int generic_isnan<double>(double)' into 'double pow_reduce::pow_generic<double>(double, double)' (C:\scratch\2024.2\hls_product\495\2024.2\src\shared\hls\clib/hlsmath/include/FloatingPoint\hls_pow.h:292:0)
INFO: [HLS 214-178] Inlining function 'pow_reduce::pow_traits<double>::exp_Z1P_m_1(ap_ufixed<51, -8, (ap_q_mode)5, (ap_o_mode)3, 0>)' into 'double pow_reduce::pow_generic<double>(double, double)' (C:\scratch\2024.2\hls_product\495\2024.2\src\shared\hls\clib/hlsmath/include/FloatingPoint\hls_pow.h:292:0)
INFO: [HLS 214-178] Inlining function 'pow' into '__gnu_cxx::__promote_2<float, int, __gnu_cxx::__promote<float, std::__is_integer<float>::__value>::__type, __gnu_cxx::__promote<int, std::__is_integer<int>::__value>::__type>::__type std::pow<float, int>(float, int)' (C:/Xilinx/Vitis/2024.2/tps/mingw/8.3.0/win64.o/nt\lib\gcc\x86_64-w64-mingw32\8.3.0\include\c++\cmath:416:0)
INFO: [HLS 214-178] Inlining function 'fp_struct<float>::fp_struct(float)' into 'int generic_cast_IEEE754<int, (ap_q_mode)6, float>(float, bool, hls::enable_if<std::numeric_limits<int>::is_signed, bool>::type)' (C:\scratch\2024.2\hls_product\495\2024.2\src\shared\hls\clib/hlsmath/include/FloatingPoint\hls_case_IEEE754.h:12:0)
INFO: [HLS 214-178] Inlining function 'fp_struct<float>::mantissa() const' into 'int generic_cast_IEEE754<int, (ap_q_mode)6, float>(float, bool, hls::enable_if<std::numeric_limits<int>::is_signed, bool>::type)' (C:\scratch\2024.2\hls_product\495\2024.2\src\shared\hls\clib/hlsmath/include/FloatingPoint\hls_case_IEEE754.h:12:0)
INFO: [HLS 214-178] Inlining function 'fp_struct<float>::expv() const' into 'int generic_cast_IEEE754<int, (ap_q_mode)6, float>(float, bool, hls::enable_if<std::numeric_limits<int>::is_signed, bool>::type)' (C:\scratch\2024.2\hls_product\495\2024.2\src\shared\hls\clib/hlsmath/include/FloatingPoint\hls_case_IEEE754.h:12:0)
INFO: [HLS 214-178] Inlining function 'fp_struct<float>::__signbit() const' into 'int generic_cast_IEEE754<int, (ap_q_mode)6, float>(float, bool, hls::enable_if<std::numeric_limits<int>::is_signed, bool>::type)' (C:\scratch\2024.2\hls_product\495\2024.2\src\shared\hls\clib/hlsmath/include/FloatingPoint\hls_case_IEEE754.h:12:0)
INFO: [HLS 214-178] Inlining function 'int generic_cast_IEEE754<int, (ap_q_mode)6, float>(float, bool, hls::enable_if<std::numeric_limits<int>::is_signed, bool>::type)' into 'int generic_cast_IEEE754<int, float>(float, bool)' (C:\scratch\2024.2\hls_product\495\2024.2\src\shared\hls\clib/hlsmath/include/FloatingPoint\hls_case_IEEE754.h:116:0)
INFO: [HLS 214-178] Inlining function 'int generic_cast_IEEE754<int, float>(float, bool)' into '__hls_fptosi_float_i32' (C:\scratch\2024.2\hls_product\495\2024.2\src\shared\hls\clib\hlsmath\src\lib_floatconversion.cpp:51:0)
INFO: [HLS 214-178] Inlining function '__gnu_cxx::__promote_2<float, int, __gnu_cxx::__promote<float, std::__is_integer<float>::__value>::__type, __gnu_cxx::__promote<int, std::__is_integer<int>::__value>::__type>::__type std::pow<float, int>(float, int)' into 'do_compute(parameters*, results*)' (flood_HLS_base.cpp:25:0)
INFO: [HLS 214-178] Inlining function 'std::sqrt(float)' into 'do_compute(parameters*, results*)' (flood_HLS_base.cpp:25:0)
INFO: [HLS 214-241] Aggregating scalar variable 'r' with compact=bit mode in 416-bits (flood_HLS_base.cpp:25:0)
INFO: [HLS 214-241] Aggregating bram variable 'p_clouds' with compact=bit mode in 224-bits
INFO: [HLS 214-437] Automatically disabling loop flattening for loop 'VITIS_LOOP_92_7'. (flood_HLS_base.cpp:92:30)
INFO: [HLS 214-437] Automatically disabling loop flattening for loop 'VITIS_LOOP_220_14'. (flood_HLS_base.cpp:220:32)
INFO: [HLS 214-449] Automatically partitioning array '_ZL13displacements' dimension 2 completely based on constant index. (./FLOOD.h:50:0)
INFO: [HLS 214-270] Inferring pragma 'array_partition type=complete dim=2' for array 'displacements' due to pipeline pragma (./FLOOD.h:50:0)
INFO: [HLS 214-248] Applying array_partition to '_ZL13displacements': Complete partitioning on dimension 2. (./FLOOD.h:50:0)
INFO: [HLS 200-111] Finished Compiling Optimization and Transform: CPU user time: 1 seconds. CPU system time: 0 seconds. Elapsed time: 7.695 seconds; current allocated memory: 166.453 MB.
INFO: [HLS 200-111] Finished Checking Pragmas: CPU user time: 0 seconds. CPU system time: 0 seconds. Elapsed time: 0.004 seconds; current allocated memory: 166.453 MB.
INFO: [HLS 200-10] Starting code transformations ...
INFO: [HLS 200-111] Finished Standard Transforms: CPU user time: 0 seconds. CPU system time: 0 seconds. Elapsed time: 0.101 seconds; current allocated memory: 176.574 MB.
INFO: [HLS 200-10] Checking synthesizability ...
INFO: [XFORM 203-602] Inlining function 'fp_struct<double>::to_ieee' into 'pow_reduce::pow_generic<double>' (C:\scratch\2024.2\hls_product\495\2024.2\src\shared\hls\clib/hlsmath/include/FloatingPoint\hls_pow.h:383) automatically.
INFO: [XFORM 203-602] Inlining function 'pow_reduce::pow_traits<double>::log_range_reduction<71>' into 'pow_reduce::pow_generic<double>' (C:\scratch\2024.2\hls_product\495\2024.2\src\shared\hls\clib/hlsmath/include/FloatingPoint\hls_pow.h:519) automatically.
INFO: [XFORM 203-602] Inlining function '__hls_fptosi_float_i32' into 'do_compute' (flood_HLS_base.cpp:101) automatically.
INFO: [HLS 200-111] Finished Checking Synthesizability: CPU user time: 0 seconds. CPU system time: 0 seconds. Elapsed time: 0.085 seconds; current allocated memory: 183.195 MB.
INFO: [XFORM 203-602] Inlining function 'fp_struct<double>::to_ieee' into 'pow_reduce::pow_generic<double>' (C:\scratch\2024.2\hls_product\495\2024.2\src\shared\hls\clib/hlsmath/include/FloatingPoint\hls_pow.h:383) automatically.
INFO: [XFORM 203-602] Inlining function 'pow_reduce::pow_traits<double>::log_range_reduction<71>' into 'pow_reduce::pow_generic<double>' (C:\scratch\2024.2\hls_product\495\2024.2\src\shared\hls\clib/hlsmath/include/FloatingPoint\hls_pow.h:519) automatically.
INFO: [XFORM 203-602] Inlining function '__hls_fptosi_float_i32' into 'do_compute' (flood_HLS_base.cpp:101) automatically.
INFO: [XFORM 203-401] Performing if-conversion on hyperblock to (C:\scratch\2024.2\hls_product\495\2024.2\src\shared\hls\clib/hlsmath/include/FloatingPoint\hls_pow.h:661:3) in function 'pow_reduce::pow_generic<double>'... converting 8 basic blocks.
INFO: [XFORM 203-401] Performing if-conversion on hyperblock from (flood_HLS_base.cpp:141:27) to (flood_HLS_base.cpp:150:40) in function 'do_compute'... converting 5 basic blocks.
INFO: [XFORM 203-11] Balancing expressions in function 'pow_reduce::pow_generic<double>' (C:\scratch\2024.2\hls_product\495\2024.2\src\shared\hls\clib/hlsmath/include/FloatingPoint\hls_pow.h:291)...7 expression(s) balanced.
INFO: [XFORM 203-11] Balancing expressions in function 'do_compute' (flood_HLS_base.cpp:7:37)...3 expression(s) balanced.
INFO: [HLS 200-111] Finished Loop, function and other optimizations: CPU user time: 0 seconds. CPU system time: 0 seconds. Elapsed time: 0.252 seconds; current allocated memory: 210.328 MB.
INFO: [HLS 200-111] Finished Architecture Synthesis: CPU user time: 0 seconds. CPU system time: 0 seconds. Elapsed time: 0.278 seconds; current allocated memory: 220.188 MB.
INFO: [HLS 200-10] Starting hardware synthesis ...
INFO: [HLS 200-10] Synthesizing 'do_compute' ...
WARNING: [SYN 201-103] Legalizing function name 'pow_generic<double>' to 'pow_generic_double_s'.
INFO: [HLS 200-10] ----------------------------------------------------------------
INFO: [HLS 200-42] -- Implementing module 'pow_generic_double_s' 
INFO: [HLS 200-10] ----------------------------------------------------------------
INFO: [SCHED 204-11] Starting scheduling ...
INFO: [HLS 200-486] Changing DSP latency (root=add_ln563) to 3 in order to utilize available DSP registers.
INFO: [SCHED 204-61] Pipelining function 'pow_generic<double>'.
INFO: [HLS 200-1470] Pipelining result : Target II = NA, Final II = 1, Depth = 73, function 'pow_generic<double>'
INFO: [SCHED 204-11] Finished scheduling.
INFO: [HLS 200-111] Finished Scheduling: CPU user time: 0 seconds. CPU system time: 0 seconds. Elapsed time: 0.27 seconds; current allocated memory: 225.789 MB.
INFO: [BIND 205-100] Starting micro-architecture generation ...
INFO: [BIND 205-101] Performing variable lifetime analysis.
INFO: [BIND 205-101] Exploring resource sharing.
INFO: [BIND 205-101] Binding ...
INFO: [BIND 205-100] Finished micro-architecture generation.
INFO: [HLS 200-111] Finished Binding: CPU user time: 1 seconds. CPU system time: 0 seconds. Elapsed time: 0.08 seconds; current allocated memory: 227.250 MB.
INFO: [HLS 200-10] ----------------------------------------------------------------
INFO: [HLS 200-42] -- Implementing module 'do_compute' 
INFO: [HLS 200-10] ----------------------------------------------------------------
INFO: [SCHED 204-11] Starting scheduling ...
INFO: [SCHED 204-11] Finished scheduling.
INFO: [HLS 200-111] Finished Scheduling: CPU user time: 0 seconds. CPU system time: 0 seconds. Elapsed time: 0.334 seconds; current allocated memory: 238.988 MB.
INFO: [BIND 205-100] Starting micro-architecture generation ...
INFO: [BIND 205-101] Performing variable lifetime analysis.
INFO: [BIND 205-101] Exploring resource sharing.
INFO: [BIND 205-101] Binding ...
INFO: [BIND 205-100] Finished micro-architecture generation.
INFO: [HLS 200-111] Finished Binding: CPU user time: 0 seconds. CPU system time: 0 seconds. Elapsed time: 0.203 seconds; current allocated memory: 239.340 MB.
INFO: [HLS 200-10] ----------------------------------------------------------------
INFO: [HLS 200-10] -- Generating RTL for module 'pow_generic_double_s' 
INFO: [HLS 200-10] ----------------------------------------------------------------
INFO: [SYN 201-210] Renamed object name 'pow_generic_double_s_pow_reduce_anonymous_namespace_log_inverse_lut_table_pow_0_5_64_array_ROM_AUTO_1R' to 'pow_generic_double_s_pow_reduce_anonymous_namespace_log_inverse_lut_table_powbkb' due to the length limit 80
INFO: [SYN 201-210] Renamed object name 'pow_generic_double_s_pow_reduce_anonymous_namespace_log0_lut_table_array_ROM_AUTO_1R' to 'pow_generic_double_s_pow_reduce_anonymous_namespace_log0_lut_table_array_ROM_cud' due to the length limit 80
INFO: [SYN 201-210] Renamed object name 'pow_generic_double_s_pow_reduce_anonymous_namespace_log_lut_table_ap_fixed_4_4_16_array_ROM_AUTO_1R' to 'pow_generic_double_s_pow_reduce_anonymous_namespace_log_lut_table_ap_fixed_4_dEe' due to the length limit 80
INFO: [SYN 201-210] Renamed object name 'pow_generic_double_s_pow_reduce_anonymous_namespace_log_lut_table_ap_fixed_7_6_64_array_ROM_AUTO_1R' to 'pow_generic_double_s_pow_reduce_anonymous_namespace_log_lut_table_ap_fixed_7_eOg' due to the length limit 80
INFO: [SYN 201-210] Renamed object name 'pow_generic_double_s_pow_reduce_anonymous_namespace_log_lut_table_ap_fixed_12_6_64_array_ROM_AUTO_1R' to 'pow_generic_double_s_pow_reduce_anonymous_namespace_log_lut_table_ap_fixed_12fYi' due to the length limit 80
INFO: [SYN 201-210] Renamed object name 'pow_generic_double_s_pow_reduce_anonymous_namespace_log_lut_table_ap_fixed_17_6_64_array_ROM_AUTO_1R' to 'pow_generic_double_s_pow_reduce_anonymous_namespace_log_lut_table_ap_fixed_17g8j' due to the length limit 80
INFO: [SYN 201-210] Renamed object name 'pow_generic_double_s_pow_reduce_anonymous_namespace_log_lut_table_ap_fixed_22_6_64_array_ROM_AUTO_1R' to 'pow_generic_double_s_pow_reduce_anonymous_namespace_log_lut_table_ap_fixed_22hbi' due to the length limit 80
INFO: [SYN 201-210] Renamed object name 'pow_generic_double_s_pow_reduce_anonymous_namespace_log_lut_table_ap_fixed_27_6_64_array_ROM_AUTO_1R' to 'pow_generic_double_s_pow_reduce_anonymous_namespace_log_lut_table_ap_fixed_27ibs' due to the length limit 80
INFO: [SYN 201-210] Renamed object name 'pow_generic_double_s_pow_reduce_anonymous_namespace_log_lut_table_ap_fixed_32_6_64_array_ROM_AUTO_1R' to 'pow_generic_double_s_pow_reduce_anonymous_namespace_log_lut_table_ap_fixed_32jbC' due to the length limit 80
INFO: [SYN 201-210] Renamed object name 'pow_generic_double_s_pow_reduce_anonymous_namespace_table_exp_Z1_ap_ufixed_array_ROM_AUTO_1R' to 'pow_generic_double_s_pow_reduce_anonymous_namespace_table_exp_Z1_ap_ufixed_arkbM' due to the length limit 80
INFO: [SYN 201-210] Renamed object name 'pow_generic_double_s_pow_reduce_anonymous_namespace_table_f_Z3_ap_ufixed_array_ROM_AUTO_1R' to 'pow_generic_double_s_pow_reduce_anonymous_namespace_table_f_Z3_ap_ufixed_arralbW' due to the length limit 80
INFO: [SYN 201-210] Renamed object name 'pow_generic_double_s_pow_reduce_anonymous_namespace_table_f_Z2_ap_ufixed_array_ROM_AUTO_1R' to 'pow_generic_double_s_pow_reduce_anonymous_namespace_table_f_Z2_ap_ufixed_arramb6' due to the length limit 80
INFO: [RTGEN 206-104] Estimated max fanout for 'pow_generic_double_s' is 15170 from HDL expression: (1'b0 == ap_block_pp0_stage0_11001)
INFO: [RTGEN 206-100] Generating core module 'mac_muladd_16s_15ns_19s_31_4_1': 1 instance(s).
INFO: [RTGEN 206-100] Generating core module 'mul_12s_80ns_90_5_1': 1 instance(s).
INFO: [RTGEN 206-100] Generating core module 'mul_13s_71s_71_5_1': 1 instance(s).
INFO: [RTGEN 206-100] Generating core module 'mul_40ns_40ns_79_2_1': 1 instance(s).
INFO: [RTGEN 206-100] Generating core module 'mul_43ns_36ns_79_2_1': 1 instance(s).
INFO: [RTGEN 206-100] Generating core module 'mul_49ns_44ns_93_3_1': 1 instance(s).
INFO: [RTGEN 206-100] Generating core module 'mul_50ns_50ns_99_3_1': 1 instance(s).
INFO: [RTGEN 206-100] Generating core module 'mul_54s_6ns_54_3_1': 1 instance(s).
INFO: [RTGEN 206-100] Generating core module 'mul_71ns_4ns_75_5_1': 1 instance(s).
INFO: [RTGEN 206-100] Generating core module 'mul_73ns_6ns_79_5_1': 1 instance(s).
INFO: [RTGEN 206-100] Generating core module 'mul_77ns_6ns_82_5_1': 1 instance(s).
INFO: [RTGEN 206-100] Generating core module 'mul_82ns_6ns_87_5_1': 1 instance(s).
INFO: [RTGEN 206-100] Generating core module 'mul_83ns_6ns_89_5_1': 1 instance(s).
INFO: [RTGEN 206-100] Generating core module 'mul_87ns_6ns_92_5_1': 1 instance(s).
INFO: [RTGEN 206-100] Generating core module 'mul_92ns_6ns_97_5_1': 1 instance(s).
INFO: [RTGEN 206-100] Generating core module 'sparsemux_9_3_64_1_1': 1 instance(s).
INFO: [RTGEN 206-100] Finished creating RTL model for 'pow_generic_double_s'.
INFO: [RTMG 210-279] Implementing memory 'do_compute_pow_generic_double_s_pow_reduce_anonymous_namespace_log_inverse_lut_table_powbkb' using auto ROMs.
INFO: [RTMG 210-279] Implementing memory 'do_compute_pow_generic_double_s_pow_reduce_anonymous_namespace_log0_lut_table_array_ROM_cud' using auto ROMs.
INFO: [RTMG 210-279] Implementing memory 'do_compute_pow_generic_double_s_pow_reduce_anonymous_namespace_log_lut_table_ap_fixed_4_dEe' using auto ROMs.
INFO: [RTMG 210-279] Implementing memory 'do_compute_pow_generic_double_s_pow_reduce_anonymous_namespace_log_lut_table_ap_fixed_7_eOg' using auto ROMs.
INFO: [RTMG 210-279] Implementing memory 'do_compute_pow_generic_double_s_pow_reduce_anonymous_namespace_log_lut_table_ap_fixed_12fYi' using auto ROMs.
INFO: [RTMG 210-279] Implementing memory 'do_compute_pow_generic_double_s_pow_reduce_anonymous_namespace_log_lut_table_ap_fixed_17g8j' using auto ROMs.
INFO: [RTMG 210-279] Implementing memory 'do_compute_pow_generic_double_s_pow_reduce_anonymous_namespace_log_lut_table_ap_fixed_22hbi' using auto ROMs.
INFO: [RTMG 210-279] Implementing memory 'do_compute_pow_generic_double_s_pow_reduce_anonymous_namespace_log_lut_table_ap_fixed_27ibs' using auto ROMs.
INFO: [RTMG 210-279] Implementing memory 'do_compute_pow_generic_double_s_pow_reduce_anonymous_namespace_log_lut_table_ap_fixed_32jbC' using auto ROMs.
INFO: [RTMG 210-279] Implementing memory 'do_compute_pow_generic_double_s_pow_reduce_anonymous_namespace_table_exp_Z1_ap_ufixed_arkbM' using auto ROMs.
INFO: [HLS 200-2168] Implementing memory 'do_compute_pow_generic_double_s_pow_reduce_anonymous_namespace_table_f_Z3_ap_ufixed_arralbW' using auto ROMs with 2 copies to ensure enough ports to satisfy II or latency constraints.
INFO: [RTMG 210-279] Implementing memory 'do_compute_pow_generic_double_s_pow_reduce_anonymous_namespace_table_f_Z2_ap_ufixed_arramb6' using auto ROMs.
INFO: [HLS 200-111] Finished Creating RTL model: CPU user time: 0 seconds. CPU system time: 0 seconds. Elapsed time: 0.412 seconds; current allocated memory: 245.773 MB.
INFO: [HLS 200-10] ----------------------------------------------------------------
INFO: [HLS 200-10] -- Generating RTL for module 'do_compute' 
INFO: [HLS 200-10] ----------------------------------------------------------------
INFO: [RTGEN 206-500] Setting interface mode on port 'do_compute/p_ground' to 'ap_memory'.
INFO: [RTGEN 206-500] Setting interface mode on port 'do_compute/p_threshold' to 'ap_none'.
INFO: [RTGEN 206-500] Setting interface mode on port 'do_compute/p_num_minutes' to 'ap_none'.
INFO: [RTGEN 206-500] Setting interface mode on port 'do_compute/p_ex_factor' to 'ap_none'.
INFO: [RTGEN 206-500] Setting interface mode on port 'do_compute/p_clouds' to 'ap_memory'.
INFO: [RTGEN 206-500] Setting interface mode on port 'do_compute/r' to 'ap_ovld'.
INFO: [RTGEN 206-500] Setting interface mode on function 'do_compute' to 'ap_ctrl_hs'.
INFO: [RTGEN 206-100] Generating core module 'dadd_64ns_64ns_64_5_full_dsp_1': 1 instance(s).
INFO: [RTGEN 206-100] Generating core module 'dcmp_64ns_64ns_1_2_no_dsp_1': 2 instance(s).
INFO: [RTGEN 206-100] Generating core module 'dsqrt_64ns_64ns_64_21_no_dsp_1': 1 instance(s).
INFO: [RTGEN 206-100] Generating core module 'faddfsub_32ns_32ns_32_7_full_dsp_1': 2 instance(s).
INFO: [RTGEN 206-100] Generating core module 'fcmp_32ns_32ns_1_2_no_dsp_1': 2 instance(s).
INFO: [RTGEN 206-100] Generating core module 'fdiv_32ns_32ns_32_12_no_dsp_1': 2 instance(s).
INFO: [RTGEN 206-100] Generating core module 'fmul_32ns_32ns_32_4_max_dsp_1': 2 instance(s).
INFO: [RTGEN 206-100] Generating core module 'fpext_32ns_64_2_no_dsp_1': 2 instance(s).
INFO: [RTGEN 206-100] Generating core module 'fptrunc_64ns_32_2_no_dsp_1': 1 instance(s).
INFO: [RTGEN 206-100] Generating core module 'fsqrt_32ns_32ns_32_12_no_dsp_1': 1 instance(s).
INFO: [RTGEN 206-100] Generating core module 'sitofp_32ns_32_4_no_dsp_1': 1 instance(s).
INFO: [RTGEN 206-100] Finished creating RTL model for 'do_compute'.
INFO: [RTMG 210-279] Implementing memory 'do_compute_p_ZL13displacements_0_ROM_AUTO_1R' using auto ROMs.
INFO: [RTMG 210-279] Implementing memory 'do_compute_p_ZL13displacements_1_ROM_AUTO_1R' using auto ROMs.
INFO: [RTMG 210-278] Implementing memory 'do_compute_water_level_RAM_AUTO_1R1W' using auto RAMs.
INFO: [RTMG 210-278] Implementing memory 'do_compute_spillage_from_neigh_RAM_AUTO_1R1W' using auto RAMs.
INFO: [HLS 200-111] Finished Creating RTL model: CPU user time: 1 seconds. CPU system time: 1 seconds. Elapsed time: 0.884 seconds; current allocated memory: 263.688 MB.
INFO: [HLS 200-111] Finished Generating all RTL models: CPU user time: 1 seconds. CPU system time: 0 seconds. Elapsed time: 1.495 seconds; current allocated memory: 282.695 MB.
INFO: [HLS 200-111] Finished Updating report files: CPU user time: 0 seconds. CPU system time: 1 seconds. Elapsed time: 0.58 seconds; current allocated memory: 289.520 MB.
INFO: [VHDL 208-304] Generating VHDL RTL for do_compute.
INFO: [VLOG 209-307] Generating Verilog RTL for do_compute.
INFO: [HLS 200-790] **** Loop Constraint Status: All loop constraints were satisfied.
INFO: [HLS 200-789] **** Estimated Fmax: 342.99 MHz
INFO: [HLS 200-2161] Finished Command csynth_design Elapsed time: 00:00:14; Allocated memory: 129.441 MB.
INFO: [HLS 200-112] Total CPU user time: 5 seconds. Total CPU system time: 3 seconds. Total elapsed time: 17.766 seconds; peak allocated memory: 289.629 MB.
