

================================================================
== Synthesis Summary Report of 'do_compute'
================================================================
+ General Information: 
    * Date:           Sun May 17 18:42:50 2026
    * Version:        2024.1 (Build 5069499 on May 21 2024)
    * Project:        .small_mountains_base_enabled
    * Solution:       solution_FLOOD_HLS_base (Vivado IP Flow Target)
    * Product family: virtexuplusHBM
    * Target device:  xcu50-fsvh2104-2-e
    

+ Performance & Resource Estimates: 
    
    PS: '+' for module; 'o' for loop; '*' for dataflow
    +-------------------------------------------------------------+------+------+---------+-----------+----------+---------+------+----------+----------+----------+-------------+------------+-----+
    |                           Modules                           | Issue|      | Latency |  Latency  | Iteration|         | Trip |          |          |          |             |            |     |
    |                           & Loops                           | Type | Slack| (cycles)|    (ns)   |  Latency | Interval| Count| Pipelined|   BRAM   |    DSP   |      FF     |     LUT    | URAM|
    +-------------------------------------------------------------+------+------+---------+-----------+----------+---------+------+----------+----------+----------+-------------+------------+-----+
    |+ do_compute                                                 |     -|  0.00|        -|          -|         -|        -|     -|        no|  113 (4%)|  103 (1%)|   64666 (3%)|  28340 (3%)|    -|
    | + do_compute_Pipeline_VITIS_LOOP_53_1_VITIS_LOOP_54_2       |     -|  0.30|     4812|  1.925e+04|         -|     4812|     -|        no|         -|   1 (~0%)|    309 (~0%)|   370 (~0%)|    -|
    |  o VITIS_LOOP_53_1_VITIS_LOOP_54_2                          |     -|  2.92|     4810|  1.924e+04|        12|        1|  4800|       yes|         -|         -|            -|           -|    -|
    | + do_compute_Pipeline_VITIS_LOOP_249_16_VITIS_LOOP_250_17   |     -|  0.06|     9628|  3.851e+04|         -|     9628|     -|        no|         -|   1 (~0%)|    798 (~0%)|   809 (~0%)|    -|
    |  o VITIS_LOOP_249_16_VITIS_LOOP_250_17                      |    II|  2.92|     9626|  3.850e+04|        29|        2|  4800|       yes|         -|         -|            -|           -|    -|
    | o VITIS_LOOP_70_4                                           |     -|  2.92|        -|          -|         -|        -|     -|        no|         -|         -|            -|           -|    -|
    |  + do_compute_Pipeline_VITIS_LOOP_76_5                      |     -|  0.58|       31|    124.000|         -|       31|     -|        no|         -|         -|    723 (~0%)|   190 (~0%)|    -|
    |   o VITIS_LOOP_76_5                                         |     -|  2.92|       29|    116.000|        22|        1|     9|       yes|         -|         -|            -|           -|    -|
    |  + do_compute_Pipeline_VITIS_LOOP_109_9_VITIS_LOOP_110_10   |     -|  0.06|    14510|  5.804e+04|         -|    14510|     -|        no|         -|   6 (~0%)|   37459 (2%)|  6332 (~0%)|    -|
    |   o VITIS_LOOP_109_9_VITIS_LOOP_110_10                      |    II|  2.92|    14508|  5.803e+04|       111|        3|  4800|       yes|         -|         -|            -|           -|    -|
    |    + p_hls_fptosi_float_i32                                 |    II|  0.63|        1|      4.000|         -|        1|     -|       yes|         -|         -|     35 (~0%)|   629 (~0%)|    -|
    |    + p_hls_fptosi_float_i32                                 |    II|  0.63|        1|      4.000|         -|        1|     -|       yes|         -|         -|     35 (~0%)|   629 (~0%)|    -|
    |  + do_compute_Pipeline_PROPAGATION_ROWS_PROPAGATION_COLS    |     -|  0.02|     9617|  3.847e+04|         -|     9617|     -|        no|         -|   7 (~0%)|   3866 (~0%)|  2260 (~0%)|    -|
    |   o PROPAGATION_ROWS_PROPAGATION_COLS                       |    II|  2.92|     9615|  3.846e+04|        18|        2|  4800|       yes|         -|         -|            -|           -|    -|
    |    + p_hls_fptosi_float_i32                                 |    II|  0.63|        1|      4.000|         -|        1|     -|       yes|         -|         -|     35 (~0%)|   629 (~0%)|    -|
    |    + p_hls_fptosi_float_i32                                 |    II|  0.63|        1|      4.000|         -|        1|     -|       yes|         -|         -|     35 (~0%)|   629 (~0%)|    -|
    |    + p_hls_fptosi_float_i32                                 |    II|  0.63|        1|      4.000|         -|        1|     -|       yes|         -|         -|     35 (~0%)|   629 (~0%)|    -|
    |  + do_compute_Pipeline_VITIS_LOOP_234_13_VITIS_LOOP_235_14  |     -|  0.43|     4802|  1.921e+04|         -|     4802|     -|        no|         -|         -|     42 (~0%)|   202 (~0%)|    -|
    |   o VITIS_LOOP_234_13_VITIS_LOOP_235_14                     |     -|  2.92|     4800|  1.920e+04|         2|        1|  4800|       yes|         -|         -|            -|           -|    -|
    |  o VITIS_LOOP_83_6                                          |     -|  2.92|        -|          -|         -|        -|     -|        no|         -|         -|            -|           -|    -|
    |   o VITIS_LOOP_92_7                                         |     -|  2.92|        -|          -|         -|        -|     -|        no|         -|         -|            -|           -|    -|
    |    + do_compute_Pipeline_VITIS_LOOP_93_8                    |     -|  0.00|        -|          -|         -|        -|     -|        no|   5 (~0%)|   69 (1%)|  16840 (~0%)|  12789 (1%)|    -|
    |     o VITIS_LOOP_93_8                                       |    II|  2.92|        -|          -|       193|        8|     -|       yes|         -|         -|            -|           -|    -|
    |      + pow_generic_double_s                                 |    II|  0.00|       72|    288.000|         -|        1|     -|       yes|   5 (~0%)|   65 (1%)|  12121 (~0%)|   9060 (1%)|    -|
    |      + p_hls_fptosi_float_i32                               |    II|  0.63|        1|      4.000|         -|        1|     -|       yes|         -|         -|     35 (~0%)|   629 (~0%)|    -|
    +-------------------------------------------------------------+------+------+---------+-----------+----------+---------+------+----------+----------+----------+-------------+------------+-----+


================================================================
== HW Interfaces
================================================================
* AP_MEMORY
+-------------------+-----------+----------+
| Port              | Direction | Bitwidth |
+-------------------+-----------+----------+
| p_clouds_address0 | out       | 4        |
| p_clouds_address1 | out       | 4        |
| p_clouds_d0       | out       | 224      |
| p_clouds_q0       | in        | 224      |
| p_clouds_q1       | in        | 224      |
| p_ground_address0 | out       | 13       |
| p_ground_address1 | out       | 13       |
| p_ground_q0       | in        | 32       |
| p_ground_q1       | in        | 32       |
+-------------------+-----------+----------+

* Other Ports
+---------------+---------+-----------+----------+
| Port          | Mode    | Direction | Bitwidth |
+---------------+---------+-----------+----------+
| p_ex_factor   | ap_none | in        | 32       |
| p_num_minutes | ap_none | in        | 32       |
| p_threshold   | ap_none | in        | 32       |
| r_i           | ap_ovld | in        | 416      |
| r_o           | ap_ovld | out       | 416      |
+---------------+---------+-----------+----------+

* TOP LEVEL CONTROL
+-----------+------------+-----------------------------------+
| Interface | Type       | Ports                             |
+-----------+------------+-----------------------------------+
| ap_clk    | clock      | ap_clk                            |
| ap_rst    | reset      | ap_rst                            |
| ap_ctrl   | ap_ctrl_hs | ap_done ap_idle ap_ready ap_start |
+-----------+------------+-----------------------------------+


================================================================
== SW I/O Information
================================================================
* Top Function Arguments
+----------+-----------+-------------+
| Argument | Direction | Datatype    |
+----------+-----------+-------------+
| p        | inout     | parameters* |
| r        | inout     | results*    |
+----------+-----------+-------------+

* SW-to-HW Mapping
+----------+-------------------+---------+----------+
| Argument | HW Interface      | HW Type | HW Usage |
+----------+-------------------+---------+----------+
| p        | p_ground_address0 | port    | offset   |
| p        | p_ground_ce0      | port    |          |
| p        | p_ground_q0       | port    |          |
| p        | p_ground_address1 | port    | offset   |
| p        | p_ground_ce1      | port    |          |
| p        | p_ground_q1       | port    |          |
| p        | p_threshold       | port    |          |
| p        | p_num_minutes     | port    |          |
| p        | p_ex_factor       | port    |          |
| p        | p_clouds_address0 | port    | offset   |
| p        | p_clouds_ce0      | port    |          |
| p        | p_clouds_we0      | port    |          |
| p        | p_clouds_d0       | port    |          |
| p        | p_clouds_q0       | port    |          |
| p        | p_clouds_address1 | port    | offset   |
| p        | p_clouds_ce1      | port    |          |
| p        | p_clouds_q1       | port    |          |
| r        | r_i               | port    |          |
| r        | r_o               | port    |          |
| r        | r_o_ap_vld        | port    |          |
+----------+-------------------+---------+----------+


================================================================
== M_AXI Burst Information
================================================================
 Note: All burst requests might be further partitioned into multiple requests during RTL generation based on max_read_burst_length or max_write_burst_length settings.


================================================================
== Bind Op Report
================================================================
+----------------------------------------------------------------+-----+--------+---------------------+-----------+-----------+---------+
| Name                                                           | DSP | Pragma | Variable            | Op        | Impl      | Latency |
+----------------------------------------------------------------+-----+--------+---------------------+-----------+-----------+---------+
| + do_compute                                                   | 103 |        |                     |           |           |         |
|   faddfsub_32ns_32ns_32_7_full_dsp_1_U198                      | 2   |        | add                 | fadd      | fulldsp   | 6       |
|   fpext_32ns_64_2_no_dsp_1_U207                                |     |        | max_spillage_iter   | fpext     | auto      | 1       |
|   fpext_32ns_64_2_no_dsp_1_U208                                |     |        | conv                | fpext     | auto      | 1       |
|   fcmp_32ns_32ns_1_2_no_dsp_1_U209                             |     |        | icmp_ln70_3         | setne     | auto      | 0       |
|   icmp_ln70_4_fu_592_p2                                        |     |        | icmp_ln70_4         | seteq     | auto      | 0       |
|   or_ln70_1_fu_598_p2                                          |     |        | or_ln70_1           | or        | auto      | 0       |
|   faddfsub_32ns_32ns_32_7_full_dsp_1_U198                      |     |        | icmp_ln70           | setlt     | auto      | 0       |
|   icmp_ln70_1_fu_631_p2                                        |     |        | icmp_ln70_1         | setne     | auto      | 0       |
|   icmp_ln70_2_fu_637_p2                                        |     |        | icmp_ln70_2         | seteq     | auto      | 0       |
|   or_ln70_fu_658_p2                                            |     |        | or_ln70             | or        | auto      | 0       |
|   fcmp_32ns_32ns_1_2_no_dsp_1_U209                             |     |        | and_ln70            | and       | auto      | 0       |
|   dcmp_64ns_64ns_1_2_no_dsp_1_U212                             |     |        | tmp_9               | dcmp      | auto      | 1       |
|   and_ln70_2_fu_667_p2                                         |     |        | and_ln70_2          | and       | auto      | 0       |
|   and_ln70_1_fu_673_p2                                         |     |        | and_ln70_1          | and       | auto      | 0       |
|   add_ln70_fu_679_p2                                           |     |        | add_ln70            | add       | fabric    | 0       |
|   faddfsub_32ns_32ns_32_7_full_dsp_1_U198                      |     |        | icmp_ln83           | seteq     | auto      | 0       |
|   add_ln83_fu_702_p2                                           |     |        | add_ln83            | add       | fabric    | 0       |
|   faddfsub_32ns_32ns_32_7_full_dsp_1_U198                      | 2   |        | sub                 | fadd      | fulldsp   | 6       |
|   icmp_ln85_fu_815_p2                                          |     |        | icmp_ln85           | setne     | auto      | 0       |
|   icmp_ln85_1_fu_821_p2                                        |     |        | icmp_ln85_1         | seteq     | auto      | 0       |
|   fmul_32ns_32ns_32_4_max_dsp_1_U201                           |     |        | or_ln85             | or        | auto      | 0       |
|   fcmp_32ns_32ns_1_2_no_dsp_1_U209                             |     |        | tmp_27              | fcmp      | auto      | 1       |
|   dcmp_64ns_64ns_1_2_no_dsp_1_U212                             |     |        | and_ln85            | and       | auto      | 0       |
|   fmul_32ns_32ns_32_4_max_dsp_1_U201                           | 3   |        | sub_op              | fmul      | maxdsp    | 3       |
|   grp_p_hls_fptosi_float_i32_fu_1441                           |     |        | select_ln85         | select    | auto_sel  | 0       |
|   fdiv_32ns_32ns_32_12_no_dsp_1_U204                           |     |        | row_start           | fdiv      | fabric    | 11      |
|   sitofp_32ns_32_4_no_dsp_1_U214                               | 2   |        | add3                | fadd      | fulldsp   | 6       |
|   mul_32ns_34ns_65_2_1_U213                                    |     |        | icmp_ln86           | setne     | auto      | 0       |
|   icmp_ln86_1_fu_792_p2                                        |     |        | icmp_ln86_1         | seteq     | auto      | 0       |
|   or_ln86_fu_885_p2                                            |     |        | or_ln86             | or        | auto      | 0       |
|   fcmp_32ns_32ns_1_2_no_dsp_1_U209                             |     |        | tmp_29              | fcmp      | auto      | 1       |
|   and_ln86_fu_889_p2                                           |     |        | and_ln86            | and       | auto      | 0       |
|   fmul_32ns_32ns_32_4_max_dsp_1_U201                           | 3   |        | add87_op            | fmul      | maxdsp    | 3       |
|   fmul_32ns_32ns_32_4_max_dsp_1_U201                           |     |        | select_ln86         | select    | auto_sel  | 0       |
|   fdiv_32ns_32ns_32_12_no_dsp_1_U204                           |     |        | row_end             | fdiv      | fabric    | 11      |
|   fmul_32ns_32ns_32_4_max_dsp_1_U202                           | 2   |        | sub1                | fsub      | fulldsp   | 6       |
|   fmul_32ns_32ns_32_4_max_dsp_1_U203                           |     |        | icmp_ln87           | setne     | auto      | 0       |
|   faddfsub_32ns_32ns_32_7_full_dsp_1_U200                      |     |        | icmp_ln87_1         | seteq     | auto      | 0       |
|   or_ln87_fu_919_p2                                            |     |        | or_ln87             | or        | auto      | 0       |
|   fcmp_32ns_32ns_1_2_no_dsp_1_U210                             |     |        | tmp_31              | fcmp      | auto      | 1       |
|   and_ln87_fu_923_p2                                           |     |        | and_ln87            | and       | auto      | 0       |
|   fmul_32ns_32ns_32_4_max_dsp_1_U202                           | 3   |        | sub112_op           | fmul      | maxdsp    | 3       |
|   select_ln87_fu_928_p3                                        |     |        | select_ln87         | select    | auto_sel  | 0       |
|   fdiv_32ns_32ns_32_12_no_dsp_1_U205                           |     |        | col_start           | fdiv      | fabric    | 11      |
|   faddfsub_32ns_32ns_32_7_full_dsp_1_U200                      | 2   |        | add4                | fadd      | fulldsp   | 6       |
|   icmp_ln88_fu_873_p2                                          |     |        | icmp_ln88           | setne     | auto      | 0       |
|   icmp_ln88_1_fu_879_p2                                        |     |        | icmp_ln88_1         | seteq     | auto      | 0       |
|   or_ln88_fu_936_p2                                            |     |        | or_ln88             | or        | auto      | 0       |
|   fcmp_32ns_32ns_1_2_no_dsp_1_U211                             |     |        | tmp_33              | fcmp      | auto      | 1       |
|   and_ln88_fu_940_p2                                           |     |        | and_ln88            | and       | auto      | 0       |
|   fmul_32ns_32ns_32_4_max_dsp_1_U203                           | 3   |        | add137_op           | fmul      | maxdsp    | 3       |
|   select_ln88_fu_945_p3                                        |     |        | select_ln88         | select    | auto_sel  | 0       |
|   fdiv_32ns_32ns_32_12_no_dsp_1_U206                           |     |        | col_end             | fdiv      | fabric    | 11      |
|   icmp_ln92_2_fu_970_p2                                        |     |        | icmp_ln92_2         | setne     | auto      | 0       |
|   faddfsub_32ns_32ns_32_7_full_dsp_1_U198                      |     |        | icmp_ln92_3         | seteq     | auto      | 0       |
|   or_ln92_1_fu_982_p2                                          |     |        | or_ln92_1           | or        | auto      | 0       |
|   icmp_ln92_fu_1014_p2                                         |     |        | icmp_ln92           | setne     | auto      | 0       |
|   icmp_ln92_1_fu_1020_p2                                       |     |        | icmp_ln92_1         | seteq     | auto      | 0       |
|   or_ln92_fu_1026_p2                                           |     |        | or_ln92             | or        | auto      | 0       |
|   and_ln92_fu_1032_p2                                          |     |        | and_ln92            | and       | auto      | 0       |
|   fcmp_32ns_32ns_1_2_no_dsp_1_U209                             |     |        | tmp_36              | fcmp      | auto      | 1       |
|   and_ln92_1_fu_1037_p2                                        |     |        | and_ln92_1          | and       | auto      | 0       |
|   fmul_32ns_32ns_32_4_max_dsp_1_U201                           | 3   |        | mul                 | fmul      | maxdsp    | 3       |
|   fdiv_32ns_32ns_32_12_no_dsp_1_U204                           |     |        | y_pos               | fdiv      | fabric    | 11      |
|   fcmp_32ns_32ns_1_2_no_dsp_1_U210                             | 2   |        | p_x_assign_1        | fadd      | fulldsp   | 6       |
|   fpext_32ns_64_2_no_dsp_1_U207                                |     |        | x_assign_1          | fpext     | auto      | 1       |
|   faddfsub_32ns_32ns_32_7_full_dsp_1_U198                      | 2   |        | row_pos_2           | fadd      | fulldsp   | 6       |
|  + do_compute_Pipeline_VITIS_LOOP_53_1_VITIS_LOOP_54_2         | 1   |        |                     |           |           |         |
|    icmp_ln53_fu_234_p2                                         |     |        | icmp_ln53           | seteq     | auto      | 0       |
|    add_ln53_1_fu_240_p2                                        |     |        | add_ln53_1          | add       | fabric    | 0       |
|    add_ln53_fu_252_p2                                          |     |        | add_ln53            | add       | fabric    | 0       |
|    icmp_ln54_fu_258_p2                                         |     |        | icmp_ln54           | seteq     | auto      | 0       |
|    select_ln52_fu_264_p3                                       |     |        | select_ln52         | select    | auto_sel  | 0       |
|    select_ln53_fu_272_p3                                       |     |        | select_ln53         | select    | auto_sel  | 0       |
|    mac_muladd_6ns_5ns_6ns_11_4_1_U3                            | 1   |        | mul_ln58            | mul       | dsp_slice | 3       |
|    mul_7ns_9ns_15_1_1_U2                                       |     |        | mul_ln52            | mul       | auto      | 0       |
|    mac_muladd_6ns_5ns_6ns_11_4_1_U3                            | 1   |        | add_ln58            | add       | dsp_slice | 3       |
|    urem_7ns_3ns_2_11_1_U1                                      |     |        | urem_ln52           | urem      | auto      | 10      |
|    add_ln54_fu_286_p2                                          |     |        | add_ln54            | add       | fabric    | 0       |
|  + do_compute_Pipeline_VITIS_LOOP_76_5                         | 0   |        |                     |           |           |         |
|    icmp_ln76_fu_103_p2                                         |     |        | icmp_ln76           | seteq     | auto      | 0       |
|    add_ln76_fu_109_p2                                          |     |        | add_ln76            | add       | fabric    | 0       |
|  + do_compute_Pipeline_VITIS_LOOP_249_16_VITIS_LOOP_250_17     | 1   |        |                     |           |           |         |
|    icmp_ln249_fu_209_p2                                        |     |        | icmp_ln249          | seteq     | auto      | 0       |
|    add_ln249_1_fu_215_p2                                       |     |        | add_ln249_1         | add       | fabric    | 0       |
|    add_ln249_fu_227_p2                                         |     |        | add_ln249           | add       | fabric    | 0       |
|    icmp_ln250_fu_233_p2                                        |     |        | icmp_ln250          | seteq     | auto      | 0       |
|    select_ln52_fu_239_p3                                       |     |        | select_ln52         | select    | auto_sel  | 0       |
|    select_ln249_fu_247_p3                                      |     |        | select_ln249        | select    | auto_sel  | 0       |
|    mac_muladd_6ns_5ns_6ns_11_4_1_U191                          | 1   |        | mul_ln251           | mul       | dsp_slice | 3       |
|    mul_7ns_9ns_15_1_1_U188                                     |     |        | mul_ln52            | mul       | auto      | 0       |
|    mac_muladd_6ns_5ns_6ns_11_4_1_U191                          | 1   |        | add_ln251           | add       | dsp_slice | 3       |
|    urem_7ns_3ns_2_11_1_U189                                    |     |        | urem_ln52           | urem      | auto      | 10      |
|    sparsemux_7_2_32_1_1_U190                                   |     |        | tmp                 | sparsemux | auto      | 0       |
|    icmp_ln251_fu_391_p2                                        |     |        | icmp_ln251          | setne     | auto      | 0       |
|    icmp_ln251_1_fu_397_p2                                      |     |        | icmp_ln251_1        | seteq     | auto      | 0       |
|    or_ln251_fu_403_p2                                          |     |        | or_ln251            | or        | auto      | 0       |
|    icmp_ln251_2_fu_409_p2                                      |     |        | icmp_ln251_2        | setne     | auto      | 0       |
|    icmp_ln251_3_fu_415_p2                                      |     |        | icmp_ln251_3        | seteq     | auto      | 0       |
|    or_ln251_1_fu_421_p2                                        |     |        | or_ln251_1          | or        | auto      | 0       |
|    and_ln251_fu_427_p2                                         |     |        | and_ln251           | and       | auto      | 0       |
|    and_ln251_1_fu_433_p2                                       |     |        | and_ln251_1         | and       | auto      | 0       |
|    select_ln251_fu_439_p3                                      |     |        | select_ln251        | select    | auto_sel  | 0       |
|    add_ln253_fu_342_p2                                         |     |        | add_ln253           | add       | fabric    | 0       |
|    add_ln250_fu_285_p2                                         |     |        | add_ln250           | add       | fabric    | 0       |
|  + do_compute_Pipeline_VITIS_LOOP_109_9_VITIS_LOOP_110_10      | 6   |        |                     |           |           |         |
|    icmp_ln109_fu_637_p2                                        |     |        | icmp_ln109          | seteq     | auto      | 0       |
|    add_ln109_1_fu_643_p2                                       |     |        | add_ln109_1         | add       | fabric    | 0       |
|    add_ln109_fu_655_p2                                         |     |        | add_ln109           | add       | fabric    | 0       |
|    icmp_ln110_fu_661_p2                                        |     |        | icmp_ln110          | seteq     | auto      | 0       |
|    select_ln52_fu_667_p3                                       |     |        | select_ln52         | select    | auto_sel  | 0       |
|    select_ln109_fu_675_p3                                      |     |        | select_ln109        | select    | auto_sel  | 0       |
|    add_ln117_1_fu_1013_p2                                      |     |        | add_ln117_1         | add       | fabric    | 0       |
|    mul_6ns_6ns_11_1_1_U126                                     |     |        | mul_ln111           | mul       | auto      | 0       |
|    new_row_fu_758_p2                                           |     |        | new_row             | add       | fabric    | 0       |
|    empty_72_fu_1019_p2                                         |     |        | empty_72            | setgt     | auto      | 0       |
|    add_ln134_8_fu_1042_p2                                      |     |        | add_ln134_8         | add       | fabric    | 0       |
|    mul_7ns_6ns_11_1_1_U129                                     |     |        | mul_ln134_1         | mul       | auto      | 0       |
|    new_row_1_fu_774_p2                                         |     |        | new_row_1           | add       | fabric    | 0       |
|    empty_73_fu_1048_p2                                         |     |        | empty_73            | setgt     | auto      | 0       |
|    add_ln134_9_fu_1075_p2                                      |     |        | add_ln134_9         | add       | fabric    | 0       |
|    mul_6ns_6ns_11_1_1_U130                                     |     |        | mul_ln134           | mul       | auto      | 0       |
|    add_ln117_fu_1084_p2                                        |     |        | add_ln117           | add       | fabric    | 0       |
|    mul_7ns_9ns_15_1_1_U127                                     |     |        | mul_ln52            | mul       | auto      | 0       |
|    add_ln111_fu_743_p2                                         |     |        | add_ln111           | add       | fabric    | 0       |
|    urem_7ns_3ns_2_11_1_U128                                    |     |        | urem_ln52           | urem      | auto      | 10      |
|    sparsemux_7_2_32_1_1_U131                                   |     |        | tmp_s               | sparsemux | auto      | 0       |
|    icmp_ln111_fu_810_p2                                        |     |        | icmp_ln111          | setgt     | auto      | 0       |
|    add_ln134_fu_819_p2                                         |     |        | add_ln134           | add       | fabric    | 0       |
|    add_ln134_1_fu_830_p2                                       |     |        | add_ln134_1         | add       | fabric    | 0       |
|    add_ln134_2_fu_1097_p2                                      |     |        | add_ln134_2         | add       | fabric    | 0       |
|    add_ln134_3_fu_1109_p2                                      |     |        | add_ln134_3         | add       | fabric    | 0       |
|    sparsemux_7_2_32_1_1_U132                                   |     |        | tmp_4               | sparsemux | auto      | 0       |
|    neighbor_height_1_fu_1168_p3                                |     |        | neighbor_height_1   | select    | auto_sel  | 0       |
|    icmp_ln139_fu_1222_p2                                       |     |        | icmp_ln139          | setne     | auto      | 0       |
|    icmp_ln139_1_fu_1228_p2                                     |     |        | icmp_ln139_1        | seteq     | auto      | 0       |
|    or_ln139_fu_1234_p2                                         |     |        | or_ln139            | or        | auto      | 0       |
|    icmp_ln139_2_fu_1193_p2                                     |     |        | icmp_ln139_2        | setne     | auto      | 0       |
|    icmp_ln139_3_fu_1199_p2                                     |     |        | icmp_ln139_3        | seteq     | auto      | 0       |
|    or_ln139_1_fu_1240_p2                                       |     |        | or_ln139_1          | or        | auto      | 0       |
|    and_ln139_fu_1244_p2                                        |     |        | and_ln139           | and       | auto      | 0       |
|    and_ln139_1_fu_1250_p2                                      |     |        | and_ln139_1         | and       | auto      | 0       |
|    faddfsub_32ns_32ns_32_7_full_dsp_1_U109                     | 2   |        | sum_diff            | fadd      | fulldsp   | 6       |
|    icmp_ln142_fu_1439_p2                                       |     |        | icmp_ln142          | setne     | auto      | 0       |
|    icmp_ln142_1_fu_1445_p2                                     |     |        | icmp_ln142_1        | seteq     | auto      | 0       |
|    or_ln142_fu_1451_p2                                         |     |        | or_ln142            | or        | auto      | 0       |
|    and_ln142_fu_1457_p2                                        |     |        | and_ln142           | and       | auto      | 0       |
|    my_spillage_level_fu_1463_p3                                |     |        | my_spillage_level   | select    | auto_sel  | 0       |
|    sum_diff_1_fu_1665_p3                                       |     |        | sum_diff_1          | select    | auto_sel  | 0       |
|    my_spillage_level_1_fu_1470_p3                              |     |        | my_spillage_level_1 | select    | auto_sel  | 0       |
|    sparsemux_7_2_32_1_1_U134                                   |     |        | tmp_5               | sparsemux | auto      | 0       |
|    neighbor_height_3_fu_1256_p3                                |     |        | neighbor_height_3   | select    | auto_sel  | 0       |
|    icmp_ln139_4_fu_1281_p2                                     |     |        | icmp_ln139_4        | setne     | auto      | 0       |
|    icmp_ln139_5_fu_1287_p2                                     |     |        | icmp_ln139_5        | seteq     | auto      | 0       |
|    or_ln139_2_fu_1298_p2                                       |     |        | or_ln139_2          | or        | auto      | 0       |
|    and_ln139_2_fu_1302_p2                                      |     |        | and_ln139_2         | and       | auto      | 0       |
|    and_ln139_3_fu_1307_p2                                      |     |        | and_ln139_3         | and       | auto      | 0       |
|    icmp_ln142_2_fu_1511_p2                                     |     |        | icmp_ln142_2        | setne     | auto      | 0       |
|    icmp_ln142_3_fu_1517_p2                                     |     |        | icmp_ln142_3        | seteq     | auto      | 0       |
|    or_ln142_1_fu_1523_p2                                       |     |        | or_ln142_1          | or        | auto      | 0       |
|    icmp_ln142_4_fu_1529_p2                                     |     |        | icmp_ln142_4        | setne     | auto      | 0       |
|    icmp_ln142_5_fu_1535_p2                                     |     |        | icmp_ln142_5        | seteq     | auto      | 0       |
|    or_ln142_2_fu_1541_p2                                       |     |        | or_ln142_2          | or        | auto      | 0       |
|    and_ln142_1_fu_1547_p2                                      |     |        | and_ln142_1         | and       | auto      | 0       |
|    and_ln142_2_fu_1553_p2                                      |     |        | and_ln142_2         | and       | auto      | 0       |
|    my_spillage_level_2_fu_1559_p3                              |     |        | my_spillage_level_2 | select    | auto_sel  | 0       |
|    sum_diff_3_fu_1854_p3                                       |     |        | sum_diff_3          | select    | auto_sel  | 0       |
|    my_spillage_level_3_fu_1565_p3                              |     |        | my_spillage_level_3 | select    | auto_sel  | 0       |
|    new_col_1_fu_835_p2                                         |     |        | new_col_1           | add       | fabric    | 0       |
|    add_ln134_4_fu_943_p2                                       |     |        | add_ln134_4         | add       | fabric    | 0       |
|    icmp_ln128_fu_1350_p2                                       |     |        | icmp_ln128          | setgt     | auto      | 0       |
|    add_ln134_5_fu_1149_p2                                      |     |        | add_ln134_5         | add       | fabric    | 0       |
|    sparsemux_7_2_32_1_1_x_U136                                 |     |        | tmp_6               | sparsemux | auto      | 0       |
|    sitofp_32ns_32_4_no_dsp_1_U117                              |     |        | conv300_2           | sitofp    | auto      | 3       |
|    neighbor_height_5_fu_1370_p3                                |     |        | neighbor_height_5   | select    | auto_sel  | 0       |
|    icmp_ln139_6_fu_1395_p2                                     |     |        | icmp_ln139_6        | setne     | auto      | 0       |
|    icmp_ln139_7_fu_1401_p2                                     |     |        | icmp_ln139_7        | seteq     | auto      | 0       |
|    or_ln139_3_fu_1407_p2                                       |     |        | or_ln139_3          | or        | auto      | 0       |
|    and_ln139_4_fu_1411_p2                                      |     |        | and_ln139_4         | and       | auto      | 0       |
|    and_ln139_5_fu_1416_p2                                      |     |        | and_ln139_5         | and       | auto      | 0       |
|    faddfsub_32ns_32ns_32_7_full_dsp_1_U108                     | 2   |        | height_diff_2       | fsub      | fulldsp   | 6       |
|    faddfsub_32ns_32ns_32_7_full_dsp_1_U108                     | 2   |        | sum_diff_4          | fsub      | fulldsp   | 6       |
|    icmp_ln142_6_fu_1605_p2                                     |     |        | icmp_ln142_6        | setne     | auto      | 0       |
|    icmp_ln142_7_fu_1611_p2                                     |     |        | icmp_ln142_7        | seteq     | auto      | 0       |
|    or_ln142_3_fu_1617_p2                                       |     |        | or_ln142_3          | or        | auto      | 0       |
|    icmp_ln142_8_fu_1623_p2                                     |     |        | icmp_ln142_8        | setne     | auto      | 0       |
|    icmp_ln142_9_fu_1629_p2                                     |     |        | icmp_ln142_9        | seteq     | auto      | 0       |
|    or_ln142_4_fu_1635_p2                                       |     |        | or_ln142_4          | or        | auto      | 0       |
|    and_ln142_3_fu_1641_p2                                      |     |        | and_ln142_3         | and       | auto      | 0       |
|    and_ln142_4_fu_1647_p2                                      |     |        | and_ln142_4         | and       | auto      | 0       |
|    my_spillage_level_4_fu_1653_p3                              |     |        | my_spillage_level_4 | select    | auto_sel  | 0       |
|    sum_diff_5_fu_1860_p3                                       |     |        | sum_diff_5          | select    | auto_sel  | 0       |
|    my_spillage_level_5_fu_1659_p3                              |     |        | my_spillage_level_5 | select    | auto_sel  | 0       |
|    new_col_2_fu_874_p2                                         |     |        | new_col_2           | add       | fabric    | 0       |
|    mul_7ns_9ns_15_1_1_U133                                     |     |        | mul_ln72_1          | mul       | auto      | 0       |
|    add_ln134_6_fu_931_p2                                       |     |        | add_ln134_6         | add       | fabric    | 0       |
|    icmp_ln128_1_fu_1293_p2                                     |     |        | icmp_ln128_1        | setgt     | auto      | 0       |
|    add_ln134_7_fu_1127_p2                                      |     |        | add_ln134_7         | add       | fabric    | 0       |
|    sparsemux_7_2_32_1_1_x_U135                                 |     |        | tmp_11              | sparsemux | auto      | 0       |
|    sitofp_32ns_32_4_no_dsp_1_U117                              |     |        | conv300_3           | sitofp    | auto      | 3       |
|    neighbor_height_7_fu_1313_p3                                |     |        | neighbor_height_7   | select    | auto_sel  | 0       |
|    icmp_ln139_8_fu_1338_p2                                     |     |        | icmp_ln139_8        | setne     | auto      | 0       |
|    icmp_ln139_9_fu_1344_p2                                     |     |        | icmp_ln139_9        | seteq     | auto      | 0       |
|    or_ln139_4_fu_1355_p2                                       |     |        | or_ln139_4          | or        | auto      | 0       |
|    and_ln139_6_fu_1359_p2                                      |     |        | and_ln139_6         | and       | auto      | 0       |
|    and_ln139_7_fu_1364_p2                                      |     |        | and_ln139_7         | and       | auto      | 0       |
|    faddfsub_32ns_32ns_32_7_full_dsp_1_U110                     | 2   |        | sum_diff_6          | fadd      | fulldsp   | 6       |
|    icmp_ln142_10_fu_1706_p2                                    |     |        | icmp_ln142_10       | setne     | auto      | 0       |
|    icmp_ln142_11_fu_1712_p2                                    |     |        | icmp_ln142_11       | seteq     | auto      | 0       |
|    or_ln142_5_fu_1718_p2                                       |     |        | or_ln142_5          | or        | auto      | 0       |
|    icmp_ln142_12_fu_1724_p2                                    |     |        | icmp_ln142_12       | setne     | auto      | 0       |
|    icmp_ln142_13_fu_1730_p2                                    |     |        | icmp_ln142_13       | seteq     | auto      | 0       |
|    or_ln142_6_fu_1736_p2                                       |     |        | or_ln142_6          | or        | auto      | 0       |
|    fcmp_32ns_32ns_1_2_no_dsp_1_U122                            |     |        | tmp_57              | fcmp      | auto      | 1       |
|    and_ln142_5_fu_1742_p2                                      |     |        | and_ln142_5         | and       | auto      | 0       |
|    and_ln142_6_fu_1748_p2                                      |     |        | and_ln142_6         | and       | auto      | 0       |
|    my_spillage_level_6_fu_1754_p3                              |     |        | my_spillage_level_6 | select    | auto_sel  | 0       |
|    sum_diff_7_fu_1866_p3                                       |     |        | sum_diff_7          | select    | auto_sel  | 0       |
|    my_spillage_level_7_fu_1760_p3                              |     |        | my_spillage_level_7 | select    | auto_sel  | 0       |
|    icmp_ln145_fu_1800_p2                                       |     |        | icmp_ln145          | setne     | auto      | 0       |
|    icmp_ln145_1_fu_1806_p2                                     |     |        | icmp_ln145_1        | seteq     | auto      | 0       |
|    or_ln145_fu_1812_p2                                         |     |        | or_ln145            | or        | auto      | 0       |
|    icmp_ln145_2_fu_1818_p2                                     |     |        | icmp_ln145_2        | setne     | auto      | 0       |
|    icmp_ln145_3_fu_1824_p2                                     |     |        | icmp_ln145_3        | seteq     | auto      | 0       |
|    or_ln145_1_fu_1830_p2                                       |     |        | or_ln145_1          | or        | auto      | 0       |
|    and_ln145_fu_1836_p2                                        |     |        | and_ln145           | and       | auto      | 0       |
|    and_ln145_1_fu_1842_p2                                      |     |        | and_ln145_1         | and       | auto      | 0       |
|    my_spillage_level_8_fu_1848_p3                              |     |        | my_spillage_level_8 | select    | auto_sel  | 0       |
|    icmp_ln148_fu_1889_p2                                       |     |        | icmp_ln148          | setne     | auto      | 0       |
|    icmp_ln148_1_fu_1895_p2                                     |     |        | icmp_ln148_1        | seteq     | auto      | 0       |
|    or_ln148_fu_1901_p2                                         |     |        | or_ln148            | or        | auto      | 0       |
|    and_ln148_fu_1907_p2                                        |     |        | and_ln148           | and       | auto      | 0       |
|    icmp_ln151_fu_1930_p2                                       |     |        | icmp_ln151          | setne     | auto      | 0       |
|    icmp_ln151_1_fu_1936_p2                                     |     |        | icmp_ln151_1        | seteq     | auto      | 0       |
|    or_ln151_fu_1942_p2                                         |     |        | or_ln151            | or        | auto      | 0       |
|    and_ln151_fu_1946_p2                                        |     |        | and_ln151           | and       | auto      | 0       |
|    notlhs178_fu_1964_p2                                        |     |        | notlhs178           | setne     | auto      | 0       |
|    notrhs179_fu_1970_p2                                        |     |        | notrhs179           | seteq     | auto      | 0       |
|    empty_78_fu_2160_p2                                         |     |        | empty_78            | or        | auto      | 0       |
|    empty_79_fu_2164_p2                                         |     |        | empty_79            | and       | auto      | 0       |
|    fcmp_32ns_32ns_1_2_no_dsp_1_U123                            |     |        | tmp_68              | fcmp      | auto      | 1       |
|    empty_80_fu_2169_p2                                         |     |        | empty_80            | and       | auto      | 0       |
|    faddfsub_32ns_32ns_32_7_full_dsp_1_U108                     | 2   |        | sub6                | fsub      | fulldsp   | 6       |
|    icmp_ln175_fu_1993_p2                                       |     |        | icmp_ln175          | setne     | auto      | 0       |
|    icmp_ln175_1_fu_1999_p2                                     |     |        | icmp_ln175_1        | seteq     | auto      | 0       |
|    or_ln175_fu_2005_p2                                         |     |        | or_ln175            | or        | auto      | 0       |
|    and_ln175_fu_2011_p2                                        |     |        | and_ln175           | and       | auto      | 0       |
|    fcmp_32ns_32ns_1_2_no_dsp_1_U122                            |     |        | tmp_70              | fcmp      | auto      | 1       |
|    and_ln175_1_fu_2016_p2                                      |     |        | and_ln175_1         | and       | auto      | 0       |
|    faddfsub_32ns_32ns_32_7_full_dsp_1_U109                     | 2   |        | sub7                | fadd      | fulldsp   | 6       |
|    add_ln168_fu_2193_p2                                        |     |        | add_ln168           | add       | fabric    | 0       |
|    icmp_ln175_2_fu_2039_p2                                     |     |        | icmp_ln175_2        | setne     | auto      | 0       |
|    icmp_ln175_3_fu_2045_p2                                     |     |        | icmp_ln175_3        | seteq     | auto      | 0       |
|    or_ln175_1_fu_2051_p2                                       |     |        | or_ln175_1          | or        | auto      | 0       |
|    and_ln175_2_fu_2057_p2                                      |     |        | and_ln175_2         | and       | auto      | 0       |
|    fcmp_32ns_32ns_1_2_no_dsp_1_U123                            |     |        | tmp_73              | fcmp      | auto      | 1       |
|    and_ln175_3_fu_2062_p2                                      |     |        | and_ln175_3         | and       | auto      | 0       |
|    faddfsub_32ns_32ns_32_7_full_dsp_1_U110                     | 2   |        | sub400_1            | fadd      | fulldsp   | 6       |
|    add_ln168_1_fu_2237_p2                                      |     |        | add_ln168_1         | add       | fabric    | 0       |
|    icmp_ln175_4_fu_2085_p2                                     |     |        | icmp_ln175_4        | setne     | auto      | 0       |
|    icmp_ln175_5_fu_2091_p2                                     |     |        | icmp_ln175_5        | seteq     | auto      | 0       |
|    or_ln175_2_fu_2097_p2                                       |     |        | or_ln175_2          | or        | auto      | 0       |
|    and_ln175_4_fu_2103_p2                                      |     |        | and_ln175_4         | and       | auto      | 0       |
|    fcmp_32ns_32ns_1_2_no_dsp_1_U122                            |     |        | tmp_76              | fcmp      | auto      | 1       |
|    and_ln175_5_fu_2108_p2                                      |     |        | and_ln175_5         | and       | auto      | 0       |
|    faddfsub_32ns_32ns_32_7_full_dsp_1_U109                     | 2   |        | sub400_2            | fadd      | fulldsp   | 6       |
|    add_ln168_2_fu_2282_p2                                      |     |        | add_ln168_2         | add       | fabric    | 0       |
|    icmp_ln175_6_fu_2131_p2                                     |     |        | icmp_ln175_6        | setne     | auto      | 0       |
|    icmp_ln175_7_fu_2137_p2                                     |     |        | icmp_ln175_7        | seteq     | auto      | 0       |
|    or_ln175_3_fu_2143_p2                                       |     |        | or_ln175_3          | or        | auto      | 0       |
|    and_ln175_6_fu_2149_p2                                      |     |        | and_ln175_6         | and       | auto      | 0       |
|    fcmp_32ns_32ns_1_2_no_dsp_1_U123                            |     |        | tmp_79              | fcmp      | auto      | 1       |
|    and_ln175_7_fu_2154_p2                                      |     |        | and_ln175_7         | and       | auto      | 0       |
|    faddfsub_32ns_32ns_32_7_full_dsp_1_U110                     | 2   |        | sub400_3            | fadd      | fulldsp   | 6       |
|    add_ln168_3_fu_2336_p2                                      |     |        | add_ln168_3         | add       | fabric    | 0       |
|    add_ln110_fu_719_p2                                         |     |        | add_ln110           | add       | fabric    | 0       |
|   + p_hls_fptosi_float_i32 (grp_p_hls_fptosi_float_i32_fu_498) | 0   |        |                     |           |           |         |
|     add_ln317_fu_86_p2                                         |     |        | add_ln317           | add       | fabric    | 0       |
|     sub_ln18_fu_100_p2                                         |     |        | sub_ln18            | sub       | fabric    | 0       |
|     select_ln18_fu_110_p3                                      |     |        | select_ln18         | select    | auto_sel  | 0       |
|     lshr_ln18_fu_126_p2                                        |     |        | lshr_ln18           | lshr      | auto_pipe | 0       |
|     shl_ln18_fu_132_p2                                         |     |        | shl_ln18            | shl       | auto_pipe | 0       |
|     val_fu_158_p3                                              |     |        | val                 | select    | auto_sel  | 0       |
|     result_1_fu_166_p2                                         |     |        | result_1            | sub       | fabric    | 0       |
|     ap_return                                                  |     |        | result_2            | select    | auto_sel  | 0       |
|   + p_hls_fptosi_float_i32 (grp_p_hls_fptosi_float_i32_fu_503) | 0   |        |                     |           |           |         |
|     add_ln317_fu_86_p2                                         |     |        | add_ln317           | add       | fabric    | 0       |
|     sub_ln18_fu_100_p2                                         |     |        | sub_ln18            | sub       | fabric    | 0       |
|     select_ln18_fu_110_p3                                      |     |        | select_ln18         | select    | auto_sel  | 0       |
|     lshr_ln18_fu_126_p2                                        |     |        | lshr_ln18           | lshr      | auto_pipe | 0       |
|     shl_ln18_fu_132_p2                                         |     |        | shl_ln18            | shl       | auto_pipe | 0       |
|     val_fu_158_p3                                              |     |        | val                 | select    | auto_sel  | 0       |
|     result_1_fu_166_p2                                         |     |        | result_1            | sub       | fabric    | 0       |
|     ap_return                                                  |     |        | result_2            | select    | auto_sel  | 0       |
|  + do_compute_Pipeline_VITIS_LOOP_93_8                         | 69  |        |                     |           |           |         |
|    icmp_ln93_fu_445_p2                                         |     |        | icmp_ln93           | setne     | auto      | 0       |
|    icmp_ln93_1_fu_451_p2                                       |     |        | icmp_ln93_1         | seteq     | auto      | 0       |
|    or_ln93_fu_457_p2                                           |     |        | or_ln93             | or        | auto      | 0       |
|    icmp_ln93_2_fu_463_p2                                       |     |        | icmp_ln93_2         | setne     | auto      | 0       |
|    icmp_ln93_3_fu_468_p2                                       |     |        | icmp_ln93_3         | seteq     | auto      | 0       |
|    or_ln93_1_fu_473_p2                                         |     |        | or_ln93_1           | or        | auto      | 0       |
|    and_ln93_fu_479_p2                                          |     |        | and_ln93            | and       | auto      | 0       |
|    and_ln93_1_fu_485_p2                                        |     |        | and_ln93_1          | and       | auto      | 0       |
|    dadd_64ns_64ns_64_5_full_dsp_1_U74                          | 3   |        | add5                | dadd      | fulldsp   | 4       |
|    dsqrt_64ns_64ns_64_21_no_dsp_1_U75                          |     |        | tmp_3               | dsqrt     | fabric    | 20      |
|    fptrunc_64ns_32_2_no_dsp_1_U70                              |     |        | distance            | fptrunc   | auto      | 1       |
|    icmp_ln97_fu_528_p2                                         |     |        | icmp_ln97           | setne     | auto      | 0       |
|    icmp_ln97_1_fu_534_p2                                       |     |        | icmp_ln97_1         | seteq     | auto      | 0       |
|    or_ln97_fu_540_p2                                           |     |        | or_ln97             | or        | auto      | 0       |
|    icmp_ln97_2_fu_500_p2                                       |     |        | icmp_ln97_2         | setne     | auto      | 0       |
|    icmp_ln97_3_fu_546_p2                                       |     |        | icmp_ln97_3         | seteq     | auto      | 0       |
|    or_ln97_1_fu_551_p2                                         |     |        | or_ln97_1           | or        | auto      | 0       |
|    and_ln97_fu_556_p2                                          |     |        | and_ln97            | and       | auto      | 0       |
|    and_ln97_1_fu_562_p2                                        |     |        | and_ln97_1          | and       | auto      | 0       |
|    fsqrt_32ns_32ns_32_12_no_dsp_1_U73                          |     |        | tmp_12              | fsqrt     | fabric    | 11      |
|    icmp_ln98_fu_640_p2                                         |     |        | icmp_ln98           | setne     | auto      | 0       |
|    icmp_ln98_1_fu_646_p2                                       |     |        | icmp_ln98_1         | seteq     | auto      | 0       |
|    or_ln98_fu_652_p2                                           |     |        | or_ln98             | or        | auto      | 0       |
|    and_ln98_fu_658_p2                                          |     |        | and_ln98            | and       | auto      | 0       |
|    select_ln98_fu_664_p3                                       |     |        | select_ln98         | select    | auto_sel  | 0       |
|    mac_muladd_11s_5ns_11ns_11_4_1_U79                          | 1   |        | mul_ln101           | mul       | dsp_slice | 3       |
|    mac_muladd_11s_5ns_11ns_11_4_1_U79                          | 1   |        | add_ln101_1         | add       | dsp_slice | 3       |
|    select_ln101_1_fu_594_p3                                    |     |        | select_ln101_1      | select    | auto_sel  | 0       |
|    grp_fu_606_p0                                               |     |        | xor_ln101           | xor       | auto      | 0       |
|    urem_32ns_3ns_2_36_1_U77                                    |     |        | urem_ln101          | urem      | auto      | 35      |
|    sub_ln101_fu_681_p2                                         |     |        | sub_ln101           | sub       | fabric    | 0       |
|    select_ln101_fu_687_p3                                      |     |        | select_ln101        | select    | auto_sel  | 0       |
|    sparsemux_7_2_32_1_1_U78                                    |     |        | tmp_16              | sparsemux | auto      | 0       |
|    add_ln101_fu_730_p2                                         |     |        | add_ln101           | add       | fabric    | 0       |
|    add_ln102_fu_752_p2                                         |     |        | add_ln102           | add       | fabric    | 0       |
|   + pow_generic_double_s                                       | 65  |        |                     |           |           |         |
|     b_exp_fu_630_p2                                            |     |        | b_exp               | add       | fabric    | 0       |
|     icmp_ln340_fu_636_p2                                       |     |        | icmp_ln340          | seteq     | auto      | 0       |
|     icmp_ln340_1_fu_642_p2                                     |     |        | icmp_ln340_1        | seteq     | auto      | 0       |
|     x_is_1_fu_648_p2                                           |     |        | x_is_1              | and       | auto      | 0       |
|     xor_ln341_fu_662_p2                                        |     |        | xor_ln341           | xor       | auto      | 0       |
|     x_is_p1_fu_668_p2                                          |     |        | x_is_p1             | and       | auto      | 0       |
|     icmp_ln18_fu_674_p2                                        |     |        | icmp_ln18           | seteq     | auto      | 0       |
|     xor_ln18_fu_2060_p2                                        |     |        | xor_ln18            | xor       | auto      | 0       |
|     x_is_NaN_fu_2065_p2                                        |     |        | x_is_NaN            | and       | auto      | 0       |
|     or_ln378_fu_2070_p2                                        |     |        | or_ln378            | or        | auto      | 0       |
|     select_ln378_fu_2075_p3                                    |     |        | select_ln378        | select    | auto_sel  | 0       |
|     or_ln378_1_fu_2082_p2                                      |     |        | or_ln378_1          | or        | auto      | 0       |
|     select_ln378_1_fu_2087_p3                                  |     |        | select_ln378_1      | select    | auto_sel  | 0       |
|     or_ln378_2_fu_2095_p2                                      |     |        | or_ln378_2          | or        | auto      | 0       |
|     select_ln378_2_fu_2099_p3                                  |     |        | select_ln378_2      | select    | auto_sel  | 0       |
|     UnifiedRetVal_fu_2153_p2                                   |     |        | select_ln378_3      | select    | auto_sel  | 0       |
|     b_exp_1_fu_698_p2                                          |     |        | b_exp_1             | add       | fabric    | 0       |
|     b_frac_2_fu_773_p3                                         |     |        | b_frac_2            | select    | auto_sel  | 0       |
|     b_exp_2_fu_704_p3                                          |     |        | b_exp_2             | select    | auto_sel  | 0       |
|     mul_12s_80ns_90_5_0_U21                                    | 5   |        | Elog2               | mul       | auto      | 4       |
|     mul_54s_6ns_54_3_0_U27                                     | 3   |        | mul_ln516           | mul       | auto      | 2       |
|     select_ln42_fu_848_p3                                      |     |        | select_ln42         | select    | auto_sel  | 0       |
|     mul_71ns_4ns_75_5_0_U34                                    |     |        | mul_ln44            | mul       | auto      | 4       |
|     mul_73ns_6ns_79_5_0_U28                                    | 4   |        | mul_ln44_1          | mul       | auto      | 4       |
|     mul_83ns_6ns_89_5_0_U31                                    | 5   |        | mul_ln44_2          | mul       | auto      | 4       |
|     mul_92ns_6ns_98_5_0_U33                                    | 5   |        | mul_ln44_3          | mul       | auto      | 4       |
|     mul_87ns_6ns_93_5_0_U32                                    | 5   |        | mul_ln44_4          | mul       | auto      | 4       |
|     mul_82ns_6ns_88_5_0_U30                                    | 5   |        | mul_ln44_5          | mul       | auto      | 4       |
|     mul_77ns_6ns_83_5_0_U29                                    | 4   |        | mul_ln44_6          | mul       | auto      | 4       |
|     add_ln209_fu_1488_p2                                       |     |        | add_ln209           | add       | fabric    | 0       |
|     add_ln209_1_fu_1494_p2                                     |     |        | add_ln209_1         | add       | fabric    | 0       |
|     add_ln209_4_fu_1506_p2                                     |     |        | add_ln209_4         | add       | fabric    | 0       |
|     mul_40ns_40ns_80_2_0_U23                                   | 5   |        | mul_ln522           | mul       | auto      | 1       |
|     sub_ln522_fu_1563_p2                                       |     |        | sub_ln522           | sub       | fabric    | 0       |
|     mac_muladd_16s_15ns_19s_31_4_0_U36                         | 1   |        | mul_ln563           | mul       | dsp_slice | 3       |
|     mac_muladd_16s_15ns_19s_31_4_0_U36                         | 1   |        | add_ln563           | add       | dsp_slice | 3       |
|     icmp_ln563_fu_1667_p2                                      |     |        | icmp_ln563          | setne     | auto      | 0       |
|     add_ln563_1_fu_1673_p2                                     |     |        | add_ln563_1         | add       | fabric    | 0       |
|     select_ln563_fu_1679_p3                                    |     |        | select_ln563        | select    | auto_sel  | 0       |
|     r_exp_fu_1687_p3                                           |     |        | r_exp               | select    | auto_sel  | 0       |
|     mul_13s_71s_71_5_0_U22                                     | 4   |        | mul_ln568           | mul       | auto      | 4       |
|     sub_ln574_fu_1709_p2                                       |     |        | sub_ln574           | sub       | fabric    | 0       |
|     exp_Z4_m_1_fu_1784_p2                                      |     |        | exp_Z4_m_1          | add       | fabric    | 0       |
|     mul_43ns_36ns_79_2_0_U24                                   | 4   |        | mul_ln258           | mul       | auto      | 1       |
|     add_ln261_fu_1827_p2                                       |     |        | add_ln261           | add       | fabric    | 0       |
|     exp_Z2P_m_1_fu_1836_p2                                     |     |        | exp_Z2P_m_1         | add       | fabric    | 0       |
|     mul_49ns_44ns_93_3_0_U25                                   | 6   |        | mul_ln277           | mul       | auto      | 2       |
|     add_ln280_fu_1900_p2                                       |     |        | add_ln280           | add       | fabric    | 0       |
|     exp_Z1P_m_1_l_fu_1909_p2                                   |     |        | exp_Z1P_m_1_l       | add       | fabric    | 0       |
|     add_ln616_fu_1943_p2                                       |     |        | add_ln616           | add       | fabric    | 0       |
|     mul_50ns_50ns_100_3_0_U26                                  | 9   |        | mul_ln616           | mul       | auto      | 2       |
|     add_ln616_1_fu_1958_p2                                     |     |        | add_ln616_1         | add       | fabric    | 0       |
|     r_exp_1_fu_1972_p2                                         |     |        | r_exp_1             | add       | fabric    | 0       |
|     r_exp_2_fu_1977_p3                                         |     |        | r_exp_2             | select    | auto_sel  | 0       |
|     icmp_ln628_fu_1994_p2                                      |     |        | icmp_ln628          | setgt     | auto      | 0       |
|     UnifiedRetVal_fu_2153_p4                                   |     |        | select_ln629        | select    | auto_sel  | 0       |
|     icmp_ln645_fu_2000_p2                                      |     |        | icmp_ln645          | setlt     | auto      | 0       |
|     out_sig_fu_2026_p3                                         |     |        | out_sig             | select    | auto_sel  | 0       |
|     out_exp_fu_2122_p2                                         |     |        | out_exp             | add       | fabric    | 0       |
|     icmp_ln378_fu_717_p2                                       |     |        | icmp_ln378          | seteq     | auto      | 0       |
|     or_ln378_3_fu_2140_p2                                      |     |        | or_ln378_3          | or        | auto      | 0       |
|     xor_ln340_fu_723_p2                                        |     |        | xor_ln340           | xor       | auto      | 0       |
|     icmp_ln378_1_fu_729_p2                                     |     |        | icmp_ln378_1        | setne     | auto      | 0       |
|     icmp_ln378_2_fu_735_p2                                     |     |        | icmp_ln378_2        | setne     | auto      | 0       |
|     and_ln378_fu_741_p2                                        |     |        | and_ln378           | and       | auto      | 0       |
|     and_ln378_1_fu_747_p2                                      |     |        | and_ln378_1         | and       | auto      | 0       |
|     and_ln628_fu_2038_p2                                       |     |        | and_ln628           | and       | auto      | 0       |
|     xor_ln628_fu_2043_p2                                       |     |        | xor_ln628           | xor       | auto      | 0       |
|     and_ln645_fu_2049_p2                                       |     |        | and_ln645           | and       | auto      | 0       |
|     and_ln645_1_fu_2055_p2                                     |     |        | and_ln645_1         | and       | auto      | 0       |
|     sparsemux_9_3_64_1_0_U35                                   |     |        | UnifiedRetVal       | sparsemux | auto      | 0       |
|   + p_hls_fptosi_float_i32 (grp_p_hls_fptosi_float_i32_fu_350) | 0   |        |                     |           |           |         |
|     add_ln317_fu_86_p2                                         |     |        | add_ln317           | add       | fabric    | 0       |
|     sub_ln18_fu_100_p2                                         |     |        | sub_ln18            | sub       | fabric    | 0       |
|     select_ln18_fu_110_p3                                      |     |        | select_ln18         | select    | auto_sel  | 0       |
|     lshr_ln18_fu_126_p2                                        |     |        | lshr_ln18           | lshr      | auto_pipe | 0       |
|     shl_ln18_fu_132_p2                                         |     |        | shl_ln18            | shl       | auto_pipe | 0       |
|     val_fu_158_p3                                              |     |        | val                 | select    | auto_sel  | 0       |
|     result_1_fu_166_p2                                         |     |        | result_1            | sub       | fabric    | 0       |
|     ap_return                                                  |     |        | result_2            | select    | auto_sel  | 0       |
|  + do_compute_Pipeline_PROPAGATION_ROWS_PROPAGATION_COLS       | 7   |        |                     |           |           |         |
|    icmp_ln191_fu_404_p2                                        |     |        | icmp_ln191          | seteq     | auto      | 0       |
|    add_ln191_1_fu_410_p2                                       |     |        | add_ln191_1         | add       | fabric    | 0       |
|    add_ln191_fu_422_p2                                         |     |        | add_ln191           | add       | fabric    | 0       |
|    icmp_ln193_fu_428_p2                                        |     |        | icmp_ln193          | seteq     | auto      | 0       |
|    select_ln52_fu_434_p3                                       |     |        | select_ln52         | select    | auto_sel  | 0       |
|    select_ln191_fu_442_p3                                      |     |        | select_ln191        | select    | auto_sel  | 0       |
|    mac_muladd_6ns_5ns_6ns_11_4_1_U165                          | 1   |        | mul_ln196           | mul       | dsp_slice | 3       |
|    mul_7ns_9ns_15_1_1_U163                                     |     |        | mul_ln52            | mul       | auto      | 0       |
|    mac_muladd_6ns_5ns_6ns_11_4_1_U165                          | 1   |        | add_ln196           | add       | dsp_slice | 3       |
|    urem_7ns_3ns_2_11_1_U162                                    |     |        | urem_ln52           | urem      | auto      | 10      |
|    sparsemux_7_2_32_1_1_U164                                   |     |        | wl                  | sparsemux | auto      | 0       |
|    icmp_ln199_fu_568_p2                                        |     |        | icmp_ln199          | setne     | auto      | 0       |
|    icmp_ln199_1_fu_574_p2                                      |     |        | icmp_ln199_1        | seteq     | auto      | 0       |
|    or_ln199_fu_586_p2                                          |     |        | or_ln199            | or        | auto      | 0       |
|    and_ln199_fu_590_p2                                         |     |        | and_ln199           | and       | auto      | 0       |
|    fmul_32ns_32ns_32_4_max_dsp_1_U158                          | 3   |        | spill               | fmul      | maxdsp    | 3       |
|    fmul_32ns_32ns_32_4_max_dsp_1_U158                          | 3   |        | mul5                | fmul      | maxdsp    | 3       |
|    wl_1_fu_811_p2                                              |     |        | wl_1                | sub       | fabric    | 0       |
|    icmp_ln207_fu_689_p2                                        |     |        | icmp_ln207          | setne     | auto      | 0       |
|    icmp_ln207_1_fu_695_p2                                      |     |        | icmp_ln207_1        | seteq     | auto      | 0       |
|    or_ln207_fu_701_p2                                          |     |        | or_ln207            | or        | auto      | 0       |
|    icmp_ln207_2_fu_770_p2                                      |     |        | icmp_ln207_2        | setne     | auto      | 0       |
|    icmp_ln207_3_fu_776_p2                                      |     |        | icmp_ln207_3        | seteq     | auto      | 0       |
|    or_ln207_1_fu_782_p2                                        |     |        | or_ln207_1          | or        | auto      | 0       |
|    and_ln207_fu_788_p2                                         |     |        | and_ln207           | and       | auto      | 0       |
|    and_ln207_1_fu_793_p2                                       |     |        | and_ln207_1         | and       | auto      | 0       |
|    max_spillage_iter_1_fu_799_p3                               |     |        | max_spillage_iter_1 | select    | auto_sel  | 0       |
|    icmp_ln211_fu_655_p2                                        |     |        | icmp_ln211          | setne     | auto      | 0       |
|    icmp_ln211_1_fu_661_p2                                      |     |        | icmp_ln211_1        | seteq     | auto      | 0       |
|    or_ln211_fu_707_p2                                          |     |        | or_ln211            | or        | auto      | 0       |
|    and_ln211_fu_711_p2                                         |     |        | and_ln211           | and       | auto      | 0       |
|    and_ln211_1_fu_717_p2                                       |     |        | and_ln211_1         | and       | auto      | 0       |
|    fmul_32ns_32ns_32_4_max_dsp_1_U157                          | 3   |        | div468_3            | fmul      | maxdsp    | 3       |
|    fmul_32ns_32ns_32_4_max_dsp_1_U157                          | 3   |        | mul469_3            | fmul      | maxdsp    | 3       |
|    add_ln193_fu_460_p2                                         |     |        | add_ln193           | add       | fabric    | 0       |
|   + p_hls_fptosi_float_i32 (grp_p_hls_fptosi_float_i32_fu_317) | 0   |        |                     |           |           |         |
|     add_ln317_fu_86_p2                                         |     |        | add_ln317           | add       | fabric    | 0       |
|     sub_ln18_fu_100_p2                                         |     |        | sub_ln18            | sub       | fabric    | 0       |
|     select_ln18_fu_110_p3                                      |     |        | select_ln18         | select    | auto_sel  | 0       |
|     lshr_ln18_fu_126_p2                                        |     |        | lshr_ln18           | lshr      | auto_pipe | 0       |
|     shl_ln18_fu_132_p2                                         |     |        | shl_ln18            | shl       | auto_pipe | 0       |
|     val_fu_158_p3                                              |     |        | val                 | select    | auto_sel  | 0       |
|     result_1_fu_166_p2                                         |     |        | result_1            | sub       | fabric    | 0       |
|     ap_return                                                  |     |        | result_2            | select    | auto_sel  | 0       |
|   + p_hls_fptosi_float_i32 (grp_p_hls_fptosi_float_i32_fu_322) | 0   |        |                     |           |           |         |
|     add_ln317_fu_86_p2                                         |     |        | add_ln317           | add       | fabric    | 0       |
|     sub_ln18_fu_100_p2                                         |     |        | sub_ln18            | sub       | fabric    | 0       |
|     select_ln18_fu_110_p3                                      |     |        | select_ln18         | select    | auto_sel  | 0       |
|     lshr_ln18_fu_126_p2                                        |     |        | lshr_ln18           | lshr      | auto_pipe | 0       |
|     shl_ln18_fu_132_p2                                         |     |        | shl_ln18            | shl       | auto_pipe | 0       |
|     val_fu_158_p3                                              |     |        | val                 | select    | auto_sel  | 0       |
|     result_1_fu_166_p2                                         |     |        | result_1            | sub       | fabric    | 0       |
|     ap_return                                                  |     |        | result_2            | select    | auto_sel  | 0       |
|   + p_hls_fptosi_float_i32 (grp_p_hls_fptosi_float_i32_fu_327) | 0   |        |                     |           |           |         |
|     add_ln317_fu_86_p2                                         |     |        | add_ln317           | add       | fabric    | 0       |
|     sub_ln18_fu_100_p2                                         |     |        | sub_ln18            | sub       | fabric    | 0       |
|     select_ln18_fu_110_p3                                      |     |        | select_ln18         | select    | auto_sel  | 0       |
|     lshr_ln18_fu_126_p2                                        |     |        | lshr_ln18           | lshr      | auto_pipe | 0       |
|     shl_ln18_fu_132_p2                                         |     |        | shl_ln18            | shl       | auto_pipe | 0       |
|     val_fu_158_p3                                              |     |        | val                 | select    | auto_sel  | 0       |
|     result_1_fu_166_p2                                         |     |        | result_1            | sub       | fabric    | 0       |
|     ap_return                                                  |     |        | result_2            | select    | auto_sel  | 0       |
|  + do_compute_Pipeline_VITIS_LOOP_234_13_VITIS_LOOP_235_14     | 0   |        |                     |           |           |         |
|    icmp_ln234_fu_170_p2                                        |     |        | icmp_ln234          | seteq     | auto      | 0       |
|    add_ln234_1_fu_176_p2                                       |     |        | add_ln234_1         | add       | fabric    | 0       |
|    add_ln234_fu_188_p2                                         |     |        | add_ln234           | add       | fabric    | 0       |
|    icmp_ln235_fu_194_p2                                        |     |        | icmp_ln235          | seteq     | auto      | 0       |
|    select_ln52_fu_200_p3                                       |     |        | select_ln52         | select    | auto_sel  | 0       |
|    select_ln234_fu_208_p3                                      |     |        | select_ln234        | select    | auto_sel  | 0       |
|    add_ln235_fu_216_p2                                         |     |        | add_ln235           | add       | fabric    | 0       |
+----------------------------------------------------------------+-----+--------+---------------------+-----------+-----------+---------+


================================================================
== Storage Report
================================================================
+-----------------------------------------------------------------------------+--------------+------+------+------+--------+-----------------------------------------------------------------------+------+---------+------------------+
| Name                                                                        | Usage        | Type | BRAM | URAM | Pragma | Variable                                                              | Impl | Latency | Bitwidth, Depth, |
|                                                                             |              |      |      |      |        |                                                                       |      |         | Banks            |
+-----------------------------------------------------------------------------+--------------+------+------+------+--------+-----------------------------------------------------------------------+------+---------+------------------+
| + do_compute                                                                |              |      | 113  | 0    |        |                                                                       |      |         |                  |
|   water_level_U                                                             | rom_np array |      | 4    |      |        | water_level                                                           | auto | 1       | 32, 1620, 1      |
|   water_level_1_U                                                           | rom_np array |      | 4    |      |        | water_level_1                                                         | auto | 1       | 32, 1620, 1      |
|   water_level_2_U                                                           | rom_np array |      | 4    |      |        | water_level_2                                                         | auto | 1       | 32, 1620, 1      |
|   spillage_flag_U                                                           | ram_1p array |      | 16   |      |        | spillage_flag                                                         | auto | 1       | 32, 4800, 1      |
|   spillage_level_U                                                          | ram_1p array |      | 16   |      |        | spillage_level                                                        | auto | 1       | 32, 4800, 1      |
|   spillage_from_neigh_U                                                     | ram_1p array |      | 16   |      |        | spillage_from_neigh                                                   | auto | 1       | 32, 4800, 1      |
|   spillage_from_neigh_1_U                                                   | ram_1p array |      | 16   |      |        | spillage_from_neigh_1                                                 | auto | 1       | 32, 4800, 1      |
|   spillage_from_neigh_2_U                                                   | ram_1p array |      | 16   |      |        | spillage_from_neigh_2                                                 | auto | 1       | 32, 4800, 1      |
|   spillage_from_neigh_3_U                                                   | ram_1p array |      | 16   |      |        | spillage_from_neigh_3                                                 | auto | 1       | 32, 4800, 1      |
|  + do_compute_Pipeline_VITIS_LOOP_93_8                                      |              |      | 5    | 0    |        |                                                                       |      |         |                  |
|   + pow_generic_double_s                                                    |              |      | 5    | 0    |        |                                                                       |      |         |                  |
|     pow_reduce_anonymous_namespace_log_inverse_lut_table_pow_0_5_64_array_U | rom_1p       |      |      |      |        | pow_reduce_anonymous_namespace_log_inverse_lut_table_pow_0_5_64_array | auto | 1       | 6, 64, 1         |
|     pow_reduce_anonymous_namespace_log0_lut_table_array_U                   | rom_1p       |      |      |      |        | pow_reduce_anonymous_namespace_log0_lut_table_array                   | auto | 1       | 109, 64, 1       |
|     pow_reduce_anonymous_namespace_log_lut_table_ap_fixed_4_4_16_array_U    | rom_1p       |      |      |      |        | pow_reduce_anonymous_namespace_log_lut_table_ap_fixed_4_4_16_array    | auto | 1       | 105, 16, 1       |
|     pow_reduce_anonymous_namespace_log_lut_table_ap_fixed_7_6_64_array_U    | rom_1p       |      |      |      |        | pow_reduce_anonymous_namespace_log_lut_table_ap_fixed_7_6_64_array    | auto | 1       | 102, 64, 1       |
|     pow_reduce_anonymous_namespace_log_lut_table_ap_fixed_12_6_64_array_U   | rom_1p       |      |      |      |        | pow_reduce_anonymous_namespace_log_lut_table_ap_fixed_12_6_64_array   | auto | 1       | 97, 64, 1        |
|     pow_reduce_anonymous_namespace_log_lut_table_ap_fixed_17_6_64_array_U   | rom_1p       |      |      |      |        | pow_reduce_anonymous_namespace_log_lut_table_ap_fixed_17_6_64_array   | auto | 1       | 92, 64, 1        |
|     pow_reduce_anonymous_namespace_log_lut_table_ap_fixed_22_6_64_array_U   | rom_1p       |      |      |      |        | pow_reduce_anonymous_namespace_log_lut_table_ap_fixed_22_6_64_array   | auto | 1       | 87, 64, 1        |
|     pow_reduce_anonymous_namespace_log_lut_table_ap_fixed_27_6_64_array_U   | rom_1p       |      |      |      |        | pow_reduce_anonymous_namespace_log_lut_table_ap_fixed_27_6_64_array   | auto | 1       | 82, 64, 1        |
|     pow_reduce_anonymous_namespace_log_lut_table_ap_fixed_32_6_64_array_U   | rom_1p       |      |      |      |        | pow_reduce_anonymous_namespace_log_lut_table_ap_fixed_32_6_64_array   | auto | 1       | 77, 64, 1        |
|     pow_reduce_anonymous_namespace_table_exp_Z1_ap_ufixed_array_U           | rom_1p       |      | 2    |      |        | pow_reduce_anonymous_namespace_table_exp_Z1_ap_ufixed_array           | auto | 1       | 58, 256, 1       |
|     pow_reduce_anonymous_namespace_table_f_Z3_ap_ufixed_array_U             | rom_2p       |      | 1    |      |        | pow_reduce_anonymous_namespace_table_f_Z3_ap_ufixed_array             | auto | 1       | 26, 256, 1       |
|     pow_reduce_anonymous_namespace_table_f_Z2_ap_ufixed_array_U             | rom_1p       |      | 2    |      |        | pow_reduce_anonymous_namespace_table_f_Z2_ap_ufixed_array             | auto | 1       | 42, 256, 1       |
+-----------------------------------------------------------------------------+--------------+------+------+------+--------+-----------------------------------------------------------------------+------+---------+------------------+


================================================================
== Pragma Report
================================================================
  No pragmas found

