

================================================================
== Vitis HLS Report for 'do_compute_Pipeline_VITIS_LOOP_76_5'
================================================================
* Date:           Sun May 17 18:42:47 2026

* Version:        2024.1 (Build 5069499 on May 21 2024)
* Project:        .small_mountains_base_enabled
* Solution:       solution_FLOOD_HLS_base (Vivado IP Flow Target)
* Product family: virtexuplusHBM
* Target device:  xcu50-fsvh2104-2-e


================================================================
== Performance Estimates
================================================================
+ Timing: 
    * Summary: 
    +--------+---------+----------+------------+
    |  Clock |  Target | Estimated| Uncertainty|
    +--------+---------+----------+------------+
    |ap_clk  |  4.00 ns|  2.342 ns|     1.08 ns|
    +--------+---------+----------+------------+

+ Latency: 
    * Summary: 
    +---------+---------+----------+----------+-----+-----+-----------------------------------------------+
    |  Latency (cycles) |  Latency (absolute) |  Interval |                    Pipeline                   |
    |   min   |   max   |    min   |    max   | min | max |                      Type                     |
    +---------+---------+----------+----------+-----+-----+-----------------------------------------------+
    |       31|       31|  0.124 us|  0.124 us|   10|   10|  loop auto-rewind stp(delay=0 clock cycles(s))|
    +---------+---------+----------+----------+-----+-----+-----------------------------------------------+

    + Detail: 
        * Instance: 
        N/A

        * Loop: 
        +-------------------+---------+---------+----------+-----------+-----------+------+----------+
        |                   |  Latency (cycles) | Iteration|  Initiation Interval  | Trip |          |
        |     Loop Name     |   min   |   max   |  Latency |  achieved |   target  | Count| Pipelined|
        +-------------------+---------+---------+----------+-----------+-----------+------+----------+
        |- VITIS_LOOP_76_5  |       29|       29|        22|          1|          1|     9|       yes|
        +-------------------+---------+---------+----------+-----------+-----------+------+----------+



================================================================
== Utilization Estimates
================================================================
* Summary: 
+---------------------+---------+------+---------+--------+-----+
|         Name        | BRAM_18K|  DSP |    FF   |   LUT  | URAM|
+---------------------+---------+------+---------+--------+-----+
|DSP                  |        -|     -|        -|       -|    -|
|Expression           |        -|     -|        0|      26|    -|
|FIFO                 |        -|     -|        -|       -|    -|
|Instance             |        -|     -|        -|       -|    -|
|Memory               |        -|     -|        -|       -|    -|
|Multiplexer          |        -|     -|        0|      36|    -|
|Register             |        -|     -|      723|     128|    -|
+---------------------+---------+------+---------+--------+-----+
|Total                |        0|     0|      723|     190|    0|
+---------------------+---------+------+---------+--------+-----+
|Available SLR        |     1344|  2976|   871680|  435840|  320|
+---------------------+---------+------+---------+--------+-----+
|Utilization SLR (%)  |        0|     0|       ~0|      ~0|    0|
+---------------------+---------+------+---------+--------+-----+
|Available            |     2688|  5952|  1743360|  871680|  640|
+---------------------+---------+------+---------+--------+-----+
|Utilization (%)      |        0|     0|       ~0|      ~0|    0|
+---------------------+---------+------+---------+--------+-----+

+ Detail: 
    * Instance: 
    N/A

    * DSP: 
    N/A

    * Memory: 
    N/A

    * FIFO: 
    N/A

    * Expression: 
    +---------------------+----------+----+---+----+------------+------------+
    |    Variable Name    | Operation| DSP| FF| LUT| Bitwidth P0| Bitwidth P1|
    +---------------------+----------+----+---+----+------------+------------+
    |add_ln76_fu_109_p2   |         +|   0|  0|  12|           4|           1|
    |icmp_ln76_fu_103_p2  |      icmp|   0|  0|  12|           4|           4|
    |ap_enable_pp0        |       xor|   0|  0|   2|           1|           2|
    +---------------------+----------+----+---+----+------------+------------+
    |Total                |          |   0|  0|  26|           9|           7|
    +---------------------+----------+----+---+----+------------+------------+

    * Multiplexer: 
    +--------------------------+----+-----------+-----+-----------+
    |           Name           | LUT| Input Size| Bits| Total Bits|
    +--------------------------+----+-----------+-----+-----------+
    |ap_done_int               |   9|          2|    1|          2|
    |ap_enable_reg_pp0_iter1   |   9|          2|    1|          2|
    |ap_sig_allocacmp_cloud_1  |   9|          2|    4|          8|
    |cloud_fu_56               |   9|          2|    4|          8|
    +--------------------------+----+-----------+-----+-----------+
    |Total                     |  36|          8|   10|         20|
    +--------------------------+----+-----------+-----+-----------+

    * Register: 
    +-----------------------------------+-----+----+-----+-----------+
    |                Name               |  FF | LUT| Bits| Const Bits|
    +-----------------------------------+-----+----+-----+-----------+
    |add1_reg_273                       |   32|   0|   32|          0|
    |add2_reg_278                       |   32|   0|   32|          0|
    |ap_CS_fsm                          |    1|   0|    1|          0|
    |ap_done_reg                        |    1|   0|    1|          0|
    |ap_enable_reg_pp0_iter1            |    1|   0|    1|          0|
    |ap_enable_reg_pp0_iter10           |    1|   0|    1|          0|
    |ap_enable_reg_pp0_iter11           |    1|   0|    1|          0|
    |ap_enable_reg_pp0_iter12           |    1|   0|    1|          0|
    |ap_enable_reg_pp0_iter13           |    1|   0|    1|          0|
    |ap_enable_reg_pp0_iter14           |    1|   0|    1|          0|
    |ap_enable_reg_pp0_iter15           |    1|   0|    1|          0|
    |ap_enable_reg_pp0_iter16           |    1|   0|    1|          0|
    |ap_enable_reg_pp0_iter17           |    1|   0|    1|          0|
    |ap_enable_reg_pp0_iter18           |    1|   0|    1|          0|
    |ap_enable_reg_pp0_iter19           |    1|   0|    1|          0|
    |ap_enable_reg_pp0_iter2            |    1|   0|    1|          0|
    |ap_enable_reg_pp0_iter20           |    1|   0|    1|          0|
    |ap_enable_reg_pp0_iter21           |    1|   0|    1|          0|
    |ap_enable_reg_pp0_iter3            |    1|   0|    1|          0|
    |ap_enable_reg_pp0_iter4            |    1|   0|    1|          0|
    |ap_enable_reg_pp0_iter5            |    1|   0|    1|          0|
    |ap_enable_reg_pp0_iter6            |    1|   0|    1|          0|
    |ap_enable_reg_pp0_iter7            |    1|   0|    1|          0|
    |ap_enable_reg_pp0_iter8            |    1|   0|    1|          0|
    |ap_enable_reg_pp0_iter9            |    1|   0|    1|          0|
    |ap_loop_exit_ready_pp0_iter10_reg  |    1|   0|    1|          0|
    |ap_loop_exit_ready_pp0_iter11_reg  |    1|   0|    1|          0|
    |ap_loop_exit_ready_pp0_iter12_reg  |    1|   0|    1|          0|
    |ap_loop_exit_ready_pp0_iter13_reg  |    1|   0|    1|          0|
    |ap_loop_exit_ready_pp0_iter14_reg  |    1|   0|    1|          0|
    |ap_loop_exit_ready_pp0_iter15_reg  |    1|   0|    1|          0|
    |ap_loop_exit_ready_pp0_iter16_reg  |    1|   0|    1|          0|
    |ap_loop_exit_ready_pp0_iter17_reg  |    1|   0|    1|          0|
    |ap_loop_exit_ready_pp0_iter18_reg  |    1|   0|    1|          0|
    |ap_loop_exit_ready_pp0_iter19_reg  |    1|   0|    1|          0|
    |ap_loop_exit_ready_pp0_iter1_reg   |    1|   0|    1|          0|
    |ap_loop_exit_ready_pp0_iter20_reg  |    1|   0|    1|          0|
    |ap_loop_exit_ready_pp0_iter2_reg   |    1|   0|    1|          0|
    |ap_loop_exit_ready_pp0_iter3_reg   |    1|   0|    1|          0|
    |ap_loop_exit_ready_pp0_iter4_reg   |    1|   0|    1|          0|
    |ap_loop_exit_ready_pp0_iter5_reg   |    1|   0|    1|          0|
    |ap_loop_exit_ready_pp0_iter6_reg   |    1|   0|    1|          0|
    |ap_loop_exit_ready_pp0_iter7_reg   |    1|   0|    1|          0|
    |ap_loop_exit_ready_pp0_iter8_reg   |    1|   0|    1|          0|
    |ap_loop_exit_ready_pp0_iter9_reg   |    1|   0|    1|          0|
    |cloud_fu_56                        |    4|   0|    4|          0|
    |div1_reg_258                       |   32|   0|   32|          0|
    |div_reg_253                        |   32|   0|   32|          0|
    |p_clouds_addr_reg_212              |    4|   0|    4|          0|
    |tmp_s_reg_238                      |  160|   0|  160|          0|
    |trunc_ln3_reg_218                  |   32|   0|   32|          0|
    |trunc_ln4_reg_228                  |   32|   0|   32|          0|
    |trunc_ln78_reg_223                 |   32|   0|   32|          0|
    |trunc_ln79_1_reg_233               |   32|   0|   32|          0|
    |p_clouds_addr_reg_212              |   64|  32|    4|          0|
    |tmp_s_reg_238                      |   64|  32|  160|          0|
    |trunc_ln78_reg_223                 |   64|  32|   32|          0|
    |trunc_ln79_1_reg_233               |   64|  32|   32|          0|
    +-----------------------------------+-----+----+-----+-----------+
    |Total                              |  723| 128|  695|          0|
    +-----------------------------------+-----+----+-----+-----------+



================================================================
== Interface
================================================================
* Summary: 
+---------------------+-----+-----+------------+-------------------------------------+--------------+
|      RTL Ports      | Dir | Bits|  Protocol  |            Source Object            |    C Type    |
+---------------------+-----+-----+------------+-------------------------------------+--------------+
|ap_clk               |   in|    1|  ap_ctrl_hs|  do_compute_Pipeline_VITIS_LOOP_76_5|  return value|
|ap_rst               |   in|    1|  ap_ctrl_hs|  do_compute_Pipeline_VITIS_LOOP_76_5|  return value|
|ap_start             |   in|    1|  ap_ctrl_hs|  do_compute_Pipeline_VITIS_LOOP_76_5|  return value|
|ap_done              |  out|    1|  ap_ctrl_hs|  do_compute_Pipeline_VITIS_LOOP_76_5|  return value|
|ap_idle              |  out|    1|  ap_ctrl_hs|  do_compute_Pipeline_VITIS_LOOP_76_5|  return value|
|ap_ready             |  out|    1|  ap_ctrl_hs|  do_compute_Pipeline_VITIS_LOOP_76_5|  return value|
|grp_fu_454_p_din0    |  out|   32|  ap_ctrl_hs|  do_compute_Pipeline_VITIS_LOOP_76_5|  return value|
|grp_fu_454_p_din1    |  out|   32|  ap_ctrl_hs|  do_compute_Pipeline_VITIS_LOOP_76_5|  return value|
|grp_fu_454_p_opcode  |  out|    1|  ap_ctrl_hs|  do_compute_Pipeline_VITIS_LOOP_76_5|  return value|
|grp_fu_454_p_dout0   |   in|   32|  ap_ctrl_hs|  do_compute_Pipeline_VITIS_LOOP_76_5|  return value|
|grp_fu_454_p_ce      |  out|    1|  ap_ctrl_hs|  do_compute_Pipeline_VITIS_LOOP_76_5|  return value|
|grp_fu_459_p_din0    |  out|   32|  ap_ctrl_hs|  do_compute_Pipeline_VITIS_LOOP_76_5|  return value|
|grp_fu_459_p_din1    |  out|   32|  ap_ctrl_hs|  do_compute_Pipeline_VITIS_LOOP_76_5|  return value|
|grp_fu_459_p_opcode  |  out|    1|  ap_ctrl_hs|  do_compute_Pipeline_VITIS_LOOP_76_5|  return value|
|grp_fu_459_p_dout0   |   in|   32|  ap_ctrl_hs|  do_compute_Pipeline_VITIS_LOOP_76_5|  return value|
|grp_fu_459_p_ce      |  out|    1|  ap_ctrl_hs|  do_compute_Pipeline_VITIS_LOOP_76_5|  return value|
|grp_fu_485_p_din0    |  out|   32|  ap_ctrl_hs|  do_compute_Pipeline_VITIS_LOOP_76_5|  return value|
|grp_fu_485_p_din1    |  out|   32|  ap_ctrl_hs|  do_compute_Pipeline_VITIS_LOOP_76_5|  return value|
|grp_fu_485_p_dout0   |   in|   32|  ap_ctrl_hs|  do_compute_Pipeline_VITIS_LOOP_76_5|  return value|
|grp_fu_485_p_ce      |  out|    1|  ap_ctrl_hs|  do_compute_Pipeline_VITIS_LOOP_76_5|  return value|
|grp_fu_490_p_din0    |  out|   32|  ap_ctrl_hs|  do_compute_Pipeline_VITIS_LOOP_76_5|  return value|
|grp_fu_490_p_din1    |  out|   32|  ap_ctrl_hs|  do_compute_Pipeline_VITIS_LOOP_76_5|  return value|
|grp_fu_490_p_dout0   |   in|   32|  ap_ctrl_hs|  do_compute_Pipeline_VITIS_LOOP_76_5|  return value|
|grp_fu_490_p_ce      |  out|    1|  ap_ctrl_hs|  do_compute_Pipeline_VITIS_LOOP_76_5|  return value|
|p_clouds_address0    |  out|    4|   ap_memory|                             p_clouds|         array|
|p_clouds_ce0         |  out|    1|   ap_memory|                             p_clouds|         array|
|p_clouds_we0         |  out|    1|   ap_memory|                             p_clouds|         array|
|p_clouds_d0          |  out|  224|   ap_memory|                             p_clouds|         array|
|p_clouds_address1    |  out|    4|   ap_memory|                             p_clouds|         array|
|p_clouds_ce1         |  out|    1|   ap_memory|                             p_clouds|         array|
|p_clouds_q1          |   in|  224|   ap_memory|                             p_clouds|         array|
+---------------------+-----+-----+------------+-------------------------------------+--------------+

