

================================================================
== Vitis HLS Report for 'do_compute_Pipeline_VITIS_LOOP_249_16_VITIS_LOOP_250_17'
================================================================
* Date:           Sun May 17 18:42:49 2026

* Version:        2024.1 (Build 5069499 on May 21 2024)
* Project:        .small_mountains_base_enabled
* Solution:       solution_FLOOD_HLS_base (Vivado IP Flow Target)
* Product family: virtexuplusHBM
* Target device:  xcu50-fsvh2104-2-e


================================================================
== Performance Estimates
================================================================
+ Timing: 
    * Summary: 
    +--------+---------+----------+------------+
    |  Clock |  Target | Estimated| Uncertainty|
    +--------+---------+----------+------------+
    |ap_clk  |  4.00 ns|  2.861 ns|     1.08 ns|
    +--------+---------+----------+------------+

+ Latency: 
    * Summary: 
    +---------+---------+-----------+-----------+------+------+-----------------------------------------------+
    |  Latency (cycles) |   Latency (absolute)  |   Interval  |                    Pipeline                   |
    |   min   |   max   |    min    |    max    |  min |  max |                      Type                     |
    +---------+---------+-----------+-----------+------+------+-----------------------------------------------+
    |     9628|     9628|  38.512 us|  38.512 us|  9602|  9602|  loop auto-rewind stp(delay=0 clock cycles(s))|
    +---------+---------+-----------+-----------+------+------+-----------------------------------------------+

    + Detail: 
        * Instance: 
        N/A

        * Loop: 
        +---------------------------------------+---------+---------+----------+-----------+-----------+------+----------+
        |                                       |  Latency (cycles) | Iteration|  Initiation Interval  | Trip |          |
        |               Loop Name               |   min   |   max   |  Latency |  achieved |   target  | Count| Pipelined|
        +---------------------------------------+---------+---------+----------+-----------+-----------+------+----------+
        |- VITIS_LOOP_249_16_VITIS_LOOP_250_17  |     9626|     9626|        29|          2|          1|  4800|       yes|
        +---------------------------------------+---------+---------+----------+-----------+-----------+------+----------+



================================================================
== Utilization Estimates
================================================================
* Summary: 
+---------------------+---------+------+---------+--------+-----+
|         Name        | BRAM_18K|  DSP |    FF   |   LUT  | URAM|
+---------------------+---------+------+---------+--------+-----+
|DSP                  |        -|     1|        -|       -|    -|
|Expression           |        -|     -|        0|     297|    -|
|FIFO                 |        -|     -|        -|       -|    -|
|Instance             |        -|     0|      158|     145|    -|
|Memory               |        -|     -|        -|       -|    -|
|Multiplexer          |        -|     -|        0|     239|    -|
|Register             |        -|     -|      640|     128|    -|
+---------------------+---------+------+---------+--------+-----+
|Total                |        0|     1|      798|     809|    0|
+---------------------+---------+------+---------+--------+-----+
|Available SLR        |     1344|  2976|   871680|  435840|  320|
+---------------------+---------+------+---------+--------+-----+
|Utilization SLR (%)  |        0|    ~0|       ~0|      ~0|    0|
+---------------------+---------+------+---------+--------+-----+
|Available            |     2688|  5952|  1743360|  871680|  640|
+---------------------+---------+------+---------+--------+-----+
|Utilization (%)      |        0|    ~0|       ~0|      ~0|    0|
+---------------------+---------+------+---------+--------+-----+

+ Detail: 
    * Instance: 
    +---------------------------+----------------------+---------+----+-----+----+-----+
    |          Instance         |        Module        | BRAM_18K| DSP|  FF | LUT| URAM|
    +---------------------------+----------------------+---------+----+-----+----+-----+
    |mul_7ns_9ns_15_1_1_U188    |mul_7ns_9ns_15_1_1    |        0|   0|    0|  49|    0|
    |sparsemux_7_2_32_1_1_U190  |sparsemux_7_2_32_1_1  |        0|   0|    0|   9|    0|
    |urem_7ns_3ns_2_11_1_U189   |urem_7ns_3ns_2_11_1   |        0|   0|  158|  87|    0|
    +---------------------------+----------------------+---------+----+-----+----+-----+
    |Total                      |                      |        0|   0|  158| 145|    0|
    +---------------------------+----------------------+---------+----+-----+----+-----+

    * DSP: 
    +------------------------------------+-------------------------------+--------------+
    |              Instance              |             Module            |  Expression  |
    +------------------------------------+-------------------------------+--------------+
    |mac_muladd_6ns_5ns_6ns_11_4_1_U191  |mac_muladd_6ns_5ns_6ns_11_4_1  |  i0 * i1 + i2|
    +------------------------------------+-------------------------------+--------------+

    * Memory: 
    N/A

    * FIFO: 
    N/A

    * Expression: 
    +------------------------+----------+----+---+----+------------+------------+
    |      Variable Name     | Operation| DSP| FF| LUT| Bitwidth P0| Bitwidth P1|
    +------------------------+----------+----+---+----+------------+------------+
    |add_ln249_1_fu_215_p2   |         +|   0|  0|  20|          13|           1|
    |add_ln249_fu_227_p2     |         +|   0|  0|  13|           6|           1|
    |add_ln250_fu_285_p2     |         +|   0|  0|  14|           7|           1|
    |add_ln253_fu_342_p2     |         +|   0|  0|  71|          64|          64|
    |and_ln251_1_fu_433_p2   |       and|   0|  0|   2|           1|           1|
    |and_ln251_fu_427_p2     |       and|   0|  0|   2|           1|           1|
    |icmp_ln249_fu_209_p2    |      icmp|   0|  0|  20|          13|          13|
    |icmp_ln250_fu_233_p2    |      icmp|   0|  0|  14|           7|           7|
    |icmp_ln251_1_fu_397_p2  |      icmp|   0|  0|  30|          23|           1|
    |icmp_ln251_2_fu_409_p2  |      icmp|   0|  0|  15|           8|           2|
    |icmp_ln251_3_fu_415_p2  |      icmp|   0|  0|  30|          23|           1|
    |icmp_ln251_fu_391_p2    |      icmp|   0|  0|  15|           8|           2|
    |or_ln251_1_fu_421_p2    |        or|   0|  0|   2|           1|           1|
    |or_ln251_fu_403_p2      |        or|   0|  0|   2|           1|           1|
    |select_ln249_fu_247_p3  |    select|   0|  0|   6|           1|           6|
    |select_ln251_fu_439_p3  |    select|   0|  0|  32|           1|          32|
    |select_ln52_fu_239_p3   |    select|   0|  0|   7|           1|           1|
    |ap_enable_pp0           |       xor|   0|  0|   2|           1|           2|
    +------------------------+----------+----+---+----+------------+------------+
    |Total                   |          |   0|  0| 297|         180|         138|
    +------------------------+----------+----+---+----+------------+------------+

    * Multiplexer: 
    +----------------------------------------+----+-----------+-----+-----------+
    |                  Name                  | LUT| Input Size| Bits| Total Bits|
    +----------------------------------------+----+-----------+-----+-----------+
    |add55123_fu_90                          |   9|          2|   64|        128|
    |ap_NS_fsm                               |  14|          3|    1|          3|
    |ap_done_int                             |   9|          2|    1|          2|
    |ap_enable_reg_pp0_iter0                 |   9|          2|    1|          2|
    |ap_enable_reg_pp0_iter1                 |   9|          2|    1|          2|
    |ap_enable_reg_pp0_iter14                |   9|          2|    1|          2|
    |ap_loop_exit_ready_pp0_iter10_reg       |   9|          2|    1|          2|
    |ap_loop_exit_ready_pp0_iter11_reg       |   9|          2|    1|          2|
    |ap_loop_exit_ready_pp0_iter12_reg       |   9|          2|    1|          2|
    |ap_loop_exit_ready_pp0_iter13_reg       |   9|          2|    1|          2|
    |ap_loop_exit_ready_pp0_iter1_reg        |   9|          2|    1|          2|
    |ap_loop_exit_ready_pp0_iter2_reg        |   9|          2|    1|          2|
    |ap_loop_exit_ready_pp0_iter3_reg        |   9|          2|    1|          2|
    |ap_loop_exit_ready_pp0_iter4_reg        |   9|          2|    1|          2|
    |ap_loop_exit_ready_pp0_iter5_reg        |   9|          2|    1|          2|
    |ap_loop_exit_ready_pp0_iter6_reg        |   9|          2|    1|          2|
    |ap_loop_exit_ready_pp0_iter7_reg        |   9|          2|    1|          2|
    |ap_loop_exit_ready_pp0_iter8_reg        |   9|          2|    1|          2|
    |ap_loop_exit_ready_pp0_iter9_reg        |   9|          2|    1|          2|
    |ap_sig_allocacmp_col_pos_1_load         |   9|          2|    7|         14|
    |ap_sig_allocacmp_indvar_flatten34_load  |   9|          2|   13|         26|
    |ap_sig_allocacmp_row_pos_load           |   9|          2|    6|         12|
    |col_pos_1_fu_98                         |   9|          2|    7|         14|
    |empty_fu_94                             |   9|          2|   32|         64|
    |indvar_flatten34_fu_106                 |   9|          2|   13|         26|
    |row_pos_fu_102                          |   9|          2|    6|         12|
    +----------------------------------------+----+-----------+-----+-----------+
    |Total                                   | 239|         53|  166|        333|
    +----------------------------------------+----+-----------+-----+-----------+

    * Register: 
    +-----------------------------------+----+----+-----+-----------+
    |                Name               | FF | LUT| Bits| Const Bits|
    +-----------------------------------+----+----+-----+-----------+
    |add55123_fu_90                     |  64|   0|   64|          0|
    |ap_CS_fsm                          |   2|   0|    2|          0|
    |ap_done_reg                        |   1|   0|    1|          0|
    |ap_enable_reg_pp0_iter0_reg        |   1|   0|    1|          0|
    |ap_enable_reg_pp0_iter1            |   1|   0|    1|          0|
    |ap_enable_reg_pp0_iter10           |   1|   0|    1|          0|
    |ap_enable_reg_pp0_iter11           |   1|   0|    1|          0|
    |ap_enable_reg_pp0_iter12           |   1|   0|    1|          0|
    |ap_enable_reg_pp0_iter13           |   1|   0|    1|          0|
    |ap_enable_reg_pp0_iter14           |   1|   0|    1|          0|
    |ap_enable_reg_pp0_iter2            |   1|   0|    1|          0|
    |ap_enable_reg_pp0_iter3            |   1|   0|    1|          0|
    |ap_enable_reg_pp0_iter4            |   1|   0|    1|          0|
    |ap_enable_reg_pp0_iter5            |   1|   0|    1|          0|
    |ap_enable_reg_pp0_iter6            |   1|   0|    1|          0|
    |ap_enable_reg_pp0_iter7            |   1|   0|    1|          0|
    |ap_enable_reg_pp0_iter8            |   1|   0|    1|          0|
    |ap_enable_reg_pp0_iter9            |   1|   0|    1|          0|
    |ap_loop_exit_ready_pp0_iter10_reg  |   1|   0|    1|          0|
    |ap_loop_exit_ready_pp0_iter11_reg  |   1|   0|    1|          0|
    |ap_loop_exit_ready_pp0_iter12_reg  |   1|   0|    1|          0|
    |ap_loop_exit_ready_pp0_iter13_reg  |   1|   0|    1|          0|
    |ap_loop_exit_ready_pp0_iter1_reg   |   1|   0|    1|          0|
    |ap_loop_exit_ready_pp0_iter2_reg   |   1|   0|    1|          0|
    |ap_loop_exit_ready_pp0_iter3_reg   |   1|   0|    1|          0|
    |ap_loop_exit_ready_pp0_iter4_reg   |   1|   0|    1|          0|
    |ap_loop_exit_ready_pp0_iter5_reg   |   1|   0|    1|          0|
    |ap_loop_exit_ready_pp0_iter6_reg   |   1|   0|    1|          0|
    |ap_loop_exit_ready_pp0_iter7_reg   |   1|   0|    1|          0|
    |ap_loop_exit_ready_pp0_iter8_reg   |   1|   0|    1|          0|
    |ap_loop_exit_ready_pp0_iter9_reg   |   1|   0|    1|          0|
    |col_pos_1_fu_98                    |   7|   0|    7|          0|
    |conv1_reg_564                      |  32|   0|   32|          0|
    |div6_reg_569                       |  32|   0|   32|          0|
    |empty_fu_94                        |  32|   0|   32|          0|
    |icmp_ln249_reg_504                 |   1|   0|    1|          0|
    |indvar_flatten34_fu_106            |  13|   0|   13|          0|
    |p_load10_reg_576                   |  32|   0|   32|          0|
    |row_pos_fu_102                     |   6|   0|    6|          0|
    |tmp_35_reg_518                     |   6|   0|    6|          0|
    |tmp_reg_558                        |  32|   0|   32|          0|
    |water_level_1_load_reg_548         |  32|   0|   32|          0|
    |water_level_2_load_reg_553         |  32|   0|   32|          0|
    |water_level_load_reg_543           |  32|   0|   32|          0|
    |icmp_ln249_reg_504                 |  64|  32|    1|          0|
    |water_level_1_load_reg_548         |  64|  32|   32|          0|
    |water_level_2_load_reg_553         |  64|  32|   32|          0|
    |water_level_load_reg_543           |  64|  32|   32|          0|
    +-----------------------------------+----+----+-----+-----------+
    |Total                              | 640| 128|  481|          0|
    +-----------------------------------+----+----+-----+-----------+



================================================================
== Interface
================================================================
* Summary: 
+------------------------+-----+-----+------------+---------------------------------------------------------+--------------+
|        RTL Ports       | Dir | Bits|  Protocol  |                      Source Object                      |    C Type    |
+------------------------+-----+-----+------------+---------------------------------------------------------+--------------+
|ap_clk                  |   in|    1|  ap_ctrl_hs|  do_compute_Pipeline_VITIS_LOOP_249_16_VITIS_LOOP_250_17|  return value|
|ap_rst                  |   in|    1|  ap_ctrl_hs|  do_compute_Pipeline_VITIS_LOOP_249_16_VITIS_LOOP_250_17|  return value|
|ap_start                |   in|    1|  ap_ctrl_hs|  do_compute_Pipeline_VITIS_LOOP_249_16_VITIS_LOOP_250_17|  return value|
|ap_done                 |  out|    1|  ap_ctrl_hs|  do_compute_Pipeline_VITIS_LOOP_249_16_VITIS_LOOP_250_17|  return value|
|ap_idle                 |  out|    1|  ap_ctrl_hs|  do_compute_Pipeline_VITIS_LOOP_249_16_VITIS_LOOP_250_17|  return value|
|ap_ready                |  out|    1|  ap_ctrl_hs|  do_compute_Pipeline_VITIS_LOOP_249_16_VITIS_LOOP_250_17|  return value|
|grp_fu_485_p_din0       |  out|   32|  ap_ctrl_hs|  do_compute_Pipeline_VITIS_LOOP_249_16_VITIS_LOOP_250_17|  return value|
|grp_fu_485_p_din1       |  out|   32|  ap_ctrl_hs|  do_compute_Pipeline_VITIS_LOOP_249_16_VITIS_LOOP_250_17|  return value|
|grp_fu_485_p_dout0      |   in|   32|  ap_ctrl_hs|  do_compute_Pipeline_VITIS_LOOP_249_16_VITIS_LOOP_250_17|  return value|
|grp_fu_485_p_ce         |  out|    1|  ap_ctrl_hs|  do_compute_Pipeline_VITIS_LOOP_249_16_VITIS_LOOP_250_17|  return value|
|grp_fu_1445_p_din0      |  out|   32|  ap_ctrl_hs|  do_compute_Pipeline_VITIS_LOOP_249_16_VITIS_LOOP_250_17|  return value|
|grp_fu_1445_p_dout0     |   in|   32|  ap_ctrl_hs|  do_compute_Pipeline_VITIS_LOOP_249_16_VITIS_LOOP_250_17|  return value|
|grp_fu_1445_p_ce        |  out|    1|  ap_ctrl_hs|  do_compute_Pipeline_VITIS_LOOP_249_16_VITIS_LOOP_250_17|  return value|
|grp_fu_507_p_din0       |  out|   32|  ap_ctrl_hs|  do_compute_Pipeline_VITIS_LOOP_249_16_VITIS_LOOP_250_17|  return value|
|grp_fu_507_p_din1       |  out|   32|  ap_ctrl_hs|  do_compute_Pipeline_VITIS_LOOP_249_16_VITIS_LOOP_250_17|  return value|
|grp_fu_507_p_opcode     |  out|    5|  ap_ctrl_hs|  do_compute_Pipeline_VITIS_LOOP_249_16_VITIS_LOOP_250_17|  return value|
|grp_fu_507_p_dout0      |   in|    1|  ap_ctrl_hs|  do_compute_Pipeline_VITIS_LOOP_249_16_VITIS_LOOP_250_17|  return value|
|grp_fu_507_p_ce         |  out|    1|  ap_ctrl_hs|  do_compute_Pipeline_VITIS_LOOP_249_16_VITIS_LOOP_250_17|  return value|
|trunc_ln2               |   in|   64|     ap_none|                                                trunc_ln2|        scalar|
|water_level_address0    |  out|   11|   ap_memory|                                              water_level|         array|
|water_level_ce0         |  out|    1|   ap_memory|                                              water_level|         array|
|water_level_q0          |   in|   32|   ap_memory|                                              water_level|         array|
|water_level_1_address0  |  out|   11|   ap_memory|                                            water_level_1|         array|
|water_level_1_ce0       |  out|    1|   ap_memory|                                            water_level_1|         array|
|water_level_1_q0        |   in|   32|   ap_memory|                                            water_level_1|         array|
|water_level_2_address0  |  out|   11|   ap_memory|                                            water_level_2|         array|
|water_level_2_ce0       |  out|    1|   ap_memory|                                            water_level_2|         array|
|water_level_2_q0        |   in|   32|   ap_memory|                                            water_level_2|         array|
|p_out                   |  out|   32|      ap_vld|                                                    p_out|       pointer|
|p_out_ap_vld            |  out|    1|      ap_vld|                                                    p_out|       pointer|
|add55123_out            |  out|   64|      ap_vld|                                             add55123_out|       pointer|
|add55123_out_ap_vld     |  out|    1|      ap_vld|                                             add55123_out|       pointer|
+------------------------+-----+-----+------------+---------------------------------------------------------+--------------+

