

================================================================
== Vitis HLS Report for 'do_compute_Pipeline_VITIS_LOOP_109_9_VITIS_LOOP_110_10'
================================================================
* Date:           Sun May 17 18:42:49 2026

* Version:        2024.1 (Build 5069499 on May 21 2024)
* Project:        .small_mountains_base_enabled
* Solution:       solution_FLOOD_HLS_base (Vivado IP Flow Target)
* Product family: virtexuplusHBM
* Target device:  xcu50-fsvh2104-2-e


================================================================
== Performance Estimates
================================================================
+ Timing: 
    * Summary: 
    +--------+---------+----------+------------+
    |  Clock |  Target | Estimated| Uncertainty|
    +--------+---------+----------+------------+
    |ap_clk  |  4.00 ns|  2.861 ns|     1.08 ns|
    +--------+---------+----------+------------+

+ Latency: 
    * Summary: 
    +---------+---------+-----------+-----------+-------+-------+-----------------------------------------------+
    |  Latency (cycles) |   Latency (absolute)  |    Interval   |                    Pipeline                   |
    |   min   |   max   |    min    |    max    |  min  |  max  |                      Type                     |
    +---------+---------+-----------+-----------+-------+-------+-----------------------------------------------+
    |    14510|    14510|  58.040 us|  58.040 us|  14403|  14403|  loop auto-rewind stp(delay=0 clock cycles(s))|
    +---------+---------+-----------+-----------+-------+-------+-----------------------------------------------+

    + Detail: 
        * Instance: 
        +-----------------------------------+------------------------+---------+---------+----------+----------+-----+-----+---------+
        |                                   |                        |  Latency (cycles) |  Latency (absolute) |  Interval | Pipeline|
        |              Instance             |         Module         |   min   |   max   |    min   |    max   | min | max |   Type  |
        +-----------------------------------+------------------------+---------+---------+----------+----------+-----+-----+---------+
        |grp_p_hls_fptosi_float_i32_fu_498  |p_hls_fptosi_float_i32  |        1|        1|  4.000 ns|  4.000 ns|    1|    1|      yes|
        |grp_p_hls_fptosi_float_i32_fu_503  |p_hls_fptosi_float_i32  |        1|        1|  4.000 ns|  4.000 ns|    1|    1|      yes|
        +-----------------------------------+------------------------+---------+---------+----------+----------+-----+-----+---------+

        * Loop: 
        +--------------------------------------+---------+---------+----------+-----------+-----------+------+----------+
        |                                      |  Latency (cycles) | Iteration|  Initiation Interval  | Trip |          |
        |               Loop Name              |   min   |   max   |  Latency |  achieved |   target  | Count| Pipelined|
        +--------------------------------------+---------+---------+----------+-----------+-----------+------+----------+
        |- VITIS_LOOP_109_9_VITIS_LOOP_110_10  |    14508|    14508|       111|          3|          1|  4800|       yes|
        +--------------------------------------+---------+---------+----------+-----------+-----------+------+----------+



================================================================
== Utilization Estimates
================================================================
* Summary: 
+---------------------+---------+------+---------+--------+-----+
|         Name        | BRAM_18K|  DSP |    FF   |   LUT  | URAM|
+---------------------+---------+------+---------+--------+-----+
|DSP                  |        -|     -|        -|       -|    -|
|Expression           |        -|     -|        0|    2444|    -|
|FIFO                 |        -|     -|        -|       -|    -|
|Instance             |        -|     6|     1112|     903|    -|
|Memory               |        -|     -|        -|       -|    -|
|Multiplexer          |        -|     -|        0|    1321|    -|
|Register             |        -|     -|    36347|    1664|    -|
+---------------------+---------+------+---------+--------+-----+
|Total                |        0|     6|    37459|    6332|    0|
+---------------------+---------+------+---------+--------+-----+
|Available SLR        |     1344|  2976|   871680|  435840|  320|
+---------------------+---------+------+---------+--------+-----+
|Utilization SLR (%)  |        0|    ~0|        4|       1|    0|
+---------------------+---------+------+---------+--------+-----+
|Available            |     2688|  5952|  1743360|  871680|  640|
+---------------------+---------+------+---------+--------+-----+
|Utilization (%)      |        0|    ~0|        2|      ~0|    0|
+---------------------+---------+------+---------+--------+-----+

+ Detail: 
    * Instance: 
    +-----------------------------------------+------------------------------------+---------+----+-----+-----+-----+
    |                 Instance                |               Module               | BRAM_18K| DSP|  FF | LUT | URAM|
    +-----------------------------------------+------------------------------------+---------+----+-----+-----+-----+
    |faddfsub_32ns_32ns_32_7_full_dsp_1_U108  |faddfsub_32ns_32ns_32_7_full_dsp_1  |        0|   2|  318|  198|    0|
    |faddfsub_32ns_32ns_32_7_full_dsp_1_U109  |faddfsub_32ns_32ns_32_7_full_dsp_1  |        0|   2|  318|  198|    0|
    |faddfsub_32ns_32ns_32_7_full_dsp_1_U110  |faddfsub_32ns_32ns_32_7_full_dsp_1  |        0|   2|  318|  198|    0|
    |fcmp_32ns_32ns_1_2_no_dsp_1_U122         |fcmp_32ns_32ns_1_2_no_dsp_1         |        0|   0|    0|    0|    0|
    |fcmp_32ns_32ns_1_2_no_dsp_1_U123         |fcmp_32ns_32ns_1_2_no_dsp_1         |        0|   0|    0|    0|    0|
    |mul_6ns_6ns_11_1_1_U126                  |mul_6ns_6ns_11_1_1                  |        0|   0|    0|   23|    0|
    |mul_6ns_6ns_11_1_1_U130                  |mul_6ns_6ns_11_1_1                  |        0|   0|    0|   23|    0|
    |mul_7ns_6ns_11_1_1_U129                  |mul_7ns_6ns_11_1_1                  |        0|   0|    0|   33|    0|
    |mul_7ns_9ns_15_1_1_U127                  |mul_7ns_9ns_15_1_1                  |        0|   0|    0|   49|    0|
    |mul_7ns_9ns_15_1_1_U133                  |mul_7ns_9ns_15_1_1                  |        0|   0|    0|   49|    0|
    |sitofp_32ns_32_4_no_dsp_1_U117           |sitofp_32ns_32_4_no_dsp_1           |        0|   0|    0|    0|    0|
    |sparsemux_7_2_32_1_1_U131                |sparsemux_7_2_32_1_1                |        0|   0|    0|    9|    0|
    |sparsemux_7_2_32_1_1_U132                |sparsemux_7_2_32_1_1                |        0|   0|    0|    9|    0|
    |sparsemux_7_2_32_1_1_U134                |sparsemux_7_2_32_1_1                |        0|   0|    0|    9|    0|
    |sparsemux_7_2_32_1_1_x_U135              |sparsemux_7_2_32_1_1_x              |        0|   0|    0|    9|    0|
    |sparsemux_7_2_32_1_1_x_U136              |sparsemux_7_2_32_1_1_x              |        0|   0|    0|    9|    0|
    |urem_7ns_3ns_2_11_1_U128                 |urem_7ns_3ns_2_11_1                 |        0|   0|  158|   87|    0|
    +-----------------------------------------+------------------------------------+---------+----+-----+-----+-----+
    |Total                                    |                                    |        0|   6| 1112|  903|    0|
    +-----------------------------------------+------------------------------------+---------+----+-----+-----+-----+

    * DSP: 
    N/A

    * Memory: 
    N/A

    * FIFO: 
    N/A

    * Expression: 
    +-------------------------------------------+----------+----+---+----+------------+------------+
    |               Variable Name               | Operation| DSP| FF| LUT| Bitwidth P0| Bitwidth P1|
    +-------------------------------------------+----------+----+---+----+------------+------------+
    |add_ln109_1_fu_643_p2                      |         +|   0|  0|  20|          13|           1|
    |add_ln109_fu_655_p2                        |         +|   0|  0|  13|           6|           1|
    |add_ln110_fu_719_p2                        |         +|   0|  0|  14|           7|           1|
    |add_ln111_fu_743_p2                        |         +|   0|  0|  18|          11|          11|
    |add_ln117_1_fu_1013_p2                     |         +|   0|  0|  20|          13|          13|
    |add_ln117_fu_1084_p2                       |         +|   0|  0|  20|          13|          13|
    |add_ln134_1_fu_830_p2                      |         +|   0|  0|  18|          11|          11|
    |add_ln134_2_fu_1097_p2                     |         +|   0|  0|  20|          13|          13|
    |add_ln134_3_fu_1109_p2                     |         +|   0|  0|  20|          13|          13|
    |add_ln134_4_fu_943_p2                      |         +|   0|  0|  18|          11|          11|
    |add_ln134_5_fu_1149_p2                     |         +|   0|  0|  20|          13|          13|
    |add_ln134_6_fu_931_p2                      |         +|   0|  0|  18|          11|          11|
    |add_ln134_7_fu_1127_p2                     |         +|   0|  0|  20|          13|          13|
    |add_ln134_8_fu_1042_p2                     |         +|   0|  0|  20|          13|          13|
    |add_ln134_9_fu_1075_p2                     |         +|   0|  0|  20|          13|          13|
    |add_ln134_fu_819_p2                        |         +|   0|  0|  18|          11|          11|
    |add_ln168_1_fu_2237_p2                     |         +|   0|  0|  71|          64|          64|
    |add_ln168_2_fu_2282_p2                     |         +|   0|  0|  71|          64|          64|
    |add_ln168_3_fu_2336_p2                     |         +|   0|  0|  71|          64|          64|
    |add_ln168_fu_2193_p2                       |         +|   0|  0|  71|          64|          64|
    |new_col_1_fu_835_p2                        |         +|   0|  0|  15|           8|           2|
    |new_col_2_fu_874_p2                        |         +|   0|  0|  14|           7|           1|
    |new_row_1_fu_774_p2                        |         +|   0|  0|  13|           6|           1|
    |new_row_fu_758_p2                          |         +|   0|  0|  14|           7|           2|
    |and_ln139_1_fu_1250_p2                     |       and|   0|  0|   2|           1|           1|
    |and_ln139_2_fu_1302_p2                     |       and|   0|  0|   2|           1|           1|
    |and_ln139_3_fu_1307_p2                     |       and|   0|  0|   2|           1|           1|
    |and_ln139_4_fu_1411_p2                     |       and|   0|  0|   2|           1|           1|
    |and_ln139_5_fu_1416_p2                     |       and|   0|  0|   2|           1|           1|
    |and_ln139_6_fu_1359_p2                     |       and|   0|  0|   2|           1|           1|
    |and_ln139_7_fu_1364_p2                     |       and|   0|  0|   2|           1|           1|
    |and_ln139_fu_1244_p2                       |       and|   0|  0|   2|           1|           1|
    |and_ln142_1_fu_1547_p2                     |       and|   0|  0|   2|           1|           1|
    |and_ln142_2_fu_1553_p2                     |       and|   0|  0|   2|           1|           1|
    |and_ln142_3_fu_1641_p2                     |       and|   0|  0|   2|           1|           1|
    |and_ln142_4_fu_1647_p2                     |       and|   0|  0|   2|           1|           1|
    |and_ln142_5_fu_1742_p2                     |       and|   0|  0|   2|           1|           1|
    |and_ln142_6_fu_1748_p2                     |       and|   0|  0|   2|           1|           1|
    |and_ln142_fu_1457_p2                       |       and|   0|  0|   2|           1|           1|
    |and_ln145_1_fu_1842_p2                     |       and|   0|  0|   2|           1|           1|
    |and_ln145_fu_1836_p2                       |       and|   0|  0|   2|           1|           1|
    |and_ln148_fu_1907_p2                       |       and|   0|  0|   2|           1|           1|
    |and_ln151_fu_1946_p2                       |       and|   0|  0|   2|           1|           1|
    |and_ln175_1_fu_2016_p2                     |       and|   0|  0|   2|           1|           1|
    |and_ln175_2_fu_2057_p2                     |       and|   0|  0|   2|           1|           1|
    |and_ln175_3_fu_2062_p2                     |       and|   0|  0|   2|           1|           1|
    |and_ln175_4_fu_2103_p2                     |       and|   0|  0|   2|           1|           1|
    |and_ln175_5_fu_2108_p2                     |       and|   0|  0|   2|           1|           1|
    |and_ln175_6_fu_2149_p2                     |       and|   0|  0|   2|           1|           1|
    |and_ln175_7_fu_2154_p2                     |       and|   0|  0|   2|           1|           1|
    |and_ln175_fu_2011_p2                       |       and|   0|  0|   2|           1|           1|
    |ap_predicate_op770_call_state108_state107  |       and|   0|  0|   2|           1|           1|
    |ap_predicate_op771_call_state108_state107  |       and|   0|  0|   2|           1|           1|
    |ap_predicate_op784_call_state109_state108  |       and|   0|  0|   2|           1|           1|
    |ap_predicate_op785_call_state109_state108  |       and|   0|  0|   2|           1|           1|
    |ap_predicate_pred1595_state109             |       and|   0|  0|   2|           1|           1|
    |ap_predicate_pred1602_state109             |       and|   0|  0|   2|           1|           1|
    |ap_predicate_pred1607_state109             |       and|   0|  0|   2|           1|           1|
    |ap_predicate_pred1621_state110             |       and|   0|  0|   2|           1|           1|
    |ap_predicate_pred1633_state110             |       and|   0|  0|   2|           1|           1|
    |ap_predicate_pred1640_state110             |       and|   0|  0|   2|           1|           1|
    |ap_predicate_pred1687_state110             |       and|   0|  0|   2|           1|           1|
    |ap_predicate_pred1708_state110             |       and|   0|  0|   2|           1|           1|
    |ap_predicate_pred1889_state111             |       and|   0|  0|   2|           1|           1|
    |ap_predicate_pred1894_state111             |       and|   0|  0|   2|           1|           1|
    |ap_predicate_pred1899_state111             |       and|   0|  0|   2|           1|           1|
    |ap_predicate_pred2016_state101             |       and|   0|  0|   2|           1|           1|
    |ap_predicate_pred2028_state101             |       and|   0|  0|   2|           1|           1|
    |ap_predicate_pred2045_state103             |       and|   0|  0|   2|           1|           1|
    |ap_predicate_pred2057_state103             |       and|   0|  0|   2|           1|           1|
    |ap_predicate_pred3179_state91              |       and|   0|  0|   2|           1|           1|
    |ap_predicate_pred3188_state91              |       and|   0|  0|   2|           1|           1|
    |empty_79_fu_2164_p2                        |       and|   0|  0|   2|           1|           1|
    |empty_80_fu_2169_p2                        |       and|   0|  0|   2|           1|           1|
    |empty_72_fu_1019_p2                        |      icmp|   0|  0|  14|           7|           6|
    |empty_73_fu_1048_p2                        |      icmp|   0|  0|  13|           6|           4|
    |icmp_ln109_fu_637_p2                       |      icmp|   0|  0|  20|          13|          13|
    |icmp_ln110_fu_661_p2                       |      icmp|   0|  0|  14|           7|           7|
    |icmp_ln111_fu_810_p2                       |      icmp|   0|  0|  39|          32|           1|
    |icmp_ln128_1_fu_1293_p2                    |      icmp|   0|  0|  14|           7|           7|
    |icmp_ln128_fu_1350_p2                      |      icmp|   0|  0|  15|           8|           7|
    |icmp_ln139_1_fu_1228_p2                    |      icmp|   0|  0|  30|          23|           1|
    |icmp_ln139_2_fu_1193_p2                    |      icmp|   0|  0|  15|           8|           2|
    |icmp_ln139_3_fu_1199_p2                    |      icmp|   0|  0|  30|          23|           1|
    |icmp_ln139_4_fu_1281_p2                    |      icmp|   0|  0|  15|           8|           2|
    |icmp_ln139_5_fu_1287_p2                    |      icmp|   0|  0|  30|          23|           1|
    |icmp_ln139_6_fu_1395_p2                    |      icmp|   0|  0|  15|           8|           2|
    |icmp_ln139_7_fu_1401_p2                    |      icmp|   0|  0|  30|          23|           1|
    |icmp_ln139_8_fu_1338_p2                    |      icmp|   0|  0|  15|           8|           2|
    |icmp_ln139_9_fu_1344_p2                    |      icmp|   0|  0|  30|          23|           1|
    |icmp_ln139_fu_1222_p2                      |      icmp|   0|  0|  15|           8|           2|
    |icmp_ln142_10_fu_1706_p2                   |      icmp|   0|  0|  15|           8|           2|
    |icmp_ln142_11_fu_1712_p2                   |      icmp|   0|  0|  30|          23|           1|
    |icmp_ln142_12_fu_1724_p2                   |      icmp|   0|  0|  15|           8|           2|
    |icmp_ln142_13_fu_1730_p2                   |      icmp|   0|  0|  30|          23|           1|
    |icmp_ln142_1_fu_1445_p2                    |      icmp|   0|  0|  30|          23|           1|
    |icmp_ln142_2_fu_1511_p2                    |      icmp|   0|  0|  15|           8|           2|
    |icmp_ln142_3_fu_1517_p2                    |      icmp|   0|  0|  30|          23|           1|
    |icmp_ln142_4_fu_1529_p2                    |      icmp|   0|  0|  15|           8|           2|
    |icmp_ln142_5_fu_1535_p2                    |      icmp|   0|  0|  30|          23|           1|
    |icmp_ln142_6_fu_1605_p2                    |      icmp|   0|  0|  15|           8|           2|
    |icmp_ln142_7_fu_1611_p2                    |      icmp|   0|  0|  30|          23|           1|
    |icmp_ln142_8_fu_1623_p2                    |      icmp|   0|  0|  15|           8|           2|
    |icmp_ln142_9_fu_1629_p2                    |      icmp|   0|  0|  30|          23|           1|
    |icmp_ln142_fu_1439_p2                      |      icmp|   0|  0|  15|           8|           2|
    |icmp_ln145_1_fu_1806_p2                    |      icmp|   0|  0|  30|          23|           1|
    |icmp_ln145_2_fu_1818_p2                    |      icmp|   0|  0|  15|           8|           2|
    |icmp_ln145_3_fu_1824_p2                    |      icmp|   0|  0|  30|          23|           1|
    |icmp_ln145_fu_1800_p2                      |      icmp|   0|  0|  15|           8|           2|
    |icmp_ln148_1_fu_1895_p2                    |      icmp|   0|  0|  30|          23|           1|
    |icmp_ln148_fu_1889_p2                      |      icmp|   0|  0|  15|           8|           2|
    |icmp_ln151_1_fu_1936_p2                    |      icmp|   0|  0|  59|          52|           1|
    |icmp_ln151_fu_1930_p2                      |      icmp|   0|  0|  18|          11|           2|
    |icmp_ln175_1_fu_1999_p2                    |      icmp|   0|  0|  30|          23|           1|
    |icmp_ln175_2_fu_2039_p2                    |      icmp|   0|  0|  15|           8|           2|
    |icmp_ln175_3_fu_2045_p2                    |      icmp|   0|  0|  30|          23|           1|
    |icmp_ln175_4_fu_2085_p2                    |      icmp|   0|  0|  15|           8|           2|
    |icmp_ln175_5_fu_2091_p2                    |      icmp|   0|  0|  30|          23|           1|
    |icmp_ln175_6_fu_2131_p2                    |      icmp|   0|  0|  15|           8|           2|
    |icmp_ln175_7_fu_2137_p2                    |      icmp|   0|  0|  30|          23|           1|
    |icmp_ln175_fu_1993_p2                      |      icmp|   0|  0|  15|           8|           2|
    |notlhs178_fu_1964_p2                       |      icmp|   0|  0|  15|           8|           2|
    |notrhs179_fu_1970_p2                       |      icmp|   0|  0|  30|          23|           1|
    |empty_78_fu_2160_p2                        |        or|   0|  0|   2|           1|           1|
    |or_ln139_1_fu_1240_p2                      |        or|   0|  0|   2|           1|           1|
    |or_ln139_2_fu_1298_p2                      |        or|   0|  0|   2|           1|           1|
    |or_ln139_3_fu_1407_p2                      |        or|   0|  0|   2|           1|           1|
    |or_ln139_4_fu_1355_p2                      |        or|   0|  0|   2|           1|           1|
    |or_ln139_fu_1234_p2                        |        or|   0|  0|   2|           1|           1|
    |or_ln142_1_fu_1523_p2                      |        or|   0|  0|   2|           1|           1|
    |or_ln142_2_fu_1541_p2                      |        or|   0|  0|   2|           1|           1|
    |or_ln142_3_fu_1617_p2                      |        or|   0|  0|   2|           1|           1|
    |or_ln142_4_fu_1635_p2                      |        or|   0|  0|   2|           1|           1|
    |or_ln142_5_fu_1718_p2                      |        or|   0|  0|   2|           1|           1|
    |or_ln142_6_fu_1736_p2                      |        or|   0|  0|   2|           1|           1|
    |or_ln142_fu_1451_p2                        |        or|   0|  0|   2|           1|           1|
    |or_ln145_1_fu_1830_p2                      |        or|   0|  0|   2|           1|           1|
    |or_ln145_fu_1812_p2                        |        or|   0|  0|   2|           1|           1|
    |or_ln148_fu_1901_p2                        |        or|   0|  0|   2|           1|           1|
    |or_ln151_fu_1942_p2                        |        or|   0|  0|   2|           1|           1|
    |or_ln175_1_fu_2051_p2                      |        or|   0|  0|   2|           1|           1|
    |or_ln175_2_fu_2097_p2                      |        or|   0|  0|   2|           1|           1|
    |or_ln175_3_fu_2143_p2                      |        or|   0|  0|   2|           1|           1|
    |or_ln175_fu_2005_p2                        |        or|   0|  0|   2|           1|           1|
    |my_spillage_level_1_fu_1470_p3             |    select|   0|  0|  32|           1|          32|
    |my_spillage_level_2_fu_1559_p3             |    select|   0|  0|  32|           1|          32|
    |my_spillage_level_3_fu_1565_p3             |    select|   0|  0|  32|           1|          32|
    |my_spillage_level_4_fu_1653_p3             |    select|   0|  0|  32|           1|          32|
    |my_spillage_level_5_fu_1659_p3             |    select|   0|  0|  32|           1|          32|
    |my_spillage_level_6_fu_1754_p3             |    select|   0|  0|  32|           1|          32|
    |my_spillage_level_7_fu_1760_p3             |    select|   0|  0|  32|           1|          32|
    |my_spillage_level_8_fu_1848_p3             |    select|   0|  0|  32|           1|          32|
    |my_spillage_level_fu_1463_p3               |    select|   0|  0|  32|           1|           1|
    |neighbor_height_1_fu_1168_p3               |    select|   0|  0|  32|           1|          32|
    |neighbor_height_3_fu_1256_p3               |    select|   0|  0|  32|           1|          32|
    |neighbor_height_5_fu_1370_p3               |    select|   0|  0|  32|           1|          32|
    |neighbor_height_7_fu_1313_p3               |    select|   0|  0|  32|           1|          32|
    |select_ln109_fu_675_p3                     |    select|   0|  0|   6|           1|           6|
    |select_ln52_fu_667_p3                      |    select|   0|  0|   7|           1|           1|
    |sum_diff_1_fu_1665_p3                      |    select|   0|  0|  32|           1|          32|
    |sum_diff_3_fu_1854_p3                      |    select|   0|  0|  32|           1|          32|
    |sum_diff_5_fu_1860_p3                      |    select|   0|  0|  32|           1|          32|
    |sum_diff_7_fu_1866_p3                      |    select|   0|  0|  32|           1|          32|
    |ap_enable_pp0                              |       xor|   0|  0|   2|           1|           2|
    +-------------------------------------------+----------+----+---+----+------------+------------+
    |Total                                      |          |   0|  0|2444|        1323|        1125|
    +-------------------------------------------+----------+----+---+----+------------+------------+

    * Multiplexer: 
    +----------------------------------------+----+-----------+-----+-----------+
    |                  Name                  | LUT| Input Size| Bits| Total Bits|
    +----------------------------------------+----+-----------+-----+-----------+
    |ap_NS_fsm                               |  20|          4|    1|          4|
    |ap_done_int                             |   9|          2|    1|          2|
    |ap_enable_reg_pp0_iter0                 |   9|          2|    1|          2|
    |ap_enable_reg_pp0_iter36                |   9|          2|    1|          2|
    |ap_loop_exit_ready_pp0_iter10_reg       |   9|          2|    1|          2|
    |ap_loop_exit_ready_pp0_iter11_reg       |   9|          2|    1|          2|
    |ap_loop_exit_ready_pp0_iter12_reg       |   9|          2|    1|          2|
    |ap_loop_exit_ready_pp0_iter13_reg       |   9|          2|    1|          2|
    |ap_loop_exit_ready_pp0_iter14_reg       |   9|          2|    1|          2|
    |ap_loop_exit_ready_pp0_iter15_reg       |   9|          2|    1|          2|
    |ap_loop_exit_ready_pp0_iter16_reg       |   9|          2|    1|          2|
    |ap_loop_exit_ready_pp0_iter17_reg       |   9|          2|    1|          2|
    |ap_loop_exit_ready_pp0_iter18_reg       |   9|          2|    1|          2|
    |ap_loop_exit_ready_pp0_iter19_reg       |   9|          2|    1|          2|
    |ap_loop_exit_ready_pp0_iter1_reg        |   9|          2|    1|          2|
    |ap_loop_exit_ready_pp0_iter20_reg       |   9|          2|    1|          2|
    |ap_loop_exit_ready_pp0_iter21_reg       |   9|          2|    1|          2|
    |ap_loop_exit_ready_pp0_iter22_reg       |   9|          2|    1|          2|
    |ap_loop_exit_ready_pp0_iter23_reg       |   9|          2|    1|          2|
    |ap_loop_exit_ready_pp0_iter24_reg       |   9|          2|    1|          2|
    |ap_loop_exit_ready_pp0_iter25_reg       |   9|          2|    1|          2|
    |ap_loop_exit_ready_pp0_iter26_reg       |   9|          2|    1|          2|
    |ap_loop_exit_ready_pp0_iter27_reg       |   9|          2|    1|          2|
    |ap_loop_exit_ready_pp0_iter28_reg       |   9|          2|    1|          2|
    |ap_loop_exit_ready_pp0_iter29_reg       |   9|          2|    1|          2|
    |ap_loop_exit_ready_pp0_iter2_reg        |   9|          2|    1|          2|
    |ap_loop_exit_ready_pp0_iter30_reg       |   9|          2|    1|          2|
    |ap_loop_exit_ready_pp0_iter31_reg       |   9|          2|    1|          2|
    |ap_loop_exit_ready_pp0_iter32_reg       |   9|          2|    1|          2|
    |ap_loop_exit_ready_pp0_iter33_reg       |   9|          2|    1|          2|
    |ap_loop_exit_ready_pp0_iter34_reg       |   9|          2|    1|          2|
    |ap_loop_exit_ready_pp0_iter35_reg       |   9|          2|    1|          2|
    |ap_loop_exit_ready_pp0_iter36_reg       |   9|          2|    1|          2|
    |ap_loop_exit_ready_pp0_iter3_reg        |   9|          2|    1|          2|
    |ap_loop_exit_ready_pp0_iter4_reg        |   9|          2|    1|          2|
    |ap_loop_exit_ready_pp0_iter5_reg        |   9|          2|    1|          2|
    |ap_loop_exit_ready_pp0_iter6_reg        |   9|          2|    1|          2|
    |ap_loop_exit_ready_pp0_iter7_reg        |   9|          2|    1|          2|
    |ap_loop_exit_ready_pp0_iter8_reg        |   9|          2|    1|          2|
    |ap_loop_exit_ready_pp0_iter9_reg        |   9|          2|    1|          2|
    |ap_phi_mux_empty_74_phi_fu_488_p6       |   9|          2|  416|        832|
    |ap_phi_mux_empty_75_phi_fu_474_p6       |  14|          3|  416|       1248|
    |ap_phi_reg_pp0_iter36_empty_74_reg_485  |   9|          2|  416|        832|
    |ap_phi_reg_pp0_iter36_empty_76_reg_460  |  14|          3|  416|       1248|
    |ap_sig_allocacmp_indvar_flatten9_load   |   9|          2|   13|         26|
    |ap_sig_allocacmp_new_col_load           |   9|          2|    7|         14|
    |ap_sig_allocacmp_new_row_2_load         |   9|          2|    6|         12|
    |empty_71_fu_174                         |  14|          3|  416|       1248|
    |empty_75_reg_471                        |  14|          3|  416|       1248|
    |grp_fu_508_p0                           |  20|          4|   32|        128|
    |grp_fu_508_p1                           |  20|          4|   32|        128|
    |grp_fu_512_opcode                       |  14|          3|    2|          6|
    |grp_fu_512_p0                           |  20|          4|   32|        128|
    |grp_fu_512_p1                           |  20|          4|   32|        128|
    |grp_fu_516_opcode                       |  14|          3|    2|          6|
    |grp_fu_516_p0                           |  14|          3|   32|         96|
    |grp_fu_516_p1                           |  20|          4|   32|        128|
    |grp_fu_520_opcode                       |  14|          3|    2|          6|
    |grp_fu_520_p0                           |  20|          4|   32|        128|
    |grp_fu_520_p1                           |  20|          4|   32|        128|
    |grp_fu_524_opcode                       |  14|          3|    2|          6|
    |grp_fu_524_p0                           |  20|          4|   32|        128|
    |grp_fu_524_p1                           |  20|          4|   32|        128|
    |grp_fu_529_opcode                       |  14|          3|    2|          6|
    |grp_fu_529_p0                           |  20|          4|   32|        128|
    |grp_fu_529_p1                           |  20|          4|   32|        128|
    |grp_fu_533_p0                           |  14|          3|   32|         96|
    |grp_fu_533_p1                           |  20|          4|   32|        128|
    |grp_fu_537_p0                           |  14|          3|   32|         96|
    |grp_fu_537_p1                           |  14|          3|   32|         96|
    |grp_fu_541_p0                           |  14|          3|   32|         96|
    |grp_fu_541_p1                           |  14|          3|   32|         96|
    |grp_fu_547_p0                           |  20|          4|   32|        128|
    |grp_fu_552_p0                           |  20|          4|   32|        128|
    |grp_fu_552_p1                           |  14|          3|   32|         96|
    |grp_fu_557_p0                           |  20|          4|   32|        128|
    |grp_fu_560_p0                           |  14|          3|   32|         96|
    |grp_fu_566_p0                           |  14|          3|   32|         96|
    |grp_fu_566_p1                           |  20|          4|   32|        128|
    |grp_fu_570_opcode                       |  14|          3|    5|         15|
    |grp_fu_570_p0                           |  20|          4|   32|        128|
    |grp_fu_570_p1                           |  20|          4|   32|        128|
    |grp_fu_574_opcode                       |  14|          3|    5|         15|
    |grp_fu_574_p0                           |  20|          4|   32|        128|
    |grp_fu_574_p1                           |  14|          3|   32|         96|
    |grp_fu_579_opcode                       |  14|          3|    5|         15|
    |grp_fu_579_p0                           |  14|          3|   32|         96|
    |grp_fu_579_p1                           |  20|          4|   32|        128|
    |grp_fu_583_p1                           |  20|          4|   32|        128|
    |indvar_flatten9_fu_170                  |   9|          2|   13|         26|
    |new_col_fu_162                          |   9|          2|    7|         14|
    |new_row_2_fu_166                        |   9|          2|    6|         12|
    |p_ground_address0_local                 |  20|          4|   13|         52|
    |p_ground_address1_local                 |  14|          3|   13|         39|
    |water_level_1_address0_local            |  20|          4|   11|         44|
    |water_level_1_address1_local            |  14|          3|   11|         33|
    |water_level_2_address0_local            |  20|          4|   11|         44|
    |water_level_2_address1_local            |  14|          3|   11|         33|
    |water_level_address0_local              |  20|          4|   11|         44|
    |water_level_address1_local              |  14|          3|   11|         33|
    +----------------------------------------+----+-----------+-----+-----------+
    |Total                                   |1321|        279| 3729|      10983|
    +----------------------------------------+----+-----------+-----+-----------+

    * Register: 
    +------------------------------------------------+-----+----+-----+-----------+
    |                      Name                      |  FF | LUT| Bits| Const Bits|
    +------------------------------------------------+-----+----+-----+-----------+
    |add_ln117_1_reg_2648                            |    9|   0|   13|          4|
    |add_ln117_1_reg_2648_pp0_iter9_reg              |    9|   0|   13|          4|
    |add_ln134_1_reg_2510                            |   11|   0|   11|          0|
    |add_ln134_3_reg_2684                            |   13|   0|   13|          0|
    |add_ln134_4_reg_2593                            |   11|   0|   11|          0|
    |add_ln168_2_reg_3173                            |   64|   0|   64|          0|
    |and_ln139_1_reg_2868                            |    1|   0|    1|          0|
    |and_ln139_3_reg_2903                            |    1|   0|    1|          0|
    |and_ln139_5_reg_2960                            |    1|   0|    1|          0|
    |and_ln139_7_reg_2938                            |    1|   0|    1|          0|
    |and_ln148_reg_3060                              |    1|   0|    1|          0|
    |and_ln151_reg_3088                              |    1|   0|    1|          0|
    |and_ln175_1_reg_3102                            |    1|   0|    1|          0|
    |and_ln175_3_reg_3106                            |    1|   0|    1|          0|
    |and_ln175_5_reg_3110                            |    1|   0|    1|          0|
    |and_ln175_7_reg_3114                            |    1|   0|    1|          0|
    |ap_CS_fsm                                       |    3|   0|    3|          0|
    |ap_done_reg                                     |    1|   0|    1|          0|
    |ap_enable_reg_pp0_iter0_reg                     |    1|   0|    1|          0|
    |ap_enable_reg_pp0_iter1                         |    1|   0|    1|          0|
    |ap_enable_reg_pp0_iter10                        |    1|   0|    1|          0|
    |ap_enable_reg_pp0_iter11                        |    1|   0|    1|          0|
    |ap_enable_reg_pp0_iter12                        |    1|   0|    1|          0|
    |ap_enable_reg_pp0_iter13                        |    1|   0|    1|          0|
    |ap_enable_reg_pp0_iter14                        |    1|   0|    1|          0|
    |ap_enable_reg_pp0_iter15                        |    1|   0|    1|          0|
    |ap_enable_reg_pp0_iter16                        |    1|   0|    1|          0|
    |ap_enable_reg_pp0_iter17                        |    1|   0|    1|          0|
    |ap_enable_reg_pp0_iter18                        |    1|   0|    1|          0|
    |ap_enable_reg_pp0_iter19                        |    1|   0|    1|          0|
    |ap_enable_reg_pp0_iter2                         |    1|   0|    1|          0|
    |ap_enable_reg_pp0_iter20                        |    1|   0|    1|          0|
    |ap_enable_reg_pp0_iter21                        |    1|   0|    1|          0|
    |ap_enable_reg_pp0_iter22                        |    1|   0|    1|          0|
    |ap_enable_reg_pp0_iter23                        |    1|   0|    1|          0|
    |ap_enable_reg_pp0_iter24                        |    1|   0|    1|          0|
    |ap_enable_reg_pp0_iter25                        |    1|   0|    1|          0|
    |ap_enable_reg_pp0_iter26                        |    1|   0|    1|          0|
    |ap_enable_reg_pp0_iter27                        |    1|   0|    1|          0|
    |ap_enable_reg_pp0_iter28                        |    1|   0|    1|          0|
    |ap_enable_reg_pp0_iter29                        |    1|   0|    1|          0|
    |ap_enable_reg_pp0_iter3                         |    1|   0|    1|          0|
    |ap_enable_reg_pp0_iter30                        |    1|   0|    1|          0|
    |ap_enable_reg_pp0_iter31                        |    1|   0|    1|          0|
    |ap_enable_reg_pp0_iter32                        |    1|   0|    1|          0|
    |ap_enable_reg_pp0_iter33                        |    1|   0|    1|          0|
    |ap_enable_reg_pp0_iter34                        |    1|   0|    1|          0|
    |ap_enable_reg_pp0_iter35                        |    1|   0|    1|          0|
    |ap_enable_reg_pp0_iter36                        |    1|   0|    1|          0|
    |ap_enable_reg_pp0_iter4                         |    1|   0|    1|          0|
    |ap_enable_reg_pp0_iter5                         |    1|   0|    1|          0|
    |ap_enable_reg_pp0_iter6                         |    1|   0|    1|          0|
    |ap_enable_reg_pp0_iter7                         |    1|   0|    1|          0|
    |ap_enable_reg_pp0_iter8                         |    1|   0|    1|          0|
    |ap_enable_reg_pp0_iter9                         |    1|   0|    1|          0|
    |ap_loop_exit_ready_pp0_iter10_reg               |    1|   0|    1|          0|
    |ap_loop_exit_ready_pp0_iter11_reg               |    1|   0|    1|          0|
    |ap_loop_exit_ready_pp0_iter12_reg               |    1|   0|    1|          0|
    |ap_loop_exit_ready_pp0_iter13_reg               |    1|   0|    1|          0|
    |ap_loop_exit_ready_pp0_iter14_reg               |    1|   0|    1|          0|
    |ap_loop_exit_ready_pp0_iter15_reg               |    1|   0|    1|          0|
    |ap_loop_exit_ready_pp0_iter16_reg               |    1|   0|    1|          0|
    |ap_loop_exit_ready_pp0_iter17_reg               |    1|   0|    1|          0|
    |ap_loop_exit_ready_pp0_iter18_reg               |    1|   0|    1|          0|
    |ap_loop_exit_ready_pp0_iter19_reg               |    1|   0|    1|          0|
    |ap_loop_exit_ready_pp0_iter1_reg                |    1|   0|    1|          0|
    |ap_loop_exit_ready_pp0_iter20_reg               |    1|   0|    1|          0|
    |ap_loop_exit_ready_pp0_iter21_reg               |    1|   0|    1|          0|
    |ap_loop_exit_ready_pp0_iter22_reg               |    1|   0|    1|          0|
    |ap_loop_exit_ready_pp0_iter23_reg               |    1|   0|    1|          0|
    |ap_loop_exit_ready_pp0_iter24_reg               |    1|   0|    1|          0|
    |ap_loop_exit_ready_pp0_iter25_reg               |    1|   0|    1|          0|
    |ap_loop_exit_ready_pp0_iter26_reg               |    1|   0|    1|          0|
    |ap_loop_exit_ready_pp0_iter27_reg               |    1|   0|    1|          0|
    |ap_loop_exit_ready_pp0_iter28_reg               |    1|   0|    1|          0|
    |ap_loop_exit_ready_pp0_iter29_reg               |    1|   0|    1|          0|
    |ap_loop_exit_ready_pp0_iter2_reg                |    1|   0|    1|          0|
    |ap_loop_exit_ready_pp0_iter30_reg               |    1|   0|    1|          0|
    |ap_loop_exit_ready_pp0_iter31_reg               |    1|   0|    1|          0|
    |ap_loop_exit_ready_pp0_iter32_reg               |    1|   0|    1|          0|
    |ap_loop_exit_ready_pp0_iter33_reg               |    1|   0|    1|          0|
    |ap_loop_exit_ready_pp0_iter34_reg               |    1|   0|    1|          0|
    |ap_loop_exit_ready_pp0_iter35_reg               |    1|   0|    1|          0|
    |ap_loop_exit_ready_pp0_iter36_reg               |    1|   0|    1|          0|
    |ap_loop_exit_ready_pp0_iter3_reg                |    1|   0|    1|          0|
    |ap_loop_exit_ready_pp0_iter4_reg                |    1|   0|    1|          0|
    |ap_loop_exit_ready_pp0_iter5_reg                |    1|   0|    1|          0|
    |ap_loop_exit_ready_pp0_iter6_reg                |    1|   0|    1|          0|
    |ap_loop_exit_ready_pp0_iter7_reg                |    1|   0|    1|          0|
    |ap_loop_exit_ready_pp0_iter8_reg                |    1|   0|    1|          0|
    |ap_loop_exit_ready_pp0_iter9_reg                |    1|   0|    1|          0|
    |ap_phi_reg_pp0_iter10_empty_74_reg_485          |  416|   0|  416|          0|
    |ap_phi_reg_pp0_iter10_empty_76_reg_460          |  416|   0|  416|          0|
    |ap_phi_reg_pp0_iter11_empty_74_reg_485          |  416|   0|  416|          0|
    |ap_phi_reg_pp0_iter11_empty_76_reg_460          |  416|   0|  416|          0|
    |ap_phi_reg_pp0_iter12_empty_74_reg_485          |  416|   0|  416|          0|
    |ap_phi_reg_pp0_iter12_empty_76_reg_460          |  416|   0|  416|          0|
    |ap_phi_reg_pp0_iter13_empty_74_reg_485          |  416|   0|  416|          0|
    |ap_phi_reg_pp0_iter13_empty_76_reg_460          |  416|   0|  416|          0|
    |ap_phi_reg_pp0_iter14_empty_74_reg_485          |  416|   0|  416|          0|
    |ap_phi_reg_pp0_iter14_empty_76_reg_460          |  416|   0|  416|          0|
    |ap_phi_reg_pp0_iter15_empty_74_reg_485          |  416|   0|  416|          0|
    |ap_phi_reg_pp0_iter15_empty_76_reg_460          |  416|   0|  416|          0|
    |ap_phi_reg_pp0_iter16_empty_74_reg_485          |  416|   0|  416|          0|
    |ap_phi_reg_pp0_iter16_empty_76_reg_460          |  416|   0|  416|          0|
    |ap_phi_reg_pp0_iter17_empty_74_reg_485          |  416|   0|  416|          0|
    |ap_phi_reg_pp0_iter17_empty_76_reg_460          |  416|   0|  416|          0|
    |ap_phi_reg_pp0_iter18_empty_74_reg_485          |  416|   0|  416|          0|
    |ap_phi_reg_pp0_iter18_empty_76_reg_460          |  416|   0|  416|          0|
    |ap_phi_reg_pp0_iter19_empty_74_reg_485          |  416|   0|  416|          0|
    |ap_phi_reg_pp0_iter19_empty_76_reg_460          |  416|   0|  416|          0|
    |ap_phi_reg_pp0_iter1_empty_74_reg_485           |  416|   0|  416|          0|
    |ap_phi_reg_pp0_iter1_empty_76_reg_460           |  416|   0|  416|          0|
    |ap_phi_reg_pp0_iter20_empty_74_reg_485          |  416|   0|  416|          0|
    |ap_phi_reg_pp0_iter20_empty_76_reg_460          |  416|   0|  416|          0|
    |ap_phi_reg_pp0_iter21_empty_74_reg_485          |  416|   0|  416|          0|
    |ap_phi_reg_pp0_iter21_empty_76_reg_460          |  416|   0|  416|          0|
    |ap_phi_reg_pp0_iter22_empty_74_reg_485          |  416|   0|  416|          0|
    |ap_phi_reg_pp0_iter22_empty_76_reg_460          |  416|   0|  416|          0|
    |ap_phi_reg_pp0_iter23_empty_74_reg_485          |  416|   0|  416|          0|
    |ap_phi_reg_pp0_iter23_empty_76_reg_460          |  416|   0|  416|          0|
    |ap_phi_reg_pp0_iter24_empty_74_reg_485          |  416|   0|  416|          0|
    |ap_phi_reg_pp0_iter24_empty_76_reg_460          |  416|   0|  416|          0|
    |ap_phi_reg_pp0_iter25_empty_74_reg_485          |  416|   0|  416|          0|
    |ap_phi_reg_pp0_iter25_empty_76_reg_460          |  416|   0|  416|          0|
    |ap_phi_reg_pp0_iter26_empty_74_reg_485          |  416|   0|  416|          0|
    |ap_phi_reg_pp0_iter26_empty_76_reg_460          |  416|   0|  416|          0|
    |ap_phi_reg_pp0_iter27_empty_74_reg_485          |  416|   0|  416|          0|
    |ap_phi_reg_pp0_iter27_empty_76_reg_460          |  416|   0|  416|          0|
    |ap_phi_reg_pp0_iter28_empty_74_reg_485          |  416|   0|  416|          0|
    |ap_phi_reg_pp0_iter28_empty_76_reg_460          |  416|   0|  416|          0|
    |ap_phi_reg_pp0_iter29_empty_74_reg_485          |  416|   0|  416|          0|
    |ap_phi_reg_pp0_iter29_empty_76_reg_460          |  416|   0|  416|          0|
    |ap_phi_reg_pp0_iter2_empty_74_reg_485           |  416|   0|  416|          0|
    |ap_phi_reg_pp0_iter2_empty_76_reg_460           |  416|   0|  416|          0|
    |ap_phi_reg_pp0_iter30_empty_74_reg_485          |  416|   0|  416|          0|
    |ap_phi_reg_pp0_iter30_empty_76_reg_460          |  416|   0|  416|          0|
    |ap_phi_reg_pp0_iter31_empty_74_reg_485          |  416|   0|  416|          0|
    |ap_phi_reg_pp0_iter31_empty_76_reg_460          |  416|   0|  416|          0|
    |ap_phi_reg_pp0_iter32_empty_74_reg_485          |  416|   0|  416|          0|
    |ap_phi_reg_pp0_iter32_empty_76_reg_460          |  416|   0|  416|          0|
    |ap_phi_reg_pp0_iter33_empty_74_reg_485          |  416|   0|  416|          0|
    |ap_phi_reg_pp0_iter33_empty_76_reg_460          |  416|   0|  416|          0|
    |ap_phi_reg_pp0_iter34_empty_74_reg_485          |  416|   0|  416|          0|
    |ap_phi_reg_pp0_iter34_empty_76_reg_460          |  416|   0|  416|          0|
    |ap_phi_reg_pp0_iter35_empty_74_reg_485          |  416|   0|  416|          0|
    |ap_phi_reg_pp0_iter35_empty_76_reg_460          |  416|   0|  416|          0|
    |ap_phi_reg_pp0_iter36_empty_74_reg_485          |  416|   0|  416|          0|
    |ap_phi_reg_pp0_iter36_empty_76_reg_460          |  416|   0|  416|          0|
    |ap_phi_reg_pp0_iter3_empty_74_reg_485           |  416|   0|  416|          0|
    |ap_phi_reg_pp0_iter3_empty_76_reg_460           |  416|   0|  416|          0|
    |ap_phi_reg_pp0_iter4_empty_74_reg_485           |  416|   0|  416|          0|
    |ap_phi_reg_pp0_iter4_empty_76_reg_460           |  416|   0|  416|          0|
    |ap_phi_reg_pp0_iter5_empty_74_reg_485           |  416|   0|  416|          0|
    |ap_phi_reg_pp0_iter5_empty_76_reg_460           |  416|   0|  416|          0|
    |ap_phi_reg_pp0_iter6_empty_74_reg_485           |  416|   0|  416|          0|
    |ap_phi_reg_pp0_iter6_empty_76_reg_460           |  416|   0|  416|          0|
    |ap_phi_reg_pp0_iter7_empty_74_reg_485           |  416|   0|  416|          0|
    |ap_phi_reg_pp0_iter7_empty_76_reg_460           |  416|   0|  416|          0|
    |ap_phi_reg_pp0_iter8_empty_74_reg_485           |  416|   0|  416|          0|
    |ap_phi_reg_pp0_iter8_empty_76_reg_460           |  416|   0|  416|          0|
    |ap_phi_reg_pp0_iter9_empty_74_reg_485           |  416|   0|  416|          0|
    |ap_phi_reg_pp0_iter9_empty_76_reg_460           |  416|   0|  416|          0|
    |ap_predicate_pred1595_state109                  |    1|   0|    1|          0|
    |ap_predicate_pred1602_state109                  |    1|   0|    1|          0|
    |ap_predicate_pred1607_state109                  |    1|   0|    1|          0|
    |ap_predicate_pred1621_state110                  |    1|   0|    1|          0|
    |ap_predicate_pred1633_state110                  |    1|   0|    1|          0|
    |ap_predicate_pred1640_state110                  |    1|   0|    1|          0|
    |ap_predicate_pred1687_state110                  |    1|   0|    1|          0|
    |ap_predicate_pred1708_state110                  |    1|   0|    1|          0|
    |ap_predicate_pred1889_state111                  |    1|   0|    1|          0|
    |ap_predicate_pred1894_state111                  |    1|   0|    1|          0|
    |ap_predicate_pred1899_state111                  |    1|   0|    1|          0|
    |ap_predicate_pred2016_state101                  |    1|   0|    1|          0|
    |ap_predicate_pred2028_state101                  |    1|   0|    1|          0|
    |ap_predicate_pred2045_state103                  |    1|   0|    1|          0|
    |ap_predicate_pred2057_state103                  |    1|   0|    1|          0|
    |ap_predicate_pred3179_state91                   |    1|   0|    1|          0|
    |ap_predicate_pred3188_state91                   |    1|   0|    1|          0|
    |conv300_1_reg_2633                              |   32|   0|   32|          0|
    |conv300_2_reg_2643                              |   32|   0|   32|          0|
    |conv300_3_reg_2638                              |   32|   0|   32|          0|
    |conv3_reg_2603                                  |   32|   0|   32|          0|
    |conv4_reg_2623                                  |   32|   0|   32|          0|
    |conv6_reg_3072                                  |   64|   0|   64|          0|
    |current_height_reg_2810                         |   32|   0|   32|          0|
    |div301_1_reg_2760                               |   32|   0|   32|          0|
    |div301_2_reg_2800                               |   32|   0|   32|          0|
    |div301_3_reg_2785                               |   32|   0|   32|          0|
    |div4_reg_2735                                   |   32|   0|   32|          0|
    |div7_reg_3157                                   |   32|   0|   32|          0|
    |div9_reg_2701                                   |   32|   0|   32|          0|
    |empty_71_fu_174                                 |  416|   0|  416|          0|
    |empty_72_reg_2654                               |    1|   0|    1|          0|
    |empty_73_reg_2659                               |    1|   0|    1|          0|
    |empty_75_reg_471                                |  416|   0|  416|          0|
    |empty_80_reg_3118                               |    1|   0|    1|          0|
    |grp_p_hls_fptosi_float_i32_fu_498_ap_start_reg  |    1|   0|    1|          0|
    |grp_p_hls_fptosi_float_i32_fu_503_ap_start_reg  |    1|   0|    1|          0|
    |height_diff_1_reg_2974                          |   32|   0|   32|          0|
    |height_diff_2_reg_3006                          |   32|   0|   32|          0|
    |height_diff_3_reg_2990                          |   32|   0|   32|          0|
    |height_diff_reg_2966                            |   32|   0|   32|          0|
    |icmp_ln109_reg_2401                             |    1|   0|    1|          0|
    |icmp_ln111_reg_2501                             |    1|   0|    1|          0|
    |icmp_ln128_1_reg_2890                           |    1|   0|    1|          0|
    |icmp_ln128_reg_2925                             |    1|   0|    1|          0|
    |icmp_ln139_2_reg_2838                           |    1|   0|    1|          0|
    |icmp_ln139_3_reg_2843                           |    1|   0|    1|          0|
    |icmp_ln139_4_reg_2880                           |    1|   0|    1|          0|
    |icmp_ln139_5_reg_2885                           |    1|   0|    1|          0|
    |icmp_ln139_6_reg_2950                           |    1|   0|    1|          0|
    |icmp_ln139_7_reg_2955                           |    1|   0|    1|          0|
    |icmp_ln139_8_reg_2915                           |    1|   0|    1|          0|
    |icmp_ln139_9_reg_2920                           |    1|   0|    1|          0|
    |icmp_ln151_1_reg_3083                           |    1|   0|    1|          0|
    |icmp_ln151_reg_3078                             |    1|   0|    1|          0|
    |indvar_flatten9_fu_170                          |   13|   0|   13|          0|
    |mul401_3_reg_3152                               |   32|   0|   32|          0|
    |mul7_reg_3147                                   |   32|   0|   32|          0|
    |mul_ln111_reg_2421                              |   11|   0|   11|          0|
    |mul_ln134_1_reg_2476                            |   11|   0|   11|          0|
    |my_spillage_level_1_reg_2982                    |   32|   0|   32|          0|
    |my_spillage_level_3_reg_2998                    |   32|   0|   32|          0|
    |my_spillage_level_5_reg_3014                    |   32|   0|   32|          0|
    |my_spillage_level_7_reg_3028                    |   32|   0|   32|          0|
    |my_spillage_level_8_reg_3035                    |   32|   0|   32|          0|
    |neighbor_height_2_reg_2848                      |   32|   0|   32|          0|
    |neighbor_height_4_reg_2930                      |   32|   0|   32|          0|
    |neighbor_height_6_reg_2895                      |   32|   0|   32|          0|
    |neighbor_height_8_reg_2724                      |   32|   0|   32|          0|
    |neighbor_height_reg_2824                        |   32|   0|   32|          0|
    |new_col_1_reg_2525                              |    8|   0|    8|          0|
    |new_col_2_reg_2557                              |    7|   0|    7|          0|
    |new_col_fu_162                                  |    7|   0|    7|          0|
    |new_row_1_reg_2481                              |    6|   0|    6|          0|
    |new_row_2_fu_166                                |    6|   0|    6|          0|
    |new_row_reg_2469                                |    7|   0|    7|          0|
    |notlhs178_reg_3092                              |    1|   0|    1|          0|
    |notrhs179_reg_3097                              |    1|   0|    1|          0|
    |or_ln139_reg_2856                               |    1|   0|    1|          0|
    |p_ground_load_1_reg_2719                        |   32|   0|   32|          0|
    |p_ground_load_2_reg_2740                        |   32|   0|   32|          0|
    |p_ground_load_3_reg_2790                        |   32|   0|   32|          0|
    |p_ground_load_4_reg_2765                        |   32|   0|   32|          0|
    |p_ground_load_reg_2694                          |   32|   0|   32|          0|
    |proportion_reg_3064                             |   32|   0|   32|          0|
    |reg_597                                         |   32|   0|   32|          0|
    |reg_604                                         |   32|   0|   32|          0|
    |reg_610                                         |   32|   0|   32|          0|
    |select_ln109_reg_2413                           |    6|   0|    6|          0|
    |select_ln52_reg_2405                            |    7|   0|    7|          0|
    |spillage_flag_addr_reg_2669                     |   13|   0|   13|          0|
    |spillage_from_neigh_1_addr_reg_2714             |   13|   0|   13|          0|
    |spillage_from_neigh_2_addr_reg_2780             |   13|   0|   13|          0|
    |spillage_from_neigh_3_addr_reg_2750             |   13|   0|   13|          0|
    |spillage_from_neigh_addr_reg_2689               |   13|   0|   13|          0|
    |spillage_level_addr_reg_2674                    |   13|   0|   13|          0|
    |sub400_1_reg_3132                               |   32|   0|   32|          0|
    |sub400_2_reg_3137                               |   32|   0|   32|          0|
    |sub400_3_reg_3142                               |   32|   0|   32|          0|
    |sub6_reg_3122                                   |   32|   0|   32|          0|
    |sub7_reg_3127                                   |   32|   0|   32|          0|
    |sum_diff_1_reg_3022                             |   32|   0|   32|          0|
    |sum_diff_3_reg_3041                             |   32|   0|   32|          0|
    |sum_diff_5_reg_3047                             |   32|   0|   32|          0|
    |sum_diff_7_reg_3053                             |   32|   0|   32|          0|
    |tmp_11_reg_2598                                 |   32|   0|   32|          0|
    |tmp_4_reg_2547                                  |   32|   0|   32|          0|
    |tmp_5_reg_2568                                  |   32|   0|   32|          0|
    |tmp_60_reg_2428                                 |    6|   0|    6|          0|
    |tmp_66_reg_2563                                 |    6|   0|    6|          0|
    |tmp_6_reg_2628                                  |   32|   0|   32|          0|
    |tmp_s_reg_2496                                  |   32|   0|   32|          0|
    |trunc_ln52_reg_2488                             |    2|   0|    2|          0|
    |trunc_ln52_reg_2488_pp0_iter4_reg               |    2|   0|    2|          0|
    |udiv_ln1_cast_reg_2573                          |   11|   0|   11|          0|
    |water_level_1_load_reg_2459                     |   32|   0|   32|          0|
    |water_level_2_load_reg_2464                     |   32|   0|   32|          0|
    |water_level_load_reg_2454                       |   32|   0|   32|          0|
    |zext_ln111_reg_2433                             |    6|   0|   11|          5|
    |and_ln139_1_reg_2868                            |   64|  32|    1|          0|
    |and_ln139_3_reg_2903                            |   64|  32|    1|          0|
    |and_ln139_5_reg_2960                            |   64|  32|    1|          0|
    |and_ln139_7_reg_2938                            |   64|  32|    1|          0|
    |and_ln148_reg_3060                              |   64|  32|    1|          0|
    |and_ln151_reg_3088                              |   64|  32|    1|          0|
    |and_ln175_1_reg_3102                            |   64|  32|    1|          0|
    |and_ln175_3_reg_3106                            |   64|  32|    1|          0|
    |and_ln175_5_reg_3110                            |   64|  32|    1|          0|
    |and_ln175_7_reg_3114                            |   64|  32|    1|          0|
    |current_height_reg_2810                         |   64|  32|   32|          0|
    |div9_reg_2701                                   |   64|  32|   32|          0|
    |empty_72_reg_2654                               |   64|  32|    1|          0|
    |empty_73_reg_2659                               |   64|  32|    1|          0|
    |empty_80_reg_3118                               |   64|  32|    1|          0|
    |height_diff_1_reg_2974                          |   64|  32|   32|          0|
    |height_diff_2_reg_3006                          |   64|  32|   32|          0|
    |height_diff_3_reg_2990                          |   64|  32|   32|          0|
    |icmp_ln109_reg_2401                             |   64|  32|    1|          0|
    |icmp_ln111_reg_2501                             |   64|  32|    1|          0|
    |icmp_ln128_1_reg_2890                           |   64|  32|    1|          0|
    |icmp_ln128_reg_2925                             |   64|  32|    1|          0|
    |mul_ln111_reg_2421                              |   64|  32|   11|          0|
    |my_spillage_level_8_reg_3035                    |   64|  32|   32|          0|
    |neighbor_height_2_reg_2848                      |   64|  32|   32|          0|
    |neighbor_height_4_reg_2930                      |   64|  32|   32|          0|
    |neighbor_height_6_reg_2895                      |   64|  32|   32|          0|
    |neighbor_height_8_reg_2724                      |   64|  32|   32|          0|
    |neighbor_height_reg_2824                        |   64|  32|   32|          0|
    |new_col_1_reg_2525                              |   64|  32|    8|          0|
    |new_col_2_reg_2557                              |   64|  32|    7|          0|
    |new_row_1_reg_2481                              |   64|  32|    6|          0|
    |new_row_reg_2469                                |   64|  32|    7|          0|
    |or_ln139_reg_2856                               |   64|  32|    1|          0|
    |p_ground_load_reg_2694                          |   64|  32|   32|          0|
    |proportion_reg_3064                             |   64|  32|   32|          0|
    |select_ln109_reg_2413                           |   64|  32|    6|          0|
    |select_ln52_reg_2405                            |   64|  32|    7|          0|
    |spillage_flag_addr_reg_2669                     |   64|  32|   13|          0|
    |spillage_from_neigh_1_addr_reg_2714             |   64|  32|   13|          0|
    |spillage_from_neigh_2_addr_reg_2780             |   64|  32|   13|          0|
    |spillage_from_neigh_3_addr_reg_2750             |   64|  32|   13|          0|
    |spillage_from_neigh_addr_reg_2689               |   64|  32|   13|          0|
    |spillage_level_addr_reg_2674                    |   64|  32|   13|          0|
    |sum_diff_1_reg_3022                             |   64|  32|   32|          0|
    |sum_diff_3_reg_3041                             |   64|  32|   32|          0|
    |sum_diff_5_reg_3047                             |   64|  32|   32|          0|
    |sum_diff_7_reg_3053                             |   64|  32|   32|          0|
    |water_level_1_load_reg_2459                     |   64|  32|   32|          0|
    |water_level_2_load_reg_2464                     |   64|  32|   32|          0|
    |water_level_load_reg_2454                       |   64|  32|   32|          0|
    |zext_ln111_reg_2433                             |   64|  32|   11|          5|
    +------------------------------------------------+-----+----+-----+-----------+
    |Total                                           |36347|1664|33831|         18|
    +------------------------------------------------+-----+----+-----+-----------+



================================================================
== Interface
================================================================
* Summary: 
+--------------------------------------------+-----+-----+------------+--------------------------------------------------------+--------------+
|                  RTL Ports                 | Dir | Bits|  Protocol  |                      Source Object                     |    C Type    |
+--------------------------------------------+-----+-----+------------+--------------------------------------------------------+--------------+
|ap_clk                                      |   in|    1|  ap_ctrl_hs|  do_compute_Pipeline_VITIS_LOOP_109_9_VITIS_LOOP_110_10|  return value|
|ap_rst                                      |   in|    1|  ap_ctrl_hs|  do_compute_Pipeline_VITIS_LOOP_109_9_VITIS_LOOP_110_10|  return value|
|ap_start                                    |   in|    1|  ap_ctrl_hs|  do_compute_Pipeline_VITIS_LOOP_109_9_VITIS_LOOP_110_10|  return value|
|ap_done                                     |  out|    1|  ap_ctrl_hs|  do_compute_Pipeline_VITIS_LOOP_109_9_VITIS_LOOP_110_10|  return value|
|ap_idle                                     |  out|    1|  ap_ctrl_hs|  do_compute_Pipeline_VITIS_LOOP_109_9_VITIS_LOOP_110_10|  return value|
|ap_ready                                    |  out|    1|  ap_ctrl_hs|  do_compute_Pipeline_VITIS_LOOP_109_9_VITIS_LOOP_110_10|  return value|
|grp_fu_454_p_din0                           |  out|   32|  ap_ctrl_hs|  do_compute_Pipeline_VITIS_LOOP_109_9_VITIS_LOOP_110_10|  return value|
|grp_fu_454_p_din1                           |  out|   32|  ap_ctrl_hs|  do_compute_Pipeline_VITIS_LOOP_109_9_VITIS_LOOP_110_10|  return value|
|grp_fu_454_p_opcode                         |  out|    1|  ap_ctrl_hs|  do_compute_Pipeline_VITIS_LOOP_109_9_VITIS_LOOP_110_10|  return value|
|grp_fu_454_p_dout0                          |   in|   32|  ap_ctrl_hs|  do_compute_Pipeline_VITIS_LOOP_109_9_VITIS_LOOP_110_10|  return value|
|grp_fu_454_p_ce                             |  out|    1|  ap_ctrl_hs|  do_compute_Pipeline_VITIS_LOOP_109_9_VITIS_LOOP_110_10|  return value|
|grp_fu_459_p_din0                           |  out|   32|  ap_ctrl_hs|  do_compute_Pipeline_VITIS_LOOP_109_9_VITIS_LOOP_110_10|  return value|
|grp_fu_459_p_din1                           |  out|   32|  ap_ctrl_hs|  do_compute_Pipeline_VITIS_LOOP_109_9_VITIS_LOOP_110_10|  return value|
|grp_fu_459_p_opcode                         |  out|    2|  ap_ctrl_hs|  do_compute_Pipeline_VITIS_LOOP_109_9_VITIS_LOOP_110_10|  return value|
|grp_fu_459_p_dout0                          |   in|   32|  ap_ctrl_hs|  do_compute_Pipeline_VITIS_LOOP_109_9_VITIS_LOOP_110_10|  return value|
|grp_fu_459_p_ce                             |  out|    1|  ap_ctrl_hs|  do_compute_Pipeline_VITIS_LOOP_109_9_VITIS_LOOP_110_10|  return value|
|grp_fu_463_p_din0                           |  out|   32|  ap_ctrl_hs|  do_compute_Pipeline_VITIS_LOOP_109_9_VITIS_LOOP_110_10|  return value|
|grp_fu_463_p_din1                           |  out|   32|  ap_ctrl_hs|  do_compute_Pipeline_VITIS_LOOP_109_9_VITIS_LOOP_110_10|  return value|
|grp_fu_463_p_opcode                         |  out|    2|  ap_ctrl_hs|  do_compute_Pipeline_VITIS_LOOP_109_9_VITIS_LOOP_110_10|  return value|
|grp_fu_463_p_dout0                          |   in|   32|  ap_ctrl_hs|  do_compute_Pipeline_VITIS_LOOP_109_9_VITIS_LOOP_110_10|  return value|
|grp_fu_463_p_ce                             |  out|    1|  ap_ctrl_hs|  do_compute_Pipeline_VITIS_LOOP_109_9_VITIS_LOOP_110_10|  return value|
|grp_fu_468_p_din0                           |  out|   32|  ap_ctrl_hs|  do_compute_Pipeline_VITIS_LOOP_109_9_VITIS_LOOP_110_10|  return value|
|grp_fu_468_p_din1                           |  out|   32|  ap_ctrl_hs|  do_compute_Pipeline_VITIS_LOOP_109_9_VITIS_LOOP_110_10|  return value|
|grp_fu_468_p_dout0                          |   in|   32|  ap_ctrl_hs|  do_compute_Pipeline_VITIS_LOOP_109_9_VITIS_LOOP_110_10|  return value|
|grp_fu_468_p_ce                             |  out|    1|  ap_ctrl_hs|  do_compute_Pipeline_VITIS_LOOP_109_9_VITIS_LOOP_110_10|  return value|
|grp_fu_473_p_din0                           |  out|   32|  ap_ctrl_hs|  do_compute_Pipeline_VITIS_LOOP_109_9_VITIS_LOOP_110_10|  return value|
|grp_fu_473_p_din1                           |  out|   32|  ap_ctrl_hs|  do_compute_Pipeline_VITIS_LOOP_109_9_VITIS_LOOP_110_10|  return value|
|grp_fu_473_p_dout0                          |   in|   32|  ap_ctrl_hs|  do_compute_Pipeline_VITIS_LOOP_109_9_VITIS_LOOP_110_10|  return value|
|grp_fu_473_p_ce                             |  out|    1|  ap_ctrl_hs|  do_compute_Pipeline_VITIS_LOOP_109_9_VITIS_LOOP_110_10|  return value|
|grp_fu_478_p_din0                           |  out|   32|  ap_ctrl_hs|  do_compute_Pipeline_VITIS_LOOP_109_9_VITIS_LOOP_110_10|  return value|
|grp_fu_478_p_din1                           |  out|   32|  ap_ctrl_hs|  do_compute_Pipeline_VITIS_LOOP_109_9_VITIS_LOOP_110_10|  return value|
|grp_fu_478_p_dout0                          |   in|   32|  ap_ctrl_hs|  do_compute_Pipeline_VITIS_LOOP_109_9_VITIS_LOOP_110_10|  return value|
|grp_fu_478_p_ce                             |  out|    1|  ap_ctrl_hs|  do_compute_Pipeline_VITIS_LOOP_109_9_VITIS_LOOP_110_10|  return value|
|grp_fu_485_p_din0                           |  out|   32|  ap_ctrl_hs|  do_compute_Pipeline_VITIS_LOOP_109_9_VITIS_LOOP_110_10|  return value|
|grp_fu_485_p_din1                           |  out|   32|  ap_ctrl_hs|  do_compute_Pipeline_VITIS_LOOP_109_9_VITIS_LOOP_110_10|  return value|
|grp_fu_485_p_dout0                          |   in|   32|  ap_ctrl_hs|  do_compute_Pipeline_VITIS_LOOP_109_9_VITIS_LOOP_110_10|  return value|
|grp_fu_485_p_ce                             |  out|    1|  ap_ctrl_hs|  do_compute_Pipeline_VITIS_LOOP_109_9_VITIS_LOOP_110_10|  return value|
|grp_fu_490_p_din0                           |  out|   32|  ap_ctrl_hs|  do_compute_Pipeline_VITIS_LOOP_109_9_VITIS_LOOP_110_10|  return value|
|grp_fu_490_p_din1                           |  out|   32|  ap_ctrl_hs|  do_compute_Pipeline_VITIS_LOOP_109_9_VITIS_LOOP_110_10|  return value|
|grp_fu_490_p_dout0                          |   in|   32|  ap_ctrl_hs|  do_compute_Pipeline_VITIS_LOOP_109_9_VITIS_LOOP_110_10|  return value|
|grp_fu_490_p_ce                             |  out|    1|  ap_ctrl_hs|  do_compute_Pipeline_VITIS_LOOP_109_9_VITIS_LOOP_110_10|  return value|
|grp_fu_1445_p_din0                          |  out|   32|  ap_ctrl_hs|  do_compute_Pipeline_VITIS_LOOP_109_9_VITIS_LOOP_110_10|  return value|
|grp_fu_1445_p_dout0                         |   in|   32|  ap_ctrl_hs|  do_compute_Pipeline_VITIS_LOOP_109_9_VITIS_LOOP_110_10|  return value|
|grp_fu_1445_p_ce                            |  out|    1|  ap_ctrl_hs|  do_compute_Pipeline_VITIS_LOOP_109_9_VITIS_LOOP_110_10|  return value|
|grp_fu_501_p_din0                           |  out|   32|  ap_ctrl_hs|  do_compute_Pipeline_VITIS_LOOP_109_9_VITIS_LOOP_110_10|  return value|
|grp_fu_501_p_dout0                          |   in|   64|  ap_ctrl_hs|  do_compute_Pipeline_VITIS_LOOP_109_9_VITIS_LOOP_110_10|  return value|
|grp_fu_501_p_ce                             |  out|    1|  ap_ctrl_hs|  do_compute_Pipeline_VITIS_LOOP_109_9_VITIS_LOOP_110_10|  return value|
|grp_fu_507_p_din0                           |  out|   32|  ap_ctrl_hs|  do_compute_Pipeline_VITIS_LOOP_109_9_VITIS_LOOP_110_10|  return value|
|grp_fu_507_p_din1                           |  out|   32|  ap_ctrl_hs|  do_compute_Pipeline_VITIS_LOOP_109_9_VITIS_LOOP_110_10|  return value|
|grp_fu_507_p_opcode                         |  out|    5|  ap_ctrl_hs|  do_compute_Pipeline_VITIS_LOOP_109_9_VITIS_LOOP_110_10|  return value|
|grp_fu_507_p_dout0                          |   in|    1|  ap_ctrl_hs|  do_compute_Pipeline_VITIS_LOOP_109_9_VITIS_LOOP_110_10|  return value|
|grp_fu_507_p_ce                             |  out|    1|  ap_ctrl_hs|  do_compute_Pipeline_VITIS_LOOP_109_9_VITIS_LOOP_110_10|  return value|
|grp_fu_513_p_din0                           |  out|   32|  ap_ctrl_hs|  do_compute_Pipeline_VITIS_LOOP_109_9_VITIS_LOOP_110_10|  return value|
|grp_fu_513_p_din1                           |  out|   32|  ap_ctrl_hs|  do_compute_Pipeline_VITIS_LOOP_109_9_VITIS_LOOP_110_10|  return value|
|grp_fu_513_p_opcode                         |  out|    5|  ap_ctrl_hs|  do_compute_Pipeline_VITIS_LOOP_109_9_VITIS_LOOP_110_10|  return value|
|grp_fu_513_p_dout0                          |   in|    1|  ap_ctrl_hs|  do_compute_Pipeline_VITIS_LOOP_109_9_VITIS_LOOP_110_10|  return value|
|grp_fu_513_p_ce                             |  out|    1|  ap_ctrl_hs|  do_compute_Pipeline_VITIS_LOOP_109_9_VITIS_LOOP_110_10|  return value|
|grp_fu_518_p_din0                           |  out|   32|  ap_ctrl_hs|  do_compute_Pipeline_VITIS_LOOP_109_9_VITIS_LOOP_110_10|  return value|
|grp_fu_518_p_din1                           |  out|   32|  ap_ctrl_hs|  do_compute_Pipeline_VITIS_LOOP_109_9_VITIS_LOOP_110_10|  return value|
|grp_fu_518_p_opcode                         |  out|    5|  ap_ctrl_hs|  do_compute_Pipeline_VITIS_LOOP_109_9_VITIS_LOOP_110_10|  return value|
|grp_fu_518_p_dout0                          |   in|    1|  ap_ctrl_hs|  do_compute_Pipeline_VITIS_LOOP_109_9_VITIS_LOOP_110_10|  return value|
|grp_fu_518_p_ce                             |  out|    1|  ap_ctrl_hs|  do_compute_Pipeline_VITIS_LOOP_109_9_VITIS_LOOP_110_10|  return value|
|grp_fu_524_p_din0                           |  out|   64|  ap_ctrl_hs|  do_compute_Pipeline_VITIS_LOOP_109_9_VITIS_LOOP_110_10|  return value|
|grp_fu_524_p_din1                           |  out|   64|  ap_ctrl_hs|  do_compute_Pipeline_VITIS_LOOP_109_9_VITIS_LOOP_110_10|  return value|
|grp_fu_524_p_opcode                         |  out|    5|  ap_ctrl_hs|  do_compute_Pipeline_VITIS_LOOP_109_9_VITIS_LOOP_110_10|  return value|
|grp_fu_524_p_dout0                          |   in|    1|  ap_ctrl_hs|  do_compute_Pipeline_VITIS_LOOP_109_9_VITIS_LOOP_110_10|  return value|
|grp_fu_524_p_ce                             |  out|    1|  ap_ctrl_hs|  do_compute_Pipeline_VITIS_LOOP_109_9_VITIS_LOOP_110_10|  return value|
|grp_fu_1437_p_din0                          |  out|   32|  ap_ctrl_hs|  do_compute_Pipeline_VITIS_LOOP_109_9_VITIS_LOOP_110_10|  return value|
|grp_fu_1437_p_din1                          |  out|   34|  ap_ctrl_hs|  do_compute_Pipeline_VITIS_LOOP_109_9_VITIS_LOOP_110_10|  return value|
|grp_fu_1437_p_dout0                         |   in|   65|  ap_ctrl_hs|  do_compute_Pipeline_VITIS_LOOP_109_9_VITIS_LOOP_110_10|  return value|
|grp_fu_1437_p_ce                            |  out|    1|  ap_ctrl_hs|  do_compute_Pipeline_VITIS_LOOP_109_9_VITIS_LOOP_110_10|  return value|
|grp_p_hls_fptosi_float_i32_fu_1441_p_din1   |  out|   32|  ap_ctrl_hs|  do_compute_Pipeline_VITIS_LOOP_109_9_VITIS_LOOP_110_10|  return value|
|grp_p_hls_fptosi_float_i32_fu_1441_p_dout0  |   in|   32|  ap_ctrl_hs|  do_compute_Pipeline_VITIS_LOOP_109_9_VITIS_LOOP_110_10|  return value|
|grp_p_hls_fptosi_float_i32_fu_1441_p_ce     |  out|    1|  ap_ctrl_hs|  do_compute_Pipeline_VITIS_LOOP_109_9_VITIS_LOOP_110_10|  return value|
|grp_p_hls_fptosi_float_i32_fu_1441_p_start  |  out|    1|  ap_ctrl_hs|  do_compute_Pipeline_VITIS_LOOP_109_9_VITIS_LOOP_110_10|  return value|
|grp_p_hls_fptosi_float_i32_fu_1441_p_ready  |   in|    1|  ap_ctrl_hs|  do_compute_Pipeline_VITIS_LOOP_109_9_VITIS_LOOP_110_10|  return value|
|grp_p_hls_fptosi_float_i32_fu_1441_p_done   |   in|    1|  ap_ctrl_hs|  do_compute_Pipeline_VITIS_LOOP_109_9_VITIS_LOOP_110_10|  return value|
|grp_p_hls_fptosi_float_i32_fu_1441_p_idle   |   in|    1|  ap_ctrl_hs|  do_compute_Pipeline_VITIS_LOOP_109_9_VITIS_LOOP_110_10|  return value|
|grp_p_hls_fptosi_float_i32_fu_1448_p_din1   |  out|   32|  ap_ctrl_hs|  do_compute_Pipeline_VITIS_LOOP_109_9_VITIS_LOOP_110_10|  return value|
|grp_p_hls_fptosi_float_i32_fu_1448_p_dout0  |   in|   32|  ap_ctrl_hs|  do_compute_Pipeline_VITIS_LOOP_109_9_VITIS_LOOP_110_10|  return value|
|grp_p_hls_fptosi_float_i32_fu_1448_p_ce     |  out|    1|  ap_ctrl_hs|  do_compute_Pipeline_VITIS_LOOP_109_9_VITIS_LOOP_110_10|  return value|
|grp_p_hls_fptosi_float_i32_fu_1448_p_start  |  out|    1|  ap_ctrl_hs|  do_compute_Pipeline_VITIS_LOOP_109_9_VITIS_LOOP_110_10|  return value|
|grp_p_hls_fptosi_float_i32_fu_1448_p_ready  |   in|    1|  ap_ctrl_hs|  do_compute_Pipeline_VITIS_LOOP_109_9_VITIS_LOOP_110_10|  return value|
|grp_p_hls_fptosi_float_i32_fu_1448_p_done   |   in|    1|  ap_ctrl_hs|  do_compute_Pipeline_VITIS_LOOP_109_9_VITIS_LOOP_110_10|  return value|
|grp_p_hls_fptosi_float_i32_fu_1448_p_idle   |   in|    1|  ap_ctrl_hs|  do_compute_Pipeline_VITIS_LOOP_109_9_VITIS_LOOP_110_10|  return value|
|empty                                       |   in|  416|     ap_none|                                                   empty|        scalar|
|p_ground_address0                           |  out|   13|   ap_memory|                                                p_ground|         array|
|p_ground_ce0                                |  out|    1|   ap_memory|                                                p_ground|         array|
|p_ground_q0                                 |   in|   32|   ap_memory|                                                p_ground|         array|
|p_ground_address1                           |  out|   13|   ap_memory|                                                p_ground|         array|
|p_ground_ce1                                |  out|    1|   ap_memory|                                                p_ground|         array|
|p_ground_q1                                 |   in|   32|   ap_memory|                                                p_ground|         array|
|spillage_flag_address0                      |  out|   13|   ap_memory|                                           spillage_flag|         array|
|spillage_flag_ce0                           |  out|    1|   ap_memory|                                           spillage_flag|         array|
|spillage_flag_we0                           |  out|    1|   ap_memory|                                           spillage_flag|         array|
|spillage_flag_d0                            |  out|   32|   ap_memory|                                           spillage_flag|         array|
|spillage_level_address0                     |  out|   13|   ap_memory|                                          spillage_level|         array|
|spillage_level_ce0                          |  out|    1|   ap_memory|                                          spillage_level|         array|
|spillage_level_we0                          |  out|    1|   ap_memory|                                          spillage_level|         array|
|spillage_level_d0                           |  out|   32|   ap_memory|                                          spillage_level|         array|
|water_level_address0                        |  out|   11|   ap_memory|                                             water_level|         array|
|water_level_ce0                             |  out|    1|   ap_memory|                                             water_level|         array|
|water_level_q0                              |   in|   32|   ap_memory|                                             water_level|         array|
|water_level_address1                        |  out|   11|   ap_memory|                                             water_level|         array|
|water_level_ce1                             |  out|    1|   ap_memory|                                             water_level|         array|
|water_level_q1                              |   in|   32|   ap_memory|                                             water_level|         array|
|water_level_1_address0                      |  out|   11|   ap_memory|                                           water_level_1|         array|
|water_level_1_ce0                           |  out|    1|   ap_memory|                                           water_level_1|         array|
|water_level_1_q0                            |   in|   32|   ap_memory|                                           water_level_1|         array|
|water_level_1_address1                      |  out|   11|   ap_memory|                                           water_level_1|         array|
|water_level_1_ce1                           |  out|    1|   ap_memory|                                           water_level_1|         array|
|water_level_1_q1                            |   in|   32|   ap_memory|                                           water_level_1|         array|
|water_level_2_address0                      |  out|   11|   ap_memory|                                           water_level_2|         array|
|water_level_2_ce0                           |  out|    1|   ap_memory|                                           water_level_2|         array|
|water_level_2_q0                            |   in|   32|   ap_memory|                                           water_level_2|         array|
|water_level_2_address1                      |  out|   11|   ap_memory|                                           water_level_2|         array|
|water_level_2_ce1                           |  out|    1|   ap_memory|                                           water_level_2|         array|
|water_level_2_q1                            |   in|   32|   ap_memory|                                           water_level_2|         array|
|spillage_from_neigh_address0                |  out|   13|   ap_memory|                                     spillage_from_neigh|         array|
|spillage_from_neigh_ce0                     |  out|    1|   ap_memory|                                     spillage_from_neigh|         array|
|spillage_from_neigh_we0                     |  out|    1|   ap_memory|                                     spillage_from_neigh|         array|
|spillage_from_neigh_d0                      |  out|   32|   ap_memory|                                     spillage_from_neigh|         array|
|spillage_from_neigh_1_address0              |  out|   13|   ap_memory|                                   spillage_from_neigh_1|         array|
|spillage_from_neigh_1_ce0                   |  out|    1|   ap_memory|                                   spillage_from_neigh_1|         array|
|spillage_from_neigh_1_we0                   |  out|    1|   ap_memory|                                   spillage_from_neigh_1|         array|
|spillage_from_neigh_1_d0                    |  out|   32|   ap_memory|                                   spillage_from_neigh_1|         array|
|spillage_from_neigh_2_address0              |  out|   13|   ap_memory|                                   spillage_from_neigh_2|         array|
|spillage_from_neigh_2_ce0                   |  out|    1|   ap_memory|                                   spillage_from_neigh_2|         array|
|spillage_from_neigh_2_we0                   |  out|    1|   ap_memory|                                   spillage_from_neigh_2|         array|
|spillage_from_neigh_2_d0                    |  out|   32|   ap_memory|                                   spillage_from_neigh_2|         array|
|spillage_from_neigh_3_address0              |  out|   13|   ap_memory|                                   spillage_from_neigh_3|         array|
|spillage_from_neigh_3_ce0                   |  out|    1|   ap_memory|                                   spillage_from_neigh_3|         array|
|spillage_from_neigh_3_we0                   |  out|    1|   ap_memory|                                   spillage_from_neigh_3|         array|
|spillage_from_neigh_3_d0                    |  out|   32|   ap_memory|                                   spillage_from_neigh_3|         array|
|p_out                                       |  out|  416|      ap_vld|                                                   p_out|       pointer|
|p_out_ap_vld                                |  out|    1|      ap_vld|                                                   p_out|       pointer|
+--------------------------------------------+-----+-----+------------+--------------------------------------------------------+--------------+

