

================================================================
== Vitis HLS Report for 'pow_generic_double_s'
================================================================
* Date:           Sun May 17 18:42:47 2026

* Version:        2024.1 (Build 5069499 on May 21 2024)
* Project:        .small_mountains_base_enabled
* Solution:       solution_FLOOD_HLS_base (Vivado IP Flow Target)
* Product family: virtexuplusHBM
* Target device:  xcu50-fsvh2104-2-e


================================================================
== Performance Estimates
================================================================
+ Timing: 
    * Summary: 
    +--------+---------+----------+------------+
    |  Clock |  Target | Estimated| Uncertainty|
    +--------+---------+----------+------------+
    |ap_clk  |  4.00 ns|  2.916 ns|     1.08 ns|
    +--------+---------+----------+------------+

+ Latency: 
    * Summary: 
    +---------+---------+----------+----------+-----+-----+---------+
    |  Latency (cycles) |  Latency (absolute) |  Interval | Pipeline|
    |   min   |   max   |    min   |    max   | min | max |   Type  |
    +---------+---------+----------+----------+-----+-----+---------+
    |       72|       72|  0.288 us|  0.288 us|    1|    1|      yes|
    +---------+---------+----------+----------+-----+-----+---------+

    + Detail: 
        * Instance: 
        N/A

        * Loop: 
        N/A



================================================================
== Utilization Estimates
================================================================
* Summary: 
+---------------------+---------+------+---------+--------+-----+
|         Name        | BRAM_18K|  DSP |    FF   |   LUT  | URAM|
+---------------------+---------+------+---------+--------+-----+
|DSP                  |        -|     1|        -|       -|    -|
|Expression           |        -|     -|        0|    4017|    -|
|FIFO                 |        -|     -|        -|       -|    -|
|Instance             |        -|    64|     5036|    2740|    -|
|Memory               |        5|     -|     1032|    1041|    -|
|Multiplexer          |        -|     -|        0|      14|    -|
|Register             |        -|     -|     6053|    1248|    -|
+---------------------+---------+------+---------+--------+-----+
|Total                |        5|    65|    12121|    9060|    0|
+---------------------+---------+------+---------+--------+-----+
|Available SLR        |     1344|  2976|   871680|  435840|  320|
+---------------------+---------+------+---------+--------+-----+
|Utilization SLR (%)  |       ~0|     2|        1|       2|    0|
+---------------------+---------+------+---------+--------+-----+
|Available            |     2688|  5952|  1743360|  871680|  640|
+---------------------+---------+------+---------+--------+-----+
|Utilization (%)      |       ~0|     1|       ~0|       1|    0|
+---------------------+---------+------+---------+--------+-----+

+ Detail: 
    * Instance: 
    +---------------------------+-----------------------+---------+----+-----+-----+-----+
    |          Instance         |         Module        | BRAM_18K| DSP|  FF | LUT | URAM|
    +---------------------------+-----------------------+---------+----+-----+-----+-----+
    |mul_12s_80ns_90_5_0_U21    |mul_12s_80ns_90_5_0    |        0|   5|  441|  249|    0|
    |mul_13s_71s_71_5_0_U22     |mul_13s_71s_71_5_0     |        0|   4|  441|  249|    0|
    |mul_40ns_40ns_80_2_0_U23   |mul_40ns_40ns_80_2_0   |        0|   5|  197|   80|    0|
    |mul_43ns_36ns_79_2_0_U24   |mul_43ns_36ns_79_2_0   |        0|   4|  209|   89|    0|
    |mul_49ns_44ns_93_3_0_U25   |mul_49ns_44ns_93_3_0   |        0|   6|  136|   87|    0|
    |mul_50ns_50ns_100_3_0_U26  |mul_50ns_50ns_100_3_0  |        0|   9|  238|   86|    0|
    |mul_54s_6ns_54_3_0_U27     |mul_54s_6ns_54_3_0     |        0|   3|  287|  143|    0|
    |mul_71ns_4ns_75_5_0_U34    |mul_71ns_4ns_75_5_0    |        0|   0|  441|  249|    0|
    |mul_73ns_6ns_79_5_0_U28    |mul_73ns_6ns_79_5_0    |        0|   4|  441|  249|    0|
    |mul_77ns_6ns_83_5_0_U29    |mul_77ns_6ns_83_5_0    |        0|   4|  441|  249|    0|
    |mul_82ns_6ns_88_5_0_U30    |mul_82ns_6ns_88_5_0    |        0|   5|  441|  249|    0|
    |mul_83ns_6ns_89_5_0_U31    |mul_83ns_6ns_89_5_0    |        0|   5|  441|  249|    0|
    |mul_87ns_6ns_93_5_0_U32    |mul_87ns_6ns_93_5_0    |        0|   5|  441|  249|    0|
    |mul_92ns_6ns_98_5_0_U33    |mul_92ns_6ns_98_5_0    |        0|   5|  441|  249|    0|
    |sparsemux_9_3_64_1_0_U35   |sparsemux_9_3_64_1_0   |        0|   0|    0|   14|    0|
    +---------------------------+-----------------------+---------+----+-----+-----+-----+
    |Total                      |                       |        0|  64| 5036| 2740|    0|
    +---------------------------+-----------------------+---------+----+-----+-----+-----+

    * DSP: 
    +------------------------------------+--------------------------------+--------------+
    |              Instance              |             Module             |  Expression  |
    +------------------------------------+--------------------------------+--------------+
    |mac_muladd_16s_15ns_19s_31_4_0_U36  |mac_muladd_16s_15ns_19s_31_4_0  |  i0 + i1 * i2|
    +------------------------------------+--------------------------------+--------------+

    * Memory: 
    +-------------------------------------------------------------------------+----------------------------------------------------------------------------------+---------+-----+-----+-----+------+-----+------+-------------+
    |                                  Memory                                 |                                      Module                                      | BRAM_18K|  FF | LUT | URAM| Words| Bits| Banks| W*Bits*Banks|
    +-------------------------------------------------------------------------+----------------------------------------------------------------------------------+---------+-----+-----+-----+------+-----+------+-------------+
    |pow_reduce_anonymous_namespace_log0_lut_table_array_U                    |pow_generic_double_s_pow_reduce_anonymous_namespace_log0_lut_table_array_ROM_cud  |        0|  128|  129|    0|    64|  109|     1|         6976|
    |pow_reduce_anonymous_namespace_log_inverse_lut_table_pow_0_5_64_array_U  |pow_generic_double_s_pow_reduce_anonymous_namespace_log_inverse_lut_table_powbkb  |        0|    8|    9|    0|    64|    6|     1|          384|
    |pow_reduce_anonymous_namespace_log_lut_table_ap_fixed_12_6_64_array_U    |pow_generic_double_s_pow_reduce_anonymous_namespace_log_lut_table_ap_fixed_12fYi  |        0|  128|  129|    0|    64|   97|     1|         6208|
    |pow_reduce_anonymous_namespace_log_lut_table_ap_fixed_17_6_64_array_U    |pow_generic_double_s_pow_reduce_anonymous_namespace_log_lut_table_ap_fixed_17g8j  |        0|  128|  129|    0|    64|   92|     1|         5888|
    |pow_reduce_anonymous_namespace_log_lut_table_ap_fixed_22_6_64_array_U    |pow_generic_double_s_pow_reduce_anonymous_namespace_log_lut_table_ap_fixed_22hbi  |        0|  128|  129|    0|    64|   87|     1|         5568|
    |pow_reduce_anonymous_namespace_log_lut_table_ap_fixed_27_6_64_array_U    |pow_generic_double_s_pow_reduce_anonymous_namespace_log_lut_table_ap_fixed_27ibs  |        0|  128|  129|    0|    64|   82|     1|         5248|
    |pow_reduce_anonymous_namespace_log_lut_table_ap_fixed_32_6_64_array_U    |pow_generic_double_s_pow_reduce_anonymous_namespace_log_lut_table_ap_fixed_32jbC  |        0|  128|  129|    0|    64|   77|     1|         4928|
    |pow_reduce_anonymous_namespace_log_lut_table_ap_fixed_4_4_16_array_U     |pow_generic_double_s_pow_reduce_anonymous_namespace_log_lut_table_ap_fixed_4_dEe  |        0|  128|  129|    0|    16|  105|     1|         1680|
    |pow_reduce_anonymous_namespace_log_lut_table_ap_fixed_7_6_64_array_U     |pow_generic_double_s_pow_reduce_anonymous_namespace_log_lut_table_ap_fixed_7_eOg  |        0|  128|  129|    0|    64|  102|     1|         6528|
    |pow_reduce_anonymous_namespace_table_exp_Z1_ap_ufixed_array_U            |pow_generic_double_s_pow_reduce_anonymous_namespace_table_exp_Z1_ap_ufixed_arkbM  |        2|    0|    0|    0|   256|   58|     1|        14848|
    |pow_reduce_anonymous_namespace_table_f_Z2_ap_ufixed_array_U              |pow_generic_double_s_pow_reduce_anonymous_namespace_table_f_Z2_ap_ufixed_arramb6  |        2|    0|    0|    0|   256|   42|     1|        10752|
    |pow_reduce_anonymous_namespace_table_f_Z3_ap_ufixed_array_U              |pow_generic_double_s_pow_reduce_anonymous_namespace_table_f_Z3_ap_ufixed_arralbW  |        1|    0|    0|    0|   256|   26|     1|         6656|
    +-------------------------------------------------------------------------+----------------------------------------------------------------------------------+---------+-----+-----+-----+------+-----+------+-------------+
    |Total                                                                    |                                                                                  |        5| 1032| 1041|    0|  1296|  883|    12|        75664|
    +-------------------------------------------------------------------------+----------------------------------------------------------------------------------+---------+-----+-----+-----+------+-----+------+-------------+

    * FIFO: 
    N/A

    * Expression: 
    +---------------------------+----------+----+---+-----+------------+------------+
    |       Variable Name       | Operation| DSP| FF| LUT | Bitwidth P0| Bitwidth P1|
    +---------------------------+----------+----+---+-----+------------+------------+
    |add_ln209_1_fu_1494_p2     |         +|   0|  0|  110|         103|         103|
    |add_ln209_2_fu_1535_p2     |         +|   0|  0|  109|         109|         109|
    |add_ln209_3_fu_1500_p2     |         +|   0|  0|   93|          93|          93|
    |add_ln209_4_fu_1506_p2     |         +|   0|  0|  107|          83|          83|
    |add_ln209_5_fu_1516_p2     |         +|   0|  0|   93|          93|          93|
    |add_ln209_fu_1488_p2       |         +|   0|  0|  116|         109|         109|
    |add_ln261_fu_1827_p2       |         +|   0|  0|   43|          36|          36|
    |add_ln280_fu_1900_p2       |         +|   0|  0|   51|          44|          44|
    |add_ln44_1_fu_953_p2       |         +|   0|  0|   82|          82|          82|
    |add_ln44_2_fu_1032_p2      |         +|   0|  0|  102|         102|         102|
    |add_ln44_3_fu_1119_p2      |         +|   0|  0|  121|         121|         121|
    |add_ln44_4_fu_1206_p2      |         +|   0|  0|  126|         126|         126|
    |add_ln44_5_fu_1293_p2      |         +|   0|  0|  131|         131|         131|
    |add_ln44_6_fu_1384_p2      |         +|   0|  0|  136|         136|         136|
    |add_ln44_fu_875_p2         |         +|   0|  0|   76|          76|          76|
    |add_ln525_1_fu_1600_p2     |         +|   0|  0|  120|         120|         120|
    |add_ln525_fu_1590_p2       |         +|   0|  0|  120|         120|         120|
    |add_ln563_1_fu_1673_p2     |         +|   0|  0|   20|          13|           1|
    |add_ln616_1_fu_1958_p2     |         +|   0|  0|  114|         107|         107|
    |add_ln616_fu_1943_p2       |         +|   0|  0|   65|          58|           5|
    |b_exp_1_fu_698_p2          |         +|   0|  0|   19|          12|          11|
    |b_exp_fu_630_p2            |         +|   0|  0|   19|          12|          11|
    |exp_Z1P_m_1_l_fu_1909_p2   |         +|   0|  0|   59|          52|          52|
    |exp_Z2P_m_1_fu_1836_p2     |         +|   0|  0|   51|          44|          44|
    |exp_Z4_m_1_fu_1784_p2      |         +|   0|  0|   43|          36|          36|
    |log_sum_1_fu_1543_p2       |         +|   0|  0|  109|         109|         109|
    |out_exp_fu_2122_p2         |         +|   0|  0|   18|          11|          10|
    |r_exp_1_fu_1972_p2         |         +|   0|  0|   20|          13|           2|
    |sub_ln44_1_fu_970_p2       |         -|   0|  0|   82|          82|          82|
    |sub_ln44_2_fu_1049_p2      |         -|   0|  0|  102|         102|         102|
    |sub_ln44_3_fu_1136_p2      |         -|   0|  0|  121|         121|         121|
    |sub_ln44_4_fu_1223_p2      |         -|   0|  0|  126|         126|         126|
    |sub_ln44_5_fu_1310_p2      |         -|   0|  0|  131|         131|         131|
    |sub_ln44_6_fu_1401_p2      |         -|   0|  0|  136|         136|         136|
    |sub_ln44_fu_883_p2         |         -|   0|  0|   76|          76|          76|
    |sub_ln522_fu_1563_p2       |         -|   0|  0|  125|         118|         118|
    |sub_ln574_fu_1709_p2       |         -|   0|  0|   66|          59|          59|
    |and_ln378_1_fu_747_p2      |       and|   0|  0|    2|           1|           1|
    |and_ln378_fu_741_p2        |       and|   0|  0|    2|           1|           1|
    |and_ln628_fu_2038_p2       |       and|   0|  0|    2|           1|           1|
    |and_ln645_1_fu_2055_p2     |       and|   0|  0|    2|           1|           1|
    |and_ln645_fu_2049_p2       |       and|   0|  0|    2|           1|           1|
    |x_is_1_fu_648_p2           |       and|   0|  0|    2|           1|           1|
    |x_is_NaN_fu_2065_p2        |       and|   0|  0|    2|           1|           1|
    |x_is_p1_fu_668_p2          |       and|   0|  0|    2|           1|           1|
    |icmp_ln18_fu_674_p2        |      icmp|   0|  0|   18|          11|           2|
    |icmp_ln340_1_fu_642_p2     |      icmp|   0|  0|   59|          52|           1|
    |icmp_ln340_fu_636_p2       |      icmp|   0|  0|   19|          12|           1|
    |icmp_ln378_1_fu_729_p2     |      icmp|   0|  0|   18|          11|           2|
    |icmp_ln378_2_fu_735_p2     |      icmp|   0|  0|   18|          11|           1|
    |icmp_ln378_fu_717_p2       |      icmp|   0|  0|   18|          11|           1|
    |icmp_ln563_fu_1667_p2      |      icmp|   0|  0|   25|          18|           1|
    |icmp_ln628_fu_1994_p2      |      icmp|   0|  0|   10|           3|           1|
    |icmp_ln645_fu_2000_p2      |      icmp|   0|  0|   20|          13|          11|
    |or_ln378_1_fu_2082_p2      |        or|   0|  0|    2|           1|           1|
    |or_ln378_2_fu_2095_p2      |        or|   0|  0|    2|           1|           1|
    |or_ln378_3_fu_2140_p2      |        or|   0|  0|    2|           1|           1|
    |or_ln378_fu_2070_p2        |        or|   0|  0|    2|           1|           1|
    |UnifiedRetVal_fu_2153_p2   |    select|   0|  0|   63|           1|          64|
    |UnifiedRetVal_fu_2153_p4   |    select|   0|  0|   62|           1|           1|
    |b_exp_2_fu_704_p3          |    select|   0|  0|   12|           1|          12|
    |b_frac_2_fu_773_p3         |    select|   0|  0|   54|           1|          54|
    |out_sig_fu_2026_p3         |    select|   0|  0|   52|           1|          52|
    |r_exp_2_fu_1977_p3         |    select|   0|  0|   13|           1|          13|
    |r_exp_fu_1687_p3           |    select|   0|  0|   13|           1|          13|
    |select_ln378_1_fu_2087_p3  |    select|   0|  0|   63|           1|          64|
    |select_ln378_2_fu_2099_p3  |    select|   0|  0|   63|           1|          64|
    |select_ln378_fu_2075_p3    |    select|   0|  0|   62|           1|          62|
    |select_ln42_fu_848_p3      |    select|   0|  0|   72|           1|          76|
    |select_ln563_fu_1679_p3    |    select|   0|  0|   13|           1|          13|
    |xor_ln18_fu_2060_p2        |       xor|   0|  0|    2|           1|           2|
    |xor_ln340_fu_723_p2        |       xor|   0|  0|    2|           1|           2|
    |xor_ln341_fu_662_p2        |       xor|   0|  0|    2|           1|           2|
    |xor_ln628_fu_2043_p2       |       xor|   0|  0|    2|           1|           2|
    +---------------------------+----------+----+---+-----+------------+------------+
    |Total                      |          |   0|  0| 4017|        3272|        3552|
    +---------------------------+----------+----+---+-----+------------+------------+

    * Multiplexer: 
    +-----------+----+-----------+-----+-----------+
    |    Name   | LUT| Input Size| Bits| Total Bits|
    +-----------+----+-----------+-----+-----------+
    |ap_return  |  14|          3|   64|        192|
    +-----------+----+-----------+-----+-----------+
    |Total      |  14|          3|   64|        192|
    +-----------+----+-----------+-----+-----------+

    * Register: 
    +------------------------------------+-----+----+-----+-----------+
    |                Name                |  FF | LUT| Bits| Const Bits|
    +------------------------------------+-----+----+-----+-----------+
    |Elog2_reg_2562                      |   90|   0|   90|          0|
    |Z2_reg_2635                         |    8|   0|    8|          0|
    |Z3_reg_2642                         |    8|   0|    8|          0|
    |Z3_reg_2642_pp0_iter60_reg          |    8|   0|    8|          0|
    |Z4_reg_2647                         |   35|   0|   35|          0|
    |a_1_reg_2311                        |    6|   0|    6|          0|
    |a_2_reg_2342                        |    6|   0|    6|          0|
    |a_reg_2269                          |    4|   0|    4|          0|
    |add_ln209_1_reg_2572                |  103|   0|  103|          0|
    |add_ln209_5_reg_2577                |   93|   0|   93|          0|
    |add_ln209_reg_2567                  |  109|   0|  109|          0|
    |add_ln616_reg_2755                  |   58|   0|   58|          0|
    |and_ln378_1_reg_2242                |    1|   0|    1|          0|
    |and_ln628_reg_2775                  |    1|   0|    1|          0|
    |and_ln645_1_reg_2780                |    1|   0|    1|          0|
    |ap_ce_reg                           |    1|   0|    1|          0|
    |ap_return_int_reg                   |   64|   0|   64|          0|
    |b_exp_2_reg_2222                    |   12|   0|   12|          0|
    |b_frac_2_reg_2248                   |   54|   0|   54|          0|
    |b_frac_tilde_inverse_reg_2253       |    6|   0|    6|          0|
    |base_r_int_reg                      |   64|   0|   64|          0|
    |bs_sig_reg_2188                     |   52|   0|   52|          0|
    |exp_Z1P_m_1_reg_2735                |   50|   0|   50|          0|
    |exp_Z1_hi_reg_2740                  |   50|   0|   50|          0|
    |exp_Z1_reg_2730                     |   58|   0|   58|          0|
    |exp_Z2P_m_1_reg_2698                |   44|   0|   44|          0|
    |exp_Z3_m_1_reg_2673                 |   34|   0|   43|          9|
    |exp_Z3_m_1_reg_2673_pp0_iter62_reg  |   34|   0|   43|          9|
    |exp_Z4_m_1_reg_2662                 |   36|   0|   36|          0|
    |f_Z3_reg_2668                       |   26|   0|   26|          0|
    |icmp_ln18_reg_2211                  |    1|   0|    1|          0|
    |icmp_ln340_1_reg_2194               |    1|   0|    1|          0|
    |icmp_ln378_reg_2237                 |    1|   0|    1|          0|
    |lshr_ln_reg_2582                    |   79|   0|   79|          0|
    |m_diff_hi_reg_2630                  |    8|   0|    8|          0|
    |m_fix_a_reg_2625                    |   59|   0|   59|          0|
    |m_fix_hi_reg_2592                   |   16|   0|   16|          0|
    |m_fix_reg_2587                      |   59|   0|   59|          0|
    |mul_ln44_1_reg_2332                 |   79|   0|   79|          0|
    |mul_ln44_2_reg_2368                 |   89|   0|   89|          0|
    |mul_ln44_3_reg_2400                 |   98|   0|   98|          0|
    |mul_ln44_4_reg_2432                 |   93|   0|   93|          0|
    |mul_ln44_5_reg_2464                 |   88|   0|   88|          0|
    |mul_ln44_6_reg_2501                 |   83|   0|   83|          0|
    |mul_ln44_reg_2300                   |   75|   0|   75|          0|
    |mul_ln516_reg_2263                  |   54|   0|   54|          0|
    |mul_ln616_reg_2760                  |  100|   0|  100|          0|
    |out_sig_reg_2765                    |   52|   0|   52|          0|
    |r_exp_reg_2613                      |   13|   0|   13|          0|
    |select_ln42_reg_2290                |   57|   0|   76|         19|
    |sub_ln44_1_reg_2337                 |   82|   0|   82|          0|
    |tmp_10_reg_2411                     |   81|   0|   81|          0|
    |tmp_11_reg_2416                     |    6|   0|    6|          0|
    |tmp_12_reg_2437                     |   82|   0|   82|          0|
    |tmp_13_reg_2443                     |   76|   0|   76|          0|
    |tmp_14_reg_2448                     |    6|   0|    6|          0|
    |tmp_15_reg_2469                     |   77|   0|   77|          0|
    |tmp_16_reg_2475                     |   71|   0|   71|          0|
    |tmp_17_reg_2480                     |    6|   0|    6|          0|
    |tmp_18_reg_2506                     |   72|   0|   72|          0|
    |tmp_19_reg_2511                     |   40|   0|   40|          0|
    |tmp_20_reg_2597                     |    1|   0|    1|          0|
    |tmp_22_reg_2688                     |   20|   0|   20|          0|
    |tmp_23_reg_2704                     |   40|   0|   40|          0|
    |tmp_24_reg_2725                     |   36|   0|   36|          0|
    |tmp_2_reg_2217                      |    1|   0|    1|          0|
    |tmp_3_reg_2280                      |    1|   0|    1|          0|
    |tmp_4_reg_2317                      |   67|   0|   67|          0|
    |tmp_5_reg_2379                      |   86|   0|   86|          0|
    |tmp_7_reg_2384                      |    6|   0|    6|          0|
    |tmp_8_reg_2405                      |   87|   0|   87|          0|
    |trunc_ln39_1_reg_2348               |   76|   0|   76|          0|
    |trunc_ln39_reg_2275                 |   50|   0|   50|          0|
    |trunc_ln657_reg_2770                |   11|   0|   11|          0|
    |x_is_1_reg_2199                     |    1|   0|    1|          0|
    |x_is_p1_reg_2205                    |    1|   0|    1|          0|
    |z2_reg_2305                         |   73|   0|   73|          0|
    |z3_reg_2353                         |   82|   0|   83|          1|
    |z4_reg_2373                         |   92|   0|   92|          0|
    |zext_ln502_reg_2227                 |    6|   0|   64|         58|
    |Z2_reg_2635                         |   64|  32|    8|          0|
    |a_1_reg_2311                        |   64|  32|    6|          0|
    |a_2_reg_2342                        |   64|  32|    6|          0|
    |a_reg_2269                          |   64|  32|    4|          0|
    |and_ln378_1_reg_2242                |   64|  32|    1|          0|
    |b_exp_2_reg_2222                    |   64|  32|   12|          0|
    |exp_Z1_reg_2730                     |   64|  32|   58|          0|
    |exp_Z2P_m_1_reg_2698                |   64|  32|   44|          0|
    |exp_Z4_m_1_reg_2662                 |   64|  32|   36|          0|
    |icmp_ln18_reg_2211                  |   64|  32|    1|          0|
    |icmp_ln340_1_reg_2194               |   64|  32|    1|          0|
    |icmp_ln378_reg_2237                 |   64|  32|    1|          0|
    |m_diff_hi_reg_2630                  |   64|  32|    8|          0|
    |m_fix_reg_2587                      |   64|  32|   59|          0|
    |r_exp_reg_2613                      |   64|  32|   13|          0|
    |select_ln42_reg_2290                |   64|  32|   76|         19|
    |tmp_10_reg_2411                     |   64|  32|   81|          0|
    |tmp_11_reg_2416                     |   64|  32|    6|          0|
    |tmp_12_reg_2437                     |   64|  32|   82|          0|
    |tmp_13_reg_2443                     |   64|  32|   76|          0|
    |tmp_14_reg_2448                     |   64|  32|    6|          0|
    |tmp_15_reg_2469                     |   64|  32|   77|          0|
    |tmp_16_reg_2475                     |   64|  32|   71|          0|
    |tmp_17_reg_2480                     |   64|  32|    6|          0|
    |tmp_18_reg_2506                     |   64|  32|   72|          0|
    |tmp_20_reg_2597                     |   64|  32|    1|          0|
    |tmp_23_reg_2704                     |   64|  32|   40|          0|
    |tmp_4_reg_2317                      |   64|  32|   67|          0|
    |tmp_5_reg_2379                      |   64|  32|   86|          0|
    |tmp_7_reg_2384                      |   64|  32|    6|          0|
    |tmp_8_reg_2405                      |   64|  32|   87|          0|
    |trunc_ln39_1_reg_2348               |   64|  32|   76|          0|
    |trunc_ln39_reg_2275                 |   64|  32|   50|          0|
    |x_is_1_reg_2199                     |   64|  32|    1|          0|
    |x_is_p1_reg_2205                    |   64|  32|    1|          0|
    |z2_reg_2305                         |   64|  32|   73|          0|
    |z3_reg_2353                         |   64|  32|   83|          1|
    |z4_reg_2373                         |   64|  32|   92|          0|
    |zext_ln502_reg_2227                 |   64|  32|   64|         58|
    +------------------------------------+-----+----+-----+-----------+
    |Total                               | 6053|1248| 5191|        174|
    +------------------------------------+-----+----+-----+-----------+



================================================================
== Interface
================================================================
* Summary: 
+-----------+-----+-----+------------+---------------------+--------------+
| RTL Ports | Dir | Bits|  Protocol  |    Source Object    |    C Type    |
+-----------+-----+-----+------------+---------------------+--------------+
|ap_clk     |   in|    1|  ap_ctrl_hs|  pow_generic<double>|  return value|
|ap_rst     |   in|    1|  ap_ctrl_hs|  pow_generic<double>|  return value|
|ap_return  |  out|   64|  ap_ctrl_hs|  pow_generic<double>|  return value|
|ap_ce      |   in|    1|  ap_ctrl_hs|  pow_generic<double>|  return value|
|base_r     |   in|   64|     ap_none|               base_r|        scalar|
+-----------+-----+-----+------------+---------------------+--------------+

