================================================================
== Design Size Report
================================================================

* Total Instructions per Compilation Phase
+---------------+-----------------------------+--------------+----------------------------------------------------------------------------------------+
| Phase         | Step                        | Instructions | Description                                                                            |
+---------------+-----------------------------+--------------+----------------------------------------------------------------------------------------+
| Compile/Link  |                             | 69,335       | After all functions are compiled and linked into a single design                       |
|               |                             |              |                                                                                        |
| Unroll/Inline |                             |              | After user unroll and inline pragmas are applied                                       |
|               | (1) unroll                  |  6,331       | user unroll pragmas are applied                                                        |
|               | (2) simplification          |  2,485       | simplification of applied user unroll pragmas                                          |
|               | (3) inline                  |  2,385       | user inline pragmas are applied                                                        |
|               | (4) simplification          |  1,627       | simplification of applied user inline pragmas                                          |
|               |                             |              |                                                                                        |
| Array/Struct  |                             |              | After user array partition and struct aggregate/disaggregate pragmas are applied       |
|               | (1) array partition         |  1,626       | user array partition pragmas are applied                                               |
|               | (2) simplification          |  1,626       | simplification of applied user array partition & struct aggregate/disaggregate pragmas |
|               | (3) aggregate/disaggregate  |  1,728       | user struct aggregate/disaggregate pragmas are applied                                 |
|               | (4) array reshape           |  1,741       | apply array reshape pragmas                                                            |
|               | (5) access patterns         |  1,749       | array access pattern optmizations                                                      |
|               |                             |              |                                                                                        |
| Performance   |                             |              | After transformations are applied to meet performance pragma targets                   |
|               | (1) loop simplification     |  1,623       | loop and instruction simplification                                                    |
|               | (2) parallelization         |  1,898       | loops are unrolled or pipelined to meet performance targets                            |
|               | (3) array partition         |  2,148       | arrays are partitioned to meet performance targets                                     |
|               | (4) simplification          |  2,059       | simplification of design after performance transformations                             |
|               |                             |              |                                                                                        |
| HW Transforms |                             |              | After hardware transfomations                                                          |
|               | (1) lowering                |  2,082       | initial conversion to HW specific instructions                                         |
|               | (2) optimizations           |  2,095       | high level synthesis optimizations                                                     |
+---------------+-----------------------------+--------------+----------------------------------------------------------------------------------------+

* Instructions per Function for each Compilation Phase
+-----------------------------+-----------------------+--------------+-----------------+-----------------+-----------------+-----------------+
| Function                    | Location              | Compile/Link | Unroll/Inline   | Array/Struct    | Performance     | HW Transforms   |
+-----------------------------+-----------------------+--------------+-----------------+-----------------+-----------------+-----------------+
| + do_compute                | flood_HLS_base.cpp:25 | 69,335       | 1,627           | 1,749           | 2,059           | 2,095           |
|  + pow_generic<double>      | hls_pow.h:291         |              | 1,112 (2 calls) | 1,112 (2 calls) | 1,006 (2 calls) |  996 (2 calls)  |
|     to_ieee                 | x_hls_utils.h:509     |              |  162 (18 calls) |  162 (18 calls) |   90 (18 calls) |   90 (18 calls) |
|     log_range_reduction<71> | hls_pow.h:186         |              |  448 (2 calls)  |  448 (2 calls)  |  448 (2 calls)  |  448 (2 calls)  |
+-----------------------------+-----------------------+--------------+-----------------+-----------------+-----------------+-----------------+

* Design Size Message Settings
+---------------------------------------------+--------+------------------------------------------------------------------+
| Message Setting                             | Value  | Description                                                      |
+---------------------------------------------+--------+------------------------------------------------------------------+
| config_compile -design_size_maximum_warning | 100000 | Show a warning when total design instructions exceeds this value |
+---------------------------------------------+--------+------------------------------------------------------------------+


