

================================================================
== Vitis HLS Report for 'do_compute_Pipeline_PROPAGATION_ROWS_PROPAGATION_COLS'
================================================================
* Date:           Sun May 17 18:41:43 2026

* Version:        2024.1 (Build 5069499 on May 21 2024)
* Project:        .small_dam_base_enabled
* Solution:       solution_FLOOD_HLS_base (Vivado IP Flow Target)
* Product family: virtexuplusHBM
* Target device:  xcu50-fsvh2104-2-e


================================================================
== Performance Estimates
================================================================
+ Timing: 
    * Summary: 
    +--------+---------+----------+------------+
    |  Clock |  Target | Estimated| Uncertainty|
    +--------+---------+----------+------------+
    |ap_clk  |  4.00 ns|  2.897 ns|     1.08 ns|
    +--------+---------+----------+------------+

+ Latency: 
    * Summary: 
    +---------+---------+-----------+-----------+-------+-------+-----------------------------------------------+
    |  Latency (cycles) |   Latency (absolute)  |    Interval   |                    Pipeline                   |
    |   min   |   max   |    min    |    max    |  min  |  max  |                      Type                     |
    +---------+---------+-----------+-----------+-------+-------+-----------------------------------------------+
    |    16219|    16219|  64.876 us|  64.876 us|  16202|  16202|  loop auto-rewind stp(delay=0 clock cycles(s))|
    +---------+---------+-----------+-----------+-------+-------+-----------------------------------------------+

    + Detail: 
        * Instance: 
        +-----------------------------------+------------------------+---------+---------+----------+----------+-----+-----+---------+
        |                                   |                        |  Latency (cycles) |  Latency (absolute) |  Interval | Pipeline|
        |              Instance             |         Module         |   min   |   max   |    min   |    max   | min | max |   Type  |
        +-----------------------------------+------------------------+---------+---------+----------+----------+-----+-----+---------+
        |grp_p_hls_fptosi_float_i32_fu_313  |p_hls_fptosi_float_i32  |        1|        1|  4.000 ns|  4.000 ns|    1|    1|      yes|
        |grp_p_hls_fptosi_float_i32_fu_318  |p_hls_fptosi_float_i32  |        1|        1|  4.000 ns|  4.000 ns|    1|    1|      yes|
        |grp_p_hls_fptosi_float_i32_fu_323  |p_hls_fptosi_float_i32  |        1|        1|  4.000 ns|  4.000 ns|    1|    1|      yes|
        +-----------------------------------+------------------------+---------+---------+----------+----------+-----+-----+---------+

        * Loop: 
        +-------------------------------------+---------+---------+----------+-----------+-----------+------+----------+
        |                                     |  Latency (cycles) | Iteration|  Initiation Interval  | Trip |          |
        |              Loop Name              |   min   |   max   |  Latency |  achieved |   target  | Count| Pipelined|
        +-------------------------------------+---------+---------+----------+-----------+-----------+------+----------+
        |- PROPAGATION_ROWS_PROPAGATION_COLS  |    16217|    16217|        20|          2|          1|  8100|       yes|
        +-------------------------------------+---------+---------+----------+-----------+-----------+------+----------+



================================================================
== Utilization Estimates
================================================================
* Summary: 
+---------------------+---------+------+---------+--------+-----+
|         Name        | BRAM_18K|  DSP |    FF   |   LUT  | URAM|
+---------------------+---------+------+---------+--------+-----+
|DSP                  |        -|     1|        -|       -|    -|
|Expression           |        -|     -|        0|     664|    -|
|FIFO                 |        -|     -|        -|       -|    -|
|Instance             |        -|     6|      479|     930|    -|
|Memory               |        -|     -|        -|       -|    -|
|Multiplexer          |        -|     -|        0|     318|    -|
|Register             |        -|     -|     3394|     352|    -|
+---------------------+---------+------+---------+--------+-----+
|Total                |        0|     7|     3873|    2264|    0|
+---------------------+---------+------+---------+--------+-----+
|Available SLR        |     1344|  2976|   871680|  435840|  320|
+---------------------+---------+------+---------+--------+-----+
|Utilization SLR (%)  |        0|    ~0|       ~0|      ~0|    0|
+---------------------+---------+------+---------+--------+-----+
|Available            |     2688|  5952|  1743360|  871680|  640|
+---------------------+---------+------+---------+--------+-----+
|Utilization (%)      |        0|    ~0|       ~0|      ~0|    0|
+---------------------+---------+------+---------+--------+-----+

+ Detail: 
    * Instance: 
    +------------------------------------+-------------------------------+---------+----+-----+-----+-----+
    |              Instance              |             Module            | BRAM_18K| DSP|  FF | LUT | URAM|
    +------------------------------------+-------------------------------+---------+----+-----+-----+-----+
    |fmul_32ns_32ns_32_4_max_dsp_1_U155  |fmul_32ns_32ns_32_4_max_dsp_1  |        0|   3|  143|   78|    0|
    |fmul_32ns_32ns_32_4_max_dsp_1_U156  |fmul_32ns_32ns_32_4_max_dsp_1  |        0|   3|  143|   78|    0|
    |mul_7ns_9ns_15_1_1_U160             |mul_7ns_9ns_15_1_1             |        0|   0|    0|   49|    0|
    |grp_p_hls_fptosi_float_i32_fu_323   |p_hls_fptosi_float_i32         |        0|   0|   35|  629|    0|
    |sparsemux_7_2_32_1_1_U162           |sparsemux_7_2_32_1_1           |        0|   0|    0|    9|    0|
    |urem_7ns_3ns_2_11_1_U161            |urem_7ns_3ns_2_11_1            |        0|   0|  158|   87|    0|
    +------------------------------------+-------------------------------+---------+----+-----+-----+-----+
    |Total                               |                               |        0|   6|  479|  930|    0|
    +------------------------------------+-------------------------------+---------+----+-----+-----+-----+

    * DSP: 
    +------------------------------------+-------------------------------+--------------+
    |              Instance              |             Module            |  Expression  |
    +------------------------------------+-------------------------------+--------------+
    |mac_muladd_7ns_7ns_7ns_13_4_1_U163  |mac_muladd_7ns_7ns_7ns_13_4_1  |  i0 * i1 + i2|
    +------------------------------------+-------------------------------+--------------+

    * Memory: 
    N/A

    * FIFO: 
    N/A

    * Expression: 
    +-----------------------------------------+----------+----+---+----+------------+------------+
    |              Variable Name              | Operation| DSP| FF| LUT| Bitwidth P0| Bitwidth P1|
    +-----------------------------------------+----------+----+---+----+------------+------------+
    |add_ln191_1_fu_406_p2                    |         +|   0|  0|  20|          13|           1|
    |add_ln191_fu_418_p2                      |         +|   0|  0|  14|           7|           1|
    |add_ln193_fu_476_p2                      |         +|   0|  0|  14|           7|           1|
    |add_ln196_fu_524_p2                      |         +|   0|  0|  17|          12|          12|
    |add_ln226_1_fu_813_p2                    |         +|   0|  0|  32|          32|          32|
    |add_ln226_2_fu_817_p2                    |         +|   0|  0|  32|          32|          32|
    |add_ln226_fu_809_p2                      |         +|   0|  0|  32|          32|          32|
    |wl_3_fu_823_p2                           |         +|   0|  0|  32|          32|          32|
    |sub_ln196_fu_515_p2                      |         -|   0|  0|  17|          12|          12|
    |wl_1_fu_804_p2                           |         -|   0|  0|  39|          32|          32|
    |and_ln199_fu_583_p2                      |       and|   0|  0|   2|           1|           1|
    |and_ln207_1_fu_786_p2                    |       and|   0|  0|   2|           1|           1|
    |and_ln207_fu_781_p2                      |       and|   0|  0|   2|           1|           1|
    |and_ln211_1_fu_710_p2                    |       and|   0|  0|   2|           1|           1|
    |and_ln211_fu_704_p2                      |       and|   0|  0|   2|           1|           1|
    |ap_condition_1117                        |       and|   0|  0|   2|           1|           1|
    |ap_condition_1121                        |       and|   0|  0|   2|           1|           1|
    |ap_condition_1126                        |       and|   0|  0|   2|           1|           1|
    |ap_predicate_op205_call_state17_state16  |       and|   0|  0|   2|           1|           1|
    |icmp_ln191_fu_400_p2                     |      icmp|   0|  0|  20|          13|           8|
    |icmp_ln193_fu_424_p2                     |      icmp|   0|  0|  14|           7|           7|
    |icmp_ln199_1_fu_573_p2                   |      icmp|   0|  0|  30|          23|           1|
    |icmp_ln199_fu_567_p2                     |      icmp|   0|  0|  15|           8|           2|
    |icmp_ln207_1_fu_688_p2                   |      icmp|   0|  0|  59|          52|           1|
    |icmp_ln207_2_fu_763_p2                   |      icmp|   0|  0|  18|          11|           2|
    |icmp_ln207_3_fu_769_p2                   |      icmp|   0|  0|  59|          52|           1|
    |icmp_ln207_fu_682_p2                     |      icmp|   0|  0|  18|          11|           2|
    |icmp_ln211_1_fu_654_p2                   |      icmp|   0|  0|  59|          52|           1|
    |icmp_ln211_fu_648_p2                     |      icmp|   0|  0|  18|          11|           2|
    |or_ln199_fu_579_p2                       |        or|   0|  0|   2|           1|           1|
    |or_ln207_1_fu_775_p2                     |        or|   0|  0|   2|           1|           1|
    |or_ln207_fu_694_p2                       |        or|   0|  0|   2|           1|           1|
    |or_ln211_fu_700_p2                       |        or|   0|  0|   2|           1|           1|
    |max_spillage_iter_1_fu_792_p3            |    select|   0|  0|  63|           1|          64|
    |select_ln191_fu_438_p3                   |    select|   0|  0|   7|           1|           7|
    |select_ln52_fu_430_p3                    |    select|   0|  0|   7|           1|           1|
    |ap_enable_pp0                            |       xor|   0|  0|   2|           1|           2|
    +-----------------------------------------+----------+----+---+----+------------+------------+
    |Total                                    |          |   0|  0| 664|         468|         301|
    +-----------------------------------------+----------+----+---+----+------------+------------+

    * Multiplexer: 
    +----------------------------------------+----+-----------+-----+-----------+
    |                  Name                  | LUT| Input Size| Bits| Total Bits|
    +----------------------------------------+----+-----------+-----+-----------+
    |ap_NS_fsm                               |  14|          3|    1|          3|
    |ap_done_int                             |   9|          2|    1|          2|
    |ap_enable_reg_pp0_iter0                 |   9|          2|    1|          2|
    |ap_enable_reg_pp0_iter7                 |   9|          2|    1|          2|
    |ap_phi_reg_pp0_iter5_wl_2_reg_302       |   9|          2|   32|         64|
    |ap_phi_reg_pp0_iter9_wl_2_reg_302       |   9|          2|   32|         64|
    |ap_sig_allocacmp_col_pos_load           |   9|          2|    7|         14|
    |ap_sig_allocacmp_indvar_flatten18_load  |   9|          2|   13|         26|
    |ap_sig_allocacmp_row_pos_load           |   9|          2|    7|         14|
    |col_pos_fu_146                          |   9|          2|    7|         14|
    |empty_81_fu_158                         |   9|          2|  416|        832|
    |grp_fu_328_p0                           |  14|          3|   32|         96|
    |grp_fu_328_p1                           |  14|          3|   32|         96|
    |grp_fu_333_p0                           |  14|          3|   32|         96|
    |grp_fu_333_p1                           |  14|          3|   32|         96|
    |grp_fu_338_p0                           |  14|          3|   32|         96|
    |grp_fu_338_p1                           |  14|          3|   32|         96|
    |grp_fu_343_p0                           |  14|          3|   32|         96|
    |grp_fu_343_p1                           |  14|          3|   32|         96|
    |grp_fu_348_p0                           |  14|          3|   32|         96|
    |grp_fu_348_p1                           |  14|          3|   32|         96|
    |grp_fu_367_p1                           |  14|          3|   64|        192|
    |grp_p_hls_fptosi_float_i32_fu_313_x     |  14|          3|   32|         96|
    |grp_p_hls_fptosi_float_i32_fu_318_x     |  14|          3|   32|         96|
    |indvar_flatten18_fu_154                 |   9|          2|   13|         26|
    |max_spillage_iter_3_out_o               |  14|          3|   64|        192|
    |row_pos_fu_150                          |   9|          2|    7|         14|
    +----------------------------------------+----+-----------+-----+-----------+
    |Total                                   | 318|         69| 1050|       2613|
    +----------------------------------------+----+-----------+-----+-----------+

    * Register: 
    +------------------------------------------------+-----+----+-----+-----------+
    |                      Name                      |  FF | LUT| Bits| Const Bits|
    +------------------------------------------------+-----+----+-----+-----------+
    |and_ln199_reg_1005                              |    1|   0|    1|          0|
    |and_ln211_1_reg_1111                            |    1|   0|    1|          0|
    |ap_CS_fsm                                       |    2|   0|    2|          0|
    |ap_done_reg                                     |    1|   0|    1|          0|
    |ap_enable_reg_pp0_iter0_reg                     |    1|   0|    1|          0|
    |ap_enable_reg_pp0_iter1                         |    1|   0|    1|          0|
    |ap_enable_reg_pp0_iter2                         |    1|   0|    1|          0|
    |ap_enable_reg_pp0_iter3                         |    1|   0|    1|          0|
    |ap_enable_reg_pp0_iter4                         |    1|   0|    1|          0|
    |ap_enable_reg_pp0_iter5                         |    1|   0|    1|          0|
    |ap_enable_reg_pp0_iter6                         |    1|   0|    1|          0|
    |ap_enable_reg_pp0_iter7                         |    1|   0|    1|          0|
    |ap_enable_reg_pp0_iter8                         |    1|   0|    1|          0|
    |ap_enable_reg_pp0_iter9                         |    1|   0|    1|          0|
    |ap_loop_exit_ready_pp0_iter1_reg                |    1|   0|    1|          0|
    |ap_loop_exit_ready_pp0_iter2_reg                |    1|   0|    1|          0|
    |ap_loop_exit_ready_pp0_iter3_reg                |    1|   0|    1|          0|
    |ap_loop_exit_ready_pp0_iter4_reg                |    1|   0|    1|          0|
    |ap_loop_exit_ready_pp0_iter5_reg                |    1|   0|    1|          0|
    |ap_loop_exit_ready_pp0_iter6_reg                |    1|   0|    1|          0|
    |ap_loop_exit_ready_pp0_iter7_reg                |    1|   0|    1|          0|
    |ap_loop_exit_ready_pp0_iter8_reg                |    1|   0|    1|          0|
    |ap_phi_reg_pp0_iter1_wl_2_reg_302               |   32|   0|   32|          0|
    |ap_phi_reg_pp0_iter2_wl_2_reg_302               |   32|   0|   32|          0|
    |ap_phi_reg_pp0_iter3_wl_2_reg_302               |   32|   0|   32|          0|
    |ap_phi_reg_pp0_iter4_wl_2_reg_302               |   32|   0|   32|          0|
    |ap_phi_reg_pp0_iter5_wl_2_reg_302               |   32|   0|   32|          0|
    |ap_phi_reg_pp0_iter6_wl_2_reg_302               |   32|   0|   32|          0|
    |ap_phi_reg_pp0_iter7_wl_2_reg_302               |   32|   0|   32|          0|
    |ap_phi_reg_pp0_iter8_wl_2_reg_302               |   32|   0|   32|          0|
    |ap_phi_reg_pp0_iter9_wl_2_reg_302               |   32|   0|   32|          0|
    |col_pos_fu_146                                  |    7|   0|    7|          0|
    |div468_1_reg_1019                               |   32|   0|   32|          0|
    |div468_2_reg_1024                               |   32|   0|   32|          0|
    |div468_3_reg_1029                               |   32|   0|   32|          0|
    |div5_reg_1014                                   |   32|   0|   32|          0|
    |empty_81_fu_158                                 |  416|   0|  416|          0|
    |grp_p_hls_fptosi_float_i32_fu_313_ap_start_reg  |    1|   0|    1|          0|
    |grp_p_hls_fptosi_float_i32_fu_318_ap_start_reg  |    1|   0|    1|          0|
    |grp_p_hls_fptosi_float_i32_fu_323_ap_start_reg  |    1|   0|    1|          0|
    |icmp_ln191_reg_876                              |    1|   0|    1|          0|
    |icmp_ln199_1_reg_980                            |    1|   0|    1|          0|
    |icmp_ln199_reg_975                              |    1|   0|    1|          0|
    |icmp_ln211_1_reg_1074                           |    1|   0|    1|          0|
    |icmp_ln211_reg_1069                             |    1|   0|    1|          0|
    |indvar_flatten18_fu_154                         |   13|   0|   13|          0|
    |max_spillage_iter_3_out_load_reg_1099           |   64|   0|   64|          0|
    |max_spillage_iter_reg_1050                      |   64|   0|   64|          0|
    |max_spillage_iter_reg_1050_pp0_iter7_reg        |   64|   0|   64|          0|
    |mul469_1_reg_1084                               |   32|   0|   32|          0|
    |mul469_2_reg_1089                               |   32|   0|   32|          0|
    |mul469_3_reg_1094                               |   32|   0|   32|          0|
    |mul5_reg_1115                                   |   32|   0|   32|          0|
    |mul6_reg_1079                                   |   32|   0|   32|          0|
    |or_ln207_reg_1106                               |    1|   0|    1|          0|
    |p_load_reg_1057                                 |  416|   0|  416|          0|
    |p_load_reg_1057_pp0_iter7_reg                   |  416|   0|  416|          0|
    |row_pos_fu_150                                  |    7|   0|    7|          0|
    |select_ln191_reg_886                            |    7|   0|    7|          0|
    |select_ln52_reg_880                             |    7|   0|    7|          0|
    |spill_acc_reg_1120                              |   32|   0|   32|          0|
    |spill_acc_reg_1120_pp0_iter8_reg                |   32|   0|   32|          0|
    |spill_reg_1044                                  |   32|   0|   32|          0|
    |spillage_from_neigh_1_load_reg_990              |   32|   0|   32|          0|
    |spillage_from_neigh_2_load_reg_995              |   32|   0|   32|          0|
    |spillage_from_neigh_3_load_reg_1000             |   32|   0|   32|          0|
    |spillage_from_neigh_load_reg_985                |   32|   0|   32|          0|
    |spillage_level_addr_reg_945                     |   13|   0|   13|          0|
    |spillage_level_load_reg_1009                    |   32|   0|   32|          0|
    |tmp_17_reg_1125                                 |   32|   0|   32|          0|
    |tmp_17_reg_1125_pp0_iter8_reg                   |   32|   0|   32|          0|
    |tmp_18_reg_1130                                 |   32|   0|   32|          0|
    |tmp_19_reg_1135                                 |   32|   0|   32|          0|
    |tmp_55_reg_897                                  |    6|   0|    6|          0|
    |trunc_ln52_reg_1034                             |    2|   0|    2|          0|
    |water_level_1_addr_4_reg_908                    |   12|   0|   12|          0|
    |water_level_1_load_3_reg_930                    |   32|   0|   32|          0|
    |water_level_2_addr_4_reg_914                    |   12|   0|   12|          0|
    |water_level_2_load_3_reg_935                    |   32|   0|   32|          0|
    |water_level_addr_4_reg_902                      |   12|   0|   12|          0|
    |water_level_load_3_reg_925                      |   32|   0|   32|          0|
    |wl_3_reg_1146                                   |   32|   0|   32|          0|
    |wl_reg_1038                                     |   32|   0|   32|          0|
    |and_ln199_reg_1005                              |   64|  32|    1|          0|
    |and_ln211_1_reg_1111                            |   64|  32|    1|          0|
    |icmp_ln191_reg_876                              |   64|  32|    1|          0|
    |trunc_ln52_reg_1034                             |   64|  32|    2|          0|
    |water_level_1_addr_4_reg_908                    |   64|  32|   12|          0|
    |water_level_1_load_3_reg_930                    |   64|  32|   32|          0|
    |water_level_2_addr_4_reg_914                    |   64|  32|   12|          0|
    |water_level_2_load_3_reg_935                    |   64|  32|   32|          0|
    |water_level_addr_4_reg_902                      |   64|  32|   12|          0|
    |water_level_load_3_reg_925                      |   64|  32|   32|          0|
    |wl_reg_1038                                     |   64|  32|   32|          0|
    +------------------------------------------------+-----+----+-----+-----------+
    |Total                                           | 3394| 352| 2859|          0|
    +------------------------------------------------+-----+----+-----+-----------+



================================================================
== Interface
================================================================
* Summary: 
+--------------------------------------------+-----+-----+------------+-------------------------------------------------------+--------------+
|                  RTL Ports                 | Dir | Bits|  Protocol  |                     Source Object                     |    C Type    |
+--------------------------------------------+-----+-----+------------+-------------------------------------------------------+--------------+
|ap_clk                                      |   in|    1|  ap_ctrl_hs|  do_compute_Pipeline_PROPAGATION_ROWS_PROPAGATION_COLS|  return value|
|ap_rst                                      |   in|    1|  ap_ctrl_hs|  do_compute_Pipeline_PROPAGATION_ROWS_PROPAGATION_COLS|  return value|
|ap_start                                    |   in|    1|  ap_ctrl_hs|  do_compute_Pipeline_PROPAGATION_ROWS_PROPAGATION_COLS|  return value|
|ap_done                                     |  out|    1|  ap_ctrl_hs|  do_compute_Pipeline_PROPAGATION_ROWS_PROPAGATION_COLS|  return value|
|ap_idle                                     |  out|    1|  ap_ctrl_hs|  do_compute_Pipeline_PROPAGATION_ROWS_PROPAGATION_COLS|  return value|
|ap_ready                                    |  out|    1|  ap_ctrl_hs|  do_compute_Pipeline_PROPAGATION_ROWS_PROPAGATION_COLS|  return value|
|grp_fu_464_p_din0                           |  out|   32|  ap_ctrl_hs|  do_compute_Pipeline_PROPAGATION_ROWS_PROPAGATION_COLS|  return value|
|grp_fu_464_p_din1                           |  out|   32|  ap_ctrl_hs|  do_compute_Pipeline_PROPAGATION_ROWS_PROPAGATION_COLS|  return value|
|grp_fu_464_p_dout0                          |   in|   32|  ap_ctrl_hs|  do_compute_Pipeline_PROPAGATION_ROWS_PROPAGATION_COLS|  return value|
|grp_fu_464_p_ce                             |  out|    1|  ap_ctrl_hs|  do_compute_Pipeline_PROPAGATION_ROWS_PROPAGATION_COLS|  return value|
|grp_fu_469_p_din0                           |  out|   32|  ap_ctrl_hs|  do_compute_Pipeline_PROPAGATION_ROWS_PROPAGATION_COLS|  return value|
|grp_fu_469_p_din1                           |  out|   32|  ap_ctrl_hs|  do_compute_Pipeline_PROPAGATION_ROWS_PROPAGATION_COLS|  return value|
|grp_fu_469_p_dout0                          |   in|   32|  ap_ctrl_hs|  do_compute_Pipeline_PROPAGATION_ROWS_PROPAGATION_COLS|  return value|
|grp_fu_469_p_ce                             |  out|    1|  ap_ctrl_hs|  do_compute_Pipeline_PROPAGATION_ROWS_PROPAGATION_COLS|  return value|
|grp_fu_474_p_din0                           |  out|   32|  ap_ctrl_hs|  do_compute_Pipeline_PROPAGATION_ROWS_PROPAGATION_COLS|  return value|
|grp_fu_474_p_din1                           |  out|   32|  ap_ctrl_hs|  do_compute_Pipeline_PROPAGATION_ROWS_PROPAGATION_COLS|  return value|
|grp_fu_474_p_dout0                          |   in|   32|  ap_ctrl_hs|  do_compute_Pipeline_PROPAGATION_ROWS_PROPAGATION_COLS|  return value|
|grp_fu_474_p_ce                             |  out|    1|  ap_ctrl_hs|  do_compute_Pipeline_PROPAGATION_ROWS_PROPAGATION_COLS|  return value|
|grp_fu_497_p_din0                           |  out|   32|  ap_ctrl_hs|  do_compute_Pipeline_PROPAGATION_ROWS_PROPAGATION_COLS|  return value|
|grp_fu_497_p_dout0                          |   in|   64|  ap_ctrl_hs|  do_compute_Pipeline_PROPAGATION_ROWS_PROPAGATION_COLS|  return value|
|grp_fu_497_p_ce                             |  out|    1|  ap_ctrl_hs|  do_compute_Pipeline_PROPAGATION_ROWS_PROPAGATION_COLS|  return value|
|grp_fu_503_p_din0                           |  out|   32|  ap_ctrl_hs|  do_compute_Pipeline_PROPAGATION_ROWS_PROPAGATION_COLS|  return value|
|grp_fu_503_p_din1                           |  out|   32|  ap_ctrl_hs|  do_compute_Pipeline_PROPAGATION_ROWS_PROPAGATION_COLS|  return value|
|grp_fu_503_p_opcode                         |  out|    5|  ap_ctrl_hs|  do_compute_Pipeline_PROPAGATION_ROWS_PROPAGATION_COLS|  return value|
|grp_fu_503_p_dout0                          |   in|    1|  ap_ctrl_hs|  do_compute_Pipeline_PROPAGATION_ROWS_PROPAGATION_COLS|  return value|
|grp_fu_503_p_ce                             |  out|    1|  ap_ctrl_hs|  do_compute_Pipeline_PROPAGATION_ROWS_PROPAGATION_COLS|  return value|
|grp_fu_520_p_din0                           |  out|   64|  ap_ctrl_hs|  do_compute_Pipeline_PROPAGATION_ROWS_PROPAGATION_COLS|  return value|
|grp_fu_520_p_din1                           |  out|   64|  ap_ctrl_hs|  do_compute_Pipeline_PROPAGATION_ROWS_PROPAGATION_COLS|  return value|
|grp_fu_520_p_opcode                         |  out|    5|  ap_ctrl_hs|  do_compute_Pipeline_PROPAGATION_ROWS_PROPAGATION_COLS|  return value|
|grp_fu_520_p_dout0                          |   in|    1|  ap_ctrl_hs|  do_compute_Pipeline_PROPAGATION_ROWS_PROPAGATION_COLS|  return value|
|grp_fu_520_p_ce                             |  out|    1|  ap_ctrl_hs|  do_compute_Pipeline_PROPAGATION_ROWS_PROPAGATION_COLS|  return value|
|grp_p_hls_fptosi_float_i32_fu_1437_p_din1   |  out|   32|  ap_ctrl_hs|  do_compute_Pipeline_PROPAGATION_ROWS_PROPAGATION_COLS|  return value|
|grp_p_hls_fptosi_float_i32_fu_1437_p_dout0  |   in|   32|  ap_ctrl_hs|  do_compute_Pipeline_PROPAGATION_ROWS_PROPAGATION_COLS|  return value|
|grp_p_hls_fptosi_float_i32_fu_1437_p_ce     |  out|    1|  ap_ctrl_hs|  do_compute_Pipeline_PROPAGATION_ROWS_PROPAGATION_COLS|  return value|
|grp_p_hls_fptosi_float_i32_fu_1437_p_start  |  out|    1|  ap_ctrl_hs|  do_compute_Pipeline_PROPAGATION_ROWS_PROPAGATION_COLS|  return value|
|grp_p_hls_fptosi_float_i32_fu_1437_p_ready  |   in|    1|  ap_ctrl_hs|  do_compute_Pipeline_PROPAGATION_ROWS_PROPAGATION_COLS|  return value|
|grp_p_hls_fptosi_float_i32_fu_1437_p_done   |   in|    1|  ap_ctrl_hs|  do_compute_Pipeline_PROPAGATION_ROWS_PROPAGATION_COLS|  return value|
|grp_p_hls_fptosi_float_i32_fu_1437_p_idle   |   in|    1|  ap_ctrl_hs|  do_compute_Pipeline_PROPAGATION_ROWS_PROPAGATION_COLS|  return value|
|grp_p_hls_fptosi_float_i32_fu_1444_p_din1   |  out|   32|  ap_ctrl_hs|  do_compute_Pipeline_PROPAGATION_ROWS_PROPAGATION_COLS|  return value|
|grp_p_hls_fptosi_float_i32_fu_1444_p_dout0  |   in|   32|  ap_ctrl_hs|  do_compute_Pipeline_PROPAGATION_ROWS_PROPAGATION_COLS|  return value|
|grp_p_hls_fptosi_float_i32_fu_1444_p_ce     |  out|    1|  ap_ctrl_hs|  do_compute_Pipeline_PROPAGATION_ROWS_PROPAGATION_COLS|  return value|
|grp_p_hls_fptosi_float_i32_fu_1444_p_start  |  out|    1|  ap_ctrl_hs|  do_compute_Pipeline_PROPAGATION_ROWS_PROPAGATION_COLS|  return value|
|grp_p_hls_fptosi_float_i32_fu_1444_p_ready  |   in|    1|  ap_ctrl_hs|  do_compute_Pipeline_PROPAGATION_ROWS_PROPAGATION_COLS|  return value|
|grp_p_hls_fptosi_float_i32_fu_1444_p_done   |   in|    1|  ap_ctrl_hs|  do_compute_Pipeline_PROPAGATION_ROWS_PROPAGATION_COLS|  return value|
|grp_p_hls_fptosi_float_i32_fu_1444_p_idle   |   in|    1|  ap_ctrl_hs|  do_compute_Pipeline_PROPAGATION_ROWS_PROPAGATION_COLS|  return value|
|p_reload44                                  |   in|  416|     ap_none|                                             p_reload44|        scalar|
|spillage_flag_address0                      |  out|   13|   ap_memory|                                          spillage_flag|         array|
|spillage_flag_ce0                           |  out|    1|   ap_memory|                                          spillage_flag|         array|
|spillage_flag_q0                            |   in|   32|   ap_memory|                                          spillage_flag|         array|
|spillage_level_address0                     |  out|   13|   ap_memory|                                         spillage_level|         array|
|spillage_level_ce0                          |  out|    1|   ap_memory|                                         spillage_level|         array|
|spillage_level_q0                           |   in|   32|   ap_memory|                                         spillage_level|         array|
|spillage_from_neigh_address0                |  out|   13|   ap_memory|                                    spillage_from_neigh|         array|
|spillage_from_neigh_ce0                     |  out|    1|   ap_memory|                                    spillage_from_neigh|         array|
|spillage_from_neigh_q0                      |   in|   32|   ap_memory|                                    spillage_from_neigh|         array|
|spillage_from_neigh_1_address0              |  out|   13|   ap_memory|                                  spillage_from_neigh_1|         array|
|spillage_from_neigh_1_ce0                   |  out|    1|   ap_memory|                                  spillage_from_neigh_1|         array|
|spillage_from_neigh_1_q0                    |   in|   32|   ap_memory|                                  spillage_from_neigh_1|         array|
|spillage_from_neigh_2_address0              |  out|   13|   ap_memory|                                  spillage_from_neigh_2|         array|
|spillage_from_neigh_2_ce0                   |  out|    1|   ap_memory|                                  spillage_from_neigh_2|         array|
|spillage_from_neigh_2_q0                    |   in|   32|   ap_memory|                                  spillage_from_neigh_2|         array|
|spillage_from_neigh_3_address0              |  out|   13|   ap_memory|                                  spillage_from_neigh_3|         array|
|spillage_from_neigh_3_ce0                   |  out|    1|   ap_memory|                                  spillage_from_neigh_3|         array|
|spillage_from_neigh_3_q0                    |   in|   32|   ap_memory|                                  spillage_from_neigh_3|         array|
|water_level_address0                        |  out|   12|   ap_memory|                                            water_level|         array|
|water_level_ce0                             |  out|    1|   ap_memory|                                            water_level|         array|
|water_level_we0                             |  out|    1|   ap_memory|                                            water_level|         array|
|water_level_d0                              |  out|   32|   ap_memory|                                            water_level|         array|
|water_level_address1                        |  out|   12|   ap_memory|                                            water_level|         array|
|water_level_ce1                             |  out|    1|   ap_memory|                                            water_level|         array|
|water_level_q1                              |   in|   32|   ap_memory|                                            water_level|         array|
|water_level_1_address0                      |  out|   12|   ap_memory|                                          water_level_1|         array|
|water_level_1_ce0                           |  out|    1|   ap_memory|                                          water_level_1|         array|
|water_level_1_we0                           |  out|    1|   ap_memory|                                          water_level_1|         array|
|water_level_1_d0                            |  out|   32|   ap_memory|                                          water_level_1|         array|
|water_level_1_address1                      |  out|   12|   ap_memory|                                          water_level_1|         array|
|water_level_1_ce1                           |  out|    1|   ap_memory|                                          water_level_1|         array|
|water_level_1_q1                            |   in|   32|   ap_memory|                                          water_level_1|         array|
|water_level_2_address0                      |  out|   12|   ap_memory|                                          water_level_2|         array|
|water_level_2_ce0                           |  out|    1|   ap_memory|                                          water_level_2|         array|
|water_level_2_we0                           |  out|    1|   ap_memory|                                          water_level_2|         array|
|water_level_2_d0                            |  out|   32|   ap_memory|                                          water_level_2|         array|
|water_level_2_address1                      |  out|   12|   ap_memory|                                          water_level_2|         array|
|water_level_2_ce1                           |  out|    1|   ap_memory|                                          water_level_2|         array|
|water_level_2_q1                            |   in|   32|   ap_memory|                                          water_level_2|         array|
|empty                                       |   in|   31|     ap_none|                                                  empty|        scalar|
|p_out                                       |  out|  416|      ap_vld|                                                  p_out|       pointer|
|p_out_ap_vld                                |  out|    1|      ap_vld|                                                  p_out|       pointer|
|max_spillage_iter_3_out_i                   |   in|   64|     ap_ovld|                                max_spillage_iter_3_out|       pointer|
|max_spillage_iter_3_out_o                   |  out|   64|     ap_ovld|                                max_spillage_iter_3_out|       pointer|
|max_spillage_iter_3_out_o_ap_vld            |  out|    1|     ap_ovld|                                max_spillage_iter_3_out|       pointer|
+--------------------------------------------+-----+-----+------------+-------------------------------------------------------+--------------+

