

================================================================
== Vitis HLS Report for 'do_compute_Pipeline_VITIS_LOOP_93_8'
================================================================
* Date:           Sun May 17 18:41:42 2026

* Version:        2024.1 (Build 5069499 on May 21 2024)
* Project:        .small_dam_base_enabled
* Solution:       solution_FLOOD_HLS_base (Vivado IP Flow Target)
* Product family: virtexuplusHBM
* Target device:  xcu50-fsvh2104-2-e


================================================================
== Performance Estimates
================================================================
+ Timing: 
    * Summary: 
    +--------+---------+----------+------------+
    |  Clock |  Target | Estimated| Uncertainty|
    +--------+---------+----------+------------+
    |ap_clk  |  4.00 ns|  2.916 ns|     1.08 ns|
    +--------+---------+----------+------------+

+ Latency: 
    * Summary: 
    +---------+---------+----------+----------+-----+-----+-----------------------------------------------+
    |  Latency (cycles) |  Latency (absolute) |  Interval |                    Pipeline                   |
    |   min   |   max   |    min   |    max   | min | max |                      Type                     |
    +---------+---------+----------+----------+-----+-----+-----------------------------------------------+
    |        ?|        ?|         ?|         ?|    0|    0|  loop auto-rewind stp(delay=0 clock cycles(s))|
    +---------+---------+----------+----------+-----+-----+-----------------------------------------------+

    + Detail: 
        * Instance: 
        +-----------------------------------+------------------------+---------+---------+----------+----------+-----+-----+---------+
        |                                   |                        |  Latency (cycles) |  Latency (absolute) |  Interval | Pipeline|
        |              Instance             |         Module         |   min   |   max   |    min   |    max   | min | max |   Type  |
        +-----------------------------------+------------------------+---------+---------+----------+----------+-----+-----+---------+
        |grp_pow_generic_double_s_fu_327    |pow_generic_double_s    |       72|       72|  0.288 us|  0.288 us|    1|    1|      yes|
        |grp_p_hls_fptosi_float_i32_fu_356  |p_hls_fptosi_float_i32  |        1|        1|  4.000 ns|  4.000 ns|    1|    1|      yes|
        +-----------------------------------+------------------------+---------+---------+----------+----------+-----+-----+---------+

        * Loop: 
        +-------------------+---------+---------+----------+-----------+-----------+------+----------+
        |                   |  Latency (cycles) | Iteration|  Initiation Interval  | Trip |          |
        |     Loop Name     |   min   |   max   |  Latency |  achieved |   target  | Count| Pipelined|
        +-------------------+---------+---------+----------+-----------+-----------+------+----------+
        |- VITIS_LOOP_93_8  |        ?|        ?|       193|          8|          1|     ?|       yes|
        +-------------------+---------+---------+----------+-----------+-----------+------+----------+



================================================================
== Utilization Estimates
================================================================
* Summary: 
+---------------------+---------+------+---------+--------+-----+
|         Name        | BRAM_18K|  DSP |    FF   |   LUT  | URAM|
+---------------------+---------+------+---------+--------+-----+
|DSP                  |        -|     -|        -|       -|    -|
|Expression           |        -|     -|        0|     469|    -|
|FIFO                 |        -|     -|        -|       -|    -|
|Instance             |        5|    68|    14861|   11505|    -|
|Memory               |        -|     -|        -|       -|    -|
|Multiplexer          |        -|     -|        0|     593|    -|
|Register             |        -|     -|     1984|     256|    -|
+---------------------+---------+------+---------+--------+-----+
|Total                |        5|    68|    16845|   12823|    0|
+---------------------+---------+------+---------+--------+-----+
|Available SLR        |     1344|  2976|   871680|  435840|  320|
+---------------------+---------+------+---------+--------+-----+
|Utilization SLR (%)  |       ~0|     2|        1|       2|    0|
+---------------------+---------+------+---------+--------+-----+
|Available            |     2688|  5952|  1743360|  871680|  640|
+---------------------+---------+------+---------+--------+-----+
|Utilization (%)      |       ~0|     1|       ~0|       1|    0|
+---------------------+---------+------+---------+--------+-----+

+ Detail: 
    * Instance: 
    +------------------------------------+--------------------------------+---------+----+-------+------+-----+
    |              Instance              |             Module             | BRAM_18K| DSP|   FF  |  LUT | URAM|
    +------------------------------------+--------------------------------+---------+----+-------+------+-----+
    |dadd_64ns_64ns_64_5_full_dsp_1_U74  |dadd_64ns_64ns_64_5_full_dsp_1  |        0|   3|    457|   698|    0|
    |dsqrt_64ns_64ns_64_21_no_dsp_1_U75  |dsqrt_64ns_64ns_64_21_no_dsp_1  |        0|   0|      0|     0|    0|
    |fptrunc_64ns_32_2_no_dsp_1_U70      |fptrunc_64ns_32_2_no_dsp_1      |        0|   0|      0|     0|    0|
    |fsqrt_32ns_32ns_32_12_no_dsp_1_U73  |fsqrt_32ns_32ns_32_12_no_dsp_1  |        0|   0|      0|     0|    0|
    |grp_pow_generic_double_s_fu_327     |pow_generic_double_s            |        5|  65|  12121|  9060|    0|
    |sparsemux_7_2_32_1_1_U78            |sparsemux_7_2_32_1_1            |        0|   0|      0|     9|    0|
    |urem_32ns_3ns_2_36_1_U77            |urem_32ns_3ns_2_36_1            |        0|   0|   2283|  1738|    0|
    +------------------------------------+--------------------------------+---------+----+-------+------+-----+
    |Total                               |                                |        5|  68|  14861| 11505|    0|
    +------------------------------------+--------------------------------+---------+----+-------+------+-----+

    * DSP: 
    N/A

    * Memory: 
    N/A

    * FIFO: 
    N/A

    * Expression: 
    +--------------------------+----------+----+---+----+------------+------------+
    |       Variable Name      | Operation| DSP| FF| LUT| Bitwidth P0| Bitwidth P1|
    +--------------------------+----------+----+---+----+------------+------------+
    |add_ln101_1_fu_730_p2     |         +|   0|  0|  17|          12|          12|
    |add_ln101_fu_767_p2       |         +|   0|  0|  39|          32|          32|
    |add_ln102_fu_789_p2       |         +|   0|  0|  71|          64|          64|
    |sub_ln101_1_fu_724_p2     |         -|   0|  0|  17|          12|          12|
    |sub_ln101_fu_687_p2       |         -|   0|  0|  10|           3|           2|
    |and_ln93_1_fu_491_p2      |       and|   0|  0|   2|           1|           1|
    |and_ln93_fu_485_p2        |       and|   0|  0|   2|           1|           1|
    |and_ln97_1_fu_568_p2      |       and|   0|  0|   2|           1|           1|
    |and_ln97_fu_562_p2        |       and|   0|  0|   2|           1|           1|
    |and_ln98_fu_664_p2        |       and|   0|  0|   2|           1|           1|
    |icmp_ln93_1_fu_457_p2     |      icmp|   0|  0|  30|          23|           1|
    |icmp_ln93_2_fu_469_p2     |      icmp|   0|  0|  15|           8|           2|
    |icmp_ln93_3_fu_474_p2     |      icmp|   0|  0|  30|          23|           1|
    |icmp_ln93_fu_451_p2       |      icmp|   0|  0|  15|           8|           2|
    |icmp_ln97_1_fu_540_p2     |      icmp|   0|  0|  30|          23|           1|
    |icmp_ln97_2_fu_506_p2     |      icmp|   0|  0|  15|           8|           2|
    |icmp_ln97_3_fu_552_p2     |      icmp|   0|  0|  30|          23|           1|
    |icmp_ln97_fu_534_p2       |      icmp|   0|  0|  15|           8|           2|
    |icmp_ln98_1_fu_652_p2     |      icmp|   0|  0|  30|          23|           1|
    |icmp_ln98_fu_646_p2       |      icmp|   0|  0|  15|           8|           2|
    |or_ln93_1_fu_479_p2       |        or|   0|  0|   2|           1|           1|
    |or_ln93_fu_463_p2         |        or|   0|  0|   2|           1|           1|
    |or_ln97_1_fu_557_p2       |        or|   0|  0|   2|           1|           1|
    |or_ln97_fu_546_p2         |        or|   0|  0|   2|           1|           1|
    |or_ln98_fu_658_p2         |        or|   0|  0|   2|           1|           1|
    |select_ln101_1_fu_600_p3  |    select|   0|  0|   2|           1|           2|
    |select_ln101_fu_693_p3    |    select|   0|  0|   2|           1|           2|
    |select_ln98_fu_670_p3     |    select|   0|  0|  32|           1|           1|
    |ap_enable_pp0             |       xor|   0|  0|   2|           1|           2|
    |grp_fu_612_p0             |       xor|   0|  0|  32|          32|          32|
    +--------------------------+----------+----+---+----+------------+------------+
    |Total                     |          |   0|  0| 469|         324|         186|
    +--------------------------+----------+----+---+----+------------+------------+

    * Multiplexer: 
    +----------------------------------------+----+-----------+-----+-----------+
    |                  Name                  | LUT| Input Size| Bits| Total Bits|
    +----------------------------------------+----+-----------+-----+-----------+
    |ap_NS_fsm                               |  49|          9|    1|          9|
    |ap_done_int                             |   9|          2|    1|          2|
    |ap_enable_reg_pp0_iter0                 |   9|          2|    1|          2|
    |ap_enable_reg_pp0_iter1                 |   9|          2|    1|          2|
    |ap_enable_reg_pp0_iter24                |   9|          2|    1|          2|
    |ap_loop_exit_ready_pp0_iter10_reg       |   9|          2|    1|          2|
    |ap_loop_exit_ready_pp0_iter11_reg       |   9|          2|    1|          2|
    |ap_loop_exit_ready_pp0_iter12_reg       |   9|          2|    1|          2|
    |ap_loop_exit_ready_pp0_iter13_reg       |   9|          2|    1|          2|
    |ap_loop_exit_ready_pp0_iter14_reg       |   9|          2|    1|          2|
    |ap_loop_exit_ready_pp0_iter15_reg       |   9|          2|    1|          2|
    |ap_loop_exit_ready_pp0_iter16_reg       |   9|          2|    1|          2|
    |ap_loop_exit_ready_pp0_iter17_reg       |   9|          2|    1|          2|
    |ap_loop_exit_ready_pp0_iter18_reg       |   9|          2|    1|          2|
    |ap_loop_exit_ready_pp0_iter19_reg       |   9|          2|    1|          2|
    |ap_loop_exit_ready_pp0_iter1_reg        |   9|          2|    1|          2|
    |ap_loop_exit_ready_pp0_iter20_reg       |   9|          2|    1|          2|
    |ap_loop_exit_ready_pp0_iter21_reg       |   9|          2|    1|          2|
    |ap_loop_exit_ready_pp0_iter22_reg       |   9|          2|    1|          2|
    |ap_loop_exit_ready_pp0_iter23_reg       |   9|          2|    1|          2|
    |ap_loop_exit_ready_pp0_iter2_reg        |   9|          2|    1|          2|
    |ap_loop_exit_ready_pp0_iter3_reg        |   9|          2|    1|          2|
    |ap_loop_exit_ready_pp0_iter4_reg        |   9|          2|    1|          2|
    |ap_loop_exit_ready_pp0_iter5_reg        |   9|          2|    1|          2|
    |ap_loop_exit_ready_pp0_iter6_reg        |   9|          2|    1|          2|
    |ap_loop_exit_ready_pp0_iter7_reg        |   9|          2|    1|          2|
    |ap_loop_exit_ready_pp0_iter8_reg        |   9|          2|    1|          2|
    |ap_loop_exit_ready_pp0_iter9_reg        |   9|          2|    1|          2|
    |ap_sig_allocacmp_col_pos_1              |   9|          2|   32|         64|
    |col_pos_fu_182                          |   9|          2|   32|         64|
    |empty_70_fu_186                         |   9|          2|  416|        832|
    |grp_fu_361_opcode                       |  14|          3|    2|          6|
    |grp_fu_361_p0                           |  20|          4|   32|        128|
    |grp_fu_361_p1                           |  20|          4|   32|        128|
    |grp_fu_366_p0                           |  26|          5|   32|        160|
    |grp_fu_366_p1                           |  26|          5|   32|        160|
    |grp_fu_372_p0                           |  26|          5|   32|        160|
    |grp_fu_372_p1                           |  26|          5|   32|        160|
    |grp_fu_385_p0                           |  20|          4|   32|        128|
    |grp_fu_385_p1                           |  20|          4|   32|        128|
    |grp_p_hls_fptosi_float_i32_fu_356_x     |  20|          4|   32|        128|
    |grp_pow_generic_double_s_fu_327_base_r  |  14|          3|   64|        192|
    |water_level_1_address0_local            |  14|          3|   12|         36|
    |water_level_2_address0_local            |  14|          3|   12|         36|
    |water_level_address0_local              |  14|          3|   12|         36|
    +----------------------------------------+----+-----------+-----+-----------+
    |Total                                   | 593|        124|  898|       2609|
    +----------------------------------------+----+-----------+-----+-----------+

    * Register: 
    +------------------------------------------------+-----+----+-----+-----------+
    |                      Name                      |  FF | LUT| Bits| Const Bits|
    +------------------------------------------------+-----+----+-----+-----------+
    |add5_reg_922                                    |   64|   0|   64|          0|
    |add_ln101_1_reg_1026                            |   12|   0|   12|          0|
    |add_ln101_reg_1061                              |   32|   0|   32|          0|
    |and_ln93_1_reg_888                              |    1|   0|    1|          0|
    |and_ln97_1_reg_944                              |    1|   0|    1|          0|
    |ap_CS_fsm                                       |    8|   0|    8|          0|
    |ap_done_reg                                     |    1|   0|    1|          0|
    |ap_enable_reg_pp0_iter0_reg                     |    1|   0|    1|          0|
    |ap_enable_reg_pp0_iter1                         |    1|   0|    1|          0|
    |ap_enable_reg_pp0_iter10                        |    1|   0|    1|          0|
    |ap_enable_reg_pp0_iter11                        |    1|   0|    1|          0|
    |ap_enable_reg_pp0_iter12                        |    1|   0|    1|          0|
    |ap_enable_reg_pp0_iter13                        |    1|   0|    1|          0|
    |ap_enable_reg_pp0_iter14                        |    1|   0|    1|          0|
    |ap_enable_reg_pp0_iter15                        |    1|   0|    1|          0|
    |ap_enable_reg_pp0_iter16                        |    1|   0|    1|          0|
    |ap_enable_reg_pp0_iter17                        |    1|   0|    1|          0|
    |ap_enable_reg_pp0_iter18                        |    1|   0|    1|          0|
    |ap_enable_reg_pp0_iter19                        |    1|   0|    1|          0|
    |ap_enable_reg_pp0_iter2                         |    1|   0|    1|          0|
    |ap_enable_reg_pp0_iter20                        |    1|   0|    1|          0|
    |ap_enable_reg_pp0_iter21                        |    1|   0|    1|          0|
    |ap_enable_reg_pp0_iter22                        |    1|   0|    1|          0|
    |ap_enable_reg_pp0_iter23                        |    1|   0|    1|          0|
    |ap_enable_reg_pp0_iter24                        |    1|   0|    1|          0|
    |ap_enable_reg_pp0_iter3                         |    1|   0|    1|          0|
    |ap_enable_reg_pp0_iter4                         |    1|   0|    1|          0|
    |ap_enable_reg_pp0_iter5                         |    1|   0|    1|          0|
    |ap_enable_reg_pp0_iter6                         |    1|   0|    1|          0|
    |ap_enable_reg_pp0_iter7                         |    1|   0|    1|          0|
    |ap_enable_reg_pp0_iter8                         |    1|   0|    1|          0|
    |ap_enable_reg_pp0_iter9                         |    1|   0|    1|          0|
    |ap_loop_exit_ready_pp0_iter10_reg               |    1|   0|    1|          0|
    |ap_loop_exit_ready_pp0_iter11_reg               |    1|   0|    1|          0|
    |ap_loop_exit_ready_pp0_iter12_reg               |    1|   0|    1|          0|
    |ap_loop_exit_ready_pp0_iter13_reg               |    1|   0|    1|          0|
    |ap_loop_exit_ready_pp0_iter14_reg               |    1|   0|    1|          0|
    |ap_loop_exit_ready_pp0_iter15_reg               |    1|   0|    1|          0|
    |ap_loop_exit_ready_pp0_iter16_reg               |    1|   0|    1|          0|
    |ap_loop_exit_ready_pp0_iter17_reg               |    1|   0|    1|          0|
    |ap_loop_exit_ready_pp0_iter18_reg               |    1|   0|    1|          0|
    |ap_loop_exit_ready_pp0_iter19_reg               |    1|   0|    1|          0|
    |ap_loop_exit_ready_pp0_iter1_reg                |    1|   0|    1|          0|
    |ap_loop_exit_ready_pp0_iter20_reg               |    1|   0|    1|          0|
    |ap_loop_exit_ready_pp0_iter21_reg               |    1|   0|    1|          0|
    |ap_loop_exit_ready_pp0_iter22_reg               |    1|   0|    1|          0|
    |ap_loop_exit_ready_pp0_iter23_reg               |    1|   0|    1|          0|
    |ap_loop_exit_ready_pp0_iter2_reg                |    1|   0|    1|          0|
    |ap_loop_exit_ready_pp0_iter3_reg                |    1|   0|    1|          0|
    |ap_loop_exit_ready_pp0_iter4_reg                |    1|   0|    1|          0|
    |ap_loop_exit_ready_pp0_iter5_reg                |    1|   0|    1|          0|
    |ap_loop_exit_ready_pp0_iter6_reg                |    1|   0|    1|          0|
    |ap_loop_exit_ready_pp0_iter7_reg                |    1|   0|    1|          0|
    |ap_loop_exit_ready_pp0_iter8_reg                |    1|   0|    1|          0|
    |ap_loop_exit_ready_pp0_iter9_reg                |    1|   0|    1|          0|
    |bitcast_ln98_1_reg_953                          |   32|   0|   32|          0|
    |col_pos_1_reg_879                               |   32|   0|   32|          0|
    |col_pos_fu_182                                  |   32|   0|   32|          0|
    |distance_reg_932                                |   32|   0|   32|          0|
    |div2_reg_986                                    |   32|   0|   32|          0|
    |div3_reg_1021                                   |   32|   0|   32|          0|
    |empty_70_fu_186                                 |  416|   0|  416|          0|
    |grp_p_hls_fptosi_float_i32_fu_356_ap_start_reg  |    1|   0|    1|          0|
    |icmp_ln97_2_reg_892                             |    1|   0|    1|          0|
    |meters_per_minute_reg_1031                      |   32|   0|   32|          0|
    |mul1_reg_897                                    |   32|   0|   32|          0|
    |mul2_reg_996                                    |   32|   0|   32|          0|
    |mul4_reg_1056                                   |   32|   0|   32|          0|
    |rain_reg_1011                                   |   32|   0|   32|          0|
    |reg_410                                         |   32|   0|   32|          0|
    |select_ln101_reg_1016                           |    2|   0|    2|          0|
    |select_ln98_reg_1001                            |   32|   0|   32|          0|
    |tmp_12_reg_991                                  |   32|   0|   32|          0|
    |tmp_15_reg_959                                  |   32|   0|   32|          0|
    |tmp_16_reg_1051                                 |   32|   0|   32|          0|
    |tmp_1_reg_917                                   |   64|   0|   64|          0|
    |tmp_2_reg_912                                   |   64|   0|   64|          0|
    |tmp_32_reg_965                                  |    1|   0|    1|          0|
    |tmp_3_reg_927                                   |   64|   0|   64|          0|
    |trunc_ln_reg_948                                |   32|   0|   32|          0|
    |udiv_ln2_cast_reg_981                           |   12|   0|   12|          0|
    |water_level_1_addr_reg_1041                     |   12|   0|   12|          0|
    |water_level_2_addr_reg_1046                     |   12|   0|   12|          0|
    |water_level_addr_reg_1036                       |   12|   0|   12|          0|
    |x_assign_reg_907                                |   64|   0|   64|          0|
    |x_pos_reg_902                                   |   32|   0|   32|          0|
    |zext_ln83_cast_reg_874                          |    4|   0|   64|         60|
    |and_ln93_1_reg_888                              |   64|  32|    1|          0|
    |and_ln97_1_reg_944                              |   64|  32|    1|          0|
    |bitcast_ln98_1_reg_953                          |   64|  32|   32|          0|
    |col_pos_1_reg_879                               |   64|  32|   32|          0|
    |icmp_ln97_2_reg_892                             |   64|  32|    1|          0|
    |select_ln101_reg_1016                           |   64|  32|    2|          0|
    |tmp_32_reg_965                                  |   64|  32|    1|          0|
    |udiv_ln2_cast_reg_981                           |   64|  32|   12|          0|
    +------------------------------------------------+-----+----+-----+-----------+
    |Total                                           | 1984| 256| 1614|         60|
    +------------------------------------------------+-----+----+-----+-----------+



================================================================
== Interface
================================================================
* Summary: 
+--------------------------------------------+-----+-----+------------+-------------------------------------+--------------+
|                  RTL Ports                 | Dir | Bits|  Protocol  |            Source Object            |    C Type    |
+--------------------------------------------+-----+-----+------------+-------------------------------------+--------------+
|ap_clk                                      |   in|    1|  ap_ctrl_hs|  do_compute_Pipeline_VITIS_LOOP_93_8|  return value|
|ap_rst                                      |   in|    1|  ap_ctrl_hs|  do_compute_Pipeline_VITIS_LOOP_93_8|  return value|
|ap_start                                    |   in|    1|  ap_ctrl_hs|  do_compute_Pipeline_VITIS_LOOP_93_8|  return value|
|ap_done                                     |  out|    1|  ap_ctrl_hs|  do_compute_Pipeline_VITIS_LOOP_93_8|  return value|
|ap_idle                                     |  out|    1|  ap_ctrl_hs|  do_compute_Pipeline_VITIS_LOOP_93_8|  return value|
|ap_ready                                    |  out|    1|  ap_ctrl_hs|  do_compute_Pipeline_VITIS_LOOP_93_8|  return value|
|grp_fu_450_p_din0                           |  out|   32|  ap_ctrl_hs|  do_compute_Pipeline_VITIS_LOOP_93_8|  return value|
|grp_fu_450_p_din1                           |  out|   32|  ap_ctrl_hs|  do_compute_Pipeline_VITIS_LOOP_93_8|  return value|
|grp_fu_450_p_opcode                         |  out|    2|  ap_ctrl_hs|  do_compute_Pipeline_VITIS_LOOP_93_8|  return value|
|grp_fu_450_p_dout0                          |   in|   32|  ap_ctrl_hs|  do_compute_Pipeline_VITIS_LOOP_93_8|  return value|
|grp_fu_450_p_ce                             |  out|    1|  ap_ctrl_hs|  do_compute_Pipeline_VITIS_LOOP_93_8|  return value|
|grp_fu_464_p_din0                           |  out|   32|  ap_ctrl_hs|  do_compute_Pipeline_VITIS_LOOP_93_8|  return value|
|grp_fu_464_p_din1                           |  out|   32|  ap_ctrl_hs|  do_compute_Pipeline_VITIS_LOOP_93_8|  return value|
|grp_fu_464_p_dout0                          |   in|   32|  ap_ctrl_hs|  do_compute_Pipeline_VITIS_LOOP_93_8|  return value|
|grp_fu_464_p_ce                             |  out|    1|  ap_ctrl_hs|  do_compute_Pipeline_VITIS_LOOP_93_8|  return value|
|grp_fu_481_p_din0                           |  out|   32|  ap_ctrl_hs|  do_compute_Pipeline_VITIS_LOOP_93_8|  return value|
|grp_fu_481_p_din1                           |  out|   32|  ap_ctrl_hs|  do_compute_Pipeline_VITIS_LOOP_93_8|  return value|
|grp_fu_481_p_dout0                          |   in|   32|  ap_ctrl_hs|  do_compute_Pipeline_VITIS_LOOP_93_8|  return value|
|grp_fu_481_p_ce                             |  out|    1|  ap_ctrl_hs|  do_compute_Pipeline_VITIS_LOOP_93_8|  return value|
|grp_fu_497_p_din0                           |  out|   32|  ap_ctrl_hs|  do_compute_Pipeline_VITIS_LOOP_93_8|  return value|
|grp_fu_497_p_dout0                          |   in|   64|  ap_ctrl_hs|  do_compute_Pipeline_VITIS_LOOP_93_8|  return value|
|grp_fu_497_p_ce                             |  out|    1|  ap_ctrl_hs|  do_compute_Pipeline_VITIS_LOOP_93_8|  return value|
|grp_fu_503_p_din0                           |  out|   32|  ap_ctrl_hs|  do_compute_Pipeline_VITIS_LOOP_93_8|  return value|
|grp_fu_503_p_din1                           |  out|   32|  ap_ctrl_hs|  do_compute_Pipeline_VITIS_LOOP_93_8|  return value|
|grp_fu_503_p_opcode                         |  out|    5|  ap_ctrl_hs|  do_compute_Pipeline_VITIS_LOOP_93_8|  return value|
|grp_fu_503_p_dout0                          |   in|    1|  ap_ctrl_hs|  do_compute_Pipeline_VITIS_LOOP_93_8|  return value|
|grp_fu_503_p_ce                             |  out|    1|  ap_ctrl_hs|  do_compute_Pipeline_VITIS_LOOP_93_8|  return value|
|grp_fu_1433_p_din0                          |  out|   32|  ap_ctrl_hs|  do_compute_Pipeline_VITIS_LOOP_93_8|  return value|
|grp_fu_1433_p_din1                          |  out|   34|  ap_ctrl_hs|  do_compute_Pipeline_VITIS_LOOP_93_8|  return value|
|grp_fu_1433_p_dout0                         |   in|   65|  ap_ctrl_hs|  do_compute_Pipeline_VITIS_LOOP_93_8|  return value|
|grp_fu_1433_p_ce                            |  out|    1|  ap_ctrl_hs|  do_compute_Pipeline_VITIS_LOOP_93_8|  return value|
|grp_p_hls_fptosi_float_i32_fu_1437_p_din1   |  out|   32|  ap_ctrl_hs|  do_compute_Pipeline_VITIS_LOOP_93_8|  return value|
|grp_p_hls_fptosi_float_i32_fu_1437_p_dout0  |   in|   32|  ap_ctrl_hs|  do_compute_Pipeline_VITIS_LOOP_93_8|  return value|
|grp_p_hls_fptosi_float_i32_fu_1437_p_ce     |  out|    1|  ap_ctrl_hs|  do_compute_Pipeline_VITIS_LOOP_93_8|  return value|
|grp_p_hls_fptosi_float_i32_fu_1437_p_start  |  out|    1|  ap_ctrl_hs|  do_compute_Pipeline_VITIS_LOOP_93_8|  return value|
|grp_p_hls_fptosi_float_i32_fu_1437_p_ready  |   in|    1|  ap_ctrl_hs|  do_compute_Pipeline_VITIS_LOOP_93_8|  return value|
|grp_p_hls_fptosi_float_i32_fu_1437_p_done   |   in|    1|  ap_ctrl_hs|  do_compute_Pipeline_VITIS_LOOP_93_8|  return value|
|grp_p_hls_fptosi_float_i32_fu_1437_p_idle   |   in|    1|  ap_ctrl_hs|  do_compute_Pipeline_VITIS_LOOP_93_8|  return value|
|empty_69                                    |   in|  416|     ap_none|                             empty_69|        scalar|
|col_start                                   |   in|   32|     ap_none|                            col_start|        scalar|
|tmp_37                                      |   in|    8|     ap_none|                               tmp_37|        scalar|
|empty                                       |   in|   23|     ap_none|                                empty|        scalar|
|col_end                                     |   in|   32|     ap_none|                              col_end|        scalar|
|p_clouds_address0                           |  out|    4|   ap_memory|                             p_clouds|         array|
|p_clouds_ce0                                |  out|    1|   ap_memory|                             p_clouds|         array|
|p_clouds_q0                                 |   in|  224|   ap_memory|                             p_clouds|         array|
|zext_ln83                                   |   in|    4|     ap_none|                            zext_ln83|        scalar|
|bitcast_ln87                                |   in|   32|     ap_none|                         bitcast_ln87|        scalar|
|x_assign_1                                  |   in|   64|     ap_none|                           x_assign_1|        scalar|
|p_clouds_load_1                             |   in|   95|     ap_none|                      p_clouds_load_1|        scalar|
|trunc_ln97_1                                |   in|   23|     ap_none|                         trunc_ln97_1|        scalar|
|bitcast_ln85_1                              |   in|   32|     ap_none|                       bitcast_ln85_1|        scalar|
|p_ex_factor                                 |   in|   32|     ap_none|                          p_ex_factor|       pointer|
|row_pos_3                                   |   in|   32|     ap_none|                            row_pos_3|        scalar|
|water_level_address0                        |  out|   12|   ap_memory|                          water_level|         array|
|water_level_ce0                             |  out|    1|   ap_memory|                          water_level|         array|
|water_level_we0                             |  out|    1|   ap_memory|                          water_level|         array|
|water_level_d0                              |  out|   32|   ap_memory|                          water_level|         array|
|water_level_q0                              |   in|   32|   ap_memory|                          water_level|         array|
|water_level_1_address0                      |  out|   12|   ap_memory|                        water_level_1|         array|
|water_level_1_ce0                           |  out|    1|   ap_memory|                        water_level_1|         array|
|water_level_1_we0                           |  out|    1|   ap_memory|                        water_level_1|         array|
|water_level_1_d0                            |  out|   32|   ap_memory|                        water_level_1|         array|
|water_level_1_q0                            |   in|   32|   ap_memory|                        water_level_1|         array|
|water_level_2_address0                      |  out|   12|   ap_memory|                        water_level_2|         array|
|water_level_2_ce0                           |  out|    1|   ap_memory|                        water_level_2|         array|
|water_level_2_we0                           |  out|    1|   ap_memory|                        water_level_2|         array|
|water_level_2_d0                            |  out|   32|   ap_memory|                        water_level_2|         array|
|water_level_2_q0                            |   in|   32|   ap_memory|                        water_level_2|         array|
|p_out                                       |  out|  416|      ap_vld|                                p_out|       pointer|
|p_out_ap_vld                                |  out|    1|      ap_vld|                                p_out|       pointer|
+--------------------------------------------+-----+-----+------------+-------------------------------------+--------------+

