

================================================================
== Vitis HLS Report for 'do_compute_Pipeline_VITIS_LOOP_249_16_VITIS_LOOP_250_17'
================================================================
* Date:           Sun May 17 18:41:43 2026

* Version:        2024.1 (Build 5069499 on May 21 2024)
* Project:        .small_dam_base_enabled
* Solution:       solution_FLOOD_HLS_base (Vivado IP Flow Target)
* Product family: virtexuplusHBM
* Target device:  xcu50-fsvh2104-2-e


================================================================
== Performance Estimates
================================================================
+ Timing: 
    * Summary: 
    +--------+---------+----------+------------+
    |  Clock |  Target | Estimated| Uncertainty|
    +--------+---------+----------+------------+
    |ap_clk  |  4.00 ns|  2.861 ns|     1.08 ns|
    +--------+---------+----------+------------+

+ Latency: 
    * Summary: 
    +---------+---------+-----------+-----------+-------+-------+-----------------------------------------------+
    |  Latency (cycles) |   Latency (absolute)  |    Interval   |                    Pipeline                   |
    |   min   |   max   |    min    |    max    |  min  |  max  |                      Type                     |
    +---------+---------+-----------+-----------+-------+-------+-----------------------------------------------+
    |    16228|    16228|  64.912 us|  64.912 us|  16202|  16202|  loop auto-rewind stp(delay=0 clock cycles(s))|
    +---------+---------+-----------+-----------+-------+-------+-----------------------------------------------+

    + Detail: 
        * Instance: 
        N/A

        * Loop: 
        +---------------------------------------+---------+---------+----------+-----------+-----------+------+----------+
        |                                       |  Latency (cycles) | Iteration|  Initiation Interval  | Trip |          |
        |               Loop Name               |   min   |   max   |  Latency |  achieved |   target  | Count| Pipelined|
        +---------------------------------------+---------+---------+----------+-----------+-----------+------+----------+
        |- VITIS_LOOP_249_16_VITIS_LOOP_250_17  |    16226|    16226|        29|          2|          1|  8100|       yes|
        +---------------------------------------+---------+---------+----------+-----------+-----------+------+----------+



================================================================
== Utilization Estimates
================================================================
* Summary: 
+---------------------+---------+------+---------+--------+-----+
|         Name        | BRAM_18K|  DSP |    FF   |   LUT  | URAM|
+---------------------+---------+------+---------+--------+-----+
|DSP                  |        -|     -|        -|       -|    -|
|Expression           |        -|     -|        0|     333|    -|
|FIFO                 |        -|     -|        -|       -|    -|
|Instance             |        -|     0|      158|     145|    -|
|Memory               |        -|     -|        -|       -|    -|
|Multiplexer          |        -|     -|        0|     239|    -|
|Register             |        -|     -|      648|     128|    -|
+---------------------+---------+------+---------+--------+-----+
|Total                |        0|     0|      806|     845|    0|
+---------------------+---------+------+---------+--------+-----+
|Available SLR        |     1344|  2976|   871680|  435840|  320|
+---------------------+---------+------+---------+--------+-----+
|Utilization SLR (%)  |        0|     0|       ~0|      ~0|    0|
+---------------------+---------+------+---------+--------+-----+
|Available            |     2688|  5952|  1743360|  871680|  640|
+---------------------+---------+------+---------+--------+-----+
|Utilization (%)      |        0|     0|       ~0|      ~0|    0|
+---------------------+---------+------+---------+--------+-----+

+ Detail: 
    * Instance: 
    +---------------------------+----------------------+---------+----+-----+----+-----+
    |          Instance         |        Module        | BRAM_18K| DSP|  FF | LUT| URAM|
    +---------------------------+----------------------+---------+----+-----+----+-----+
    |mul_7ns_9ns_15_1_1_U187    |mul_7ns_9ns_15_1_1    |        0|   0|    0|  49|    0|
    |sparsemux_7_2_32_1_1_U189  |sparsemux_7_2_32_1_1  |        0|   0|    0|   9|    0|
    |urem_7ns_3ns_2_11_1_U188   |urem_7ns_3ns_2_11_1   |        0|   0|  158|  87|    0|
    +---------------------------+----------------------+---------+----+-----+----+-----+
    |Total                      |                      |        0|   0|  158| 145|    0|
    +---------------------------+----------------------+---------+----+-----+----+-----+

    * DSP: 
    N/A

    * Memory: 
    N/A

    * FIFO: 
    N/A

    * Expression: 
    +------------------------+----------+----+---+----+------------+------------+
    |      Variable Name     | Operation| DSP| FF| LUT| Bitwidth P0| Bitwidth P1|
    +------------------------+----------+----+---+----+------------+------------+
    |add_ln249_1_fu_217_p2   |         +|   0|  0|  20|          13|           1|
    |add_ln249_fu_229_p2     |         +|   0|  0|  14|           7|           1|
    |add_ln250_fu_283_p2     |         +|   0|  0|  14|           7|           1|
    |add_ln251_fu_331_p2     |         +|   0|  0|  17|          12|          12|
    |add_ln253_fu_371_p2     |         +|   0|  0|  71|          64|          64|
    |sub_ln251_fu_322_p2     |         -|   0|  0|  17|          12|          12|
    |and_ln251_1_fu_462_p2   |       and|   0|  0|   2|           1|           1|
    |and_ln251_fu_456_p2     |       and|   0|  0|   2|           1|           1|
    |icmp_ln249_fu_211_p2    |      icmp|   0|  0|  20|          13|           8|
    |icmp_ln250_fu_235_p2    |      icmp|   0|  0|  14|           7|           7|
    |icmp_ln251_1_fu_426_p2  |      icmp|   0|  0|  30|          23|           1|
    |icmp_ln251_2_fu_438_p2  |      icmp|   0|  0|  15|           8|           2|
    |icmp_ln251_3_fu_444_p2  |      icmp|   0|  0|  30|          23|           1|
    |icmp_ln251_fu_420_p2    |      icmp|   0|  0|  15|           8|           2|
    |or_ln251_1_fu_450_p2    |        or|   0|  0|   2|           1|           1|
    |or_ln251_fu_432_p2      |        or|   0|  0|   2|           1|           1|
    |select_ln249_fu_249_p3  |    select|   0|  0|   7|           1|           7|
    |select_ln251_fu_468_p3  |    select|   0|  0|  32|           1|          32|
    |select_ln52_fu_241_p3   |    select|   0|  0|   7|           1|           1|
    |ap_enable_pp0           |       xor|   0|  0|   2|           1|           2|
    +------------------------+----------+----+---+----+------------+------------+
    |Total                   |          |   0|  0| 333|         205|         158|
    +------------------------+----------+----+---+----+------------+------------+

    * Multiplexer: 
    +----------------------------------------+----+-----------+-----+-----------+
    |                  Name                  | LUT| Input Size| Bits| Total Bits|
    +----------------------------------------+----+-----------+-----+-----------+
    |add55123_fu_92                          |   9|          2|   64|        128|
    |ap_NS_fsm                               |  14|          3|    1|          3|
    |ap_done_int                             |   9|          2|    1|          2|
    |ap_enable_reg_pp0_iter0                 |   9|          2|    1|          2|
    |ap_enable_reg_pp0_iter1                 |   9|          2|    1|          2|
    |ap_enable_reg_pp0_iter14                |   9|          2|    1|          2|
    |ap_loop_exit_ready_pp0_iter10_reg       |   9|          2|    1|          2|
    |ap_loop_exit_ready_pp0_iter11_reg       |   9|          2|    1|          2|
    |ap_loop_exit_ready_pp0_iter12_reg       |   9|          2|    1|          2|
    |ap_loop_exit_ready_pp0_iter13_reg       |   9|          2|    1|          2|
    |ap_loop_exit_ready_pp0_iter1_reg        |   9|          2|    1|          2|
    |ap_loop_exit_ready_pp0_iter2_reg        |   9|          2|    1|          2|
    |ap_loop_exit_ready_pp0_iter3_reg        |   9|          2|    1|          2|
    |ap_loop_exit_ready_pp0_iter4_reg        |   9|          2|    1|          2|
    |ap_loop_exit_ready_pp0_iter5_reg        |   9|          2|    1|          2|
    |ap_loop_exit_ready_pp0_iter6_reg        |   9|          2|    1|          2|
    |ap_loop_exit_ready_pp0_iter7_reg        |   9|          2|    1|          2|
    |ap_loop_exit_ready_pp0_iter8_reg        |   9|          2|    1|          2|
    |ap_loop_exit_ready_pp0_iter9_reg        |   9|          2|    1|          2|
    |ap_sig_allocacmp_col_pos_1_load         |   9|          2|    7|         14|
    |ap_sig_allocacmp_indvar_flatten34_load  |   9|          2|   13|         26|
    |ap_sig_allocacmp_row_pos_load           |   9|          2|    7|         14|
    |col_pos_1_fu_100                        |   9|          2|    7|         14|
    |empty_fu_96                             |   9|          2|   32|         64|
    |indvar_flatten34_fu_108                 |   9|          2|   13|         26|
    |row_pos_fu_104                          |   9|          2|    7|         14|
    +----------------------------------------+----+-----------+-----+-----------+
    |Total                                   | 239|         53|  168|        337|
    +----------------------------------------+----+-----------+-----+-----------+

    * Register: 
    +-----------------------------------+----+----+-----+-----------+
    |                Name               | FF | LUT| Bits| Const Bits|
    +-----------------------------------+----+----+-----+-----------+
    |add55123_fu_92                     |  64|   0|   64|          0|
    |ap_CS_fsm                          |   2|   0|    2|          0|
    |ap_done_reg                        |   1|   0|    1|          0|
    |ap_enable_reg_pp0_iter0_reg        |   1|   0|    1|          0|
    |ap_enable_reg_pp0_iter1            |   1|   0|    1|          0|
    |ap_enable_reg_pp0_iter10           |   1|   0|    1|          0|
    |ap_enable_reg_pp0_iter11           |   1|   0|    1|          0|
    |ap_enable_reg_pp0_iter12           |   1|   0|    1|          0|
    |ap_enable_reg_pp0_iter13           |   1|   0|    1|          0|
    |ap_enable_reg_pp0_iter14           |   1|   0|    1|          0|
    |ap_enable_reg_pp0_iter2            |   1|   0|    1|          0|
    |ap_enable_reg_pp0_iter3            |   1|   0|    1|          0|
    |ap_enable_reg_pp0_iter4            |   1|   0|    1|          0|
    |ap_enable_reg_pp0_iter5            |   1|   0|    1|          0|
    |ap_enable_reg_pp0_iter6            |   1|   0|    1|          0|
    |ap_enable_reg_pp0_iter7            |   1|   0|    1|          0|
    |ap_enable_reg_pp0_iter8            |   1|   0|    1|          0|
    |ap_enable_reg_pp0_iter9            |   1|   0|    1|          0|
    |ap_loop_exit_ready_pp0_iter10_reg  |   1|   0|    1|          0|
    |ap_loop_exit_ready_pp0_iter11_reg  |   1|   0|    1|          0|
    |ap_loop_exit_ready_pp0_iter12_reg  |   1|   0|    1|          0|
    |ap_loop_exit_ready_pp0_iter13_reg  |   1|   0|    1|          0|
    |ap_loop_exit_ready_pp0_iter1_reg   |   1|   0|    1|          0|
    |ap_loop_exit_ready_pp0_iter2_reg   |   1|   0|    1|          0|
    |ap_loop_exit_ready_pp0_iter3_reg   |   1|   0|    1|          0|
    |ap_loop_exit_ready_pp0_iter4_reg   |   1|   0|    1|          0|
    |ap_loop_exit_ready_pp0_iter5_reg   |   1|   0|    1|          0|
    |ap_loop_exit_ready_pp0_iter6_reg   |   1|   0|    1|          0|
    |ap_loop_exit_ready_pp0_iter7_reg   |   1|   0|    1|          0|
    |ap_loop_exit_ready_pp0_iter8_reg   |   1|   0|    1|          0|
    |ap_loop_exit_ready_pp0_iter9_reg   |   1|   0|    1|          0|
    |col_pos_1_fu_100                   |   7|   0|    7|          0|
    |conv1_reg_580                      |  32|   0|   32|          0|
    |div6_reg_585                       |  32|   0|   32|          0|
    |empty_fu_96                        |  32|   0|   32|          0|
    |icmp_ln249_reg_524                 |   1|   0|    1|          0|
    |indvar_flatten34_fu_108            |  13|   0|   13|          0|
    |p_load11_reg_592                   |  32|   0|   32|          0|
    |row_pos_fu_104                     |   7|   0|    7|          0|
    |select_ln249_reg_533               |   7|   0|    7|          0|
    |tmp_35_reg_539                     |   6|   0|    6|          0|
    |tmp_reg_574                        |  32|   0|   32|          0|
    |water_level_1_load_reg_564         |  32|   0|   32|          0|
    |water_level_2_load_reg_569         |  32|   0|   32|          0|
    |water_level_load_reg_559           |  32|   0|   32|          0|
    |icmp_ln249_reg_524                 |  64|  32|    1|          0|
    |water_level_1_load_reg_564         |  64|  32|   32|          0|
    |water_level_2_load_reg_569         |  64|  32|   32|          0|
    |water_level_load_reg_559           |  64|  32|   32|          0|
    +-----------------------------------+----+----+-----+-----------+
    |Total                              | 648| 128|  489|          0|
    +-----------------------------------+----+----+-----+-----------+



================================================================
== Interface
================================================================
* Summary: 
+------------------------+-----+-----+------------+---------------------------------------------------------+--------------+
|        RTL Ports       | Dir | Bits|  Protocol  |                      Source Object                      |    C Type    |
+------------------------+-----+-----+------------+---------------------------------------------------------+--------------+
|ap_clk                  |   in|    1|  ap_ctrl_hs|  do_compute_Pipeline_VITIS_LOOP_249_16_VITIS_LOOP_250_17|  return value|
|ap_rst                  |   in|    1|  ap_ctrl_hs|  do_compute_Pipeline_VITIS_LOOP_249_16_VITIS_LOOP_250_17|  return value|
|ap_start                |   in|    1|  ap_ctrl_hs|  do_compute_Pipeline_VITIS_LOOP_249_16_VITIS_LOOP_250_17|  return value|
|ap_done                 |  out|    1|  ap_ctrl_hs|  do_compute_Pipeline_VITIS_LOOP_249_16_VITIS_LOOP_250_17|  return value|
|ap_idle                 |  out|    1|  ap_ctrl_hs|  do_compute_Pipeline_VITIS_LOOP_249_16_VITIS_LOOP_250_17|  return value|
|ap_ready                |  out|    1|  ap_ctrl_hs|  do_compute_Pipeline_VITIS_LOOP_249_16_VITIS_LOOP_250_17|  return value|
|grp_fu_481_p_din0       |  out|   32|  ap_ctrl_hs|  do_compute_Pipeline_VITIS_LOOP_249_16_VITIS_LOOP_250_17|  return value|
|grp_fu_481_p_din1       |  out|   32|  ap_ctrl_hs|  do_compute_Pipeline_VITIS_LOOP_249_16_VITIS_LOOP_250_17|  return value|
|grp_fu_481_p_dout0      |   in|   32|  ap_ctrl_hs|  do_compute_Pipeline_VITIS_LOOP_249_16_VITIS_LOOP_250_17|  return value|
|grp_fu_481_p_ce         |  out|    1|  ap_ctrl_hs|  do_compute_Pipeline_VITIS_LOOP_249_16_VITIS_LOOP_250_17|  return value|
|grp_fu_1441_p_din0      |  out|   32|  ap_ctrl_hs|  do_compute_Pipeline_VITIS_LOOP_249_16_VITIS_LOOP_250_17|  return value|
|grp_fu_1441_p_dout0     |   in|   32|  ap_ctrl_hs|  do_compute_Pipeline_VITIS_LOOP_249_16_VITIS_LOOP_250_17|  return value|
|grp_fu_1441_p_ce        |  out|    1|  ap_ctrl_hs|  do_compute_Pipeline_VITIS_LOOP_249_16_VITIS_LOOP_250_17|  return value|
|grp_fu_503_p_din0       |  out|   32|  ap_ctrl_hs|  do_compute_Pipeline_VITIS_LOOP_249_16_VITIS_LOOP_250_17|  return value|
|grp_fu_503_p_din1       |  out|   32|  ap_ctrl_hs|  do_compute_Pipeline_VITIS_LOOP_249_16_VITIS_LOOP_250_17|  return value|
|grp_fu_503_p_opcode     |  out|    5|  ap_ctrl_hs|  do_compute_Pipeline_VITIS_LOOP_249_16_VITIS_LOOP_250_17|  return value|
|grp_fu_503_p_dout0      |   in|    1|  ap_ctrl_hs|  do_compute_Pipeline_VITIS_LOOP_249_16_VITIS_LOOP_250_17|  return value|
|grp_fu_503_p_ce         |  out|    1|  ap_ctrl_hs|  do_compute_Pipeline_VITIS_LOOP_249_16_VITIS_LOOP_250_17|  return value|
|trunc_ln2               |   in|   64|     ap_none|                                                trunc_ln2|        scalar|
|water_level_address0    |  out|   12|   ap_memory|                                              water_level|         array|
|water_level_ce0         |  out|    1|   ap_memory|                                              water_level|         array|
|water_level_q0          |   in|   32|   ap_memory|                                              water_level|         array|
|water_level_1_address0  |  out|   12|   ap_memory|                                            water_level_1|         array|
|water_level_1_ce0       |  out|    1|   ap_memory|                                            water_level_1|         array|
|water_level_1_q0        |   in|   32|   ap_memory|                                            water_level_1|         array|
|water_level_2_address0  |  out|   12|   ap_memory|                                            water_level_2|         array|
|water_level_2_ce0       |  out|    1|   ap_memory|                                            water_level_2|         array|
|water_level_2_q0        |   in|   32|   ap_memory|                                            water_level_2|         array|
|p_out                   |  out|   32|      ap_vld|                                                    p_out|       pointer|
|p_out_ap_vld            |  out|    1|      ap_vld|                                                    p_out|       pointer|
|add55123_out            |  out|   64|      ap_vld|                                             add55123_out|       pointer|
|add55123_out_ap_vld     |  out|    1|      ap_vld|                                             add55123_out|       pointer|
+------------------------+-----+-----+------------+---------------------------------------------------------+--------------+

