

================================================================
== Vitis HLS Report for 'do_compute'
================================================================
* Date:           Sun May 17 18:41:43 2026

* Version:        2024.1 (Build 5069499 on May 21 2024)
* Project:        .small_dam_base_enabled
* Solution:       solution_FLOOD_HLS_base (Vivado IP Flow Target)
* Product family: virtexuplusHBM
* Target device:  xcu50-fsvh2104-2-e


================================================================
== Performance Estimates
================================================================
+ Timing: 
    * Summary: 
    +--------+---------+----------+------------+
    |  Clock |  Target | Estimated| Uncertainty|
    +--------+---------+----------+------------+
    |ap_clk  |  4.00 ns|  2.916 ns|     1.08 ns|
    +--------+---------+----------+------------+

+ Latency: 
    * Summary: 
    +---------+---------+----------+----------+-----+-----+---------+
    |  Latency (cycles) |  Latency (absolute) |  Interval | Pipeline|
    |   min   |   max   |    min   |    max   | min | max |   Type  |
    +---------+---------+----------+----------+-----+-----+---------+
    |        ?|        ?|         ?|         ?|    ?|    ?|       no|
    +---------+---------+----------+----------+-----+-----+---------+

    + Detail: 
        * Instance: 
        +--------------------------------------------------------------------+---------------------------------------------------------+---------+---------+-----------+-----------+-------+-------+-----------------------------------------------+
        |                                                                    |                                                         |  Latency (cycles) |   Latency (absolute)  |    Interval   |                    Pipeline                   |
        |                              Instance                              |                          Module                         |   min   |   max   |    min    |    max    |  min  |  max  |                      Type                     |
        +--------------------------------------------------------------------+---------------------------------------------------------+---------+---------+-----------+-----------+-------+-------+-----------------------------------------------+
        |grp_do_compute_Pipeline_VITIS_LOOP_53_1_VITIS_LOOP_54_2_fu_316      |do_compute_Pipeline_VITIS_LOOP_53_1_VITIS_LOOP_54_2      |     8112|     8112|  32.448 us|  32.448 us|   8101|   8101|  loop auto-rewind stp(delay=0 clock cycles(s))|
        |grp_do_compute_Pipeline_VITIS_LOOP_76_5_fu_338                      |do_compute_Pipeline_VITIS_LOOP_76_5                      |       31|       31|   0.124 us|   0.124 us|     10|     10|  loop auto-rewind stp(delay=0 clock cycles(s))|
        |grp_do_compute_Pipeline_VITIS_LOOP_249_16_VITIS_LOOP_250_17_fu_344  |do_compute_Pipeline_VITIS_LOOP_249_16_VITIS_LOOP_250_17  |    16228|    16228|  64.912 us|  64.912 us|  16202|  16202|  loop auto-rewind stp(delay=0 clock cycles(s))|
        |grp_do_compute_Pipeline_VITIS_LOOP_109_9_VITIS_LOOP_110_10_fu_354   |do_compute_Pipeline_VITIS_LOOP_109_9_VITIS_LOOP_110_10   |    24410|    24410|  97.640 us|  97.640 us|  24303|  24303|  loop auto-rewind stp(delay=0 clock cycles(s))|
        |grp_do_compute_Pipeline_VITIS_LOOP_93_8_fu_372                      |do_compute_Pipeline_VITIS_LOOP_93_8                      |        ?|        ?|          ?|          ?|      0|      0|  loop auto-rewind stp(delay=0 clock cycles(s))|
        |grp_do_compute_Pipeline_PROPAGATION_ROWS_PROPAGATION_COLS_fu_423    |do_compute_Pipeline_PROPAGATION_ROWS_PROPAGATION_COLS    |    16219|    16219|  64.876 us|  64.876 us|  16202|  16202|  loop auto-rewind stp(delay=0 clock cycles(s))|
        |grp_do_compute_Pipeline_VITIS_LOOP_234_13_VITIS_LOOP_235_14_fu_440  |do_compute_Pipeline_VITIS_LOOP_234_13_VITIS_LOOP_235_14  |     8104|     8104|  32.416 us|  32.416 us|   8101|   8101|  loop auto-rewind stp(delay=0 clock cycles(s))|
        +--------------------------------------------------------------------+---------------------------------------------------------+---------+---------+-----------+-----------+-------+-------+-----------------------------------------------+

        * Loop: 
        +----------------------+---------+---------+----------+-----------+-----------+------+----------+
        |                      |  Latency (cycles) | Iteration|  Initiation Interval  | Trip |          |
        |       Loop Name      |   min   |   max   |  Latency |  achieved |   target  | Count| Pipelined|
        +----------------------+---------+---------+----------+-----------+-----------+------+----------+
        |- VITIS_LOOP_70_4     |        ?|        ?|         ?|          -|          -|     ?|        no|
        | + VITIS_LOOP_83_6    |        ?|        ?|         ?|          -|          -|     9|        no|
        |  ++ VITIS_LOOP_92_7  |        ?|        ?|         ?|          -|          -|     ?|        no|
        +----------------------+---------+---------+----------+-----------+-----------+------+----------+



================================================================
== Utilization Estimates
================================================================
* Summary: 
+---------------------+---------+------+---------+--------+-----+
|         Name        | BRAM_18K|  DSP |    FF   |   LUT  | URAM|
+---------------------+---------+------+---------+--------+-----+
|DSP                  |        -|     -|        -|       -|    -|
|Expression           |        -|     -|        0|     687|    -|
|FIFO                 |        -|     -|        -|       -|    -|
|Instance             |        5|   102|    61843|   25248|    -|
|Memory               |       96|     -|        0|       0|    3|
|Multiplexer          |        -|     -|        0|    2562|    -|
|Register             |        -|     -|     3003|       -|    -|
+---------------------+---------+------+---------+--------+-----+
|Total                |      101|   102|    64846|   28497|    3|
+---------------------+---------+------+---------+--------+-----+
|Available SLR        |     1344|  2976|   871680|  435840|  320|
+---------------------+---------+------+---------+--------+-----+
|Utilization SLR (%)  |        7|     3|        7|       6|   ~0|
+---------------------+---------+------+---------+--------+-----+
|Available            |     2688|  5952|  1743360|  871680|  640|
+---------------------+---------+------+---------+--------+-----+
|Utilization (%)      |        3|     1|        3|       3|   ~0|
+---------------------+---------+------+---------+--------+-----+

+ Detail: 
    * Instance: 
    +--------------------------------------------------------------------+---------------------------------------------------------+---------+----+-------+-------+-----+
    |                              Instance                              |                          Module                         | BRAM_18K| DSP|   FF  |  LUT  | URAM|
    +--------------------------------------------------------------------+---------------------------------------------------------+---------+----+-------+-------+-----+
    |dcmp_64ns_64ns_1_2_no_dsp_1_U210                                    |dcmp_64ns_64ns_1_2_no_dsp_1                              |        0|   0|      0|      0|    0|
    |grp_do_compute_Pipeline_PROPAGATION_ROWS_PROPAGATION_COLS_fu_423    |do_compute_Pipeline_PROPAGATION_ROWS_PROPAGATION_COLS    |        0|   7|   3873|   2264|    0|
    |grp_do_compute_Pipeline_VITIS_LOOP_109_9_VITIS_LOOP_110_10_fu_354   |do_compute_Pipeline_VITIS_LOOP_109_9_VITIS_LOOP_110_10   |        0|   6|  37551|   6413|    0|
    |grp_do_compute_Pipeline_VITIS_LOOP_234_13_VITIS_LOOP_235_14_fu_440  |do_compute_Pipeline_VITIS_LOOP_234_13_VITIS_LOOP_235_14  |        0|   1|     48|    170|    0|
    |grp_do_compute_Pipeline_VITIS_LOOP_249_16_VITIS_LOOP_250_17_fu_344  |do_compute_Pipeline_VITIS_LOOP_249_16_VITIS_LOOP_250_17  |        0|   0|    806|    845|    0|
    |grp_do_compute_Pipeline_VITIS_LOOP_53_1_VITIS_LOOP_54_2_fu_316      |do_compute_Pipeline_VITIS_LOOP_53_1_VITIS_LOOP_54_2      |        0|   1|    371|    404|    0|
    |grp_do_compute_Pipeline_VITIS_LOOP_76_5_fu_338                      |do_compute_Pipeline_VITIS_LOOP_76_5                      |        0|   0|    723|    190|    0|
    |grp_do_compute_Pipeline_VITIS_LOOP_93_8_fu_372                      |do_compute_Pipeline_VITIS_LOOP_93_8                      |        5|  68|  16845|  12823|    0|
    |faddfsub_32ns_32ns_32_7_full_dsp_1_U196                             |faddfsub_32ns_32ns_32_7_full_dsp_1                       |        0|   2|    318|    198|    0|
    |faddfsub_32ns_32ns_32_7_full_dsp_1_U197                             |faddfsub_32ns_32ns_32_7_full_dsp_1                       |        0|   2|    318|    198|    0|
    |faddfsub_32ns_32ns_32_7_full_dsp_1_U198                             |faddfsub_32ns_32ns_32_7_full_dsp_1                       |        0|   2|    318|    198|    0|
    |fcmp_32ns_32ns_1_2_no_dsp_1_U207                                    |fcmp_32ns_32ns_1_2_no_dsp_1                              |        0|   0|      0|      0|    0|
    |fcmp_32ns_32ns_1_2_no_dsp_1_U208                                    |fcmp_32ns_32ns_1_2_no_dsp_1                              |        0|   0|      0|      0|    0|
    |fcmp_32ns_32ns_1_2_no_dsp_1_U209                                    |fcmp_32ns_32ns_1_2_no_dsp_1                              |        0|   0|      0|      0|    0|
    |fdiv_32ns_32ns_32_12_no_dsp_1_U202                                  |fdiv_32ns_32ns_32_12_no_dsp_1                            |        0|   0|      0|      0|    0|
    |fdiv_32ns_32ns_32_12_no_dsp_1_U203                                  |fdiv_32ns_32ns_32_12_no_dsp_1                            |        0|   0|      0|      0|    0|
    |fdiv_32ns_32ns_32_12_no_dsp_1_U204                                  |fdiv_32ns_32ns_32_12_no_dsp_1                            |        0|   0|      0|      0|    0|
    |fmul_32ns_32ns_32_4_max_dsp_1_U199                                  |fmul_32ns_32ns_32_4_max_dsp_1                            |        0|   3|    143|     78|    0|
    |fmul_32ns_32ns_32_4_max_dsp_1_U200                                  |fmul_32ns_32ns_32_4_max_dsp_1                            |        0|   3|    143|     78|    0|
    |fmul_32ns_32ns_32_4_max_dsp_1_U201                                  |fmul_32ns_32ns_32_4_max_dsp_1                            |        0|   3|    143|     78|    0|
    |fpext_32ns_64_2_no_dsp_1_U205                                       |fpext_32ns_64_2_no_dsp_1                                 |        0|   0|      0|      0|    0|
    |fpext_32ns_64_2_no_dsp_1_U206                                       |fpext_32ns_64_2_no_dsp_1                                 |        0|   0|      0|      0|    0|
    |mul_32ns_34ns_65_2_1_U211                                           |mul_32ns_34ns_65_2_1                                     |        0|   4|    173|     53|    0|
    |grp_p_hls_fptosi_float_i32_fu_1437                                  |p_hls_fptosi_float_i32                                   |        0|   0|     35|    629|    0|
    |grp_p_hls_fptosi_float_i32_fu_1444                                  |p_hls_fptosi_float_i32                                   |        0|   0|     35|    629|    0|
    |sitofp_32ns_32_4_no_dsp_1_U212                                      |sitofp_32ns_32_4_no_dsp_1                                |        0|   0|      0|      0|    0|
    +--------------------------------------------------------------------+---------------------------------------------------------+---------+----+-------+-------+-----+
    |Total                                                               |                                                         |        5| 102|  61843|  25248|    0|
    +--------------------------------------------------------------------+---------------------------------------------------------+---------+----+-------+-------+-----+

    * DSP: 
    N/A

    * Memory: 
    +-------------------------+--------------------------------+---------+---+----+-----+------+-----+------+-------------+
    |          Memory         |             Module             | BRAM_18K| FF| LUT| URAM| Words| Bits| Banks| W*Bits*Banks|
    +-------------------------+--------------------------------+---------+---+----+-----+------+-----+------+-------------+
    |spillage_flag_U          |spillage_flag_RAM_AUTO_1R1W     |       16|  0|   0|    0|  8100|   32|     1|       259200|
    |spillage_level_U         |spillage_flag_RAM_AUTO_1R1W     |       16|  0|   0|    0|  8100|   32|     1|       259200|
    |spillage_from_neigh_U    |spillage_flag_RAM_AUTO_1R1W     |       16|  0|   0|    0|  8100|   32|     1|       259200|
    |spillage_from_neigh_1_U  |spillage_flag_RAM_AUTO_1R1W     |       16|  0|   0|    0|  8100|   32|     1|       259200|
    |spillage_from_neigh_2_U  |spillage_flag_RAM_AUTO_1R1W     |       16|  0|   0|    0|  8100|   32|     1|       259200|
    |spillage_from_neigh_3_U  |spillage_flag_RAM_AUTO_1R1W     |       16|  0|   0|    0|  8100|   32|     1|       259200|
    |water_level_U            |water_level_RAM_1WNR_AUTO_1R1W  |        0|  0|   0|    1|  2700|   32|     1|        86400|
    |water_level_1_U          |water_level_RAM_1WNR_AUTO_1R1W  |        0|  0|   0|    1|  2700|   32|     1|        86400|
    |water_level_2_U          |water_level_RAM_1WNR_AUTO_1R1W  |        0|  0|   0|    1|  2700|   32|     1|        86400|
    +-------------------------+--------------------------------+---------+---+----+-----+------+-----+------+-------------+
    |Total                    |                                |       96|  0|   0|    3| 56700|  288|     9|      1814400|
    +-------------------------+--------------------------------+---------+---+----+-----+------+-----+------+-------------+

    * FIFO: 
    N/A

    * Expression: 
    +------------------------+----------+----+---+----+------------+------------+
    |      Variable Name     | Operation| DSP| FF| LUT| Bitwidth P0| Bitwidth P1|
    +------------------------+----------+----+---+----+------------+------------+
    |add_ln70_fu_675_p2      |         +|   0|  0|  38|          31|           1|
    |add_ln83_fu_698_p2      |         +|   0|  0|  12|           4|           1|
    |and_ln70_1_fu_669_p2    |       and|   0|  0|   2|           1|           1|
    |and_ln70_2_fu_663_p2    |       and|   0|  0|   2|           1|           1|
    |and_ln70_fu_658_p2      |       and|   0|  0|   2|           1|           1|
    |and_ln85_fu_902_p2      |       and|   0|  0|   2|           1|           1|
    |and_ln86_fu_885_p2      |       and|   0|  0|   2|           1|           1|
    |and_ln87_fu_919_p2      |       and|   0|  0|   2|           1|           1|
    |and_ln88_fu_936_p2      |       and|   0|  0|   2|           1|           1|
    |and_ln92_1_fu_1033_p2   |       and|   0|  0|   2|           1|           1|
    |and_ln92_fu_1028_p2     |       and|   0|  0|   2|           1|           1|
    |icmp_ln70_1_fu_627_p2   |      icmp|   0|  0|  18|          11|           2|
    |icmp_ln70_2_fu_633_p2   |      icmp|   0|  0|  59|          52|           1|
    |icmp_ln70_3_fu_582_p2   |      icmp|   0|  0|  18|          11|           2|
    |icmp_ln70_4_fu_588_p2   |      icmp|   0|  0|  59|          52|           1|
    |icmp_ln70_fu_649_p2     |      icmp|   0|  0|  39|          32|          32|
    |icmp_ln83_fu_692_p2     |      icmp|   0|  0|  12|           4|           4|
    |icmp_ln85_1_fu_817_p2   |      icmp|   0|  0|  30|          23|           1|
    |icmp_ln85_fu_811_p2     |      icmp|   0|  0|  15|           8|           2|
    |icmp_ln86_1_fu_788_p2   |      icmp|   0|  0|  30|          23|           1|
    |icmp_ln86_fu_782_p2     |      icmp|   0|  0|  15|           8|           2|
    |icmp_ln87_1_fu_846_p2   |      icmp|   0|  0|  30|          23|           1|
    |icmp_ln87_fu_840_p2     |      icmp|   0|  0|  15|           8|           2|
    |icmp_ln88_1_fu_875_p2   |      icmp|   0|  0|  30|          23|           1|
    |icmp_ln88_fu_869_p2     |      icmp|   0|  0|  15|           8|           2|
    |icmp_ln92_1_fu_1016_p2  |      icmp|   0|  0|  30|          23|           1|
    |icmp_ln92_2_fu_966_p2   |      icmp|   0|  0|  15|           8|           2|
    |icmp_ln92_3_fu_972_p2   |      icmp|   0|  0|  30|          23|           1|
    |icmp_ln92_fu_1010_p2    |      icmp|   0|  0|  15|           8|           2|
    |or_ln70_1_fu_594_p2     |        or|   0|  0|   2|           1|           1|
    |or_ln70_fu_654_p2       |        or|   0|  0|   2|           1|           1|
    |or_ln85_fu_898_p2       |        or|   0|  0|   2|           1|           1|
    |or_ln86_fu_881_p2       |        or|   0|  0|   2|           1|           1|
    |or_ln87_fu_915_p2       |        or|   0|  0|   2|           1|           1|
    |or_ln88_fu_932_p2       |        or|   0|  0|   2|           1|           1|
    |or_ln92_1_fu_978_p2     |        or|   0|  0|   2|           1|           1|
    |or_ln92_fu_1022_p2      |        or|   0|  0|   2|           1|           1|
    |select_ln85_fu_907_p3   |    select|   0|  0|  32|           1|           1|
    |select_ln86_fu_890_p3   |    select|   0|  0|  32|           1|          32|
    |select_ln87_fu_924_p3   |    select|   0|  0|  32|           1|           1|
    |select_ln88_fu_941_p3   |    select|   0|  0|  32|           1|          32|
    +------------------------+----------+----+---+----+------------+------------+
    |Total                   |          |   0|  0| 687|         404|         145|
    +------------------------+----------+----+---+----+------------+------------+

    * Multiplexer: 
    +---------------------------------------------+-----+-----------+-----+-----------+
    |                     Name                    | LUT | Input Size| Bits| Total Bits|
    +---------------------------------------------+-----+-----------+-----+-----------+
    |ap_NS_fsm                                    |  344|         75|    1|         75|
    |cloud_1_reg_282                              |    9|          2|    4|          8|
    |empty_82_fu_178                              |    9|          2|  416|        832|
    |empty_83_reg_272                             |    9|          2|  416|        832|
    |empty_84_reg_304                             |    9|          2|  416|        832|
    |empty_fu_174                                 |    9|          2|   31|         62|
    |grp_fu_1433_ce                               |   14|          3|    1|          3|
    |grp_fu_1433_p0                               |   14|          3|   32|         96|
    |grp_fu_1433_p1                               |   14|          3|   34|        102|
    |grp_fu_1441_ce                               |   14|          3|    1|          3|
    |grp_fu_1441_p0                               |   14|          3|   32|         96|
    |grp_fu_450_ce                                |   26|          5|    1|          5|
    |grp_fu_450_opcode                            |   31|          6|    2|         12|
    |grp_fu_450_p0                                |   49|          9|   32|        288|
    |grp_fu_450_p1                                |   43|          8|   32|        256|
    |grp_fu_455_ce                                |   14|          3|    1|          3|
    |grp_fu_455_opcode                            |   20|          4|    2|          8|
    |grp_fu_455_p0                                |   20|          4|   32|        128|
    |grp_fu_455_p1                                |   20|          4|   32|        128|
    |grp_fu_459_ce                                |    9|          2|    1|          2|
    |grp_fu_459_opcode                            |   14|          3|    2|          6|
    |grp_fu_459_p0                                |   14|          3|   32|         96|
    |grp_fu_459_p1                                |   14|          3|   32|         96|
    |grp_fu_464_ce                                |   20|          4|    1|          4|
    |grp_fu_464_p0                                |   37|          7|   32|        224|
    |grp_fu_464_p1                                |   31|          6|   32|        192|
    |grp_fu_469_ce                                |   14|          3|    1|          3|
    |grp_fu_469_p0                                |   20|          4|   32|        128|
    |grp_fu_469_p1                                |   20|          4|   32|        128|
    |grp_fu_474_ce                                |   14|          3|    1|          3|
    |grp_fu_474_p0                                |   20|          4|   32|        128|
    |grp_fu_474_p1                                |   20|          4|   32|        128|
    |grp_fu_481_ce                                |   26|          5|    1|          5|
    |grp_fu_481_p0                                |   43|          8|   32|        256|
    |grp_fu_481_p1                                |   37|          7|   32|        224|
    |grp_fu_486_ce                                |   14|          3|    1|          3|
    |grp_fu_486_p0                                |   20|          4|   32|        128|
    |grp_fu_486_p1                                |   20|          4|   32|        128|
    |grp_fu_497_ce                                |   20|          4|    1|          4|
    |grp_fu_497_p0                                |   26|          5|   32|        160|
    |grp_fu_503_ce                                |   26|          5|    1|          5|
    |grp_fu_503_opcode                            |   31|          6|    5|         30|
    |grp_fu_503_p0                                |   43|          8|   32|        256|
    |grp_fu_503_p1                                |   43|          8|   32|        256|
    |grp_fu_509_ce                                |    9|          2|    1|          2|
    |grp_fu_509_opcode                            |   14|          3|    5|         15|
    |grp_fu_509_p0                                |   14|          3|   32|         96|
    |grp_fu_509_p1                                |   14|          3|   32|         96|
    |grp_fu_514_ce                                |    9|          2|    1|          2|
    |grp_fu_514_opcode                            |   14|          3|    5|         15|
    |grp_fu_514_p0                                |   14|          3|   32|         96|
    |grp_fu_514_p1                                |   14|          3|   32|         96|
    |grp_fu_520_ce                                |   14|          3|    1|          3|
    |grp_fu_520_opcode                            |   20|          4|    5|         20|
    |grp_fu_520_p0                                |   20|          4|   64|        256|
    |grp_fu_520_p1                                |   20|          4|   64|        256|
    |grp_p_hls_fptosi_float_i32_fu_1437_ap_ce     |   20|          4|    1|          4|
    |grp_p_hls_fptosi_float_i32_fu_1437_ap_start  |   20|          4|    1|          4|
    |grp_p_hls_fptosi_float_i32_fu_1437_x         |   20|          4|   32|        128|
    |grp_p_hls_fptosi_float_i32_fu_1444_ap_ce     |   14|          3|    1|          3|
    |grp_p_hls_fptosi_float_i32_fu_1444_ap_start  |   14|          3|    1|          3|
    |grp_p_hls_fptosi_float_i32_fu_1444_x         |   14|          3|   32|         96|
    |max_spillage_iter_1_fu_170                   |    9|          2|   64|        128|
    |p_clouds_address0                            |   14|          3|    4|         12|
    |p_clouds_ce0                                 |   14|          3|    1|          3|
    |p_clouds_ce1                                 |    9|          2|    1|          2|
    |p_clouds_we0                                 |    9|          2|    1|          2|
    |row_pos_1_reg_294                            |    9|          2|   32|         64|
    |spillage_flag_address0                       |   26|          5|   13|         65|
    |spillage_flag_ce0                            |   26|          5|    1|          5|
    |spillage_flag_d0                             |   20|          4|   32|        128|
    |spillage_flag_we0                            |   20|          4|    1|          4|
    |spillage_from_neigh_1_address0               |   26|          5|   13|         65|
    |spillage_from_neigh_1_ce0                    |   26|          5|    1|          5|
    |spillage_from_neigh_1_d0                     |   20|          4|   32|        128|
    |spillage_from_neigh_1_we0                    |   20|          4|    1|          4|
    |spillage_from_neigh_2_address0               |   26|          5|   13|         65|
    |spillage_from_neigh_2_ce0                    |   26|          5|    1|          5|
    |spillage_from_neigh_2_d0                     |   20|          4|   32|        128|
    |spillage_from_neigh_2_we0                    |   20|          4|    1|          4|
    |spillage_from_neigh_3_address0               |   26|          5|   13|         65|
    |spillage_from_neigh_3_ce0                    |   26|          5|    1|          5|
    |spillage_from_neigh_3_d0                     |   20|          4|   32|        128|
    |spillage_from_neigh_3_we0                    |   20|          4|    1|          4|
    |spillage_from_neigh_address0                 |   26|          5|   13|         65|
    |spillage_from_neigh_ce0                      |   26|          5|    1|          5|
    |spillage_from_neigh_d0                       |   20|          4|   32|        128|
    |spillage_from_neigh_we0                      |   20|          4|    1|          4|
    |spillage_level_address0                      |   26|          5|   13|         65|
    |spillage_level_ce0                           |   26|          5|    1|          5|
    |spillage_level_d0                            |   20|          4|   32|        128|
    |spillage_level_we0                           |   20|          4|    1|          4|
    |water_level_1_address0                       |   31|          6|   12|         72|
    |water_level_1_address1                       |   14|          3|   12|         36|
    |water_level_1_ce0                            |   31|          6|    1|          6|
    |water_level_1_ce1                            |   14|          3|    1|          3|
    |water_level_1_d0                             |   20|          4|   32|        128|
    |water_level_1_we0                            |   20|          4|    1|          4|
    |water_level_2_address0                       |   31|          6|   12|         72|
    |water_level_2_address1                       |   14|          3|   12|         36|
    |water_level_2_ce0                            |   31|          6|    1|          6|
    |water_level_2_ce1                            |   14|          3|    1|          3|
    |water_level_2_d0                             |   20|          4|   32|        128|
    |water_level_2_we0                            |   20|          4|    1|          4|
    |water_level_address0                         |   31|          6|   12|         72|
    |water_level_address1                         |   14|          3|   12|         36|
    |water_level_ce0                              |   31|          6|    1|          6|
    |water_level_ce1                              |   14|          3|    1|          3|
    |water_level_d0                               |   20|          4|   32|        128|
    |water_level_we0                              |   20|          4|    1|          4|
    +---------------------------------------------+-----+-----------+-----+-----------+
    |Total                                        | 2562|        518| 2917|       9723|
    +---------------------------------------------+-----+-----------+-----+-----------+

    * Register: 
    +---------------------------------------------------------------------------------+-----+----+-----+-----------+
    |                                       Name                                      |  FF | LUT| Bits| Const Bits|
    +---------------------------------------------------------------------------------+-----+----+-----+-----------+
    |add4_reg_1286                                                                    |   32|   0|   32|          0|
    |add_ln70_reg_1193                                                                |   31|   0|   31|          0|
    |add_ln83_reg_1206                                                                |    4|   0|    4|          0|
    |ap_CS_fsm                                                                        |   74|   0|   74|          0|
    |bitcast_ln27_reg_1144                                                            |   32|   0|   32|          0|
    |bitcast_ln85_1_reg_1247                                                          |   32|   0|   32|          0|
    |bitcast_ln85_reg_1241                                                            |   32|   0|   32|          0|
    |bitcast_ln87_reg_1255                                                            |   32|   0|   32|          0|
    |bitcast_ln93_reg_1389                                                            |   32|   0|   32|          0|
    |cloud_1_reg_282                                                                  |    4|   0|    4|          0|
    |col_end_reg_1379                                                                 |   32|   0|   32|          0|
    |col_start_reg_1374                                                               |   32|   0|   32|          0|
    |conv_reg_1155                                                                    |   64|   0|   64|          0|
    |empty_82_fu_178                                                                  |  416|   0|  416|          0|
    |empty_83_reg_272                                                                 |  416|   0|  416|          0|
    |empty_84_reg_304                                                                 |  416|   0|  416|          0|
    |empty_fu_174                                                                     |   31|   0|   31|          0|
    |grp_do_compute_Pipeline_PROPAGATION_ROWS_PROPAGATION_COLS_fu_423_ap_start_reg    |    1|   0|    1|          0|
    |grp_do_compute_Pipeline_VITIS_LOOP_109_9_VITIS_LOOP_110_10_fu_354_ap_start_reg   |    1|   0|    1|          0|
    |grp_do_compute_Pipeline_VITIS_LOOP_234_13_VITIS_LOOP_235_14_fu_440_ap_start_reg  |    1|   0|    1|          0|
    |grp_do_compute_Pipeline_VITIS_LOOP_249_16_VITIS_LOOP_250_17_fu_344_ap_start_reg  |    1|   0|    1|          0|
    |grp_do_compute_Pipeline_VITIS_LOOP_53_1_VITIS_LOOP_54_2_fu_316_ap_start_reg      |    1|   0|    1|          0|
    |grp_do_compute_Pipeline_VITIS_LOOP_76_5_fu_338_ap_start_reg                      |    1|   0|    1|          0|
    |grp_do_compute_Pipeline_VITIS_LOOP_93_8_fu_372_ap_start_reg                      |    1|   0|    1|          0|
    |icmp_ln70_1_reg_1168                                                             |    1|   0|    1|          0|
    |icmp_ln70_2_reg_1173                                                             |    1|   0|    1|          0|
    |icmp_ln85_1_reg_1298                                                             |    1|   0|    1|          0|
    |icmp_ln85_reg_1293                                                               |    1|   0|    1|          0|
    |icmp_ln86_1_reg_1274                                                             |    1|   0|    1|          0|
    |icmp_ln86_reg_1269                                                               |    1|   0|    1|          0|
    |icmp_ln87_1_reg_1313                                                             |    1|   0|    1|          0|
    |icmp_ln87_reg_1308                                                               |    1|   0|    1|          0|
    |icmp_ln88_1_reg_1323                                                             |    1|   0|    1|          0|
    |icmp_ln88_reg_1318                                                               |    1|   0|    1|          0|
    |max_spillage_iter_1_fu_170                                                       |   64|   0|   64|          0|
    |mul_reg_1407                                                                     |   32|   0|   32|          0|
    |or_ln70_1_reg_1160                                                               |    1|   0|    1|          0|
    |or_ln92_1_reg_1384                                                               |    1|   0|    1|          0|
    |p_load64_reg_1178                                                                |   31|   0|   31|          0|
    |p_load_reg_1184                                                                  |  416|   0|  416|          0|
    |reg_524                                                                          |   32|   0|   32|          0|
    |row_end_reg_1363                                                                 |   32|   0|   32|          0|
    |row_pos_1_reg_294                                                                |   32|   0|   32|          0|
    |row_pos_2_reg_1412                                                               |   32|   0|   32|          0|
    |select_ln85_reg_1348                                                             |   32|   0|   32|          0|
    |select_ln86_reg_1343                                                             |   32|   0|   32|          0|
    |select_ln87_reg_1353                                                             |   32|   0|   32|          0|
    |select_ln88_reg_1358                                                             |   32|   0|   32|          0|
    |sub1_reg_1279                                                                    |   32|   0|   32|          0|
    |sub_reg_1262                                                                     |   32|   0|   32|          0|
    |tmp_27_reg_1328                                                                  |    1|   0|    1|          0|
    |tmp_29_reg_1303                                                                  |    1|   0|    1|          0|
    |tmp_31_reg_1333                                                                  |    1|   0|    1|          0|
    |tmp_33_reg_1338                                                                  |    1|   0|    1|          0|
    |tmp_37_reg_1402                                                                  |    8|   0|    8|          0|
    |trunc_ln2_reg_1198                                                               |   64|   0|   64|          0|
    |trunc_ln6_reg_1221                                                               |   32|   0|   32|          0|
    |trunc_ln85_1_reg_1226                                                            |   32|   0|   32|          0|
    |trunc_ln85_reg_1216                                                              |   95|   0|   95|          0|
    |trunc_ln87_reg_1231                                                              |   32|   0|   32|          0|
    |trunc_ln93_reg_1394                                                              |   23|   0|   23|          0|
    |trunc_ln97_1_reg_1236                                                            |   23|   0|   23|          0|
    |x_assign_1_reg_1422                                                              |   64|   0|   64|          0|
    |y_pos_reg_1417                                                                   |   32|   0|   32|          0|
    +---------------------------------------------------------------------------------+-----+----+-----+-----------+
    |Total                                                                            | 3003|   0| 3003|          0|
    +---------------------------------------------------------------------------------+-----+----+-----+-----------+



================================================================
== Interface
================================================================
* Summary: 
+-------------------+-----+-----+------------+---------------+--------------+
|     RTL Ports     | Dir | Bits|  Protocol  | Source Object |    C Type    |
+-------------------+-----+-----+------------+---------------+--------------+
|ap_clk             |   in|    1|  ap_ctrl_hs|     do_compute|  return value|
|ap_rst             |   in|    1|  ap_ctrl_hs|     do_compute|  return value|
|ap_start           |   in|    1|  ap_ctrl_hs|     do_compute|  return value|
|ap_done            |  out|    1|  ap_ctrl_hs|     do_compute|  return value|
|ap_idle            |  out|    1|  ap_ctrl_hs|     do_compute|  return value|
|ap_ready           |  out|    1|  ap_ctrl_hs|     do_compute|  return value|
|p_ground_address0  |  out|   13|   ap_memory|       p_ground|         array|
|p_ground_ce0       |  out|    1|   ap_memory|       p_ground|         array|
|p_ground_q0        |   in|   32|   ap_memory|       p_ground|         array|
|p_ground_address1  |  out|   13|   ap_memory|       p_ground|         array|
|p_ground_ce1       |  out|    1|   ap_memory|       p_ground|         array|
|p_ground_q1        |   in|   32|   ap_memory|       p_ground|         array|
|p_threshold        |   in|   32|     ap_none|    p_threshold|       pointer|
|p_num_minutes      |   in|   32|     ap_none|  p_num_minutes|       pointer|
|p_ex_factor        |   in|   32|     ap_none|    p_ex_factor|       pointer|
|p_clouds_address0  |  out|    4|   ap_memory|       p_clouds|         array|
|p_clouds_ce0       |  out|    1|   ap_memory|       p_clouds|         array|
|p_clouds_we0       |  out|    1|   ap_memory|       p_clouds|         array|
|p_clouds_d0        |  out|  224|   ap_memory|       p_clouds|         array|
|p_clouds_q0        |   in|  224|   ap_memory|       p_clouds|         array|
|p_clouds_address1  |  out|    4|   ap_memory|       p_clouds|         array|
|p_clouds_ce1       |  out|    1|   ap_memory|       p_clouds|         array|
|p_clouds_q1        |   in|  224|   ap_memory|       p_clouds|         array|
|r_i                |   in|  416|     ap_ovld|              r|       pointer|
|r_o                |  out|  416|     ap_ovld|              r|       pointer|
|r_o_ap_vld         |  out|    1|     ap_ovld|              r|       pointer|
+-------------------+-----+-----+------------+---------------+--------------+

