==============================================================
Vitis HLS - High-Level Synthesis from C, C++ and OpenCL v2024.1 (64-bit)
Tool Version Limit: 2024.05
Copyright 1986-2022 Xilinx, Inc. All Rights Reserved.
Copyright 2022-2024 Advanced Micro Devices, Inc. All Rights Reserved.

==============================================================
INFO: [HLS 200-1505] Using default flow_target 'vivado'
INFO: [HLS 200-1510] Running: set_part virtexuplusHBM 
INFO: [HLS 200-1611] Setting target device to 'xcu50-fsvh2104-2-e'
INFO: [HLS 200-1510] Running: create_clock -period 250MHz 
INFO: [SYN 201-201] Setting up clock 'default' with a period of 4ns.
INFO: [HLS 200-1510] Running: csim_design -argv small_dam.out D 0.00001 120 50 8 30 10 160 9 2 80 30 45 1558756 
INFO: [SIM 211-2] *************** CSIM start ***************
INFO: [SIM 211-4] CSIM will launch CLANG as the compiler.
INFO: [HLS 200-2036] Building debug C Simulation binaries
INFO: [SIM 211-1] CSim done with 0 errors.
INFO: [SIM 211-3] *************** CSIM finish ***************
INFO: [HLS 200-2161] Finished Command csim_design Elapsed time: 00:00:01; Allocated memory: 1.000 MB.
INFO: [HLS 200-1510] Running: csynth_design 
INFO: [HLS 200-111] Finished File checks and directory preparation: CPU user time: 0.1 seconds. CPU system time: 0.01 seconds. Elapsed time: 0.11 seconds; current allocated memory: 253.742 MB.
INFO: [HLS 200-10] Analyzing design file 'flood_HLS_base.cpp' ... 
WARNING: [HLS 207-5015] comparison of array 'water_level' equal to a null pointer is always false (flood_HLS_base.cpp:46:9)
WARNING: [HLS 207-5015] comparison of array 'spillage_flag' equal to a null pointer is always false (flood_HLS_base.cpp:46:34)
WARNING: [HLS 207-5015] comparison of array 'spillage_level' equal to a null pointer is always false (flood_HLS_base.cpp:46:61)
WARNING: [HLS 207-5015] comparison of array 'spillage_from_neigh' equal to a null pointer is always false (flood_HLS_base.cpp:46:89)
INFO: [HLS 200-10] Analyzing design file 'rng.cpp' ... 
INFO: [HLS 200-111] Finished Source Code Analysis and Preprocessing: CPU user time: 1.31 seconds. CPU system time: 1.07 seconds. Elapsed time: 2.51 seconds; current allocated memory: 256.258 MB.
INFO: [HLS 200-777] Using interface defaults for 'Vivado' flow target.
INFO: [HLS 200-1995] There were 69,335 instructions in the design after the 'Compile/Link' phase of compilation. See the Design Size Report for more details: /home/acce2632/acce-fpga/.small_dam_base_enabled/solution_FLOOD_HLS_base/syn/report/csynth_design_size.rpt
INFO: [HLS 200-1995] There were 6,331 instructions in the design after the 'Unroll/Inline (step 1)' phase of compilation. See the Design Size Report for more details: /home/acce2632/acce-fpga/.small_dam_base_enabled/solution_FLOOD_HLS_base/syn/report/csynth_design_size.rpt
INFO: [HLS 200-1995] There were 2,485 instructions in the design after the 'Unroll/Inline (step 2)' phase of compilation. See the Design Size Report for more details: /home/acce2632/acce-fpga/.small_dam_base_enabled/solution_FLOOD_HLS_base/syn/report/csynth_design_size.rpt
INFO: [HLS 200-1995] There were 2,385 instructions in the design after the 'Unroll/Inline (step 3)' phase of compilation. See the Design Size Report for more details: /home/acce2632/acce-fpga/.small_dam_base_enabled/solution_FLOOD_HLS_base/syn/report/csynth_design_size.rpt
INFO: [HLS 200-1995] There were 1,627 instructions in the design after the 'Unroll/Inline (step 4)' phase of compilation. See the Design Size Report for more details: /home/acce2632/acce-fpga/.small_dam_base_enabled/solution_FLOOD_HLS_base/syn/report/csynth_design_size.rpt
INFO: [HLS 200-1995] There were 1,626 instructions in the design after the 'Array/Struct (step 1)' phase of compilation. See the Design Size Report for more details: /home/acce2632/acce-fpga/.small_dam_base_enabled/solution_FLOOD_HLS_base/syn/report/csynth_design_size.rpt
INFO: [HLS 200-1995] There were 1,626 instructions in the design after the 'Array/Struct (step 2)' phase of compilation. See the Design Size Report for more details: /home/acce2632/acce-fpga/.small_dam_base_enabled/solution_FLOOD_HLS_base/syn/report/csynth_design_size.rpt
INFO: [HLS 200-1995] There were 1,728 instructions in the design after the 'Array/Struct (step 3)' phase of compilation. See the Design Size Report for more details: /home/acce2632/acce-fpga/.small_dam_base_enabled/solution_FLOOD_HLS_base/syn/report/csynth_design_size.rpt
INFO: [HLS 200-1995] There were 1,741 instructions in the design after the 'Array/Struct (step 4)' phase of compilation. See the Design Size Report for more details: /home/acce2632/acce-fpga/.small_dam_base_enabled/solution_FLOOD_HLS_base/syn/report/csynth_design_size.rpt
INFO: [HLS 200-1995] There were 1,749 instructions in the design after the 'Array/Struct (step 5)' phase of compilation. See the Design Size Report for more details: /home/acce2632/acce-fpga/.small_dam_base_enabled/solution_FLOOD_HLS_base/syn/report/csynth_design_size.rpt
INFO: [HLS 200-1995] There were 1,623 instructions in the design after the 'Performance (step 1)' phase of compilation. See the Design Size Report for more details: /home/acce2632/acce-fpga/.small_dam_base_enabled/solution_FLOOD_HLS_base/syn/report/csynth_design_size.rpt
INFO: [HLS 200-1995] There were 1,898 instructions in the design after the 'Performance (step 2)' phase of compilation. See the Design Size Report for more details: /home/acce2632/acce-fpga/.small_dam_base_enabled/solution_FLOOD_HLS_base/syn/report/csynth_design_size.rpt
INFO: [HLS 200-1995] There were 2,148 instructions in the design after the 'Performance (step 3)' phase of compilation. See the Design Size Report for more details: /home/acce2632/acce-fpga/.small_dam_base_enabled/solution_FLOOD_HLS_base/syn/report/csynth_design_size.rpt
INFO: [HLS 200-1995] There were 2,059 instructions in the design after the 'Performance (step 4)' phase of compilation. See the Design Size Report for more details: /home/acce2632/acce-fpga/.small_dam_base_enabled/solution_FLOOD_HLS_base/syn/report/csynth_design_size.rpt
INFO: [HLS 200-1995] There were 2,082 instructions in the design after the 'HW Transforms (step 1)' phase of compilation. See the Design Size Report for more details: /home/acce2632/acce-fpga/.small_dam_base_enabled/solution_FLOOD_HLS_base/syn/report/csynth_design_size.rpt
INFO: [HLS 200-1995] There were 2,095 instructions in the design after the 'HW Transforms (step 2)' phase of compilation. See the Design Size Report for more details: /home/acce2632/acce-fpga/.small_dam_base_enabled/solution_FLOOD_HLS_base/syn/report/csynth_design_size.rpt
INFO: [HLS 214-210] Disaggregating variable 'p'
INFO: [HLS 214-178] Inlining function 'fp_struct<double>::fp_struct(double)' into 'int generic_isinf<double>(double)' (/wrk/ci/prod/2024.1/hls_product/continuous/545/2024.1/src/shared/hls/clib/hlsmath/include/FloatingPoint/hls_isinf.h:16:0)
INFO: [HLS 214-178] Inlining function 'fp_struct<double>::fp_struct(double)' into 'int generic_isnan<double>(double)' (/wrk/ci/prod/2024.1/hls_product/continuous/545/2024.1/src/shared/hls/clib/hlsmath/include/FloatingPoint/hls_isnan.h:16:0)
INFO: [HLS 214-178] Inlining function 'fp_struct<double>::data() const (.110.120.130.163)' into 'fp_struct<double>::to_double() const (.107.117.127.160)' (/wrk/ci/prod/2024.1/hls_product/continuous/545/2024.1/src/shared/hls/clib/src/hls/utils/x_hls_utils.h:494:0)
INFO: [HLS 214-178] Inlining function 'fp_struct<double>::to_double() const (.107.117.127.160)' into 'fp_struct<double>::to_ieee() const' (/wrk/ci/prod/2024.1/hls_product/continuous/545/2024.1/src/shared/hls/clib/src/hls/utils/x_hls_utils.h:509:0)
INFO: [HLS 214-178] Inlining function 'void pow_reduce::log_range_reduce<ap_fixed<121, 12, (ap_q_mode)5, (ap_o_mode)3, 0>, 4, 4, 71, 73>(ap_ufixed<71, -(4), (ap_q_mode)5, (ap_o_mode)3, 0>, ap_fixed<121, 12, (ap_q_mode)5, (ap_o_mode)3, 0>&, ap_ufixed<73, -(((4) + (4)) - (1)), (ap_q_mode)5, (ap_o_mode)3, 0>&)' into 'ap_ufixed<72, -37, (ap_q_mode)5, (ap_o_mode)3, 0> pow_reduce::pow_traits<double>::log_range_reduction<71>(ap_ufixed<71, -4, (ap_q_mode)5, (ap_o_mode)3, 0>, ap_fixed<121, 12, (ap_q_mode)5, (ap_o_mode)3, 0>&)' (/wrk/ci/prod/2024.1/hls_product/continuous/545/2024.1/src/shared/hls/clib/hlsmath/include/FloatingPoint/hls_pow.h:186:0)
INFO: [HLS 214-178] Inlining function 'void pow_reduce::log_range_reduce<ap_fixed<121, 12, (ap_q_mode)5, (ap_o_mode)3, 0>, 7, 6, 73, 83>(ap_ufixed<73, -(7), (ap_q_mode)5, (ap_o_mode)3, 0>, ap_fixed<121, 12, (ap_q_mode)5, (ap_o_mode)3, 0>&, ap_ufixed<83, -(((7) + (6)) - (1)), (ap_q_mode)5, (ap_o_mode)3, 0>&)' into 'ap_ufixed<72, -37, (ap_q_mode)5, (ap_o_mode)3, 0> pow_reduce::pow_traits<double>::log_range_reduction<71>(ap_ufixed<71, -4, (ap_q_mode)5, (ap_o_mode)3, 0>, ap_fixed<121, 12, (ap_q_mode)5, (ap_o_mode)3, 0>&)' (/wrk/ci/prod/2024.1/hls_product/continuous/545/2024.1/src/shared/hls/clib/hlsmath/include/FloatingPoint/hls_pow.h:186:0)
INFO: [HLS 214-178] Inlining function 'void pow_reduce::log_range_reduce<ap_fixed<121, 12, (ap_q_mode)5, (ap_o_mode)3, 0>, 12, 6, 83, 92>(ap_ufixed<83, -(12), (ap_q_mode)5, (ap_o_mode)3, 0>, ap_fixed<121, 12, (ap_q_mode)5, (ap_o_mode)3, 0>&, ap_ufixed<92, -(((12) + (6)) - (1)), (ap_q_mode)5, (ap_o_mode)3, 0>&)' into 'ap_ufixed<72, -37, (ap_q_mode)5, (ap_o_mode)3, 0> pow_reduce::pow_traits<double>::log_range_reduction<71>(ap_ufixed<71, -4, (ap_q_mode)5, (ap_o_mode)3, 0>, ap_fixed<121, 12, (ap_q_mode)5, (ap_o_mode)3, 0>&)' (/wrk/ci/prod/2024.1/hls_product/continuous/545/2024.1/src/shared/hls/clib/hlsmath/include/FloatingPoint/hls_pow.h:186:0)
INFO: [HLS 214-178] Inlining function 'void pow_reduce::log_range_reduce<ap_fixed<121, 12, (ap_q_mode)5, (ap_o_mode)3, 0>, 17, 6, 92, 87>(ap_ufixed<92, -(17), (ap_q_mode)5, (ap_o_mode)3, 0>, ap_fixed<121, 12, (ap_q_mode)5, (ap_o_mode)3, 0>&, ap_ufixed<87, -(((17) + (6)) - (1)), (ap_q_mode)5, (ap_o_mode)3, 0>&)' into 'ap_ufixed<72, -37, (ap_q_mode)5, (ap_o_mode)3, 0> pow_reduce::pow_traits<double>::log_range_reduction<71>(ap_ufixed<71, -4, (ap_q_mode)5, (ap_o_mode)3, 0>, ap_fixed<121, 12, (ap_q_mode)5, (ap_o_mode)3, 0>&)' (/wrk/ci/prod/2024.1/hls_product/continuous/545/2024.1/src/shared/hls/clib/hlsmath/include/FloatingPoint/hls_pow.h:186:0)
INFO: [HLS 214-178] Inlining function 'void pow_reduce::log_range_reduce<ap_fixed<121, 12, (ap_q_mode)5, (ap_o_mode)3, 0>, 22, 6, 87, 82>(ap_ufixed<87, -(22), (ap_q_mode)5, (ap_o_mode)3, 0>, ap_fixed<121, 12, (ap_q_mode)5, (ap_o_mode)3, 0>&, ap_ufixed<82, -(((22) + (6)) - (1)), (ap_q_mode)5, (ap_o_mode)3, 0>&)' into 'ap_ufixed<72, -37, (ap_q_mode)5, (ap_o_mode)3, 0> pow_reduce::pow_traits<double>::log_range_reduction<71>(ap_ufixed<71, -4, (ap_q_mode)5, (ap_o_mode)3, 0>, ap_fixed<121, 12, (ap_q_mode)5, (ap_o_mode)3, 0>&)' (/wrk/ci/prod/2024.1/hls_product/continuous/545/2024.1/src/shared/hls/clib/hlsmath/include/FloatingPoint/hls_pow.h:186:0)
INFO: [HLS 214-178] Inlining function 'void pow_reduce::log_range_reduce<ap_fixed<121, 12, (ap_q_mode)5, (ap_o_mode)3, 0>, 27, 6, 82, 77>(ap_ufixed<82, -(27), (ap_q_mode)5, (ap_o_mode)3, 0>, ap_fixed<121, 12, (ap_q_mode)5, (ap_o_mode)3, 0>&, ap_ufixed<77, -(((27) + (6)) - (1)), (ap_q_mode)5, (ap_o_mode)3, 0>&)' into 'ap_ufixed<72, -37, (ap_q_mode)5, (ap_o_mode)3, 0> pow_reduce::pow_traits<double>::log_range_reduction<71>(ap_ufixed<71, -4, (ap_q_mode)5, (ap_o_mode)3, 0>, ap_fixed<121, 12, (ap_q_mode)5, (ap_o_mode)3, 0>&)' (/wrk/ci/prod/2024.1/hls_product/continuous/545/2024.1/src/shared/hls/clib/hlsmath/include/FloatingPoint/hls_pow.h:186:0)
INFO: [HLS 214-178] Inlining function 'void pow_reduce::log_range_reduce<ap_fixed<121, 12, (ap_q_mode)5, (ap_o_mode)3, 0>, 32, 6, 77, 72>(ap_ufixed<77, -(32), (ap_q_mode)5, (ap_o_mode)3, 0>, ap_fixed<121, 12, (ap_q_mode)5, (ap_o_mode)3, 0>&, ap_ufixed<72, -(((32) + (6)) - (1)), (ap_q_mode)5, (ap_o_mode)3, 0>&)' into 'ap_ufixed<72, -37, (ap_q_mode)5, (ap_o_mode)3, 0> pow_reduce::pow_traits<double>::log_range_reduction<71>(ap_ufixed<71, -4, (ap_q_mode)5, (ap_o_mode)3, 0>, ap_fixed<121, 12, (ap_q_mode)5, (ap_o_mode)3, 0>&)' (/wrk/ci/prod/2024.1/hls_product/continuous/545/2024.1/src/shared/hls/clib/hlsmath/include/FloatingPoint/hls_pow.h:186:0)
INFO: [HLS 214-178] Inlining function 'fp_struct<double>::fp_struct(double)' into 'double pow_reduce::pow_generic<double>(double, double)' (/wrk/ci/prod/2024.1/hls_product/continuous/545/2024.1/src/shared/hls/clib/hlsmath/include/FloatingPoint/hls_pow.h:292:0)
INFO: [HLS 214-178] Inlining function 'fp_struct<double>::expv() const' into 'double pow_reduce::pow_generic<double>(double, double)' (/wrk/ci/prod/2024.1/hls_product/continuous/545/2024.1/src/shared/hls/clib/hlsmath/include/FloatingPoint/hls_pow.h:292:0)
INFO: [HLS 214-178] Inlining function 'int generic_isinf<double>(double)' into 'double pow_reduce::pow_generic<double>(double, double)' (/wrk/ci/prod/2024.1/hls_product/continuous/545/2024.1/src/shared/hls/clib/hlsmath/include/FloatingPoint/hls_pow.h:292:0)
INFO: [HLS 214-178] Inlining function 'int generic_isnan<double>(double)' into 'double pow_reduce::pow_generic<double>(double, double)' (/wrk/ci/prod/2024.1/hls_product/continuous/545/2024.1/src/shared/hls/clib/hlsmath/include/FloatingPoint/hls_pow.h:292:0)
INFO: [HLS 214-178] Inlining function 'pow_reduce::pow_traits<double>::exp_Z1P_m_1(ap_ufixed<51, -8, (ap_q_mode)5, (ap_o_mode)3, 0>)' into 'double pow_reduce::pow_generic<double>(double, double)' (/wrk/ci/prod/2024.1/hls_product/continuous/545/2024.1/src/shared/hls/clib/hlsmath/include/FloatingPoint/hls_pow.h:292:0)
INFO: [HLS 214-178] Inlining function 'pow' into '__gnu_cxx::__promote_2<float, int, __gnu_cxx::__promote<float, std::__is_integer<float>::__value>::__type, __gnu_cxx::__promote<int, std::__is_integer<int>::__value>::__type>::__type std::pow<float, int>(float, int)' (/cm/shared/package/vivado/Vitis_HLS/2024.1/tps/lnx64/gcc-8.3.0/lib/gcc/x86_64-pc-linux-gnu/8.3.0/../../../../include/c++/8.3.0/cmath:416:0)
INFO: [HLS 214-178] Inlining function 'fp_struct<float>::fp_struct(float)' into 'int generic_cast_IEEE754<int, (ap_q_mode)6, float>(float, bool, hls::enable_if<std::numeric_limits<int>::is_signed, bool>::type)' (/wrk/ci/prod/2024.1/hls_product/continuous/545/2024.1/src/shared/hls/clib/hlsmath/include/FloatingPoint/hls_case_IEEE754.h:12:0)
INFO: [HLS 214-178] Inlining function 'fp_struct<float>::mantissa() const' into 'int generic_cast_IEEE754<int, (ap_q_mode)6, float>(float, bool, hls::enable_if<std::numeric_limits<int>::is_signed, bool>::type)' (/wrk/ci/prod/2024.1/hls_product/continuous/545/2024.1/src/shared/hls/clib/hlsmath/include/FloatingPoint/hls_case_IEEE754.h:12:0)
INFO: [HLS 214-178] Inlining function 'fp_struct<float>::expv() const' into 'int generic_cast_IEEE754<int, (ap_q_mode)6, float>(float, bool, hls::enable_if<std::numeric_limits<int>::is_signed, bool>::type)' (/wrk/ci/prod/2024.1/hls_product/continuous/545/2024.1/src/shared/hls/clib/hlsmath/include/FloatingPoint/hls_case_IEEE754.h:12:0)
INFO: [HLS 214-178] Inlining function 'fp_struct<float>::__signbit() const' into 'int generic_cast_IEEE754<int, (ap_q_mode)6, float>(float, bool, hls::enable_if<std::numeric_limits<int>::is_signed, bool>::type)' (/wrk/ci/prod/2024.1/hls_product/continuous/545/2024.1/src/shared/hls/clib/hlsmath/include/FloatingPoint/hls_case_IEEE754.h:12:0)
INFO: [HLS 214-178] Inlining function 'int generic_cast_IEEE754<int, (ap_q_mode)6, float>(float, bool, hls::enable_if<std::numeric_limits<int>::is_signed, bool>::type)' into 'int generic_cast_IEEE754<int, float>(float, bool)' (/wrk/ci/prod/2024.1/hls_product/continuous/545/2024.1/src/shared/hls/clib/hlsmath/include/FloatingPoint/hls_case_IEEE754.h:116:0)
INFO: [HLS 214-178] Inlining function 'int generic_cast_IEEE754<int, float>(float, bool)' into '__hls_fptosi_float_i32' (/wrk/ci/prod/2024.1/hls_product/continuous/545/2024.1/src/shared/hls/clib/hlsmath/src/lib_floatconversion.cpp:51:0)
INFO: [HLS 214-241] Aggregating scalar variable 'r' with compact=bit mode in 416-bits (flood_HLS_base.cpp:25:0)
INFO: [HLS 214-241] Aggregating bram variable 'p_clouds' with compact=bit mode in 224-bits
INFO: [HLS 214-376] automatically set the pipeline for Loop< VITIS_LOOP_54_2> at flood_HLS_base.cpp:54:26 
INFO: [HLS 214-376] automatically set the pipeline for Loop< VITIS_LOOP_235_14> at flood_HLS_base.cpp:235:32 
INFO: [HLS 214-376] automatically set the pipeline for Loop< PROPAGATION_COLS> at flood_HLS_base.cpp:193:13 
INFO: [HLS 214-376] automatically set the pipeline for Loop< VITIS_LOOP_110_10> at flood_HLS_base.cpp:110:32 
INFO: [HLS 214-376] automatically set the pipeline for Loop< VITIS_LOOP_93_8> at flood_HLS_base.cpp:93:34 
INFO: [HLS 214-376] automatically set the pipeline for Loop< VITIS_LOOP_76_5> at flood_HLS_base.cpp:76:26 
INFO: [HLS 214-376] automatically set the pipeline for Loop< VITIS_LOOP_250_17> at flood_HLS_base.cpp:250:28 
INFO: [HLS 214-291] Loop 'VITIS_LOOP_121_11' is marked as complete unroll implied by the pipeline pragma (flood_HLS_base.cpp:121:40)
INFO: [HLS 214-291] Loop 'VITIS_LOOP_156_12' is marked as complete unroll implied by the pipeline pragma (flood_HLS_base.cpp:156:48)
INFO: [HLS 214-291] Loop 'NEIGHBOR_ACCUM' is marked as complete unroll implied by the pipeline pragma (flood_HLS_base.cpp:221:17)
INFO: [HLS 214-291] Loop 'VITIS_LOOP_236_15' is marked as complete unroll implied by the pipeline pragma (flood_HLS_base.cpp:236:36)
INFO: [HLS 214-291] Loop 'VITIS_LOOP_63_3' is marked as complete unroll implied by the pipeline pragma (flood_HLS_base.cpp:63:30)
INFO: [HLS 214-186] Unrolling loop 'VITIS_LOOP_121_11' (flood_HLS_base.cpp:121:40) in function 'do_compute' completely with a factor of 4 (flood_HLS_base.cpp:25:0)
INFO: [HLS 214-186] Unrolling loop 'VITIS_LOOP_156_12' (flood_HLS_base.cpp:156:48) in function 'do_compute' completely with a factor of 4 (flood_HLS_base.cpp:25:0)
INFO: [HLS 214-186] Unrolling loop 'NEIGHBOR_ACCUM' (flood_HLS_base.cpp:221:17) in function 'do_compute' completely with a factor of 4 (flood_HLS_base.cpp:25:0)
INFO: [HLS 214-186] Unrolling loop 'VITIS_LOOP_236_15' (flood_HLS_base.cpp:236:36) in function 'do_compute' completely with a factor of 4 (flood_HLS_base.cpp:25:0)
INFO: [HLS 214-186] Unrolling loop 'VITIS_LOOP_63_3' (flood_HLS_base.cpp:63:30) in function 'do_compute' completely with a factor of 4 (flood_HLS_base.cpp:25:0)
INFO: [HLS 214-437] Automatically disabling loop flattening for loop 'VITIS_LOOP_92_7'. (flood_HLS_base.cpp:92:30)
INFO: [HLS 214-270] Inferring pragma 'array_partition type=cyclic factor=3 dim=2' for array 'water_level' due to pipeline pragma (flood_HLS_base.cpp:34:9)
INFO: [HLS 214-270] Inferring pragma 'array_partition type=complete dim=3' for array 'spillage_from_neigh' due to pipeline pragma (flood_HLS_base.cpp:37:11)
INFO: [HLS 214-248] Applying array_partition to 'water_level': Cyclic partitioning with factor 3 on dimension 2. (flood_HLS_base.cpp:34:9)
INFO: [HLS 214-248] Applying array_partition to 'spillage_from_neigh': Complete partitioning on dimension 3. (flood_HLS_base.cpp:37:11)
INFO: [HLS 200-111] Finished Compiling Optimization and Transform: CPU user time: 5.4 seconds. CPU system time: 0.78 seconds. Elapsed time: 9.07 seconds; current allocated memory: 266.363 MB.
INFO: [HLS 200-111] Finished Checking Pragmas: CPU user time: 0 seconds. CPU system time: 0 seconds. Elapsed time: 0 seconds; current allocated memory: 266.363 MB.
INFO: [HLS 200-10] Starting code transformations ...
INFO: [HLS 200-111] Finished Standard Transforms: CPU user time: 0.09 seconds. CPU system time: 0.01 seconds. Elapsed time: 0.11 seconds; current allocated memory: 270.652 MB.
INFO: [HLS 200-10] Checking synthesizability ...
INFO: [XFORM 203-602] Inlining function 'fp_struct<double>::to_ieee' into 'pow_reduce::pow_generic<double>' (/wrk/ci/prod/2024.1/hls_product/continuous/545/2024.1/src/shared/hls/clib/hlsmath/include/FloatingPoint/hls_pow.h:383) automatically.
INFO: [XFORM 203-602] Inlining function 'pow_reduce::pow_traits<double>::log_range_reduction<71>' into 'pow_reduce::pow_generic<double>' (/wrk/ci/prod/2024.1/hls_product/continuous/545/2024.1/src/shared/hls/clib/hlsmath/include/FloatingPoint/hls_pow.h:519) automatically.
INFO: [HLS 200-111] Finished Checking Synthesizability: CPU user time: 0.13 seconds. CPU system time: 0 seconds. Elapsed time: 0.14 seconds; current allocated memory: 277.102 MB.
INFO: [XFORM 203-602] Inlining function 'fp_struct<double>::to_ieee' into 'pow_reduce::pow_generic<double>' (/wrk/ci/prod/2024.1/hls_product/continuous/545/2024.1/src/shared/hls/clib/hlsmath/include/FloatingPoint/hls_pow.h:383) automatically.
INFO: [XFORM 203-602] Inlining function 'pow_reduce::pow_traits<double>::log_range_reduction<71>' into 'pow_reduce::pow_generic<double>' (/wrk/ci/prod/2024.1/hls_product/continuous/545/2024.1/src/shared/hls/clib/hlsmath/include/FloatingPoint/hls_pow.h:519) automatically.
INFO: [XFORM 203-401] Performing if-conversion on hyperblock to (/wrk/ci/prod/2024.1/hls_product/continuous/545/2024.1/src/shared/hls/clib/hlsmath/include/FloatingPoint/hls_pow.h:661:3) in function 'pow_reduce::pow_generic<double>'... converting 9 basic blocks.
INFO: [XFORM 203-401] Performing if-conversion on hyperblock from (flood_HLS_base.cpp:117:25) to (flood_HLS_base.cpp:148:25) in function 'do_compute'... converting 17 basic blocks.
INFO: [XFORM 203-11] Balancing expressions in function 'pow_reduce::pow_generic<double>' (/wrk/ci/prod/2024.1/hls_product/continuous/545/2024.1/src/shared/hls/clib/hlsmath/include/FloatingPoint/hls_pow.h:18:3)...7 expression(s) balanced.
INFO: [XFORM 203-11] Balancing expressions in function 'do_compute' (flood_HLS_base.cpp:7:37)...10 expression(s) balanced.
INFO: [HLS 200-111] Finished Loop, function and other optimizations: CPU user time: 0.49 seconds. CPU system time: 0.02 seconds. Elapsed time: 0.52 seconds; current allocated memory: 307.891 MB.
INFO: [HLS 200-2061] Successfully converted nested loops 'VITIS_LOOP_53_1'(flood_HLS_base.cpp:53:22) and 'VITIS_LOOP_54_2'(flood_HLS_base.cpp:54:26) in function 'do_compute' into perfectly nested loops.
INFO: [HLS 200-2061] Successfully converted nested loops 'VITIS_LOOP_109_9'(flood_HLS_base.cpp:109:27) and 'VITIS_LOOP_110_10'(flood_HLS_base.cpp:110:32) in function 'do_compute' into perfectly nested loops.
INFO: [HLS 200-2061] Successfully converted nested loops 'PROPAGATION_ROWS'(flood_HLS_base.cpp:191:9) and 'PROPAGATION_COLS'(flood_HLS_base.cpp:193:13) in function 'do_compute' into perfectly nested loops.
INFO: [HLS 200-2061] Successfully converted nested loops 'VITIS_LOOP_234_13'(flood_HLS_base.cpp:234:28) and 'VITIS_LOOP_235_14'(flood_HLS_base.cpp:235:32) in function 'do_compute' into perfectly nested loops.
INFO: [HLS 200-2061] Successfully converted nested loops 'VITIS_LOOP_249_16'(flood_HLS_base.cpp:249:24) and 'VITIS_LOOP_250_17'(flood_HLS_base.cpp:250:28) in function 'do_compute' into perfectly nested loops.
INFO: [XFORM 203-541] Flattening a loop nest 'VITIS_LOOP_53_1' (flood_HLS_base.cpp:53:22) in function 'do_compute'.
INFO: [XFORM 203-541] Flattening a loop nest 'VITIS_LOOP_109_9' (flood_HLS_base.cpp:109:27) in function 'do_compute'.
INFO: [XFORM 203-541] Flattening a loop nest 'PROPAGATION_ROWS' (flood_HLS_base.cpp:191:9) in function 'do_compute'.
INFO: [XFORM 203-541] Flattening a loop nest 'VITIS_LOOP_234_13' (flood_HLS_base.cpp:234:28) in function 'do_compute'.
INFO: [XFORM 203-541] Flattening a loop nest 'VITIS_LOOP_249_16' (flood_HLS_base.cpp:249:24) in function 'do_compute'.
INFO: [HLS 200-111] Finished Architecture Synthesis: CPU user time: 0.49 seconds. CPU system time: 0.03 seconds. Elapsed time: 0.53 seconds; current allocated memory: 395.199 MB.
INFO: [HLS 200-10] Starting hardware synthesis ...
INFO: [HLS 200-10] Synthesizing 'do_compute' ...
WARNING: [SYN 201-103] Legalizing function name 'pow_generic<double>' to 'pow_generic_double_s'.
WARNING: [SYN 201-103] Legalizing function name '__hls_fptosi_float_i32' to 'p_hls_fptosi_float_i32'.
INFO: [HLS 200-10] ----------------------------------------------------------------
INFO: [HLS 200-42] -- Implementing module 'do_compute_Pipeline_VITIS_LOOP_53_1_VITIS_LOOP_54_2' 
INFO: [HLS 200-10] ----------------------------------------------------------------
INFO: [SCHED 204-11] Starting scheduling ...
INFO: [HLS 200-486] Changing DSP latency (root=add_ln59) to 3 in order to utilize available DSP registers.
INFO: [HLS 200-1457] Automatically inferring inferring RAM_1WNR storage type for array 'water_level_2'. Use bind_storage pragma to override this type.
INFO: [HLS 200-1457] Automatically inferring inferring RAM_1WNR storage type for array 'water_level'. Use bind_storage pragma to override this type.
INFO: [HLS 200-1457] Automatically inferring inferring RAM_1WNR storage type for array 'water_level_1'. Use bind_storage pragma to override this type.
INFO: [SCHED 204-61] Pipelining loop 'VITIS_LOOP_53_1_VITIS_LOOP_54_2'.
INFO: [HLS 200-1470] Pipelining result : Target II = NA, Final II = 1, Depth = 12, loop 'VITIS_LOOP_53_1_VITIS_LOOP_54_2'
INFO: [SCHED 204-11] Finished scheduling.
INFO: [HLS 200-111] Finished Scheduling: CPU user time: 0.14 seconds. CPU system time: 0.01 seconds. Elapsed time: 0.18 seconds; current allocated memory: 395.199 MB.
INFO: [BIND 205-100] Starting micro-architecture generation ...
INFO: [BIND 205-101] Performing variable lifetime analysis.
INFO: [BIND 205-101] Exploring resource sharing.
INFO: [BIND 205-101] Binding ...
INFO: [BIND 205-100] Finished micro-architecture generation.
INFO: [HLS 200-111] Finished Binding: CPU user time: 0.02 seconds. CPU system time: 0 seconds. Elapsed time: 0.03 seconds; current allocated memory: 395.199 MB.
INFO: [HLS 200-10] ----------------------------------------------------------------
INFO: [HLS 200-42] -- Implementing module 'do_compute_Pipeline_VITIS_LOOP_76_5' 
INFO: [HLS 200-10] ----------------------------------------------------------------
INFO: [SCHED 204-11] Starting scheduling ...
INFO: [SCHED 204-61] Pipelining loop 'VITIS_LOOP_76_5'.
INFO: [HLS 200-1470] Pipelining result : Target II = NA, Final II = 1, Depth = 22, loop 'VITIS_LOOP_76_5'
INFO: [SCHED 204-11] Finished scheduling.
INFO: [HLS 200-111] Finished Scheduling: CPU user time: 0.06 seconds. CPU system time: 0.01 seconds. Elapsed time: 0.07 seconds; current allocated memory: 395.355 MB.
INFO: [BIND 205-100] Starting micro-architecture generation ...
INFO: [BIND 205-101] Performing variable lifetime analysis.
INFO: [BIND 205-101] Exploring resource sharing.
INFO: [BIND 205-101] Binding ...
INFO: [BIND 205-100] Finished micro-architecture generation.
INFO: [HLS 200-111] Finished Binding: CPU user time: 0.02 seconds. CPU system time: 0 seconds. Elapsed time: 0.03 seconds; current allocated memory: 396.199 MB.
INFO: [HLS 200-10] ----------------------------------------------------------------
INFO: [HLS 200-42] -- Implementing module 'pow_generic_double_s' 
INFO: [HLS 200-10] ----------------------------------------------------------------
INFO: [SCHED 204-11] Starting scheduling ...
INFO: [HLS 200-486] Changing DSP latency (root=add_ln563) to 3 in order to utilize available DSP registers.
INFO: [SCHED 204-61] Pipelining function 'pow_generic<double>'.
INFO: [HLS 200-1470] Pipelining result : Target II = NA, Final II = 1, Depth = 73, function 'pow_generic<double>'
INFO: [SCHED 204-11] Finished scheduling.
INFO: [HLS 200-111] Finished Scheduling: CPU user time: 0.39 seconds. CPU system time: 0 seconds. Elapsed time: 0.42 seconds; current allocated memory: 398.109 MB.
INFO: [BIND 205-100] Starting micro-architecture generation ...
INFO: [BIND 205-101] Performing variable lifetime analysis.
INFO: [BIND 205-101] Exploring resource sharing.
INFO: [BIND 205-101] Binding ...
INFO: [BIND 205-100] Finished micro-architecture generation.
INFO: [HLS 200-111] Finished Binding: CPU user time: 0.05 seconds. CPU system time: 0 seconds. Elapsed time: 0.07 seconds; current allocated memory: 398.258 MB.
INFO: [HLS 200-10] ----------------------------------------------------------------
INFO: [HLS 200-42] -- Implementing module 'p_hls_fptosi_float_i32' 
INFO: [HLS 200-10] ----------------------------------------------------------------
INFO: [SCHED 204-11] Starting scheduling ...
INFO: [SCHED 204-61] Pipelining function '__hls_fptosi_float_i32'.
INFO: [HLS 200-1470] Pipelining result : Target II = NA, Final II = 1, Depth = 2, function '__hls_fptosi_float_i32'
INFO: [SCHED 204-11] Finished scheduling.
INFO: [HLS 200-111] Finished Scheduling: CPU user time: 0.08 seconds. CPU system time: 0 seconds. Elapsed time: 0.09 seconds; current allocated memory: 398.855 MB.
INFO: [BIND 205-100] Starting micro-architecture generation ...
INFO: [BIND 205-101] Performing variable lifetime analysis.
INFO: [BIND 205-101] Exploring resource sharing.
INFO: [BIND 205-101] Binding ...
INFO: [BIND 205-100] Finished micro-architecture generation.
INFO: [HLS 200-111] Finished Binding: CPU user time: 0.02 seconds. CPU system time: 0 seconds. Elapsed time: 0.03 seconds; current allocated memory: 399.027 MB.
INFO: [HLS 200-10] ----------------------------------------------------------------
INFO: [HLS 200-42] -- Implementing module 'do_compute_Pipeline_VITIS_LOOP_93_8' 
INFO: [HLS 200-10] ----------------------------------------------------------------
INFO: [SCHED 204-11] Starting scheduling ...
INFO: [HLS 200-1457] Automatically inferring inferring RAM_1WNR storage type for array 'water_level_2'. Use bind_storage pragma to override this type.
INFO: [HLS 200-1457] Automatically inferring inferring RAM_1WNR storage type for array 'water_level'. Use bind_storage pragma to override this type.
INFO: [HLS 200-1457] Automatically inferring inferring RAM_1WNR storage type for array 'water_level_1'. Use bind_storage pragma to override this type.
INFO: [SCHED 204-61] Pipelining loop 'VITIS_LOOP_93_8'.
WARNING: [HLS 200-878] Unable to schedule the loop exit test ('and' operation 1 bit ('and_ln93_1', flood_HLS_base.cpp:93)) in the first pipeline iteration (II = 1 cycles).
WARNING: [HLS 200-880] The II Violation in module 'do_compute_Pipeline_VITIS_LOOP_93_8' (loop 'VITIS_LOOP_93_8'): Unable to enforce a carried dependence constraint (II = 2, distance = 1, offset = 1) between 'fadd' operation 32 bit ('col_pos', flood_HLS_base.cpp:93) and 'icmp' operation 1 bit ('icmp_ln93', flood_HLS_base.cpp:93).
WARNING: [HLS 200-880] The II Violation in module 'do_compute_Pipeline_VITIS_LOOP_93_8' (loop 'VITIS_LOOP_93_8'): Unable to enforce a carried dependence constraint (II = 3, distance = 1, offset = 1) between 'fadd' operation 32 bit ('col_pos', flood_HLS_base.cpp:93) and 'icmp' operation 1 bit ('icmp_ln93', flood_HLS_base.cpp:93).
WARNING: [HLS 200-880] The II Violation in module 'do_compute_Pipeline_VITIS_LOOP_93_8' (loop 'VITIS_LOOP_93_8'): Unable to enforce a carried dependence constraint (II = 4, distance = 1, offset = 1) between 'fadd' operation 32 bit ('col_pos', flood_HLS_base.cpp:93) and 'icmp' operation 1 bit ('icmp_ln93', flood_HLS_base.cpp:93).
WARNING: [HLS 200-880] The II Violation in module 'do_compute_Pipeline_VITIS_LOOP_93_8' (loop 'VITIS_LOOP_93_8'): Unable to enforce a carried dependence constraint (II = 7, distance = 1, offset = 1) between 'fadd' operation 32 bit ('col_pos', flood_HLS_base.cpp:93) and 'fcmp' operation 1 bit ('tmp_25', flood_HLS_base.cpp:93).
INFO: [HLS 200-1470] Pipelining result : Target II = NA, Final II = 8, Depth = 193, loop 'VITIS_LOOP_93_8'
INFO: [SCHED 204-11] Finished scheduling.
INFO: [HLS 200-111] Finished Scheduling: CPU user time: 0.19 seconds. CPU system time: 0.01 seconds. Elapsed time: 0.21 seconds; current allocated memory: 400.164 MB.
INFO: [BIND 205-100] Starting micro-architecture generation ...
INFO: [BIND 205-101] Performing variable lifetime analysis.
INFO: [BIND 205-101] Exploring resource sharing.
INFO: [BIND 205-101] Binding ...
INFO: [BIND 205-100] Finished micro-architecture generation.
INFO: [HLS 200-111] Finished Binding: CPU user time: 0.05 seconds. CPU system time: 0 seconds. Elapsed time: 0.06 seconds; current allocated memory: 401.035 MB.
INFO: [HLS 200-10] ----------------------------------------------------------------
INFO: [HLS 200-42] -- Implementing module 'do_compute_Pipeline_VITIS_LOOP_109_9_VITIS_LOOP_110_10' 
INFO: [HLS 200-10] ----------------------------------------------------------------
INFO: [SCHED 204-11] Starting scheduling ...
INFO: [HLS 200-1457] Automatically inferring inferring RAM_1WNR storage type for array 'water_level_2'. Use bind_storage pragma to override this type.
INFO: [HLS 200-1457] Automatically inferring inferring RAM_1WNR storage type for array 'water_level_1'. Use bind_storage pragma to override this type.
INFO: [HLS 200-1457] Automatically inferring inferring RAM_1WNR storage type for array 'water_level'. Use bind_storage pragma to override this type.
INFO: [SCHED 204-61] Pipelining loop 'VITIS_LOOP_109_9_VITIS_LOOP_110_10'.
WARNING: [HLS 200-880] The II Violation in module 'do_compute_Pipeline_VITIS_LOOP_109_9_VITIS_LOOP_110_10' (loop 'VITIS_LOOP_109_9_VITIS_LOOP_110_10'): Unable to enforce a carried dependence constraint (II = 1, distance = 1, offset = 1) between 'br' operation 0 bit ('br_ln170', flood_HLS_base.cpp:170) and 'add' operation 64 bit ('add_ln168', flood_HLS_base.cpp:168).
WARNING: [HLS 200-885] The II Violation in module 'do_compute_Pipeline_VITIS_LOOP_109_9_VITIS_LOOP_110_10' (loop 'VITIS_LOOP_109_9_VITIS_LOOP_110_10'): Unable to schedule 'load' operation 32 bit ('p_ground_load_3', flood_HLS_base.cpp:134) on array 'p_ground' due to limited memory ports (II = 2). Please consider using a memory core with more ports or partitioning the array 'p_ground'.
INFO: [HLS 200-1470] Pipelining result : Target II = NA, Final II = 3, Depth = 111, loop 'VITIS_LOOP_109_9_VITIS_LOOP_110_10'
INFO: [SCHED 204-11] Finished scheduling.
INFO: [HLS 200-111] Finished Scheduling: CPU user time: 0.41 seconds. CPU system time: 0.01 seconds. Elapsed time: 0.44 seconds; current allocated memory: 408.254 MB.
INFO: [BIND 205-100] Starting micro-architecture generation ...
INFO: [BIND 205-101] Performing variable lifetime analysis.
INFO: [BIND 205-101] Exploring resource sharing.
INFO: [BIND 205-101] Binding ...
INFO: [BIND 205-100] Finished micro-architecture generation.
INFO: [HLS 200-111] Finished Binding: CPU user time: 0.08 seconds. CPU system time: 0 seconds. Elapsed time: 0.1 seconds; current allocated memory: 408.254 MB.
INFO: [HLS 200-10] ----------------------------------------------------------------
INFO: [HLS 200-42] -- Implementing module 'do_compute_Pipeline_PROPAGATION_ROWS_PROPAGATION_COLS' 
INFO: [HLS 200-10] ----------------------------------------------------------------
INFO: [SCHED 204-11] Starting scheduling ...
INFO: [HLS 200-486] Changing DSP latency (root=add_ln199) to 3 in order to utilize available DSP registers.
INFO: [HLS 200-1457] Automatically inferring inferring RAM_1WNR storage type for array 'water_level_2'. Use bind_storage pragma to override this type.
INFO: [HLS 200-1457] Automatically inferring inferring RAM_1WNR storage type for array 'water_level'. Use bind_storage pragma to override this type.
INFO: [HLS 200-1457] Automatically inferring inferring RAM_1WNR storage type for array 'water_level_1'. Use bind_storage pragma to override this type.
INFO: [SCHED 204-61] Pipelining loop 'PROPAGATION_ROWS_PROPAGATION_COLS'.
WARNING: [HLS 200-880] The II Violation in module 'do_compute_Pipeline_PROPAGATION_ROWS_PROPAGATION_COLS' (loop 'PROPAGATION_ROWS_PROPAGATION_COLS'): Unable to enforce a carried dependence constraint (II = 1, distance = 1, offset = 1) between 'dcmp' operation 1 bit ('tmp_s', flood_HLS_base.cpp:211) and 'icmp' operation 1 bit ('icmp_ln211', flood_HLS_base.cpp:211).
INFO: [HLS 200-1470] Pipelining result : Target II = NA, Final II = 2, Depth = 20, loop 'PROPAGATION_ROWS_PROPAGATION_COLS'
INFO: [SCHED 204-11] Finished scheduling.
INFO: [HLS 200-111] Finished Scheduling: CPU user time: 0.17 seconds. CPU system time: 0.01 seconds. Elapsed time: 0.2 seconds; current allocated memory: 408.254 MB.
INFO: [BIND 205-100] Starting micro-architecture generation ...
INFO: [BIND 205-101] Performing variable lifetime analysis.
INFO: [BIND 205-101] Exploring resource sharing.
INFO: [BIND 205-101] Binding ...
INFO: [BIND 205-100] Finished micro-architecture generation.
INFO: [HLS 200-111] Finished Binding: CPU user time: 0.03 seconds. CPU system time: 0 seconds. Elapsed time: 0.04 seconds; current allocated memory: 408.254 MB.
INFO: [HLS 200-10] ----------------------------------------------------------------
INFO: [HLS 200-42] -- Implementing module 'do_compute_Pipeline_VITIS_LOOP_234_13_VITIS_LOOP_235_14' 
INFO: [HLS 200-10] ----------------------------------------------------------------
INFO: [SCHED 204-11] Starting scheduling ...
INFO: [HLS 200-486] Changing DSP latency (root=add_ln241) to 3 in order to utilize available DSP registers.
INFO: [SCHED 204-61] Pipelining loop 'VITIS_LOOP_234_13_VITIS_LOOP_235_14'.
INFO: [HLS 200-1470] Pipelining result : Target II = NA, Final II = 1, Depth = 4, loop 'VITIS_LOOP_234_13_VITIS_LOOP_235_14'
INFO: [SCHED 204-11] Finished scheduling.
INFO: [HLS 200-111] Finished Scheduling: CPU user time: 0.08 seconds. CPU system time: 0 seconds. Elapsed time: 0.09 seconds; current allocated memory: 408.395 MB.
INFO: [BIND 205-100] Starting micro-architecture generation ...
INFO: [BIND 205-101] Performing variable lifetime analysis.
INFO: [BIND 205-101] Exploring resource sharing.
INFO: [BIND 205-101] Binding ...
INFO: [BIND 205-100] Finished micro-architecture generation.
INFO: [HLS 200-111] Finished Binding: CPU user time: 0.02 seconds. CPU system time: 0.01 seconds. Elapsed time: 0.03 seconds; current allocated memory: 408.711 MB.
INFO: [HLS 200-10] ----------------------------------------------------------------
INFO: [HLS 200-42] -- Implementing module 'do_compute_Pipeline_VITIS_LOOP_249_16_VITIS_LOOP_250_17' 
INFO: [HLS 200-10] ----------------------------------------------------------------
INFO: [SCHED 204-11] Starting scheduling ...
INFO: [HLS 200-1457] Automatically inferring inferring RAM_1WNR storage type for array 'water_level_2'. Use bind_storage pragma to override this type.
INFO: [HLS 200-1457] Automatically inferring inferring RAM_1WNR storage type for array 'water_level_1'. Use bind_storage pragma to override this type.
INFO: [HLS 200-1457] Automatically inferring inferring RAM_1WNR storage type for array 'water_level'. Use bind_storage pragma to override this type.
INFO: [SCHED 204-61] Pipelining loop 'VITIS_LOOP_249_16_VITIS_LOOP_250_17'.
WARNING: [HLS 200-880] The II Violation in module 'do_compute_Pipeline_VITIS_LOOP_249_16_VITIS_LOOP_250_17' (loop 'VITIS_LOOP_249_16_VITIS_LOOP_250_17'): Unable to enforce a carried dependence constraint (II = 1, distance = 1, offset = 1) between 'fcmp' operation 1 bit ('tmp_25', flood_HLS_base.cpp:251) and 'icmp' operation 1 bit ('icmp_ln251_2', flood_HLS_base.cpp:251).
INFO: [HLS 200-1470] Pipelining result : Target II = NA, Final II = 2, Depth = 29, loop 'VITIS_LOOP_249_16_VITIS_LOOP_250_17'
INFO: [SCHED 204-11] Finished scheduling.
INFO: [HLS 200-111] Finished Scheduling: CPU user time: 0.08 seconds. CPU system time: 0 seconds. Elapsed time: 0.11 seconds; current allocated memory: 409.176 MB.
INFO: [BIND 205-100] Starting micro-architecture generation ...
INFO: [BIND 205-101] Performing variable lifetime analysis.
INFO: [BIND 205-101] Exploring resource sharing.
INFO: [BIND 205-101] Binding ...
INFO: [BIND 205-100] Finished micro-architecture generation.
INFO: [HLS 200-111] Finished Binding: CPU user time: 0.03 seconds. CPU system time: 0 seconds. Elapsed time: 0.04 seconds; current allocated memory: 409.469 MB.
INFO: [HLS 200-10] ----------------------------------------------------------------
INFO: [HLS 200-42] -- Implementing module 'do_compute' 
INFO: [HLS 200-10] ----------------------------------------------------------------
INFO: [SCHED 204-11] Starting scheduling ...
INFO: [SCHED 204-11] Finished scheduling.
INFO: [HLS 200-111] Finished Scheduling: CPU user time: 0.1 seconds. CPU system time: 0 seconds. Elapsed time: 0.11 seconds; current allocated memory: 410.852 MB.
INFO: [BIND 205-100] Starting micro-architecture generation ...
INFO: [BIND 205-101] Performing variable lifetime analysis.
INFO: [BIND 205-101] Exploring resource sharing.
INFO: [BIND 205-101] Binding ...
INFO: [BIND 205-100] Finished micro-architecture generation.
INFO: [HLS 200-111] Finished Binding: CPU user time: 0.08 seconds. CPU system time: 0 seconds. Elapsed time: 0.09 seconds; current allocated memory: 411.184 MB.
INFO: [HLS 200-10] ----------------------------------------------------------------
INFO: [HLS 200-10] -- Generating RTL for module 'do_compute_Pipeline_VITIS_LOOP_53_1_VITIS_LOOP_54_2' 
INFO: [HLS 200-10] ----------------------------------------------------------------
INFO: [HLS 200-1030] Apply Unified Pipeline Control on module 'do_compute_Pipeline_VITIS_LOOP_53_1_VITIS_LOOP_54_2' pipeline 'VITIS_LOOP_53_1_VITIS_LOOP_54_2' pipeline type 'loop pipeline'
INFO: [RTGEN 206-100] Generating core module 'mac_muladd_7ns_7ns_7ns_13_4_1': 1 instance(s).
INFO: [RTGEN 206-100] Generating core module 'mul_7ns_9ns_15_1_1': 1 instance(s).
INFO: [RTGEN 206-100] Generating core module 'urem_7ns_3ns_2_11_1': 1 instance(s).
INFO: [RTGEN 206-100] Finished creating RTL model for 'do_compute_Pipeline_VITIS_LOOP_53_1_VITIS_LOOP_54_2'.
INFO: [HLS 200-111] Finished Creating RTL model: CPU user time: 0.08 seconds. CPU system time: 0.01 seconds. Elapsed time: 0.11 seconds; current allocated memory: 412.559 MB.
INFO: [HLS 200-10] ----------------------------------------------------------------
INFO: [HLS 200-10] -- Generating RTL for module 'do_compute_Pipeline_VITIS_LOOP_76_5' 
INFO: [HLS 200-10] ----------------------------------------------------------------
INFO: [HLS 200-1030] Apply Unified Pipeline Control on module 'do_compute_Pipeline_VITIS_LOOP_76_5' pipeline 'VITIS_LOOP_76_5' pipeline type 'loop pipeline'
INFO: [RTGEN 206-100] Generating core module 'faddfsub_32ns_32ns_32_7_full_dsp_1': 2 instance(s).
INFO: [RTGEN 206-100] Generating core module 'fdiv_32ns_32ns_32_12_no_dsp_1': 2 instance(s).
INFO: [RTGEN 206-100] Finished creating RTL model for 'do_compute_Pipeline_VITIS_LOOP_76_5'.
INFO: [HLS 200-111] Finished Creating RTL model: CPU user time: 0.08 seconds. CPU system time: 0.01 seconds. Elapsed time: 0.12 seconds; current allocated memory: 413.648 MB.
INFO: [HLS 200-10] ----------------------------------------------------------------
INFO: [HLS 200-10] -- Generating RTL for module 'pow_generic_double_s' 
INFO: [HLS 200-10] ----------------------------------------------------------------
INFO: [SYN 201-210] Renamed object name 'pow_generic_double_s_pow_reduce_anonymous_namespace_log_inverse_lut_table_pow_0_5_64_array_ROM_AUTO_1R' to 'pow_generic_double_s_pow_reduce_anonymous_namespace_log_inverse_lut_table_powbkb' due to the length limit 80
INFO: [SYN 201-210] Renamed object name 'pow_generic_double_s_pow_reduce_anonymous_namespace_log0_lut_table_array_ROM_AUTO_1R' to 'pow_generic_double_s_pow_reduce_anonymous_namespace_log0_lut_table_array_ROM_cud' due to the length limit 80
INFO: [SYN 201-210] Renamed object name 'pow_generic_double_s_pow_reduce_anonymous_namespace_log_lut_table_ap_fixed_4_4_16_array_ROM_AUTO_1R' to 'pow_generic_double_s_pow_reduce_anonymous_namespace_log_lut_table_ap_fixed_4_dEe' due to the length limit 80
INFO: [SYN 201-210] Renamed object name 'pow_generic_double_s_pow_reduce_anonymous_namespace_log_lut_table_ap_fixed_7_6_64_array_ROM_AUTO_1R' to 'pow_generic_double_s_pow_reduce_anonymous_namespace_log_lut_table_ap_fixed_7_eOg' due to the length limit 80
INFO: [SYN 201-210] Renamed object name 'pow_generic_double_s_pow_reduce_anonymous_namespace_log_lut_table_ap_fixed_12_6_64_array_ROM_AUTO_1R' to 'pow_generic_double_s_pow_reduce_anonymous_namespace_log_lut_table_ap_fixed_12fYi' due to the length limit 80
INFO: [SYN 201-210] Renamed object name 'pow_generic_double_s_pow_reduce_anonymous_namespace_log_lut_table_ap_fixed_17_6_64_array_ROM_AUTO_1R' to 'pow_generic_double_s_pow_reduce_anonymous_namespace_log_lut_table_ap_fixed_17g8j' due to the length limit 80
INFO: [SYN 201-210] Renamed object name 'pow_generic_double_s_pow_reduce_anonymous_namespace_log_lut_table_ap_fixed_22_6_64_array_ROM_AUTO_1R' to 'pow_generic_double_s_pow_reduce_anonymous_namespace_log_lut_table_ap_fixed_22hbi' due to the length limit 80
INFO: [SYN 201-210] Renamed object name 'pow_generic_double_s_pow_reduce_anonymous_namespace_log_lut_table_ap_fixed_27_6_64_array_ROM_AUTO_1R' to 'pow_generic_double_s_pow_reduce_anonymous_namespace_log_lut_table_ap_fixed_27ibs' due to the length limit 80
INFO: [SYN 201-210] Renamed object name 'pow_generic_double_s_pow_reduce_anonymous_namespace_log_lut_table_ap_fixed_32_6_64_array_ROM_AUTO_1R' to 'pow_generic_double_s_pow_reduce_anonymous_namespace_log_lut_table_ap_fixed_32jbC' due to the length limit 80
INFO: [SYN 201-210] Renamed object name 'pow_generic_double_s_pow_reduce_anonymous_namespace_table_exp_Z1_ap_ufixed_array_ROM_AUTO_1R' to 'pow_generic_double_s_pow_reduce_anonymous_namespace_table_exp_Z1_ap_ufixed_arkbM' due to the length limit 80
INFO: [SYN 201-210] Renamed object name 'pow_generic_double_s_pow_reduce_anonymous_namespace_table_f_Z3_ap_ufixed_array_ROM_AUTO_1R' to 'pow_generic_double_s_pow_reduce_anonymous_namespace_table_f_Z3_ap_ufixed_arralbW' due to the length limit 80
INFO: [SYN 201-210] Renamed object name 'pow_generic_double_s_pow_reduce_anonymous_namespace_table_f_Z2_ap_ufixed_array_ROM_AUTO_1R' to 'pow_generic_double_s_pow_reduce_anonymous_namespace_table_f_Z2_ap_ufixed_arramb6' due to the length limit 80
INFO: [RTGEN 206-104] Estimated max fanout for 'pow_generic_double_s' is 15058 from HDL expression: ((1'b1 == ap_ce_reg) & (1'b0 == ap_block_pp0_stage0_11001))
INFO: [RTGEN 206-100] Generating core module 'mac_muladd_16s_15ns_19s_31_4_0': 1 instance(s).
INFO: [RTGEN 206-100] Generating core module 'mul_12s_80ns_90_5_0': 1 instance(s).
INFO: [RTGEN 206-100] Generating core module 'mul_13s_71s_71_5_0': 1 instance(s).
INFO: [RTGEN 206-100] Generating core module 'mul_40ns_40ns_80_2_0': 1 instance(s).
INFO: [RTGEN 206-100] Generating core module 'mul_43ns_36ns_79_2_0': 1 instance(s).
INFO: [RTGEN 206-100] Generating core module 'mul_49ns_44ns_93_3_0': 1 instance(s).
INFO: [RTGEN 206-100] Generating core module 'mul_50ns_50ns_100_3_0': 1 instance(s).
INFO: [RTGEN 206-100] Generating core module 'mul_54s_6ns_54_3_0': 1 instance(s).
INFO: [RTGEN 206-100] Generating core module 'mul_71ns_4ns_75_5_0': 1 instance(s).
INFO: [RTGEN 206-100] Generating core module 'mul_73ns_6ns_79_5_0': 1 instance(s).
INFO: [RTGEN 206-100] Generating core module 'mul_77ns_6ns_83_5_0': 1 instance(s).
INFO: [RTGEN 206-100] Generating core module 'mul_82ns_6ns_88_5_0': 1 instance(s).
INFO: [RTGEN 206-100] Generating core module 'mul_83ns_6ns_89_5_0': 1 instance(s).
INFO: [RTGEN 206-100] Generating core module 'mul_87ns_6ns_93_5_0': 1 instance(s).
INFO: [RTGEN 206-100] Generating core module 'mul_92ns_6ns_98_5_0': 1 instance(s).
INFO: [RTGEN 206-100] Generating core module 'sparsemux_9_3_64_1_0': 1 instance(s).
INFO: [RTGEN 206-100] Finished creating RTL model for 'pow_generic_double_s'.
INFO: [RTMG 210-279] Implementing memory 'do_compute_pow_generic_double_s_pow_reduce_anonymous_namespace_log_inverse_lut_table_powbkb' using auto ROMs.
INFO: [RTMG 210-279] Implementing memory 'do_compute_pow_generic_double_s_pow_reduce_anonymous_namespace_log0_lut_table_array_ROM_cud' using auto ROMs.
INFO: [RTMG 210-279] Implementing memory 'do_compute_pow_generic_double_s_pow_reduce_anonymous_namespace_log_lut_table_ap_fixed_4_dEe' using auto ROMs.
INFO: [RTMG 210-279] Implementing memory 'do_compute_pow_generic_double_s_pow_reduce_anonymous_namespace_log_lut_table_ap_fixed_7_eOg' using auto ROMs.
INFO: [RTMG 210-279] Implementing memory 'do_compute_pow_generic_double_s_pow_reduce_anonymous_namespace_log_lut_table_ap_fixed_12fYi' using auto ROMs.
INFO: [RTMG 210-279] Implementing memory 'do_compute_pow_generic_double_s_pow_reduce_anonymous_namespace_log_lut_table_ap_fixed_17g8j' using auto ROMs.
INFO: [RTMG 210-279] Implementing memory 'do_compute_pow_generic_double_s_pow_reduce_anonymous_namespace_log_lut_table_ap_fixed_22hbi' using auto ROMs.
INFO: [RTMG 210-279] Implementing memory 'do_compute_pow_generic_double_s_pow_reduce_anonymous_namespace_log_lut_table_ap_fixed_27ibs' using auto ROMs.
INFO: [RTMG 210-279] Implementing memory 'do_compute_pow_generic_double_s_pow_reduce_anonymous_namespace_log_lut_table_ap_fixed_32jbC' using auto ROMs.
INFO: [RTMG 210-279] Implementing memory 'do_compute_pow_generic_double_s_pow_reduce_anonymous_namespace_table_exp_Z1_ap_ufixed_arkbM' using auto ROMs.
INFO: [RTMG 210-279] Implementing memory 'do_compute_pow_generic_double_s_pow_reduce_anonymous_namespace_table_f_Z3_ap_ufixed_arralbW' using auto ROMs.
INFO: [RTMG 210-279] Implementing memory 'do_compute_pow_generic_double_s_pow_reduce_anonymous_namespace_table_f_Z2_ap_ufixed_arramb6' using auto ROMs.
INFO: [HLS 200-111] Finished Creating RTL model: CPU user time: 0.32 seconds. CPU system time: 0.02 seconds. Elapsed time: 0.46 seconds; current allocated memory: 419.676 MB.
INFO: [HLS 200-10] ----------------------------------------------------------------
INFO: [HLS 200-10] -- Generating RTL for module 'p_hls_fptosi_float_i32' 
INFO: [HLS 200-10] ----------------------------------------------------------------
INFO: [HLS 200-1030] Apply Unified Pipeline Control on module 'p_hls_fptosi_float_i32' pipeline '__hls_fptosi_float_i32' pipeline type 'function pipeline'
INFO: [RTGEN 206-100] Finished creating RTL model for 'p_hls_fptosi_float_i32'.
INFO: [HLS 200-111] Finished Creating RTL model: CPU user time: 0.22 seconds. CPU system time: 0.02 seconds. Elapsed time: 0.32 seconds; current allocated memory: 425.320 MB.
INFO: [HLS 200-10] ----------------------------------------------------------------
INFO: [HLS 200-10] -- Generating RTL for module 'do_compute_Pipeline_VITIS_LOOP_93_8' 
INFO: [HLS 200-10] ----------------------------------------------------------------
INFO: [HLS 200-1030] Apply Unified Pipeline Control on module 'do_compute_Pipeline_VITIS_LOOP_93_8' pipeline 'VITIS_LOOP_93_8' pipeline type 'loop pipeline'
INFO: [RTGEN 206-104] Estimated max fanout for 'do_compute_Pipeline_VITIS_LOOP_93_8' is 15314 from HDL expression: (((1'b1 == ap_CS_fsm_pp0_stage5) & (1'b0 == ap_block_pp0_stage5_11001_ignoreCallOp272)) | ((1'b1 == ap_CS_fsm_pp0_stage6) & (1'b0 == ap_block_pp0_stage6_11001_ignoreCallOp274)) | ((1'b1 == ap_CS_fsm_pp0_stage3) & (1'b0 == ap_block_pp0_stage3_11001_ignoreCallOp268)) | ((1'b1 == ap_CS_fsm_pp0_stage4) & (1'b0 == ap_block_pp0_stage4_11001_ignoreCallOp270)) | ((1'b1 == ap_CS_fsm_pp0_stage1) & (1'b0 == ap_block_pp0_stage1_11001_ignoreCallOp280)) | ((1'b1 == ap_CS_fsm_pp0_stage2) & (1'b0 == ap_block_pp0_stage2_11001_ignoreCallOp266)) | ((1'b1 == ap_CS_fsm_pp0_stage0) & (1'b0 == ap_block_pp0_stage0_11001_ignoreCallOp278)) | ((1'b1 == ap_CS_fsm_pp0_stage7) & (1'b0 == ap_block_pp0_stage7_11001_ignoreCallOp276)))
INFO: [RTGEN 206-100] Generating core module 'dadd_64ns_64ns_64_5_full_dsp_1': 1 instance(s).
INFO: [RTGEN 206-100] Generating core module 'dsqrt_64ns_64ns_64_21_no_dsp_1': 1 instance(s).
INFO: [RTGEN 206-100] Generating core module 'faddfsub_32ns_32ns_32_7_full_dsp_1': 1 instance(s).
INFO: [RTGEN 206-100] Generating core module 'fcmp_32ns_32ns_1_2_no_dsp_1': 1 instance(s).
INFO: [RTGEN 206-100] Generating core module 'fdiv_32ns_32ns_32_12_no_dsp_1': 1 instance(s).
INFO: [RTGEN 206-100] Generating core module 'fmul_32ns_32ns_32_4_max_dsp_1': 1 instance(s).
INFO: [RTGEN 206-100] Generating core module 'fpext_32ns_64_2_no_dsp_1': 1 instance(s).
INFO: [RTGEN 206-100] Generating core module 'fptrunc_64ns_32_2_no_dsp_1': 1 instance(s).
INFO: [RTGEN 206-100] Generating core module 'fsqrt_32ns_32ns_32_12_no_dsp_1': 1 instance(s).
INFO: [RTGEN 206-100] Generating core module 'mul_32ns_34ns_65_2_1': 1 instance(s).
INFO: [RTGEN 206-100] Generating core module 'sparsemux_7_2_32_1_1': 1 instance(s).
INFO: [RTGEN 206-100] Generating core module 'urem_32ns_3ns_2_36_1': 1 instance(s).
INFO: [RTGEN 206-100] Finished creating RTL model for 'do_compute_Pipeline_VITIS_LOOP_93_8'.
INFO: [HLS 200-111] Finished Creating RTL model: CPU user time: 0.24 seconds. CPU system time: 0.01 seconds. Elapsed time: 0.31 seconds; current allocated memory: 428.535 MB.
INFO: [HLS 200-10] ----------------------------------------------------------------
INFO: [HLS 200-10] -- Generating RTL for module 'do_compute_Pipeline_VITIS_LOOP_109_9_VITIS_LOOP_110_10' 
INFO: [HLS 200-10] ----------------------------------------------------------------
INFO: [HLS 200-1030] Apply Unified Pipeline Control on module 'do_compute_Pipeline_VITIS_LOOP_109_9_VITIS_LOOP_110_10' pipeline 'VITIS_LOOP_109_9_VITIS_LOOP_110_10' pipeline type 'loop pipeline'
WARNING: [RTGEN 206-101] RTL name 'sparsemux_7_2_32_1_1' is changed to 'sparsemux_7_2_32_1_1_x' due to conflict.
INFO: [RTGEN 206-100] Generating core module 'dcmp_64ns_64ns_1_2_no_dsp_1': 1 instance(s).
INFO: [RTGEN 206-100] Generating core module 'faddfsub_32ns_32ns_32_7_full_dsp_1': 6 instance(s).
INFO: [RTGEN 206-100] Generating core module 'fcmp_32ns_32ns_1_2_no_dsp_1': 5 instance(s).
INFO: [RTGEN 206-100] Generating core module 'fdiv_32ns_32ns_32_12_no_dsp_1': 2 instance(s).
INFO: [RTGEN 206-100] Generating core module 'fmul_32ns_32ns_32_4_max_dsp_1': 3 instance(s).
INFO: [RTGEN 206-100] Generating core module 'fpext_32ns_64_2_no_dsp_1': 1 instance(s).
INFO: [RTGEN 206-100] Generating core module 'mul_32ns_34ns_65_2_1': 1 instance(s).
INFO: [RTGEN 206-100] Generating core module 'mul_7ns_8ns_13_1_1': 2 instance(s).
INFO: [RTGEN 206-100] Generating core module 'mul_7ns_9ns_15_1_1': 2 instance(s).
INFO: [RTGEN 206-100] Generating core module 'mul_8ns_8ns_13_1_1': 1 instance(s).
INFO: [RTGEN 206-100] Generating core module 'sitofp_32ns_32_4_no_dsp_1': 2 instance(s).
INFO: [RTGEN 206-100] Generating core module 'sparsemux_7_2_32_1_1': 3 instance(s).
INFO: [RTGEN 206-100] Generating core module 'sparsemux_7_2_32_1_1_x': 2 instance(s).
INFO: [RTGEN 206-100] Generating core module 'urem_7ns_3ns_2_11_1': 1 instance(s).
INFO: [RTGEN 206-100] Finished creating RTL model for 'do_compute_Pipeline_VITIS_LOOP_109_9_VITIS_LOOP_110_10'.
INFO: [HLS 200-111] Finished Creating RTL model: CPU user time: 0.42 seconds. CPU system time: 0.01 seconds. Elapsed time: 0.51 seconds; current allocated memory: 438.016 MB.
INFO: [HLS 200-10] ----------------------------------------------------------------
INFO: [HLS 200-10] -- Generating RTL for module 'do_compute_Pipeline_PROPAGATION_ROWS_PROPAGATION_COLS' 
INFO: [HLS 200-10] ----------------------------------------------------------------
INFO: [HLS 200-1030] Apply Unified Pipeline Control on module 'do_compute_Pipeline_PROPAGATION_ROWS_PROPAGATION_COLS' pipeline 'PROPAGATION_ROWS_PROPAGATION_COLS' pipeline type 'loop pipeline'
INFO: [RTGEN 206-100] Generating core module 'dcmp_64ns_64ns_1_2_no_dsp_1': 1 instance(s).
INFO: [RTGEN 206-100] Generating core module 'fcmp_32ns_32ns_1_2_no_dsp_1': 1 instance(s).
INFO: [RTGEN 206-100] Generating core module 'fmul_32ns_32ns_32_4_max_dsp_1': 5 instance(s).
INFO: [RTGEN 206-100] Generating core module 'fpext_32ns_64_2_no_dsp_1': 1 instance(s).
INFO: [RTGEN 206-100] Generating core module 'mac_muladd_7ns_7ns_7ns_13_4_1': 1 instance(s).
INFO: [RTGEN 206-100] Generating core module 'mul_7ns_9ns_15_1_1': 1 instance(s).
INFO: [RTGEN 206-100] Generating core module 'sparsemux_7_2_32_1_1': 1 instance(s).
INFO: [RTGEN 206-100] Generating core module 'urem_7ns_3ns_2_11_1': 1 instance(s).
INFO: [RTGEN 206-100] Finished creating RTL model for 'do_compute_Pipeline_PROPAGATION_ROWS_PROPAGATION_COLS'.
INFO: [HLS 200-111] Finished Creating RTL model: CPU user time: 0.36 seconds. CPU system time: 0.02 seconds. Elapsed time: 0.44 seconds; current allocated memory: 447.105 MB.
INFO: [HLS 200-10] ----------------------------------------------------------------
INFO: [HLS 200-10] -- Generating RTL for module 'do_compute_Pipeline_VITIS_LOOP_234_13_VITIS_LOOP_235_14' 
INFO: [HLS 200-10] ----------------------------------------------------------------
INFO: [HLS 200-1030] Apply Unified Pipeline Control on module 'do_compute_Pipeline_VITIS_LOOP_234_13_VITIS_LOOP_235_14' pipeline 'VITIS_LOOP_234_13_VITIS_LOOP_235_14' pipeline type 'loop pipeline'
INFO: [RTGEN 206-100] Generating core module 'mac_muladd_7ns_7ns_7ns_13_4_1': 1 instance(s).
INFO: [RTGEN 206-100] Finished creating RTL model for 'do_compute_Pipeline_VITIS_LOOP_234_13_VITIS_LOOP_235_14'.
INFO: [HLS 200-111] Finished Creating RTL model: CPU user time: 0.12 seconds. CPU system time: 0.01 seconds. Elapsed time: 0.17 seconds; current allocated memory: 450.348 MB.
INFO: [HLS 200-10] ----------------------------------------------------------------
INFO: [HLS 200-10] -- Generating RTL for module 'do_compute_Pipeline_VITIS_LOOP_249_16_VITIS_LOOP_250_17' 
INFO: [HLS 200-10] ----------------------------------------------------------------
INFO: [HLS 200-1030] Apply Unified Pipeline Control on module 'do_compute_Pipeline_VITIS_LOOP_249_16_VITIS_LOOP_250_17' pipeline 'VITIS_LOOP_249_16_VITIS_LOOP_250_17' pipeline type 'loop pipeline'
INFO: [RTGEN 206-100] Generating core module 'fcmp_32ns_32ns_1_2_no_dsp_1': 1 instance(s).
INFO: [RTGEN 206-100] Generating core module 'fdiv_32ns_32ns_32_12_no_dsp_1': 1 instance(s).
INFO: [RTGEN 206-100] Generating core module 'mul_7ns_9ns_15_1_1': 1 instance(s).
INFO: [RTGEN 206-100] Generating core module 'sitofp_32s_32_4_no_dsp_1': 1 instance(s).
INFO: [RTGEN 206-100] Generating core module 'sparsemux_7_2_32_1_1': 1 instance(s).
INFO: [RTGEN 206-100] Generating core module 'urem_7ns_3ns_2_11_1': 1 instance(s).
INFO: [RTGEN 206-100] Finished creating RTL model for 'do_compute_Pipeline_VITIS_LOOP_249_16_VITIS_LOOP_250_17'.
INFO: [HLS 200-111] Finished Creating RTL model: CPU user time: 0.11 seconds. CPU system time: 0.01 seconds. Elapsed time: 0.16 seconds; current allocated memory: 452.176 MB.
