

================================================================
== Vitis HLS Report for 'do_compute_Pipeline_VITIS_LOOP_53_1_VITIS_LOOP_54_2'
================================================================
* Date:           Sun May 17 18:42:44 2026

* Version:        2024.1 (Build 5069499 on May 21 2024)
* Project:        .small_mountains_base_enabled
* Solution:       solution_FLOOD_HLS_base (Vivado IP Flow Target)
* Product family: virtexuplusHBM
* Target device:  xcu50-fsvh2104-2-e


================================================================
== Performance Estimates
================================================================
+ Timing: 
    * Summary: 
    +--------+---------+----------+------------+
    |  Clock |  Target | Estimated| Uncertainty|
    +--------+---------+----------+------------+
    |ap_clk  |  4.00 ns|  2.615 ns|     1.08 ns|
    +--------+---------+----------+------------+

+ Latency: 
    * Summary: 
    +---------+---------+-----------+-----------+------+------+-----------------------------------------------+
    |  Latency (cycles) |   Latency (absolute)  |   Interval  |                    Pipeline                   |
    |   min   |   max   |    min    |    max    |  min |  max |                      Type                     |
    +---------+---------+-----------+-----------+------+------+-----------------------------------------------+
    |     4812|     4812|  19.248 us|  19.248 us|  4801|  4801|  loop auto-rewind stp(delay=0 clock cycles(s))|
    +---------+---------+-----------+-----------+------+------+-----------------------------------------------+

    + Detail: 
        * Instance: 
        N/A

        * Loop: 
        +-----------------------------------+---------+---------+----------+-----------+-----------+------+----------+
        |                                   |  Latency (cycles) | Iteration|  Initiation Interval  | Trip |          |
        |             Loop Name             |   min   |   max   |  Latency |  achieved |   target  | Count| Pipelined|
        +-----------------------------------+---------+---------+----------+-----------+-----------+------+----------+
        |- VITIS_LOOP_53_1_VITIS_LOOP_54_2  |     4810|     4810|        12|          1|          1|  4800|       yes|
        +-----------------------------------+---------+---------+----------+-----------+-----------+------+----------+

============================================================
+ Verbose Summary: Synthesis Manager
============================================================
InlineROM: 1
ExposeGlobal: 0
============================================================
+ Verbose Summary: CDFG Model
============================================================
IsTopModel: 0
ResetActiveHigh: 1
IsCombinational: 0
IsDatapathOnly: 0
HasWiredReturn: 1
HasMFsm: 2
HasVarLatency: 1
IsPipeline: 0
IsRtlPipelined: 0
IsInstanceOverlapped: 0
IsDontTouch: 0
HasImplIP: 0
IsGatedGlobalClock: 0

+ Individual pipeline summary: 
  * Pipeline-0: initiation interval (II) = 1, depth = 12


============================================================
+ Verbose Summary: Schedule
============================================================
* Number of FSM states : 12
* Pipeline : 1
  Pipeline-0 : II = 1, D = 12, States = { 1 2 3 4 5 6 7 8 9 10 11 12 }
* Dataflow Pipeline: 0

* FSM state transitions: 
1 --> 2 
2 --> 3 
3 --> 4 
4 --> 5 
5 --> 6 
6 --> 7 
7 --> 8 
8 --> 9 
9 --> 10 
10 --> 11 
11 --> 12 
12 --> 

* FSM state operations: 

State 1 <SV = 0> <Delay = 2.61>
ST_1 : Operation 15 [1/1] (0.00ns)   --->   "%col_pos = alloca i32 1" [flood_HLS_base.cpp:52]   --->   Operation 15 'alloca' 'col_pos' <Predicate = true> <Delay = 0.00>
ST_1 : Operation 16 [1/1] (0.00ns)   --->   "%row_pos = alloca i32 1" [flood_HLS_base.cpp:52]   --->   Operation 16 'alloca' 'row_pos' <Predicate = true> <Delay = 0.00>
ST_1 : Operation 17 [1/1] (0.00ns)   --->   "%indvar_flatten = alloca i32 1"   --->   Operation 17 'alloca' 'indvar_flatten' <Predicate = true> <Delay = 0.00>
ST_1 : Operation 18 [1/1] (0.38ns)   --->   "%store_ln0 = store i13 0, i13 %indvar_flatten"   --->   Operation 18 'store' 'store_ln0' <Predicate = true> <Delay = 0.38>
ST_1 : Operation 19 [1/1] (0.38ns)   --->   "%store_ln52 = store i6 0, i6 %row_pos" [flood_HLS_base.cpp:52]   --->   Operation 19 'store' 'store_ln52' <Predicate = true> <Delay = 0.38>
ST_1 : Operation 20 [1/1] (0.38ns)   --->   "%store_ln52 = store i7 0, i7 %col_pos" [flood_HLS_base.cpp:52]   --->   Operation 20 'store' 'store_ln52' <Predicate = true> <Delay = 0.38>
ST_1 : Operation 21 [1/1] (0.00ns)   --->   "%br_ln0 = br void %VITIS_LOOP_63_3"   --->   Operation 21 'br' 'br_ln0' <Predicate = true> <Delay = 0.00>
ST_1 : Operation 22 [1/1] (0.00ns)   --->   "%indvar_flatten_load = load i13 %indvar_flatten" [flood_HLS_base.cpp:53]   --->   Operation 22 'load' 'indvar_flatten_load' <Predicate = true> <Delay = 0.00>
ST_1 : Operation 23 [1/1] (0.75ns)   --->   "%icmp_ln53 = icmp_eq  i13 %indvar_flatten_load, i13 4800" [flood_HLS_base.cpp:53]   --->   Operation 23 'icmp' 'icmp_ln53' <Predicate = true> <Delay = 0.75> <CoreInst = "Cmp">   --->   Core 9 'Cmp' <Latency = 0> <II = 1> <Delay = 0.75> <FuncUnit> <Opcode : 'seteq' 'setne' 'setle' 'setge' 'setlt' 'setgt'> <InPorts = 2> <OutPorts = 1>
ST_1 : Operation 24 [1/1] (0.75ns)   --->   "%add_ln53_1 = add i13 %indvar_flatten_load, i13 1" [flood_HLS_base.cpp:53]   --->   Operation 24 'add' 'add_ln53_1' <Predicate = true> <Delay = 0.75> <CoreInst = "Adder">   --->   Core 1 'Adder' <Latency = 0> <II = 1> <Delay = 0.75> <FuncUnit> <Opcode : 'add' 'sub'> <InPorts = 2> <OutPorts = 1>
ST_1 : Operation 25 [1/1] (0.00ns)   --->   "%br_ln53 = br i1 %icmp_ln53, void %for.inc26, void %VITIS_LOOP_70_4.exitStub" [flood_HLS_base.cpp:53]   --->   Operation 25 'br' 'br_ln53' <Predicate = true> <Delay = 0.00>
ST_1 : Operation 26 [1/1] (0.00ns)   --->   "%col_pos_load = load i7 %col_pos" [flood_HLS_base.cpp:54]   --->   Operation 26 'load' 'col_pos_load' <Predicate = (!icmp_ln53)> <Delay = 0.00>
ST_1 : Operation 27 [1/1] (0.00ns)   --->   "%row_pos_load = load i6 %row_pos" [flood_HLS_base.cpp:53]   --->   Operation 27 'load' 'row_pos_load' <Predicate = (!icmp_ln53)> <Delay = 0.00>
ST_1 : Operation 28 [1/1] (0.70ns)   --->   "%add_ln53 = add i6 %row_pos_load, i6 1" [flood_HLS_base.cpp:53]   --->   Operation 28 'add' 'add_ln53' <Predicate = (!icmp_ln53)> <Delay = 0.70> <CoreInst = "Adder">   --->   Core 1 'Adder' <Latency = 0> <II = 1> <Delay = 0.70> <FuncUnit> <Opcode : 'add' 'sub'> <InPorts = 2> <OutPorts = 1>
ST_1 : Operation 29 [1/1] (0.70ns)   --->   "%icmp_ln54 = icmp_eq  i7 %col_pos_load, i7 80" [flood_HLS_base.cpp:54]   --->   Operation 29 'icmp' 'icmp_ln54' <Predicate = (!icmp_ln53)> <Delay = 0.70> <CoreInst = "Cmp">   --->   Core 9 'Cmp' <Latency = 0> <II = 1> <Delay = 0.70> <FuncUnit> <Opcode : 'seteq' 'setne' 'setle' 'setge' 'setlt' 'setgt'> <InPorts = 2> <OutPorts = 1>
ST_1 : Operation 30 [1/1] (0.30ns)   --->   "%select_ln52 = select i1 %icmp_ln54, i7 0, i7 %col_pos_load" [flood_HLS_base.cpp:52]   --->   Operation 30 'select' 'select_ln52' <Predicate = (!icmp_ln53)> <Delay = 0.30> <CoreInst = "Sel">   --->   Core 73 'Sel' <Latency = 0> <II = 1> <Delay = 0.30> <FuncUnit> <Opcode : 'select'> <InPorts = 3> <OutPorts = 1>
ST_1 : Operation 31 [1/1] (0.29ns)   --->   "%select_ln53 = select i1 %icmp_ln54, i6 %add_ln53, i6 %row_pos_load" [flood_HLS_base.cpp:53]   --->   Operation 31 'select' 'select_ln53' <Predicate = (!icmp_ln53)> <Delay = 0.29> <CoreInst = "Sel">   --->   Core 73 'Sel' <Latency = 0> <II = 1> <Delay = 0.29> <FuncUnit> <Opcode : 'select'> <InPorts = 3> <OutPorts = 1>
ST_1 : Operation 32 [11/11] (1.21ns)   --->   "%urem_ln52 = urem i7 %select_ln52, i7 3" [flood_HLS_base.cpp:52]   --->   Operation 32 'urem' 'urem_ln52' <Predicate = (!icmp_ln53)> <Delay = 1.21> <CoreInst = "Divider">   --->   Core 6 'Divider' <Latency = 10> <II = 1> <Delay = 1.21> <FuncUnit> <Opcode : 'udiv' 'sdiv' 'urem' 'srem'> <InPorts = 2> <OutPorts = 1>
ST_1 : Operation 33 [1/1] (0.70ns)   --->   "%add_ln54 = add i7 %select_ln52, i7 1" [flood_HLS_base.cpp:54]   --->   Operation 33 'add' 'add_ln54' <Predicate = (!icmp_ln53)> <Delay = 0.70> <CoreInst = "Adder">   --->   Core 1 'Adder' <Latency = 0> <II = 1> <Delay = 0.70> <FuncUnit> <Opcode : 'add' 'sub'> <InPorts = 2> <OutPorts = 1>
ST_1 : Operation 34 [1/1] (0.38ns)   --->   "%store_ln53 = store i13 %add_ln53_1, i13 %indvar_flatten" [flood_HLS_base.cpp:53]   --->   Operation 34 'store' 'store_ln53' <Predicate = (!icmp_ln53)> <Delay = 0.38>
ST_1 : Operation 35 [1/1] (0.38ns)   --->   "%store_ln52 = store i6 %select_ln53, i6 %row_pos" [flood_HLS_base.cpp:52]   --->   Operation 35 'store' 'store_ln52' <Predicate = (!icmp_ln53)> <Delay = 0.38>
ST_1 : Operation 36 [1/1] (0.38ns)   --->   "%store_ln52 = store i7 %add_ln54, i7 %col_pos" [flood_HLS_base.cpp:52]   --->   Operation 36 'store' 'store_ln52' <Predicate = (!icmp_ln53)> <Delay = 0.38>

State 2 <SV = 1> <Delay = 1.98>
ST_2 : Operation 37 [1/1] (0.00ns)   --->   "%zext_ln58 = zext i6 %select_ln53" [flood_HLS_base.cpp:58]   --->   Operation 37 'zext' 'zext_ln58' <Predicate = true> <Delay = 0.00>
ST_2 : Operation 38 [3/3] (0.99ns) (grouped into DSP with root node add_ln58)   --->   "%mul_ln58 = mul i11 %zext_ln58, i11 27" [flood_HLS_base.cpp:58]   --->   Operation 38 'mul' 'mul_ln58' <Predicate = true> <Delay = 0.99> <CoreInst = "DSP48">   --->   Core 124 'DSP48' <Latency = 3> <II = 1> <Delay = 0.53> <IPBlock> <Opcode : '' 'add' 'sub' 'mul' 'select'> <InPorts = 0> <OutPorts = 1> <Sync> <CReg>
ST_2 : Operation 39 [1/1] (0.00ns)   --->   "%tmp = bitconcatenate i12 @_ssdm_op_BitConcatenate.i12.i6.i6, i6 %select_ln53, i6 0" [flood_HLS_base.cpp:59]   --->   Operation 39 'bitconcatenate' 'tmp' <Predicate = true> <Delay = 0.00>
ST_2 : Operation 40 [1/1] (0.00ns)   --->   "%zext_ln59 = zext i12 %tmp" [flood_HLS_base.cpp:59]   --->   Operation 40 'zext' 'zext_ln59' <Predicate = true> <Delay = 0.00>
ST_2 : Operation 41 [1/1] (0.00ns)   --->   "%tmp_33 = bitconcatenate i10 @_ssdm_op_BitConcatenate.i10.i6.i4, i6 %select_ln53, i4 0" [flood_HLS_base.cpp:59]   --->   Operation 41 'bitconcatenate' 'tmp_33' <Predicate = true> <Delay = 0.00>
ST_2 : Operation 42 [1/1] (0.00ns)   --->   "%zext_ln59_1 = zext i10 %tmp_33" [flood_HLS_base.cpp:59]   --->   Operation 42 'zext' 'zext_ln59_1' <Predicate = true> <Delay = 0.00>
ST_2 : Operation 43 [1/1] (0.00ns) (grouped into TernaryAdder)   --->   "%add_ln59_1 = add i13 %zext_ln59, i13 %zext_ln59_1" [flood_HLS_base.cpp:59]   --->   Operation 43 'add' 'add_ln59_1' <Predicate = true> <Delay = 0.00> <CoreInst = "TAddSub">   --->   Core 10 'TAddSub' <Latency = 0> <II = 1> <Delay = 0.36> <IPBlock> <Opcode : '' 'add' 'sub'> <InPorts = 3> <OutPorts = 1> <Sync> <CReg>
ST_2 : Operation 44 [1/1] (0.00ns)   --->   "%zext_ln59_2 = zext i7 %select_ln52" [flood_HLS_base.cpp:59]   --->   Operation 44 'zext' 'zext_ln59_2' <Predicate = true> <Delay = 0.00>
ST_2 : Operation 45 [1/1] (0.73ns) (root node of TernaryAdder)   --->   "%add_ln59 = add i13 %add_ln59_1, i13 %zext_ln59_2" [flood_HLS_base.cpp:59]   --->   Operation 45 'add' 'add_ln59' <Predicate = true> <Delay = 0.73> <CoreInst = "TAddSub">   --->   Core 10 'TAddSub' <Latency = 0> <II = 1> <Delay = 0.36> <IPBlock> <Opcode : '' 'add' 'sub'> <InPorts = 3> <OutPorts = 1> <Sync> <CReg>
ST_2 : Operation 46 [1/1] (0.00ns)   --->   "%zext_ln59_3 = zext i13 %add_ln59" [flood_HLS_base.cpp:59]   --->   Operation 46 'zext' 'zext_ln59_3' <Predicate = true> <Delay = 0.00>
ST_2 : Operation 47 [1/1] (0.00ns)   --->   "%spillage_flag_addr = getelementptr i32 %spillage_flag, i64 0, i64 %zext_ln59_3" [flood_HLS_base.cpp:59]   --->   Operation 47 'getelementptr' 'spillage_flag_addr' <Predicate = true> <Delay = 0.00>
ST_2 : Operation 48 [1/1] (0.00ns)   --->   "%spillage_level_addr = getelementptr i32 %spillage_level, i64 0, i64 %zext_ln59_3" [flood_HLS_base.cpp:60]   --->   Operation 48 'getelementptr' 'spillage_level_addr' <Predicate = true> <Delay = 0.00>
ST_2 : Operation 49 [1/1] (0.00ns)   --->   "%spillage_from_neigh_addr = getelementptr i32 %spillage_from_neigh, i64 0, i64 %zext_ln59_3" [flood_HLS_base.cpp:64]   --->   Operation 49 'getelementptr' 'spillage_from_neigh_addr' <Predicate = true> <Delay = 0.00>
ST_2 : Operation 50 [1/1] (0.00ns)   --->   "%spillage_from_neigh_1_addr = getelementptr i32 %spillage_from_neigh_1, i64 0, i64 %zext_ln59_3" [flood_HLS_base.cpp:64]   --->   Operation 50 'getelementptr' 'spillage_from_neigh_1_addr' <Predicate = true> <Delay = 0.00>
ST_2 : Operation 51 [1/1] (0.00ns)   --->   "%spillage_from_neigh_2_addr = getelementptr i32 %spillage_from_neigh_2, i64 0, i64 %zext_ln59_3" [flood_HLS_base.cpp:64]   --->   Operation 51 'getelementptr' 'spillage_from_neigh_2_addr' <Predicate = true> <Delay = 0.00>
ST_2 : Operation 52 [1/1] (0.00ns)   --->   "%spillage_from_neigh_3_addr = getelementptr i32 %spillage_from_neigh_3, i64 0, i64 %zext_ln59_3" [flood_HLS_base.cpp:64]   --->   Operation 52 'getelementptr' 'spillage_from_neigh_3_addr' <Predicate = true> <Delay = 0.00>
ST_2 : Operation 53 [1/1] (0.00ns)   --->   "%zext_ln52 = zext i7 %select_ln52" [flood_HLS_base.cpp:52]   --->   Operation 53 'zext' 'zext_ln52' <Predicate = true> <Delay = 0.00>
ST_2 : Operation 54 [1/1] (1.46ns)   --->   "%mul_ln52 = mul i15 %zext_ln52, i15 171" [flood_HLS_base.cpp:52]   --->   Operation 54 'mul' 'mul_ln52' <Predicate = true> <Delay = 1.46> <CoreInst = "Multiplier">   --->   Core 3 'Multiplier' <Latency = 0> <II = 1> <Delay = 1.46> <FuncUnit> <Opcode : 'mul'> <InPorts = 2> <OutPorts = 1>
ST_2 : Operation 55 [1/1] (0.00ns)   --->   "%tmp_34 = partselect i6 @_ssdm_op_PartSelect.i6.i15.i32.i32, i15 %mul_ln52, i32 9, i32 14" [flood_HLS_base.cpp:52]   --->   Operation 55 'partselect' 'tmp_34' <Predicate = true> <Delay = 0.00>
ST_2 : Operation 56 [10/11] (1.21ns)   --->   "%urem_ln52 = urem i7 %select_ln52, i7 3" [flood_HLS_base.cpp:52]   --->   Operation 56 'urem' 'urem_ln52' <Predicate = true> <Delay = 1.21> <CoreInst = "Divider">   --->   Core 6 'Divider' <Latency = 10> <II = 1> <Delay = 1.21> <FuncUnit> <Opcode : 'udiv' 'sdiv' 'urem' 'srem'> <InPorts = 2> <OutPorts = 1>
ST_2 : Operation 57 [1/1] (1.24ns)   --->   "%store_ln59 = store i32 0, i13 %spillage_flag_addr" [flood_HLS_base.cpp:59]   --->   Operation 57 'store' 'store_ln59' <Predicate = true> <Delay = 1.24> <CoreInst = "RAM">   --->   Core 82 'RAM' <Latency = 1> <II = 1> <Delay = 1.24> <Storage> <Opcode : 'load' 'store'> <Ports = 2> <Width = 32> <Depth = 4800> <RAM>
ST_2 : Operation 58 [1/1] (1.24ns)   --->   "%store_ln60 = store i32 0, i13 %spillage_level_addr" [flood_HLS_base.cpp:60]   --->   Operation 58 'store' 'store_ln60' <Predicate = true> <Delay = 1.24> <CoreInst = "RAM">   --->   Core 82 'RAM' <Latency = 1> <II = 1> <Delay = 1.24> <Storage> <Opcode : 'load' 'store'> <Ports = 2> <Width = 32> <Depth = 4800> <RAM>
ST_2 : Operation 59 [1/1] (1.24ns)   --->   "%store_ln64 = store i32 0, i13 %spillage_from_neigh_addr" [flood_HLS_base.cpp:64]   --->   Operation 59 'store' 'store_ln64' <Predicate = true> <Delay = 1.24> <CoreInst = "RAM">   --->   Core 82 'RAM' <Latency = 1> <II = 1> <Delay = 1.24> <Storage> <Opcode : 'load' 'store'> <Ports = 2> <Width = 32> <Depth = 4800> <RAM>
ST_2 : Operation 60 [1/1] (1.24ns)   --->   "%store_ln64 = store i32 0, i13 %spillage_from_neigh_1_addr" [flood_HLS_base.cpp:64]   --->   Operation 60 'store' 'store_ln64' <Predicate = true> <Delay = 1.24> <CoreInst = "RAM">   --->   Core 82 'RAM' <Latency = 1> <II = 1> <Delay = 1.24> <Storage> <Opcode : 'load' 'store'> <Ports = 2> <Width = 32> <Depth = 4800> <RAM>
ST_2 : Operation 61 [1/1] (1.24ns)   --->   "%store_ln64 = store i32 0, i13 %spillage_from_neigh_2_addr" [flood_HLS_base.cpp:64]   --->   Operation 61 'store' 'store_ln64' <Predicate = true> <Delay = 1.24> <CoreInst = "RAM">   --->   Core 82 'RAM' <Latency = 1> <II = 1> <Delay = 1.24> <Storage> <Opcode : 'load' 'store'> <Ports = 2> <Width = 32> <Depth = 4800> <RAM>
ST_2 : Operation 62 [1/1] (1.24ns)   --->   "%store_ln64 = store i32 0, i13 %spillage_from_neigh_3_addr" [flood_HLS_base.cpp:64]   --->   Operation 62 'store' 'store_ln64' <Predicate = true> <Delay = 1.24> <CoreInst = "RAM">   --->   Core 82 'RAM' <Latency = 1> <II = 1> <Delay = 1.24> <Storage> <Opcode : 'load' 'store'> <Ports = 2> <Width = 32> <Depth = 4800> <RAM>
ST_2 : Operation 63 [1/1] (0.00ns)   --->   "%br_ln54 = br void %VITIS_LOOP_63_3" [flood_HLS_base.cpp:54]   --->   Operation 63 'br' 'br_ln54' <Predicate = true> <Delay = 0.00>

State 3 <SV = 2> <Delay = 1.21>
ST_3 : Operation 64 [2/3] (0.99ns) (grouped into DSP with root node add_ln58)   --->   "%mul_ln58 = mul i11 %zext_ln58, i11 27" [flood_HLS_base.cpp:58]   --->   Operation 64 'mul' 'mul_ln58' <Predicate = true> <Delay = 0.99> <CoreInst = "DSP48">   --->   Core 124 'DSP48' <Latency = 3> <II = 1> <Delay = 0.53> <IPBlock> <Opcode : '' 'add' 'sub' 'mul' 'select'> <InPorts = 0> <OutPorts = 1> <Sync> <CReg>
ST_3 : Operation 65 [9/11] (1.21ns)   --->   "%urem_ln52 = urem i7 %select_ln52, i7 3" [flood_HLS_base.cpp:52]   --->   Operation 65 'urem' 'urem_ln52' <Predicate = true> <Delay = 1.21> <CoreInst = "Divider">   --->   Core 6 'Divider' <Latency = 10> <II = 1> <Delay = 1.21> <FuncUnit> <Opcode : 'udiv' 'sdiv' 'urem' 'srem'> <InPorts = 2> <OutPorts = 1>

State 4 <SV = 3> <Delay = 1.21>
ST_4 : Operation 66 [1/3] (0.00ns) (grouped into DSP with root node add_ln58)   --->   "%mul_ln58 = mul i11 %zext_ln58, i11 27" [flood_HLS_base.cpp:58]   --->   Operation 66 'mul' 'mul_ln58' <Predicate = true> <Delay = 0.00> <CoreInst = "DSP48">   --->   Core 124 'DSP48' <Latency = 3> <II = 1> <Delay = 0.53> <IPBlock> <Opcode : '' 'add' 'sub' 'mul' 'select'> <InPorts = 0> <OutPorts = 1> <Sync> <CReg>
ST_4 : Operation 67 [1/1] (0.00ns)   --->   "%zext_ln58_1 = zext i6 %tmp_34" [flood_HLS_base.cpp:58]   --->   Operation 67 'zext' 'zext_ln58_1' <Predicate = true> <Delay = 0.00>
ST_4 : Operation 68 [2/2] (0.64ns) (root node of the DSP)   --->   "%add_ln58 = add i11 %mul_ln58, i11 %zext_ln58_1" [flood_HLS_base.cpp:58]   --->   Operation 68 'add' 'add_ln58' <Predicate = true> <Delay = 0.64> <CoreInst = "DSP48">   --->   Core 124 'DSP48' <Latency = 3> <II = 1> <Delay = 0.53> <IPBlock> <Opcode : '' 'add' 'sub' 'mul' 'select'> <InPorts = 0> <OutPorts = 1> <Sync> <CReg>
ST_4 : Operation 69 [8/11] (1.21ns)   --->   "%urem_ln52 = urem i7 %select_ln52, i7 3" [flood_HLS_base.cpp:52]   --->   Operation 69 'urem' 'urem_ln52' <Predicate = true> <Delay = 1.21> <CoreInst = "Divider">   --->   Core 6 'Divider' <Latency = 10> <II = 1> <Delay = 1.21> <FuncUnit> <Opcode : 'udiv' 'sdiv' 'urem' 'srem'> <InPorts = 2> <OutPorts = 1>

State 5 <SV = 4> <Delay = 1.21>
ST_5 : Operation 70 [1/2] (0.64ns) (root node of the DSP)   --->   "%add_ln58 = add i11 %mul_ln58, i11 %zext_ln58_1" [flood_HLS_base.cpp:58]   --->   Operation 70 'add' 'add_ln58' <Predicate = true> <Delay = 0.64> <CoreInst = "DSP48">   --->   Core 124 'DSP48' <Latency = 3> <II = 1> <Delay = 0.53> <IPBlock> <Opcode : '' 'add' 'sub' 'mul' 'select'> <InPorts = 0> <OutPorts = 1> <Sync> <CReg>
ST_5 : Operation 71 [7/11] (1.21ns)   --->   "%urem_ln52 = urem i7 %select_ln52, i7 3" [flood_HLS_base.cpp:52]   --->   Operation 71 'urem' 'urem_ln52' <Predicate = true> <Delay = 1.21> <CoreInst = "Divider">   --->   Core 6 'Divider' <Latency = 10> <II = 1> <Delay = 1.21> <FuncUnit> <Opcode : 'udiv' 'sdiv' 'urem' 'srem'> <InPorts = 2> <OutPorts = 1>

State 6 <SV = 5> <Delay = 1.21>
ST_6 : Operation 72 [6/11] (1.21ns)   --->   "%urem_ln52 = urem i7 %select_ln52, i7 3" [flood_HLS_base.cpp:52]   --->   Operation 72 'urem' 'urem_ln52' <Predicate = true> <Delay = 1.21> <CoreInst = "Divider">   --->   Core 6 'Divider' <Latency = 10> <II = 1> <Delay = 1.21> <FuncUnit> <Opcode : 'udiv' 'sdiv' 'urem' 'srem'> <InPorts = 2> <OutPorts = 1>

State 7 <SV = 6> <Delay = 1.21>
ST_7 : Operation 73 [5/11] (1.21ns)   --->   "%urem_ln52 = urem i7 %select_ln52, i7 3" [flood_HLS_base.cpp:52]   --->   Operation 73 'urem' 'urem_ln52' <Predicate = true> <Delay = 1.21> <CoreInst = "Divider">   --->   Core 6 'Divider' <Latency = 10> <II = 1> <Delay = 1.21> <FuncUnit> <Opcode : 'udiv' 'sdiv' 'urem' 'srem'> <InPorts = 2> <OutPorts = 1>

State 8 <SV = 7> <Delay = 1.21>
ST_8 : Operation 74 [4/11] (1.21ns)   --->   "%urem_ln52 = urem i7 %select_ln52, i7 3" [flood_HLS_base.cpp:52]   --->   Operation 74 'urem' 'urem_ln52' <Predicate = true> <Delay = 1.21> <CoreInst = "Divider">   --->   Core 6 'Divider' <Latency = 10> <II = 1> <Delay = 1.21> <FuncUnit> <Opcode : 'udiv' 'sdiv' 'urem' 'srem'> <InPorts = 2> <OutPorts = 1>

State 9 <SV = 8> <Delay = 1.21>
ST_9 : Operation 75 [3/11] (1.21ns)   --->   "%urem_ln52 = urem i7 %select_ln52, i7 3" [flood_HLS_base.cpp:52]   --->   Operation 75 'urem' 'urem_ln52' <Predicate = true> <Delay = 1.21> <CoreInst = "Divider">   --->   Core 6 'Divider' <Latency = 10> <II = 1> <Delay = 1.21> <FuncUnit> <Opcode : 'udiv' 'sdiv' 'urem' 'srem'> <InPorts = 2> <OutPorts = 1>

State 10 <SV = 9> <Delay = 1.21>
ST_10 : Operation 76 [2/11] (1.21ns)   --->   "%urem_ln52 = urem i7 %select_ln52, i7 3" [flood_HLS_base.cpp:52]   --->   Operation 76 'urem' 'urem_ln52' <Predicate = true> <Delay = 1.21> <CoreInst = "Divider">   --->   Core 6 'Divider' <Latency = 10> <II = 1> <Delay = 1.21> <FuncUnit> <Opcode : 'udiv' 'sdiv' 'urem' 'srem'> <InPorts = 2> <OutPorts = 1>

State 11 <SV = 10> <Delay = 1.88>
ST_11 : Operation 77 [1/11] (1.21ns)   --->   "%urem_ln52 = urem i7 %select_ln52, i7 3" [flood_HLS_base.cpp:52]   --->   Operation 77 'urem' 'urem_ln52' <Predicate = true> <Delay = 1.21> <CoreInst = "Divider">   --->   Core 6 'Divider' <Latency = 10> <II = 1> <Delay = 1.21> <FuncUnit> <Opcode : 'udiv' 'sdiv' 'urem' 'srem'> <InPorts = 2> <OutPorts = 1>
ST_11 : Operation 78 [1/1] (0.00ns)   --->   "%trunc_ln52 = trunc i2 %urem_ln52" [flood_HLS_base.cpp:52]   --->   Operation 78 'trunc' 'trunc_ln52' <Predicate = true> <Delay = 0.00>
ST_11 : Operation 79 [1/1] (0.66ns)   --->   "%switch_ln58 = switch i2 %trunc_ln52, void %arrayidx597.case.2, i2 0, void %arrayidx597.case.0, i2 1, void %arrayidx597.case.1" [flood_HLS_base.cpp:58]   --->   Operation 79 'switch' 'switch_ln58' <Predicate = true> <Delay = 0.66>
ST_11 : Operation 93 [1/1] (0.38ns)   --->   "%ret_ln0 = ret"   --->   Operation 93 'ret' 'ret_ln0' <Predicate = (icmp_ln53)> <Delay = 0.38>

State 12 <SV = 11> <Delay = 1.20>
ST_12 : Operation 80 [1/1] (0.00ns)   --->   "%specloopname_ln0 = specloopname void @_ssdm_op_SpecLoopName, void @VITIS_LOOP_53_1_VITIS_LOOP_54_2_str"   --->   Operation 80 'specloopname' 'specloopname_ln0' <Predicate = true> <Delay = 0.00>
ST_12 : Operation 81 [1/1] (0.00ns)   --->   "%speclooptripcount_ln0 = speclooptripcount void @_ssdm_op_SpecLoopTripCount, i64 4800, i64 4800, i64 4800"   --->   Operation 81 'speclooptripcount' 'speclooptripcount_ln0' <Predicate = true> <Delay = 0.00>
ST_12 : Operation 82 [1/1] (0.00ns)   --->   "%specpipeline_ln52 = specpipeline void @_ssdm_op_SpecPipeline, i32 4294967295, i32 0, i32 0, i32 0, void @empty_3" [flood_HLS_base.cpp:52]   --->   Operation 82 'specpipeline' 'specpipeline_ln52' <Predicate = true> <Delay = 0.00>
ST_12 : Operation 83 [1/1] (0.00ns)   --->   "%zext_ln58_2 = zext i11 %add_ln58" [flood_HLS_base.cpp:58]   --->   Operation 83 'zext' 'zext_ln58_2' <Predicate = true> <Delay = 0.00>
ST_12 : Operation 84 [1/1] (0.00ns)   --->   "%water_level_addr = getelementptr i32 %water_level, i64 0, i64 %zext_ln58_2" [flood_HLS_base.cpp:58]   --->   Operation 84 'getelementptr' 'water_level_addr' <Predicate = true> <Delay = 0.00>
ST_12 : Operation 85 [1/1] (0.00ns)   --->   "%water_level_1_addr = getelementptr i32 %water_level_1, i64 0, i64 %zext_ln58_2" [flood_HLS_base.cpp:58]   --->   Operation 85 'getelementptr' 'water_level_1_addr' <Predicate = true> <Delay = 0.00>
ST_12 : Operation 86 [1/1] (0.00ns)   --->   "%water_level_2_addr = getelementptr i32 %water_level_2, i64 0, i64 %zext_ln58_2" [flood_HLS_base.cpp:58]   --->   Operation 86 'getelementptr' 'water_level_2_addr' <Predicate = true> <Delay = 0.00>
ST_12 : Operation 87 [1/1] (1.20ns)   --->   "%store_ln58 = store i32 0, i11 %water_level_1_addr" [flood_HLS_base.cpp:58]   --->   Operation 87 'store' 'store_ln58' <Predicate = (trunc_ln52 == 1)> <Delay = 1.20> <CoreInst = "RAM_1WnR">   --->   Core 83 'RAM_1WnR' <Latency = 1> <II = 1> <Delay = 1.20> <Storage> <Opcode : 'load' 'store'> <Ports = 17> <Width = 32> <Depth = 1620> <RAM>
ST_12 : Operation 88 [1/1] (0.00ns)   --->   "%br_ln58 = br void %arrayidx597.exit" [flood_HLS_base.cpp:58]   --->   Operation 88 'br' 'br_ln58' <Predicate = (trunc_ln52 == 1)> <Delay = 0.00>
ST_12 : Operation 89 [1/1] (1.20ns)   --->   "%store_ln58 = store i32 0, i11 %water_level_addr" [flood_HLS_base.cpp:58]   --->   Operation 89 'store' 'store_ln58' <Predicate = (trunc_ln52 == 0)> <Delay = 1.20> <CoreInst = "RAM_1WnR">   --->   Core 83 'RAM_1WnR' <Latency = 1> <II = 1> <Delay = 1.20> <Storage> <Opcode : 'load' 'store'> <Ports = 17> <Width = 32> <Depth = 1620> <RAM>
ST_12 : Operation 90 [1/1] (0.00ns)   --->   "%br_ln58 = br void %arrayidx597.exit" [flood_HLS_base.cpp:58]   --->   Operation 90 'br' 'br_ln58' <Predicate = (trunc_ln52 == 0)> <Delay = 0.00>
ST_12 : Operation 91 [1/1] (1.20ns)   --->   "%store_ln58 = store i32 0, i11 %water_level_2_addr" [flood_HLS_base.cpp:58]   --->   Operation 91 'store' 'store_ln58' <Predicate = (trunc_ln52 != 0 & trunc_ln52 != 1)> <Delay = 1.20> <CoreInst = "RAM_1WnR">   --->   Core 83 'RAM_1WnR' <Latency = 1> <II = 1> <Delay = 1.20> <Storage> <Opcode : 'load' 'store'> <Ports = 17> <Width = 32> <Depth = 1620> <RAM>
ST_12 : Operation 92 [1/1] (0.00ns)   --->   "%br_ln58 = br void %arrayidx597.exit" [flood_HLS_base.cpp:58]   --->   Operation 92 'br' 'br_ln58' <Predicate = (trunc_ln52 != 0 & trunc_ln52 != 1)> <Delay = 0.00>


============================================================
+ Verbose Summary: Binding
============================================================
STG Binding: 
---------------- STG Properties BEGIN ----------------
- Is combinational: 0
- Is one-state seq: 0
- Is datapath-only: 0
- Is pipelined: 0
- Is top level: 0
Port [ Return ] is wired: 1; IO mode=ap_ctrl_hs:ce=0
Port [ spillage_flag]:  wired=1; compound=1; hidden=0; nouse=0; global=0; static=0; extern=0; dir=1; type=1; pingpong=0; private_global=0; MemPort=[03]; IO mode=ap_memory:ce=0
Port [ spillage_level]:  wired=1; compound=1; hidden=0; nouse=0; global=0; static=0; extern=0; dir=1; type=1; pingpong=0; private_global=0; MemPort=[03]; IO mode=ap_memory:ce=0
Port [ spillage_from_neigh]:  wired=1; compound=1; hidden=0; nouse=0; global=0; static=0; extern=0; dir=1; type=1; pingpong=0; private_global=0; MemPort=[03]; IO mode=ap_memory:ce=0
Port [ spillage_from_neigh_1]:  wired=1; compound=1; hidden=0; nouse=0; global=0; static=0; extern=0; dir=1; type=1; pingpong=0; private_global=0; MemPort=[03]; IO mode=ap_memory:ce=0
Port [ spillage_from_neigh_2]:  wired=1; compound=1; hidden=0; nouse=0; global=0; static=0; extern=0; dir=1; type=1; pingpong=0; private_global=0; MemPort=[03]; IO mode=ap_memory:ce=0
Port [ spillage_from_neigh_3]:  wired=1; compound=1; hidden=0; nouse=0; global=0; static=0; extern=0; dir=1; type=1; pingpong=0; private_global=0; MemPort=[03]; IO mode=ap_memory:ce=0
Port [ water_level]:  wired=1; compound=1; hidden=0; nouse=0; global=0; static=0; extern=0; dir=1; type=1; pingpong=0; private_global=0; MemPort=[03333333333333333]; IO mode=ap_memory:ce=0
Port [ water_level_1]:  wired=1; compound=1; hidden=0; nouse=0; global=0; static=0; extern=0; dir=1; type=1; pingpong=0; private_global=0; MemPort=[03333333333333333]; IO mode=ap_memory:ce=0
Port [ water_level_2]:  wired=1; compound=1; hidden=0; nouse=0; global=0; static=0; extern=0; dir=1; type=1; pingpong=0; private_global=0; MemPort=[03333333333333333]; IO mode=ap_memory:ce=0
---------------- STG Properties END ------------------

---------------- Datapath Model BEGIN ----------------

<LifeTime>
<method=bitvector/>
col_pos                    (alloca           ) [ 0100000000000]
row_pos                    (alloca           ) [ 0100000000000]
indvar_flatten             (alloca           ) [ 0100000000000]
store_ln0                  (store            ) [ 0000000000000]
store_ln52                 (store            ) [ 0000000000000]
store_ln52                 (store            ) [ 0000000000000]
br_ln0                     (br               ) [ 0000000000000]
indvar_flatten_load        (load             ) [ 0000000000000]
icmp_ln53                  (icmp             ) [ 0111111111110]
add_ln53_1                 (add              ) [ 0000000000000]
br_ln53                    (br               ) [ 0000000000000]
col_pos_load               (load             ) [ 0000000000000]
row_pos_load               (load             ) [ 0000000000000]
add_ln53                   (add              ) [ 0000000000000]
icmp_ln54                  (icmp             ) [ 0000000000000]
select_ln52                (select           ) [ 0111111111110]
select_ln53                (select           ) [ 0110000000000]
add_ln54                   (add              ) [ 0000000000000]
store_ln53                 (store            ) [ 0000000000000]
store_ln52                 (store            ) [ 0000000000000]
store_ln52                 (store            ) [ 0000000000000]
zext_ln58                  (zext             ) [ 0101100000000]
tmp                        (bitconcatenate   ) [ 0000000000000]
zext_ln59                  (zext             ) [ 0000000000000]
tmp_33                     (bitconcatenate   ) [ 0000000000000]
zext_ln59_1                (zext             ) [ 0000000000000]
add_ln59_1                 (add              ) [ 0000000000000]
zext_ln59_2                (zext             ) [ 0000000000000]
add_ln59                   (add              ) [ 0000000000000]
zext_ln59_3                (zext             ) [ 0000000000000]
spillage_flag_addr         (getelementptr    ) [ 0000000000000]
spillage_level_addr        (getelementptr    ) [ 0000000000000]
spillage_from_neigh_addr   (getelementptr    ) [ 0000000000000]
spillage_from_neigh_1_addr (getelementptr    ) [ 0000000000000]
spillage_from_neigh_2_addr (getelementptr    ) [ 0000000000000]
spillage_from_neigh_3_addr (getelementptr    ) [ 0000000000000]
zext_ln52                  (zext             ) [ 0000000000000]
mul_ln52                   (mul              ) [ 0000000000000]
tmp_34                     (partselect       ) [ 0101100000000]
store_ln59                 (store            ) [ 0000000000000]
store_ln60                 (store            ) [ 0000000000000]
store_ln64                 (store            ) [ 0000000000000]
store_ln64                 (store            ) [ 0000000000000]
store_ln64                 (store            ) [ 0000000000000]
store_ln64                 (store            ) [ 0000000000000]
br_ln54                    (br               ) [ 0000000000000]
mul_ln58                   (mul              ) [ 0100010000000]
zext_ln58_1                (zext             ) [ 0100010000000]
add_ln58                   (add              ) [ 0100001111111]
urem_ln52                  (urem             ) [ 0000000000000]
trunc_ln52                 (trunc            ) [ 0100000000001]
switch_ln58                (switch           ) [ 0000000000000]
specloopname_ln0           (specloopname     ) [ 0000000000000]
speclooptripcount_ln0      (speclooptripcount) [ 0000000000000]
specpipeline_ln52          (specpipeline     ) [ 0000000000000]
zext_ln58_2                (zext             ) [ 0000000000000]
water_level_addr           (getelementptr    ) [ 0000000000000]
water_level_1_addr         (getelementptr    ) [ 0000000000000]
water_level_2_addr         (getelementptr    ) [ 0000000000000]
store_ln58                 (store            ) [ 0000000000000]
br_ln58                    (br               ) [ 0000000000000]
store_ln58                 (store            ) [ 0000000000000]
br_ln58                    (br               ) [ 0000000000000]
store_ln58                 (store            ) [ 0000000000000]
br_ln58                    (br               ) [ 0000000000000]
ret_ln0                    (ret              ) [ 0000000000000]
</LifeTime>

<model>

<comp_list>
<comp id="0" class="1000" name="spillage_flag">
<pin_list>
<pin id="1" dir="1" index="0" bw="1" slack="0"/>
</pin_list>
<bind>
<StgValue><ssdm name="spillage_flag"/><MemPortTyVec>0 3 </MemPortTyVec>
</StgValue>
</bind>
</comp>

<comp id="2" class="1000" name="spillage_level">
<pin_list>
<pin id="3" dir="1" index="0" bw="1" slack="0"/>
</pin_list>
<bind>
<StgValue><ssdm name="spillage_level"/><MemPortTyVec>0 3 </MemPortTyVec>
</StgValue>
</bind>
</comp>

<comp id="4" class="1000" name="spillage_from_neigh">
<pin_list>
<pin id="5" dir="1" index="0" bw="1" slack="0"/>
</pin_list>
<bind>
<StgValue><ssdm name="spillage_from_neigh"/><MemPortTyVec>0 3 </MemPortTyVec>
</StgValue>
</bind>
</comp>

<comp id="6" class="1000" name="spillage_from_neigh_1">
<pin_list>
<pin id="7" dir="1" index="0" bw="1" slack="0"/>
</pin_list>
<bind>
<StgValue><ssdm name="spillage_from_neigh_1"/><MemPortTyVec>0 3 </MemPortTyVec>
</StgValue>
</bind>
</comp>

<comp id="8" class="1000" name="spillage_from_neigh_2">
<pin_list>
<pin id="9" dir="1" index="0" bw="1" slack="0"/>
</pin_list>
<bind>
<StgValue><ssdm name="spillage_from_neigh_2"/><MemPortTyVec>0 3 </MemPortTyVec>
</StgValue>
</bind>
</comp>

<comp id="10" class="1000" name="spillage_from_neigh_3">
<pin_list>
<pin id="11" dir="1" index="0" bw="1" slack="0"/>
</pin_list>
<bind>
<StgValue><ssdm name="spillage_from_neigh_3"/><MemPortTyVec>0 3 </MemPortTyVec>
</StgValue>
</bind>
</comp>

<comp id="12" class="1000" name="water_level">
<pin_list>
<pin id="13" dir="1" index="0" bw="1" slack="0"/>
</pin_list>
<bind>
<StgValue><ssdm name="water_level"/><MemPortTyVec>0 3 3 3 3 3 3 3 3 3 3 3 3 3 3 3 3 </MemPortTyVec>
</StgValue>
</bind>
</comp>

<comp id="14" class="1000" name="water_level_1">
<pin_list>
<pin id="15" dir="1" index="0" bw="1" slack="0"/>
</pin_list>
<bind>
<StgValue><ssdm name="water_level_1"/><MemPortTyVec>0 3 3 3 3 3 3 3 3 3 3 3 3 3 3 3 3 </MemPortTyVec>
</StgValue>
</bind>
</comp>

<comp id="16" class="1000" name="water_level_2">
<pin_list>
<pin id="17" dir="1" index="0" bw="1" slack="0"/>
</pin_list>
<bind>
<StgValue><ssdm name="water_level_2"/><MemPortTyVec>0 3 3 3 3 3 3 3 3 3 3 3 3 3 3 3 3 </MemPortTyVec>
</StgValue>
</bind>
</comp>

<comp id="18" class="1001" name="const_18">
<pin_list>
<pin id="19" dir="1" index="0" bw="1" slack="0"/>
</pin_list>
<bind>
<StgValue><ssdm name=""/></StgValue>
</bind>
</comp>

<comp id="20" class="1001" name="const_20">
<pin_list>
<pin id="21" dir="1" index="0" bw="1" slack="0"/>
</pin_list>
<bind>
<StgValue><ssdm name=""/></StgValue>
</bind>
</comp>

<comp id="22" class="1001" name="const_22">
<pin_list>
<pin id="23" dir="1" index="0" bw="1" slack="0"/>
</pin_list>
<bind>
<StgValue><ssdm name=""/></StgValue>
</bind>
</comp>

<comp id="24" class="1001" name="const_24">
<pin_list>
<pin id="25" dir="1" index="0" bw="1" slack="0"/>
</pin_list>
<bind>
<StgValue><ssdm name=""/></StgValue>
</bind>
</comp>

<comp id="26" class="1001" name="const_26">
<pin_list>
<pin id="27" dir="1" index="0" bw="1" slack="0"/>
</pin_list>
<bind>
<StgValue><ssdm name=""/></StgValue>
</bind>
</comp>

<comp id="28" class="1001" name="const_28">
<pin_list>
<pin id="29" dir="1" index="0" bw="1" slack="0"/>
</pin_list>
<bind>
<StgValue><ssdm name=""/></StgValue>
</bind>
</comp>

<comp id="30" class="1001" name="const_30">
<pin_list>
<pin id="31" dir="1" index="0" bw="1" slack="0"/>
</pin_list>
<bind>
<StgValue><ssdm name=""/></StgValue>
</bind>
</comp>

<comp id="32" class="1001" name="const_32">
<pin_list>
<pin id="33" dir="1" index="0" bw="1" slack="0"/>
</pin_list>
<bind>
<StgValue><ssdm name=""/></StgValue>
</bind>
</comp>

<comp id="34" class="1001" name="const_34">
<pin_list>
<pin id="35" dir="1" index="0" bw="1" slack="0"/>
</pin_list>
<bind>
<StgValue><ssdm name=""/></StgValue>
</bind>
</comp>

<comp id="36" class="1001" name="const_36">
<pin_list>
<pin id="37" dir="1" index="0" bw="1" slack="0"/>
</pin_list>
<bind>
<StgValue><ssdm name=""/></StgValue>
</bind>
</comp>

<comp id="38" class="1001" name="const_38">
<pin_list>
<pin id="39" dir="1" index="0" bw="1" slack="0"/>
</pin_list>
<bind>
<StgValue><ssdm name=""/></StgValue>
</bind>
</comp>

<comp id="40" class="1001" name="const_40">
<pin_list>
<pin id="41" dir="1" index="0" bw="1" slack="0"/>
</pin_list>
<bind>
<StgValue><ssdm name="_ssdm_op_BitConcatenate.i12.i6.i6"/></StgValue>
</bind>
</comp>

<comp id="42" class="1001" name="const_42">
<pin_list>
<pin id="43" dir="1" index="0" bw="1" slack="0"/>
</pin_list>
<bind>
<StgValue><ssdm name="_ssdm_op_BitConcatenate.i10.i6.i4"/></StgValue>
</bind>
</comp>

<comp id="44" class="1001" name="const_44">
<pin_list>
<pin id="45" dir="1" index="0" bw="1" slack="0"/>
</pin_list>
<bind>
<StgValue><ssdm name=""/></StgValue>
</bind>
</comp>

<comp id="46" class="1001" name="const_46">
<pin_list>
<pin id="47" dir="1" index="0" bw="1" slack="0"/>
</pin_list>
<bind>
<StgValue><ssdm name=""/></StgValue>
</bind>
</comp>

<comp id="48" class="1001" name="const_48">
<pin_list>
<pin id="49" dir="1" index="0" bw="1" slack="0"/>
</pin_list>
<bind>
<StgValue><ssdm name=""/></StgValue>
</bind>
</comp>

<comp id="50" class="1001" name="const_50">
<pin_list>
<pin id="51" dir="1" index="0" bw="1" slack="0"/>
</pin_list>
<bind>
<StgValue><ssdm name="_ssdm_op_PartSelect.i6.i15.i32.i32"/></StgValue>
</bind>
</comp>

<comp id="52" class="1001" name="const_52">
<pin_list>
<pin id="53" dir="1" index="0" bw="1" slack="0"/>
</pin_list>
<bind>
<StgValue><ssdm name=""/></StgValue>
</bind>
</comp>

<comp id="54" class="1001" name="const_54">
<pin_list>
<pin id="55" dir="1" index="0" bw="1" slack="0"/>
</pin_list>
<bind>
<StgValue><ssdm name=""/></StgValue>
</bind>
</comp>

<comp id="56" class="1001" name="const_56">
<pin_list>
<pin id="57" dir="1" index="0" bw="1" slack="0"/>
</pin_list>
<bind>
<StgValue><ssdm name=""/></StgValue>
</bind>
</comp>

<comp id="58" class="1001" name="const_58">
<pin_list>
<pin id="59" dir="1" index="0" bw="1" slack="2147483647"/>
</pin_list>
<bind>
<StgValue><ssdm name=""/></StgValue>
</bind>
</comp>

<comp id="60" class="1001" name="const_60">
<pin_list>
<pin id="61" dir="1" index="0" bw="1" slack="2147483647"/>
</pin_list>
<bind>
<StgValue><ssdm name=""/></StgValue>
</bind>
</comp>

<comp id="62" class="1001" name="const_62">
<pin_list>
<pin id="63" dir="1" index="0" bw="1" slack="2147483647"/>
</pin_list>
<bind>
<StgValue><ssdm name="_ssdm_op_SpecLoopName"/></StgValue>
</bind>
</comp>

<comp id="64" class="1001" name="const_64">
<pin_list>
<pin id="65" dir="1" index="0" bw="1" slack="2147483647"/>
</pin_list>
<bind>
<StgValue><ssdm name="VITIS_LOOP_53_1_VITIS_LOOP_54_2_str"/></StgValue>
</bind>
</comp>

<comp id="66" class="1001" name="const_66">
<pin_list>
<pin id="67" dir="1" index="0" bw="1" slack="2147483647"/>
</pin_list>
<bind>
<StgValue><ssdm name="_ssdm_op_SpecLoopTripCount"/></StgValue>
</bind>
</comp>

<comp id="68" class="1001" name="const_68">
<pin_list>
<pin id="69" dir="1" index="0" bw="1" slack="2147483647"/>
</pin_list>
<bind>
<StgValue><ssdm name=""/></StgValue>
</bind>
</comp>

<comp id="70" class="1001" name="const_70">
<pin_list>
<pin id="71" dir="1" index="0" bw="1" slack="2147483647"/>
</pin_list>
<bind>
<StgValue><ssdm name="_ssdm_op_SpecPipeline"/></StgValue>
</bind>
</comp>

<comp id="72" class="1001" name="const_72">
<pin_list>
<pin id="73" dir="1" index="0" bw="1" slack="2147483647"/>
</pin_list>
<bind>
<StgValue><ssdm name=""/></StgValue>
</bind>
</comp>

<comp id="74" class="1001" name="const_74">
<pin_list>
<pin id="75" dir="1" index="0" bw="1" slack="0"/>
</pin_list>
<bind>
<StgValue><ssdm name=""/></StgValue>
</bind>
</comp>

<comp id="76" class="1001" name="const_76">
<pin_list>
<pin id="77" dir="1" index="0" bw="1" slack="2147483647"/>
</pin_list>
<bind>
<StgValue><ssdm name="empty_3"/></StgValue>
</bind>
</comp>

<comp id="78" class="1004" name="col_pos_fu_78">
<pin_list>
<pin id="79" dir="0" index="0" bw="1" slack="0"/>
<pin id="80" dir="1" index="1" bw="7" slack="0"/>
</pin_list>
<bind>
<opcode="alloca(26) " fcode="alloca"/>
<opset="col_pos/1 "/>
</bind>
</comp>

<comp id="82" class="1004" name="row_pos_fu_82">
<pin_list>
<pin id="83" dir="0" index="0" bw="1" slack="0"/>
<pin id="84" dir="1" index="1" bw="6" slack="0"/>
</pin_list>
<bind>
<opcode="alloca(26) " fcode="alloca"/>
<opset="row_pos/1 "/>
</bind>
</comp>

<comp id="86" class="1004" name="indvar_flatten_fu_86">
<pin_list>
<pin id="87" dir="0" index="0" bw="1" slack="0"/>
<pin id="88" dir="1" index="1" bw="13" slack="0"/>
</pin_list>
<bind>
<opcode="alloca(26) " fcode="alloca"/>
<opset="indvar_flatten/1 "/>
</bind>
</comp>

<comp id="90" class="1004" name="spillage_flag_addr_gep_fu_90">
<pin_list>
<pin id="91" dir="0" index="0" bw="32" slack="0"/>
<pin id="92" dir="0" index="1" bw="1" slack="0"/>
<pin id="93" dir="0" index="2" bw="13" slack="0"/>
<pin id="94" dir="1" index="3" bw="13" slack="0"/>
</pin_list>
<bind>
<opcode="getelementptr(29) " fcode="getelementptr"/>
<opset="spillage_flag_addr/2 "/>
</bind>
</comp>

<comp id="97" class="1004" name="spillage_level_addr_gep_fu_97">
<pin_list>
<pin id="98" dir="0" index="0" bw="32" slack="0"/>
<pin id="99" dir="0" index="1" bw="1" slack="0"/>
<pin id="100" dir="0" index="2" bw="13" slack="0"/>
<pin id="101" dir="1" index="3" bw="13" slack="0"/>
</pin_list>
<bind>
<opcode="getelementptr(29) " fcode="getelementptr"/>
<opset="spillage_level_addr/2 "/>
</bind>
</comp>

<comp id="104" class="1004" name="spillage_from_neigh_addr_gep_fu_104">
<pin_list>
<pin id="105" dir="0" index="0" bw="32" slack="0"/>
<pin id="106" dir="0" index="1" bw="1" slack="0"/>
<pin id="107" dir="0" index="2" bw="13" slack="0"/>
<pin id="108" dir="1" index="3" bw="13" slack="0"/>
</pin_list>
<bind>
<opcode="getelementptr(29) " fcode="getelementptr"/>
<opset="spillage_from_neigh_addr/2 "/>
</bind>
</comp>

<comp id="111" class="1004" name="spillage_from_neigh_1_addr_gep_fu_111">
<pin_list>
<pin id="112" dir="0" index="0" bw="32" slack="0"/>
<pin id="113" dir="0" index="1" bw="1" slack="0"/>
<pin id="114" dir="0" index="2" bw="13" slack="0"/>
<pin id="115" dir="1" index="3" bw="13" slack="0"/>
</pin_list>
<bind>
<opcode="getelementptr(29) " fcode="getelementptr"/>
<opset="spillage_from_neigh_1_addr/2 "/>
</bind>
</comp>

<comp id="118" class="1004" name="spillage_from_neigh_2_addr_gep_fu_118">
<pin_list>
<pin id="119" dir="0" index="0" bw="32" slack="0"/>
<pin id="120" dir="0" index="1" bw="1" slack="0"/>
<pin id="121" dir="0" index="2" bw="13" slack="0"/>
<pin id="122" dir="1" index="3" bw="13" slack="0"/>
</pin_list>
<bind>
<opcode="getelementptr(29) " fcode="getelementptr"/>
<opset="spillage_from_neigh_2_addr/2 "/>
</bind>
</comp>

<comp id="125" class="1004" name="spillage_from_neigh_3_addr_gep_fu_125">
<pin_list>
<pin id="126" dir="0" index="0" bw="32" slack="0"/>
<pin id="127" dir="0" index="1" bw="1" slack="0"/>
<pin id="128" dir="0" index="2" bw="13" slack="0"/>
<pin id="129" dir="1" index="3" bw="13" slack="0"/>
</pin_list>
<bind>
<opcode="getelementptr(29) " fcode="getelementptr"/>
<opset="spillage_from_neigh_3_addr/2 "/>
</bind>
</comp>

<comp id="132" class="1004" name="store_ln59_access_fu_132">
<pin_list>
<pin id="133" dir="0" index="0" bw="13" slack="0"/>
<pin id="134" dir="0" index="1" bw="32" slack="0"/>
<pin id="135" dir="0" index="2" bw="0" slack="2147483647"/>
<pin id="136" dir="1" index="3" bw="32" slack="2147483647"/>
</pin_list>
<bind>
<opcode="store(28) " fcode="store"/>
<opset="store_ln59/2 "/>
</bind>
</comp>

<comp id="139" class="1004" name="store_ln60_access_fu_139">
<pin_list>
<pin id="140" dir="0" index="0" bw="13" slack="0"/>
<pin id="141" dir="0" index="1" bw="32" slack="0"/>
<pin id="142" dir="0" index="2" bw="0" slack="2147483647"/>
<pin id="143" dir="1" index="3" bw="32" slack="2147483647"/>
</pin_list>
<bind>
<opcode="store(28) " fcode="store"/>
<opset="store_ln60/2 "/>
</bind>
</comp>

<comp id="146" class="1004" name="store_ln64_access_fu_146">
<pin_list>
<pin id="147" dir="0" index="0" bw="13" slack="0"/>
<pin id="148" dir="0" index="1" bw="32" slack="0"/>
<pin id="149" dir="0" index="2" bw="0" slack="2147483647"/>
<pin id="150" dir="1" index="3" bw="32" slack="2147483647"/>
</pin_list>
<bind>
<opcode="store(28) " fcode="store"/>
<opset="store_ln64/2 "/>
</bind>
</comp>

<comp id="153" class="1004" name="store_ln64_access_fu_153">
<pin_list>
<pin id="154" dir="0" index="0" bw="13" slack="0"/>
<pin id="155" dir="0" index="1" bw="32" slack="0"/>
<pin id="156" dir="0" index="2" bw="0" slack="2147483647"/>
<pin id="157" dir="1" index="3" bw="32" slack="2147483647"/>
</pin_list>
<bind>
<opcode="store(28) " fcode="store"/>
<opset="store_ln64/2 "/>
</bind>
</comp>

<comp id="160" class="1004" name="store_ln64_access_fu_160">
<pin_list>
<pin id="161" dir="0" index="0" bw="13" slack="0"/>
<pin id="162" dir="0" index="1" bw="32" slack="0"/>
<pin id="163" dir="0" index="2" bw="0" slack="2147483647"/>
<pin id="164" dir="1" index="3" bw="32" slack="2147483647"/>
</pin_list>
<bind>
<opcode="store(28) " fcode="store"/>
<opset="store_ln64/2 "/>
</bind>
</comp>

<comp id="167" class="1004" name="store_ln64_access_fu_167">
<pin_list>
<pin id="168" dir="0" index="0" bw="13" slack="0"/>
<pin id="169" dir="0" index="1" bw="32" slack="0"/>
<pin id="170" dir="0" index="2" bw="0" slack="2147483647"/>
<pin id="171" dir="1" index="3" bw="32" slack="2147483647"/>
</pin_list>
<bind>
<opcode="store(28) " fcode="store"/>
<opset="store_ln64/2 "/>
</bind>
</comp>

<comp id="174" class="1004" name="water_level_addr_gep_fu_174">
<pin_list>
<pin id="175" dir="0" index="0" bw="32" slack="0"/>
<pin id="176" dir="0" index="1" bw="1" slack="0"/>
<pin id="177" dir="0" index="2" bw="11" slack="0"/>
<pin id="178" dir="1" index="3" bw="11" slack="0"/>
</pin_list>
<bind>
<opcode="getelementptr(29) " fcode="getelementptr"/>
<opset="water_level_addr/12 "/>
</bind>
</comp>

<comp id="181" class="1004" name="water_level_1_addr_gep_fu_181">
<pin_list>
<pin id="182" dir="0" index="0" bw="32" slack="0"/>
<pin id="183" dir="0" index="1" bw="1" slack="0"/>
<pin id="184" dir="0" index="2" bw="11" slack="0"/>
<pin id="185" dir="1" index="3" bw="11" slack="0"/>
</pin_list>
<bind>
<opcode="getelementptr(29) " fcode="getelementptr"/>
<opset="water_level_1_addr/12 "/>
</bind>
</comp>

<comp id="188" class="1004" name="water_level_2_addr_gep_fu_188">
<pin_list>
<pin id="189" dir="0" index="0" bw="32" slack="0"/>
<pin id="190" dir="0" index="1" bw="1" slack="0"/>
<pin id="191" dir="0" index="2" bw="11" slack="0"/>
<pin id="192" dir="1" index="3" bw="11" slack="0"/>
</pin_list>
<bind>
<opcode="getelementptr(29) " fcode="getelementptr"/>
<opset="water_level_2_addr/12 "/>
</bind>
</comp>

<comp id="195" class="1004" name="store_ln58_access_fu_195">
<pin_list>
<pin id="196" dir="0" index="0" bw="11" slack="0"/>
<pin id="197" dir="0" index="1" bw="32" slack="0"/>
<pin id="198" dir="0" index="2" bw="0" slack="2147483647"/>
<pin id="199" dir="1" index="3" bw="32" slack="2147483647"/>
</pin_list>
<bind>
<opcode="store(28) " fcode="store"/>
<opset="store_ln58/12 "/>
</bind>
</comp>

<comp id="202" class="1004" name="store_ln58_access_fu_202">
<pin_list>
<pin id="203" dir="0" index="0" bw="11" slack="0"/>
<pin id="204" dir="0" index="1" bw="32" slack="0"/>
<pin id="205" dir="0" index="2" bw="0" slack="2147483647"/>
<pin id="206" dir="1" index="3" bw="32" slack="2147483647"/>
</pin_list>
<bind>
<opcode="store(28) " fcode="store"/>
<opset="store_ln58/12 "/>
</bind>
</comp>

<comp id="209" class="1004" name="store_ln58_access_fu_209">
<pin_list>
<pin id="210" dir="0" index="0" bw="11" slack="0"/>
<pin id="211" dir="0" index="1" bw="32" slack="0"/>
<pin id="212" dir="0" index="2" bw="0" slack="2147483647"/>
<pin id="213" dir="1" index="3" bw="32" slack="2147483647"/>
</pin_list>
<bind>
<opcode="store(28) " fcode="store"/>
<opset="store_ln58/12 "/>
</bind>
</comp>

<comp id="216" class="1004" name="store_ln0_store_fu_216">
<pin_list>
<pin id="217" dir="0" index="0" bw="1" slack="0"/>
<pin id="218" dir="0" index="1" bw="13" slack="0"/>
<pin id="219" dir="1" index="2" bw="0" slack="2147483647"/>
</pin_list>
<bind>
<opcode="store(28) " fcode="store"/>
<opset="store_ln0/1 "/>
</bind>
</comp>

<comp id="221" class="1004" name="store_ln52_store_fu_221">
<pin_list>
<pin id="222" dir="0" index="0" bw="1" slack="0"/>
<pin id="223" dir="0" index="1" bw="6" slack="0"/>
<pin id="224" dir="1" index="2" bw="0" slack="2147483647"/>
</pin_list>
<bind>
<opcode="store(28) " fcode="store"/>
<opset="store_ln52/1 "/>
</bind>
</comp>

<comp id="226" class="1004" name="store_ln52_store_fu_226">
<pin_list>
<pin id="227" dir="0" index="0" bw="1" slack="0"/>
<pin id="228" dir="0" index="1" bw="7" slack="0"/>
<pin id="229" dir="1" index="2" bw="0" slack="2147483647"/>
</pin_list>
<bind>
<opcode="store(28) " fcode="store"/>
<opset="store_ln52/1 "/>
</bind>
</comp>

<comp id="231" class="1004" name="indvar_flatten_load_load_fu_231">
<pin_list>
<pin id="232" dir="0" index="0" bw="13" slack="0"/>
<pin id="233" dir="1" index="1" bw="13" slack="0"/>
</pin_list>
<bind>
<opcode="load(27) " fcode="load"/>
<opset="indvar_flatten_load/1 "/>
</bind>
</comp>

<comp id="234" class="1004" name="icmp_ln53_fu_234">
<pin_list>
<pin id="235" dir="0" index="0" bw="13" slack="0"/>
<pin id="236" dir="0" index="1" bw="13" slack="0"/>
<pin id="237" dir="1" index="2" bw="1" slack="10"/>
</pin_list>
<bind>
<opcode="icmp(45) " fcode="icmp"/>
<opset="icmp_ln53/1 "/>
</bind>
</comp>

<comp id="240" class="1004" name="add_ln53_1_fu_240">
<pin_list>
<pin id="241" dir="0" index="0" bw="13" slack="0"/>
<pin id="242" dir="0" index="1" bw="1" slack="0"/>
<pin id="243" dir="1" index="2" bw="13" slack="0"/>
</pin_list>
<bind>
<opcode="add(8) " fcode="add"/>
<opset="add_ln53_1/1 "/>
</bind>
</comp>

<comp id="246" class="1004" name="col_pos_load_load_fu_246">
<pin_list>
<pin id="247" dir="0" index="0" bw="7" slack="0"/>
<pin id="248" dir="1" index="1" bw="7" slack="0"/>
</pin_list>
<bind>
<opcode="load(27) " fcode="load"/>
<opset="col_pos_load/1 "/>
</bind>
</comp>

<comp id="249" class="1004" name="row_pos_load_load_fu_249">
<pin_list>
<pin id="250" dir="0" index="0" bw="6" slack="0"/>
<pin id="251" dir="1" index="1" bw="6" slack="0"/>
</pin_list>
<bind>
<opcode="load(27) " fcode="load"/>
<opset="row_pos_load/1 "/>
</bind>
</comp>

<comp id="252" class="1004" name="add_ln53_fu_252">
<pin_list>
<pin id="253" dir="0" index="0" bw="6" slack="0"/>
<pin id="254" dir="0" index="1" bw="1" slack="0"/>
<pin id="255" dir="1" index="2" bw="6" slack="0"/>
</pin_list>
<bind>
<opcode="add(8) " fcode="add"/>
<opset="add_ln53/1 "/>
</bind>
</comp>

<comp id="258" class="1004" name="icmp_ln54_fu_258">
<pin_list>
<pin id="259" dir="0" index="0" bw="7" slack="0"/>
<pin id="260" dir="0" index="1" bw="7" slack="0"/>
<pin id="261" dir="1" index="2" bw="1" slack="0"/>
</pin_list>
<bind>
<opcode="icmp(45) " fcode="icmp"/>
<opset="icmp_ln54/1 "/>
</bind>
</comp>

<comp id="264" class="1004" name="select_ln52_fu_264">
<pin_list>
<pin id="265" dir="0" index="0" bw="1" slack="0"/>
<pin id="266" dir="0" index="1" bw="1" slack="0"/>
<pin id="267" dir="0" index="2" bw="7" slack="0"/>
<pin id="268" dir="1" index="3" bw="7" slack="0"/>
</pin_list>
<bind>
<opcode="select(49) " fcode="select"/>
<opset="select_ln52/1 "/>
</bind>
</comp>

<comp id="272" class="1004" name="select_ln53_fu_272">
<pin_list>
<pin id="273" dir="0" index="0" bw="1" slack="0"/>
<pin id="274" dir="0" index="1" bw="6" slack="0"/>
<pin id="275" dir="0" index="2" bw="6" slack="0"/>
<pin id="276" dir="1" index="3" bw="6" slack="0"/>
</pin_list>
<bind>
<opcode="select(49) " fcode="select"/>
<opset="select_ln53/1 "/>
</bind>
</comp>

<comp id="280" class="1004" name="grp_fu_280">
<pin_list>
<pin id="281" dir="0" index="0" bw="7" slack="0"/>
<pin id="282" dir="0" index="1" bw="3" slack="0"/>
<pin id="283" dir="1" index="2" bw="2" slack="0"/>
</pin_list>
<bind>
<opcode="urem(17) " fcode="urem"/>
<opset="urem_ln52/1 "/>
</bind>
</comp>

<comp id="286" class="1004" name="add_ln54_fu_286">
<pin_list>
<pin id="287" dir="0" index="0" bw="7" slack="0"/>
<pin id="288" dir="0" index="1" bw="1" slack="0"/>
<pin id="289" dir="1" index="2" bw="7" slack="0"/>
</pin_list>
<bind>
<opcode="add(8) " fcode="add"/>
<opset="add_ln54/1 "/>
</bind>
</comp>

<comp id="292" class="1004" name="store_ln53_store_fu_292">
<pin_list>
<pin id="293" dir="0" index="0" bw="13" slack="0"/>
<pin id="294" dir="0" index="1" bw="13" slack="0"/>
<pin id="295" dir="1" index="2" bw="0" slack="2147483647"/>
</pin_list>
<bind>
<opcode="store(28) " fcode="store"/>
<opset="store_ln53/1 "/>
</bind>
</comp>

<comp id="297" class="1004" name="store_ln52_store_fu_297">
<pin_list>
<pin id="298" dir="0" index="0" bw="6" slack="0"/>
<pin id="299" dir="0" index="1" bw="6" slack="0"/>
<pin id="300" dir="1" index="2" bw="0" slack="2147483647"/>
</pin_list>
<bind>
<opcode="store(28) " fcode="store"/>
<opset="store_ln52/1 "/>
</bind>
</comp>

<comp id="302" class="1004" name="store_ln52_store_fu_302">
<pin_list>
<pin id="303" dir="0" index="0" bw="7" slack="0"/>
<pin id="304" dir="0" index="1" bw="7" slack="0"/>
<pin id="305" dir="1" index="2" bw="0" slack="2147483647"/>
</pin_list>
<bind>
<opcode="store(28) " fcode="store"/>
<opset="store_ln52/1 "/>
</bind>
</comp>

<comp id="307" class="1004" name="zext_ln58_fu_307">
<pin_list>
<pin id="308" dir="0" index="0" bw="6" slack="1"/>
<pin id="309" dir="1" index="1" bw="11" slack="0"/>
</pin_list>
<bind>
<opcode="zext(34) " fcode="zext"/>
<opset="zext_ln58/2 "/>
</bind>
</comp>

<comp id="310" class="1004" name="tmp_fu_310">
<pin_list>
<pin id="311" dir="0" index="0" bw="12" slack="0"/>
<pin id="312" dir="0" index="1" bw="6" slack="1"/>
<pin id="313" dir="0" index="2" bw="1" slack="0"/>
<pin id="314" dir="1" index="3" bw="12" slack="0"/>
</pin_list>
<bind>
<opcode="bitconcatenate(1004) " fcode="bitconcatenate"/>
<opset="tmp/2 "/>
</bind>
</comp>

<comp id="317" class="1004" name="zext_ln59_fu_317">
<pin_list>
<pin id="318" dir="0" index="0" bw="12" slack="0"/>
<pin id="319" dir="1" index="1" bw="13" slack="0"/>
</pin_list>
<bind>
<opcode="zext(34) " fcode="zext"/>
<opset="zext_ln59/2 "/>
</bind>
</comp>

<comp id="321" class="1004" name="tmp_33_fu_321">
<pin_list>
<pin id="322" dir="0" index="0" bw="10" slack="0"/>
<pin id="323" dir="0" index="1" bw="6" slack="1"/>
<pin id="324" dir="0" index="2" bw="1" slack="0"/>
<pin id="325" dir="1" index="3" bw="10" slack="0"/>
</pin_list>
<bind>
<opcode="bitconcatenate(1004) " fcode="bitconcatenate"/>
<opset="tmp_33/2 "/>
</bind>
</comp>

<comp id="328" class="1004" name="zext_ln59_1_fu_328">
<pin_list>
<pin id="329" dir="0" index="0" bw="10" slack="0"/>
<pin id="330" dir="1" index="1" bw="13" slack="0"/>
</pin_list>
<bind>
<opcode="zext(34) " fcode="zext"/>
<opset="zext_ln59_1/2 "/>
</bind>
</comp>

<comp id="332" class="1004" name="add_ln59_1_fu_332">
<pin_list>
<pin id="333" dir="0" index="0" bw="12" slack="0"/>
<pin id="334" dir="0" index="1" bw="10" slack="0"/>
<pin id="335" dir="1" index="2" bw="13" slack="0"/>
</pin_list>
<bind>
<opcode="add(8) " fcode="add"/>
<opset="add_ln59_1/2 "/>
</bind>
</comp>

<comp id="338" class="1004" name="zext_ln59_2_fu_338">
<pin_list>
<pin id="339" dir="0" index="0" bw="7" slack="1"/>
<pin id="340" dir="1" index="1" bw="13" slack="0"/>
</pin_list>
<bind>
<opcode="zext(34) " fcode="zext"/>
<opset="zext_ln59_2/2 "/>
</bind>
</comp>

<comp id="341" class="1004" name="add_ln59_fu_341">
<pin_list>
<pin id="342" dir="0" index="0" bw="13" slack="0"/>
<pin id="343" dir="0" index="1" bw="7" slack="0"/>
<pin id="344" dir="1" index="2" bw="13" slack="0"/>
</pin_list>
<bind>
<opcode="add(8) " fcode="add"/>
<opset="add_ln59/2 "/>
</bind>
</comp>

<comp id="347" class="1004" name="zext_ln59_3_fu_347">
<pin_list>
<pin id="348" dir="0" index="0" bw="13" slack="0"/>
<pin id="349" dir="1" index="1" bw="64" slack="0"/>
</pin_list>
<bind>
<opcode="zext(34) " fcode="zext"/>
<opset="zext_ln59_3/2 "/>
</bind>
</comp>

<comp id="357" class="1004" name="zext_ln52_fu_357">
<pin_list>
<pin id="358" dir="0" index="0" bw="7" slack="1"/>
<pin id="359" dir="1" index="1" bw="15" slack="0"/>
</pin_list>
<bind>
<opcode="zext(34) " fcode="zext"/>
<opset="zext_ln52/2 "/>
</bind>
</comp>

<comp id="360" class="1004" name="mul_ln52_fu_360">
<pin_list>
<pin id="361" dir="0" index="0" bw="7" slack="0"/>
<pin id="362" dir="0" index="1" bw="9" slack="0"/>
<pin id="363" dir="1" index="2" bw="15" slack="0"/>
</pin_list>
<bind>
<opcode="mul(12) " fcode="mul"/>
<opset="mul_ln52/2 "/>
</bind>
</comp>

<comp id="366" class="1004" name="tmp_34_fu_366">
<pin_list>
<pin id="367" dir="0" index="0" bw="6" slack="0"/>
<pin id="368" dir="0" index="1" bw="15" slack="0"/>
<pin id="369" dir="0" index="2" bw="5" slack="0"/>
<pin id="370" dir="0" index="3" bw="5" slack="0"/>
<pin id="371" dir="1" index="4" bw="6" slack="2"/>
</pin_list>
<bind>
<opcode="partselect(1002) " fcode="partselect"/>
<opset="tmp_34/2 "/>
</bind>
</comp>

<comp id="376" class="1004" name="zext_ln58_1_fu_376">
<pin_list>
<pin id="377" dir="0" index="0" bw="6" slack="2"/>
<pin id="378" dir="1" index="1" bw="11" slack="0"/>
</pin_list>
<bind>
<opcode="zext(34) " fcode="zext"/>
<opset="zext_ln58_1/4 "/>
</bind>
</comp>

<comp id="379" class="1004" name="trunc_ln52_fu_379">
<pin_list>
<pin id="380" dir="0" index="0" bw="2" slack="0"/>
<pin id="381" dir="1" index="1" bw="2" slack="1"/>
</pin_list>
<bind>
<opcode="trunc(33) " fcode="trunc"/>
<opset="trunc_ln52/11 "/>
</bind>
</comp>

<comp id="383" class="1004" name="zext_ln58_2_fu_383">
<pin_list>
<pin id="384" dir="0" index="0" bw="11" slack="7"/>
<pin id="385" dir="1" index="1" bw="64" slack="0"/>
</pin_list>
<bind>
<opcode="zext(34) " fcode="zext"/>
<opset="zext_ln58_2/12 "/>
</bind>
</comp>

<comp id="389" class="1007" name="grp_fu_389">
<pin_list>
<pin id="390" dir="0" index="0" bw="6" slack="0"/>
<pin id="391" dir="0" index="1" bw="5" slack="0"/>
<pin id="392" dir="0" index="2" bw="6" slack="0"/>
<pin id="393" dir="1" index="3" bw="11" slack="7"/>
</pin_list>
<bind>
<opcode="muladd(1172) " fcode="muladd"/>
<opset="mul_ln58/2 add_ln58/4 "/>
</bind>
</comp>

<comp id="397" class="1005" name="col_pos_reg_397">
<pin_list>
<pin id="398" dir="0" index="0" bw="7" slack="0"/>
<pin id="399" dir="1" index="1" bw="7" slack="0"/>
</pin_list>
<bind>
<opset="col_pos "/>
</bind>
</comp>

<comp id="404" class="1005" name="row_pos_reg_404">
<pin_list>
<pin id="405" dir="0" index="0" bw="6" slack="0"/>
<pin id="406" dir="1" index="1" bw="6" slack="0"/>
</pin_list>
<bind>
<opset="row_pos "/>
</bind>
</comp>

<comp id="411" class="1005" name="indvar_flatten_reg_411">
<pin_list>
<pin id="412" dir="0" index="0" bw="13" slack="0"/>
<pin id="413" dir="1" index="1" bw="13" slack="0"/>
</pin_list>
<bind>
<opset="indvar_flatten "/>
</bind>
</comp>

<comp id="418" class="1005" name="icmp_ln53_reg_418">
<pin_list>
<pin id="419" dir="0" index="0" bw="1" slack="10"/>
<pin id="420" dir="1" index="1" bw="1" slack="2147483647"/>
</pin_list>
<bind>
<opset="icmp_ln53 "/>
</bind>
</comp>

<comp id="422" class="1005" name="select_ln52_reg_422">
<pin_list>
<pin id="423" dir="0" index="0" bw="7" slack="1"/>
<pin id="424" dir="1" index="1" bw="7" slack="1"/>
</pin_list>
<bind>
<opset="select_ln52 "/>
</bind>
</comp>

<comp id="429" class="1005" name="select_ln53_reg_429">
<pin_list>
<pin id="430" dir="0" index="0" bw="6" slack="1"/>
<pin id="431" dir="1" index="1" bw="6" slack="1"/>
</pin_list>
<bind>
<opset="select_ln53 "/>
</bind>
</comp>

<comp id="436" class="1005" name="zext_ln58_reg_436">
<pin_list>
<pin id="437" dir="0" index="0" bw="11" slack="1"/>
<pin id="438" dir="1" index="1" bw="11" slack="1"/>
</pin_list>
<bind>
<opset="zext_ln58 "/>
</bind>
</comp>

<comp id="441" class="1005" name="tmp_34_reg_441">
<pin_list>
<pin id="442" dir="0" index="0" bw="6" slack="2"/>
<pin id="443" dir="1" index="1" bw="6" slack="2"/>
</pin_list>
<bind>
<opset="tmp_34 "/>
</bind>
</comp>

<comp id="446" class="1005" name="zext_ln58_1_reg_446">
<pin_list>
<pin id="447" dir="0" index="0" bw="11" slack="1"/>
<pin id="448" dir="1" index="1" bw="11" slack="1"/>
</pin_list>
<bind>
<opset="zext_ln58_1 "/>
</bind>
</comp>

<comp id="451" class="1005" name="add_ln58_reg_451">
<pin_list>
<pin id="452" dir="0" index="0" bw="11" slack="7"/>
<pin id="453" dir="1" index="1" bw="11" slack="7"/>
</pin_list>
<bind>
<opset="add_ln58 "/>
</bind>
</comp>

<comp id="456" class="1005" name="trunc_ln52_reg_456">
<pin_list>
<pin id="457" dir="0" index="0" bw="2" slack="1"/>
<pin id="458" dir="1" index="1" bw="2" slack="2147483647"/>
</pin_list>
<bind>
<opset="trunc_ln52 "/>
</bind>
</comp>

</comp_list>

<net_list>
<net id="81"><net_src comp="18" pin="0"/><net_sink comp="78" pin=0"/></net>

<net id="85"><net_src comp="18" pin="0"/><net_sink comp="82" pin=0"/></net>

<net id="89"><net_src comp="18" pin="0"/><net_sink comp="86" pin=0"/></net>

<net id="95"><net_src comp="0" pin="0"/><net_sink comp="90" pin=0"/></net>

<net id="96"><net_src comp="46" pin="0"/><net_sink comp="90" pin=1"/></net>

<net id="102"><net_src comp="2" pin="0"/><net_sink comp="97" pin=0"/></net>

<net id="103"><net_src comp="46" pin="0"/><net_sink comp="97" pin=1"/></net>

<net id="109"><net_src comp="4" pin="0"/><net_sink comp="104" pin=0"/></net>

<net id="110"><net_src comp="46" pin="0"/><net_sink comp="104" pin=1"/></net>

<net id="116"><net_src comp="6" pin="0"/><net_sink comp="111" pin=0"/></net>

<net id="117"><net_src comp="46" pin="0"/><net_sink comp="111" pin=1"/></net>

<net id="123"><net_src comp="8" pin="0"/><net_sink comp="118" pin=0"/></net>

<net id="124"><net_src comp="46" pin="0"/><net_sink comp="118" pin=1"/></net>

<net id="130"><net_src comp="10" pin="0"/><net_sink comp="125" pin=0"/></net>

<net id="131"><net_src comp="46" pin="0"/><net_sink comp="125" pin=1"/></net>

<net id="137"><net_src comp="56" pin="0"/><net_sink comp="132" pin=1"/></net>

<net id="138"><net_src comp="90" pin="3"/><net_sink comp="132" pin=0"/></net>

<net id="144"><net_src comp="56" pin="0"/><net_sink comp="139" pin=1"/></net>

<net id="145"><net_src comp="97" pin="3"/><net_sink comp="139" pin=0"/></net>

<net id="151"><net_src comp="56" pin="0"/><net_sink comp="146" pin=1"/></net>

<net id="152"><net_src comp="104" pin="3"/><net_sink comp="146" pin=0"/></net>

<net id="158"><net_src comp="56" pin="0"/><net_sink comp="153" pin=1"/></net>

<net id="159"><net_src comp="111" pin="3"/><net_sink comp="153" pin=0"/></net>

<net id="165"><net_src comp="56" pin="0"/><net_sink comp="160" pin=1"/></net>

<net id="166"><net_src comp="118" pin="3"/><net_sink comp="160" pin=0"/></net>

<net id="172"><net_src comp="56" pin="0"/><net_sink comp="167" pin=1"/></net>

<net id="173"><net_src comp="125" pin="3"/><net_sink comp="167" pin=0"/></net>

<net id="179"><net_src comp="12" pin="0"/><net_sink comp="174" pin=0"/></net>

<net id="180"><net_src comp="46" pin="0"/><net_sink comp="174" pin=1"/></net>

<net id="186"><net_src comp="14" pin="0"/><net_sink comp="181" pin=0"/></net>

<net id="187"><net_src comp="46" pin="0"/><net_sink comp="181" pin=1"/></net>

<net id="193"><net_src comp="16" pin="0"/><net_sink comp="188" pin=0"/></net>

<net id="194"><net_src comp="46" pin="0"/><net_sink comp="188" pin=1"/></net>

<net id="200"><net_src comp="74" pin="0"/><net_sink comp="195" pin=1"/></net>

<net id="201"><net_src comp="181" pin="3"/><net_sink comp="195" pin=0"/></net>

<net id="207"><net_src comp="74" pin="0"/><net_sink comp="202" pin=1"/></net>

<net id="208"><net_src comp="174" pin="3"/><net_sink comp="202" pin=0"/></net>

<net id="214"><net_src comp="74" pin="0"/><net_sink comp="209" pin=1"/></net>

<net id="215"><net_src comp="188" pin="3"/><net_sink comp="209" pin=0"/></net>

<net id="220"><net_src comp="20" pin="0"/><net_sink comp="216" pin=0"/></net>

<net id="225"><net_src comp="22" pin="0"/><net_sink comp="221" pin=0"/></net>

<net id="230"><net_src comp="24" pin="0"/><net_sink comp="226" pin=0"/></net>

<net id="238"><net_src comp="231" pin="1"/><net_sink comp="234" pin=0"/></net>

<net id="239"><net_src comp="26" pin="0"/><net_sink comp="234" pin=1"/></net>

<net id="244"><net_src comp="231" pin="1"/><net_sink comp="240" pin=0"/></net>

<net id="245"><net_src comp="28" pin="0"/><net_sink comp="240" pin=1"/></net>

<net id="256"><net_src comp="249" pin="1"/><net_sink comp="252" pin=0"/></net>

<net id="257"><net_src comp="30" pin="0"/><net_sink comp="252" pin=1"/></net>

<net id="262"><net_src comp="246" pin="1"/><net_sink comp="258" pin=0"/></net>

<net id="263"><net_src comp="32" pin="0"/><net_sink comp="258" pin=1"/></net>

<net id="269"><net_src comp="258" pin="2"/><net_sink comp="264" pin=0"/></net>

<net id="270"><net_src comp="24" pin="0"/><net_sink comp="264" pin=1"/></net>

<net id="271"><net_src comp="246" pin="1"/><net_sink comp="264" pin=2"/></net>

<net id="277"><net_src comp="258" pin="2"/><net_sink comp="272" pin=0"/></net>

<net id="278"><net_src comp="252" pin="2"/><net_sink comp="272" pin=1"/></net>

<net id="279"><net_src comp="249" pin="1"/><net_sink comp="272" pin=2"/></net>

<net id="284"><net_src comp="264" pin="3"/><net_sink comp="280" pin=0"/></net>

<net id="285"><net_src comp="34" pin="0"/><net_sink comp="280" pin=1"/></net>

<net id="290"><net_src comp="264" pin="3"/><net_sink comp="286" pin=0"/></net>

<net id="291"><net_src comp="36" pin="0"/><net_sink comp="286" pin=1"/></net>

<net id="296"><net_src comp="240" pin="2"/><net_sink comp="292" pin=0"/></net>

<net id="301"><net_src comp="272" pin="3"/><net_sink comp="297" pin=0"/></net>

<net id="306"><net_src comp="286" pin="2"/><net_sink comp="302" pin=0"/></net>

<net id="315"><net_src comp="40" pin="0"/><net_sink comp="310" pin=0"/></net>

<net id="316"><net_src comp="22" pin="0"/><net_sink comp="310" pin=2"/></net>

<net id="320"><net_src comp="310" pin="3"/><net_sink comp="317" pin=0"/></net>

<net id="326"><net_src comp="42" pin="0"/><net_sink comp="321" pin=0"/></net>

<net id="327"><net_src comp="44" pin="0"/><net_sink comp="321" pin=2"/></net>

<net id="331"><net_src comp="321" pin="3"/><net_sink comp="328" pin=0"/></net>

<net id="336"><net_src comp="317" pin="1"/><net_sink comp="332" pin=0"/></net>

<net id="337"><net_src comp="328" pin="1"/><net_sink comp="332" pin=1"/></net>

<net id="345"><net_src comp="332" pin="2"/><net_sink comp="341" pin=0"/></net>

<net id="346"><net_src comp="338" pin="1"/><net_sink comp="341" pin=1"/></net>

<net id="350"><net_src comp="341" pin="2"/><net_sink comp="347" pin=0"/></net>

<net id="351"><net_src comp="347" pin="1"/><net_sink comp="90" pin=2"/></net>

<net id="352"><net_src comp="347" pin="1"/><net_sink comp="97" pin=2"/></net>

<net id="353"><net_src comp="347" pin="1"/><net_sink comp="104" pin=2"/></net>

<net id="354"><net_src comp="347" pin="1"/><net_sink comp="111" pin=2"/></net>

<net id="355"><net_src comp="347" pin="1"/><net_sink comp="118" pin=2"/></net>

<net id="356"><net_src comp="347" pin="1"/><net_sink comp="125" pin=2"/></net>

<net id="364"><net_src comp="357" pin="1"/><net_sink comp="360" pin=0"/></net>

<net id="365"><net_src comp="48" pin="0"/><net_sink comp="360" pin=1"/></net>

<net id="372"><net_src comp="50" pin="0"/><net_sink comp="366" pin=0"/></net>

<net id="373"><net_src comp="360" pin="2"/><net_sink comp="366" pin=1"/></net>

<net id="374"><net_src comp="52" pin="0"/><net_sink comp="366" pin=2"/></net>

<net id="375"><net_src comp="54" pin="0"/><net_sink comp="366" pin=3"/></net>

<net id="382"><net_src comp="280" pin="2"/><net_sink comp="379" pin=0"/></net>

<net id="386"><net_src comp="383" pin="1"/><net_sink comp="174" pin=2"/></net>

<net id="387"><net_src comp="383" pin="1"/><net_sink comp="181" pin=2"/></net>

<net id="388"><net_src comp="383" pin="1"/><net_sink comp="188" pin=2"/></net>

<net id="394"><net_src comp="307" pin="1"/><net_sink comp="389" pin=0"/></net>

<net id="395"><net_src comp="38" pin="0"/><net_sink comp="389" pin=1"/></net>

<net id="396"><net_src comp="376" pin="1"/><net_sink comp="389" pin=2"/></net>

<net id="400"><net_src comp="78" pin="1"/><net_sink comp="397" pin=0"/></net>

<net id="401"><net_src comp="397" pin="1"/><net_sink comp="226" pin=1"/></net>

<net id="402"><net_src comp="397" pin="1"/><net_sink comp="246" pin=0"/></net>

<net id="403"><net_src comp="397" pin="1"/><net_sink comp="302" pin=1"/></net>

<net id="407"><net_src comp="82" pin="1"/><net_sink comp="404" pin=0"/></net>

<net id="408"><net_src comp="404" pin="1"/><net_sink comp="221" pin=1"/></net>

<net id="409"><net_src comp="404" pin="1"/><net_sink comp="249" pin=0"/></net>

<net id="410"><net_src comp="404" pin="1"/><net_sink comp="297" pin=1"/></net>

<net id="414"><net_src comp="86" pin="1"/><net_sink comp="411" pin=0"/></net>

<net id="415"><net_src comp="411" pin="1"/><net_sink comp="216" pin=1"/></net>

<net id="416"><net_src comp="411" pin="1"/><net_sink comp="231" pin=0"/></net>

<net id="417"><net_src comp="411" pin="1"/><net_sink comp="292" pin=1"/></net>

<net id="421"><net_src comp="234" pin="2"/><net_sink comp="418" pin=0"/></net>

<net id="425"><net_src comp="264" pin="3"/><net_sink comp="422" pin=0"/></net>

<net id="426"><net_src comp="422" pin="1"/><net_sink comp="338" pin=0"/></net>

<net id="427"><net_src comp="422" pin="1"/><net_sink comp="357" pin=0"/></net>

<net id="428"><net_src comp="422" pin="1"/><net_sink comp="280" pin=0"/></net>

<net id="432"><net_src comp="272" pin="3"/><net_sink comp="429" pin=0"/></net>

<net id="433"><net_src comp="429" pin="1"/><net_sink comp="307" pin=0"/></net>

<net id="434"><net_src comp="429" pin="1"/><net_sink comp="310" pin=1"/></net>

<net id="435"><net_src comp="429" pin="1"/><net_sink comp="321" pin=1"/></net>

<net id="439"><net_src comp="307" pin="1"/><net_sink comp="436" pin=0"/></net>

<net id="440"><net_src comp="436" pin="1"/><net_sink comp="389" pin=0"/></net>

<net id="444"><net_src comp="366" pin="4"/><net_sink comp="441" pin=0"/></net>

<net id="445"><net_src comp="441" pin="1"/><net_sink comp="376" pin=0"/></net>

<net id="449"><net_src comp="376" pin="1"/><net_sink comp="446" pin=0"/></net>

<net id="450"><net_src comp="446" pin="1"/><net_sink comp="389" pin=1"/></net>

<net id="454"><net_src comp="389" pin="3"/><net_sink comp="451" pin=0"/></net>

<net id="455"><net_src comp="451" pin="1"/><net_sink comp="383" pin=0"/></net>

<net id="459"><net_src comp="379" pin="1"/><net_sink comp="456" pin=0"/></net>

</net_list>

</model> 
---------------- Datapath Model END ------------------

* FSMD analyzer results:
  - Output states:
	Port: spillage_flag | {2 }
	Port: spillage_level | {2 }
	Port: spillage_from_neigh | {2 }
	Port: spillage_from_neigh_1 | {2 }
	Port: spillage_from_neigh_2 | {2 }
	Port: spillage_from_neigh_3 | {2 }
	Port: water_level | {12 }
	Port: water_level_1 | {12 }
	Port: water_level_2 | {12 }
 - Input state : 
  - Chain level:
	State 1
		store_ln0 : 1
		store_ln52 : 1
		store_ln52 : 1
		indvar_flatten_load : 1
		icmp_ln53 : 2
		add_ln53_1 : 2
		br_ln53 : 3
		col_pos_load : 1
		row_pos_load : 1
		add_ln53 : 2
		icmp_ln54 : 2
		select_ln52 : 3
		select_ln53 : 3
		urem_ln52 : 4
		add_ln54 : 4
		store_ln53 : 3
		store_ln52 : 4
		store_ln52 : 5
	State 2
		mul_ln58 : 1
		zext_ln59 : 1
		zext_ln59_1 : 1
		add_ln59_1 : 2
		add_ln59 : 3
		zext_ln59_3 : 4
		spillage_flag_addr : 5
		spillage_level_addr : 5
		spillage_from_neigh_addr : 5
		spillage_from_neigh_1_addr : 5
		spillage_from_neigh_2_addr : 5
		spillage_from_neigh_3_addr : 5
		mul_ln52 : 1
		tmp_34 : 2
		store_ln59 : 6
		store_ln60 : 6
		store_ln64 : 6
		store_ln64 : 6
		store_ln64 : 6
		store_ln64 : 6
	State 3
	State 4
		add_ln58 : 1
	State 5
	State 6
	State 7
	State 8
	State 9
	State 10
	State 11
		trunc_ln52 : 1
		switch_ln58 : 2
	State 12
		water_level_addr : 1
		water_level_1_addr : 1
		water_level_2_addr : 1
		store_ln58 : 2
		store_ln58 : 2
		store_ln58 : 2


============================================================
+ Verbose Summary: Datapath Resource usage 
============================================================

* Functional unit list:
|----------|--------------------|---------|---------|---------|
| Operation|   Functional Unit  |   DSP   |    FF   |   LUT   |
|----------|--------------------|---------|---------|---------|
|   urem   |     grp_fu_280     |    0    |   158   |    87   |
|----------|--------------------|---------|---------|---------|
|          |  add_ln53_1_fu_240 |    0    |    0    |    20   |
|          |   add_ln53_fu_252  |    0    |    0    |    13   |
|    add   |   add_ln54_fu_286  |    0    |    0    |    14   |
|          |  add_ln59_1_fu_332 |    0    |    0    |    17   |
|          |   add_ln59_fu_341  |    0    |    0    |    17   |
|----------|--------------------|---------|---------|---------|
|    mul   |   mul_ln52_fu_360  |    0    |    0    |    49   |
|----------|--------------------|---------|---------|---------|
|   icmp   |  icmp_ln53_fu_234  |    0    |    0    |    20   |
|          |  icmp_ln54_fu_258  |    0    |    0    |    14   |
|----------|--------------------|---------|---------|---------|
|  select  | select_ln52_fu_264 |    0    |    0    |    7    |
|          | select_ln53_fu_272 |    0    |    0    |    6    |
|----------|--------------------|---------|---------|---------|
|  muladd  |     grp_fu_389     |    1    |    0    |    0    |
|----------|--------------------|---------|---------|---------|
|          |  zext_ln58_fu_307  |    0    |    0    |    0    |
|          |  zext_ln59_fu_317  |    0    |    0    |    0    |
|          | zext_ln59_1_fu_328 |    0    |    0    |    0    |
|   zext   | zext_ln59_2_fu_338 |    0    |    0    |    0    |
|          | zext_ln59_3_fu_347 |    0    |    0    |    0    |
|          |  zext_ln52_fu_357  |    0    |    0    |    0    |
|          | zext_ln58_1_fu_376 |    0    |    0    |    0    |
|          | zext_ln58_2_fu_383 |    0    |    0    |    0    |
|----------|--------------------|---------|---------|---------|
|bitconcatenate|     tmp_fu_310     |    0    |    0    |    0    |
|          |    tmp_33_fu_321   |    0    |    0    |    0    |
|----------|--------------------|---------|---------|---------|
|partselect|    tmp_34_fu_366   |    0    |    0    |    0    |
|----------|--------------------|---------|---------|---------|
|   trunc  |  trunc_ln52_fu_379 |    0    |    0    |    0    |
|----------|--------------------|---------|---------|---------|
|   Total  |                    |    1    |   158   |   264   |
|----------|--------------------|---------|---------|---------|

Memories:
N/A

* Register list:
+----------------------+--------+
|                      |   FF   |
+----------------------+--------+
|   add_ln58_reg_451   |   11   |
|    col_pos_reg_397   |    7   |
|   icmp_ln53_reg_418  |    1   |
|indvar_flatten_reg_411|   13   |
|    row_pos_reg_404   |    6   |
|  select_ln52_reg_422 |    7   |
|  select_ln53_reg_429 |    6   |
|    tmp_34_reg_441    |    6   |
|  trunc_ln52_reg_456  |    2   |
|  zext_ln58_1_reg_446 |   11   |
|   zext_ln58_reg_436  |   11   |
+----------------------+--------+
|         Total        |   81   |
+----------------------+--------+

* Multiplexer (MUX) list: 
|------------|------|------|------|--------||---------||---------||---------|
|    Comp    |  Pin | Size |  BW  | S x BW ||  Delay  ||    FF   ||   LUT   |
|------------|------|------|------|--------||---------||---------||---------|
| grp_fu_280 |  p0  |   2  |   7  |   14   ||    0    ||    9    |
| grp_fu_389 |  p0  |   2  |   6  |   12   ||    0    ||    9    |
| grp_fu_389 |  p1  |   2  |   5  |   10   ||    0    ||    9    |
|------------|------|------|------|--------||---------||---------||---------|
|    Total   |      |      |      |   36   ||  1.161  ||    0    ||    27   |
|------------|------|------|------|--------||---------||---------||---------|



* Summary:
+-----------+--------+--------+--------+--------+
|           |   DSP  |  Delay |   FF   |   LUT  |
+-----------+--------+--------+--------+--------+
|  Function |    1   |    -   |   158  |   264  |
|   Memory  |    -   |    -   |    -   |    -   |
|Multiplexer|    -   |    1   |    0   |   27   |
|  Register |    -   |    -   |   81   |    -   |
+-----------+--------+--------+--------+--------+
|   Total   |    1   |    1   |   239  |   291  |
+-----------+--------+--------+--------+--------+
