

================================================================
== Vitis HLS Report for 'do_compute_Pipeline_PROPAGATION_ROWS_PROPAGATION_COLS'
================================================================
* Date:           Sun May 17 18:42:46 2026

* Version:        2024.1 (Build 5069499 on May 21 2024)
* Project:        .small_mountains_base_enabled
* Solution:       solution_FLOOD_HLS_base (Vivado IP Flow Target)
* Product family: virtexuplusHBM
* Target device:  xcu50-fsvh2104-2-e


================================================================
== Performance Estimates
================================================================
+ Timing: 
    * Summary: 
    +--------+---------+----------+------------+
    |  Clock |  Target | Estimated| Uncertainty|
    +--------+---------+----------+------------+
    |ap_clk  |  4.00 ns|  2.897 ns|     1.08 ns|
    +--------+---------+----------+------------+

+ Latency: 
    * Summary: 
    +---------+---------+-----------+-----------+------+------+-----------------------------------------------+
    |  Latency (cycles) |   Latency (absolute)  |   Interval  |                    Pipeline                   |
    |   min   |   max   |    min    |    max    |  min |  max |                      Type                     |
    +---------+---------+-----------+-----------+------+------+-----------------------------------------------+
    |     9617|     9617|  38.468 us|  38.468 us|  9602|  9602|  loop auto-rewind stp(delay=0 clock cycles(s))|
    +---------+---------+-----------+-----------+------+------+-----------------------------------------------+

    + Detail: 
        * Instance: 
        N/A

        * Loop: 
        +-------------------------------------+---------+---------+----------+-----------+-----------+------+----------+
        |                                     |  Latency (cycles) | Iteration|  Initiation Interval  | Trip |          |
        |              Loop Name              |   min   |   max   |  Latency |  achieved |   target  | Count| Pipelined|
        +-------------------------------------+---------+---------+----------+-----------+-----------+------+----------+
        |- PROPAGATION_ROWS_PROPAGATION_COLS  |     9615|     9615|        18|          2|          1|  4800|       yes|
        +-------------------------------------+---------+---------+----------+-----------+-----------+------+----------+

============================================================
+ Verbose Summary: Synthesis Manager
============================================================
InlineROM: 1
ExposeGlobal: 0
============================================================
+ Verbose Summary: CDFG Model
============================================================
IsTopModel: 0
ResetActiveHigh: 1
IsCombinational: 0
IsDatapathOnly: 0
HasWiredReturn: 1
HasMFsm: 2
HasVarLatency: 1
IsPipeline: 0
IsRtlPipelined: 0
IsInstanceOverlapped: 0
IsDontTouch: 0
HasImplIP: 0
IsGatedGlobalClock: 0

+ Individual pipeline summary: 
  * Pipeline-0: initiation interval (II) = 2, depth = 18


============================================================
+ Verbose Summary: Schedule
============================================================
* Number of FSM states : 18
* Pipeline : 1
  Pipeline-0 : II = 2, D = 18, States = { 1 2 3 4 5 6 7 8 9 10 11 12 13 14 15 16 17 18 }
* Dataflow Pipeline: 0

* FSM state transitions: 
1 --> 2 
2 --> 3 
3 --> 4 
4 --> 5 
5 --> 6 
6 --> 7 
7 --> 8 
8 --> 9 
9 --> 10 
10 --> 11 
11 --> 12 
12 --> 13 
13 --> 14 
14 --> 15 
15 --> 16 
16 --> 17 
17 --> 18 
18 --> 

* FSM state operations: 

State 1 <SV = 0> <Delay = 2.61>
ST_1 : Operation 21 [1/1] (0.00ns)   --->   "%col_pos = alloca i32 1" [flood_HLS_base.cpp:52]   --->   Operation 21 'alloca' 'col_pos' <Predicate = true> <Delay = 0.00>
ST_1 : Operation 22 [1/1] (0.00ns)   --->   "%row_pos = alloca i32 1" [flood_HLS_base.cpp:52]   --->   Operation 22 'alloca' 'row_pos' <Predicate = true> <Delay = 0.00>
ST_1 : Operation 23 [1/1] (0.00ns)   --->   "%indvar_flatten18 = alloca i32 1"   --->   Operation 23 'alloca' 'indvar_flatten18' <Predicate = true> <Delay = 0.00>
ST_1 : Operation 24 [1/1] (0.00ns)   --->   "%empty_81 = alloca i32 1"   --->   Operation 24 'alloca' 'empty_81' <Predicate = true> <Delay = 0.00>
ST_1 : Operation 25 [1/1] (0.00ns)   --->   "%tmp = read i31 @_ssdm_op_Read.ap_auto.i31, i31 %empty"   --->   Operation 25 'read' 'tmp' <Predicate = true> <Delay = 0.00>
ST_1 : Operation 26 [1/1] (0.00ns)   --->   "%p_reload44_read = read i416 @_ssdm_op_Read.ap_auto.i416, i416 %p_reload44"   --->   Operation 26 'read' 'p_reload44_read' <Predicate = true> <Delay = 0.00>
ST_1 : Operation 27 [1/1] (0.38ns)   --->   "%store_ln27 = store i64 0, i64 %max_spillage_iter_3_out" [flood_HLS_base.cpp:27]   --->   Operation 27 'store' 'store_ln27' <Predicate = true> <Delay = 0.38>
ST_1 : Operation 28 [1/1] (0.38ns)   --->   "%store_ln0 = store i416 %p_reload44_read, i416 %empty_81"   --->   Operation 28 'store' 'store_ln0' <Predicate = true> <Delay = 0.38>
ST_1 : Operation 29 [1/1] (0.38ns)   --->   "%store_ln0 = store i13 0, i13 %indvar_flatten18"   --->   Operation 29 'store' 'store_ln0' <Predicate = true> <Delay = 0.38>
ST_1 : Operation 30 [1/1] (0.38ns)   --->   "%store_ln52 = store i6 0, i6 %row_pos" [flood_HLS_base.cpp:52]   --->   Operation 30 'store' 'store_ln52' <Predicate = true> <Delay = 0.38>
ST_1 : Operation 31 [1/1] (0.38ns)   --->   "%store_ln52 = store i7 0, i7 %col_pos" [flood_HLS_base.cpp:52]   --->   Operation 31 'store' 'store_ln52' <Predicate = true> <Delay = 0.38>
ST_1 : Operation 32 [1/1] (0.00ns)   --->   "%br_ln0 = br void %for.body427"   --->   Operation 32 'br' 'br_ln0' <Predicate = true> <Delay = 0.00>
ST_1 : Operation 33 [1/1] (0.00ns)   --->   "%indvar_flatten18_load = load i13 %indvar_flatten18" [flood_HLS_base.cpp:191]   --->   Operation 33 'load' 'indvar_flatten18_load' <Predicate = true> <Delay = 0.00>
ST_1 : Operation 34 [1/1] (0.75ns)   --->   "%icmp_ln191 = icmp_eq  i13 %indvar_flatten18_load, i13 4800" [flood_HLS_base.cpp:191]   --->   Operation 34 'icmp' 'icmp_ln191' <Predicate = true> <Delay = 0.75> <CoreInst = "Cmp">   --->   Core 9 'Cmp' <Latency = 0> <II = 1> <Delay = 0.75> <FuncUnit> <Opcode : 'seteq' 'setne' 'setle' 'setge' 'setlt' 'setgt'> <InPorts = 2> <OutPorts = 1>
ST_1 : Operation 35 [1/1] (0.75ns)   --->   "%add_ln191_1 = add i13 %indvar_flatten18_load, i13 1" [flood_HLS_base.cpp:191]   --->   Operation 35 'add' 'add_ln191_1' <Predicate = true> <Delay = 0.75> <CoreInst = "Adder">   --->   Core 1 'Adder' <Latency = 0> <II = 1> <Delay = 0.75> <FuncUnit> <Opcode : 'add' 'sub'> <InPorts = 2> <OutPorts = 1>
ST_1 : Operation 36 [1/1] (0.00ns)   --->   "%br_ln191 = br i1 %icmp_ln191, void %for.inc483, void %VITIS_LOOP_236_15.preheader.exitStub" [flood_HLS_base.cpp:191]   --->   Operation 36 'br' 'br_ln191' <Predicate = true> <Delay = 0.00>
ST_1 : Operation 37 [1/1] (0.00ns)   --->   "%col_pos_load = load i7 %col_pos" [flood_HLS_base.cpp:193]   --->   Operation 37 'load' 'col_pos_load' <Predicate = (!icmp_ln191)> <Delay = 0.00>
ST_1 : Operation 38 [1/1] (0.00ns)   --->   "%row_pos_load = load i6 %row_pos" [flood_HLS_base.cpp:191]   --->   Operation 38 'load' 'row_pos_load' <Predicate = (!icmp_ln191)> <Delay = 0.00>
ST_1 : Operation 39 [1/1] (0.70ns)   --->   "%add_ln191 = add i6 %row_pos_load, i6 1" [flood_HLS_base.cpp:191]   --->   Operation 39 'add' 'add_ln191' <Predicate = (!icmp_ln191)> <Delay = 0.70> <CoreInst = "Adder">   --->   Core 1 'Adder' <Latency = 0> <II = 1> <Delay = 0.70> <FuncUnit> <Opcode : 'add' 'sub'> <InPorts = 2> <OutPorts = 1>
ST_1 : Operation 40 [1/1] (0.70ns)   --->   "%icmp_ln193 = icmp_eq  i7 %col_pos_load, i7 80" [flood_HLS_base.cpp:193]   --->   Operation 40 'icmp' 'icmp_ln193' <Predicate = (!icmp_ln191)> <Delay = 0.70> <CoreInst = "Cmp">   --->   Core 9 'Cmp' <Latency = 0> <II = 1> <Delay = 0.70> <FuncUnit> <Opcode : 'seteq' 'setne' 'setle' 'setge' 'setlt' 'setgt'> <InPorts = 2> <OutPorts = 1>
ST_1 : Operation 41 [1/1] (0.30ns)   --->   "%select_ln52 = select i1 %icmp_ln193, i7 0, i7 %col_pos_load" [flood_HLS_base.cpp:52]   --->   Operation 41 'select' 'select_ln52' <Predicate = (!icmp_ln191)> <Delay = 0.30> <CoreInst = "Sel">   --->   Core 73 'Sel' <Latency = 0> <II = 1> <Delay = 0.30> <FuncUnit> <Opcode : 'select'> <InPorts = 3> <OutPorts = 1>
ST_1 : Operation 42 [1/1] (0.29ns)   --->   "%select_ln191 = select i1 %icmp_ln193, i6 %add_ln191, i6 %row_pos_load" [flood_HLS_base.cpp:191]   --->   Operation 42 'select' 'select_ln191' <Predicate = (!icmp_ln191)> <Delay = 0.29> <CoreInst = "Sel">   --->   Core 73 'Sel' <Latency = 0> <II = 1> <Delay = 0.29> <FuncUnit> <Opcode : 'select'> <InPorts = 3> <OutPorts = 1>
ST_1 : Operation 43 [1/1] (0.00ns)   --->   "%zext_ln196 = zext i6 %select_ln191" [flood_HLS_base.cpp:196]   --->   Operation 43 'zext' 'zext_ln196' <Predicate = (!icmp_ln191)> <Delay = 0.00>
ST_1 : Operation 44 [3/3] (0.99ns) (grouped into DSP with root node add_ln196)   --->   "%mul_ln196 = mul i11 %zext_ln196, i11 27" [flood_HLS_base.cpp:196]   --->   Operation 44 'mul' 'mul_ln196' <Predicate = (!icmp_ln191)> <Delay = 0.99> <CoreInst = "DSP48">   --->   Core 124 'DSP48' <Latency = 3> <II = 1> <Delay = 0.53> <IPBlock> <Opcode : '' 'add' 'sub' 'mul' 'select'> <InPorts = 0> <OutPorts = 1> <Sync> <CReg>
ST_1 : Operation 45 [11/11] (1.21ns)   --->   "%urem_ln52 = urem i7 %select_ln52, i7 3" [flood_HLS_base.cpp:52]   --->   Operation 45 'urem' 'urem_ln52' <Predicate = (!icmp_ln191)> <Delay = 1.21> <CoreInst = "Divider">   --->   Core 6 'Divider' <Latency = 10> <II = 1> <Delay = 1.21> <FuncUnit> <Opcode : 'udiv' 'sdiv' 'urem' 'srem'> <InPorts = 2> <OutPorts = 1>
ST_1 : Operation 46 [1/1] (0.70ns)   --->   "%add_ln193 = add i7 %select_ln52, i7 1" [flood_HLS_base.cpp:193]   --->   Operation 46 'add' 'add_ln193' <Predicate = (!icmp_ln191)> <Delay = 0.70> <CoreInst = "Adder">   --->   Core 1 'Adder' <Latency = 0> <II = 1> <Delay = 0.70> <FuncUnit> <Opcode : 'add' 'sub'> <InPorts = 2> <OutPorts = 1>
ST_1 : Operation 47 [1/1] (0.38ns)   --->   "%store_ln191 = store i13 %add_ln191_1, i13 %indvar_flatten18" [flood_HLS_base.cpp:191]   --->   Operation 47 'store' 'store_ln191' <Predicate = (!icmp_ln191)> <Delay = 0.38>
ST_1 : Operation 48 [1/1] (0.38ns)   --->   "%store_ln52 = store i6 %select_ln191, i6 %row_pos" [flood_HLS_base.cpp:52]   --->   Operation 48 'store' 'store_ln52' <Predicate = (!icmp_ln191)> <Delay = 0.38>
ST_1 : Operation 49 [1/1] (0.38ns)   --->   "%store_ln52 = store i7 %add_ln193, i7 %col_pos" [flood_HLS_base.cpp:52]   --->   Operation 49 'store' 'store_ln52' <Predicate = (!icmp_ln191)> <Delay = 0.38>
ST_1 : Operation 50 [1/1] (0.00ns)   --->   "%br_ln193 = br void %for.body427" [flood_HLS_base.cpp:193]   --->   Operation 50 'br' 'br_ln193' <Predicate = (!icmp_ln191)> <Delay = 0.00>

State 2 <SV = 1> <Delay = 1.98>
ST_2 : Operation 51 [2/3] (0.99ns) (grouped into DSP with root node add_ln196)   --->   "%mul_ln196 = mul i11 %zext_ln196, i11 27" [flood_HLS_base.cpp:196]   --->   Operation 51 'mul' 'mul_ln196' <Predicate = (!icmp_ln191)> <Delay = 0.99> <CoreInst = "DSP48">   --->   Core 124 'DSP48' <Latency = 3> <II = 1> <Delay = 0.53> <IPBlock> <Opcode : '' 'add' 'sub' 'mul' 'select'> <InPorts = 0> <OutPorts = 1> <Sync> <CReg>
ST_2 : Operation 52 [1/1] (0.00ns)   --->   "%tmp_67 = bitconcatenate i12 @_ssdm_op_BitConcatenate.i12.i6.i6, i6 %select_ln191, i6 0" [flood_HLS_base.cpp:199]   --->   Operation 52 'bitconcatenate' 'tmp_67' <Predicate = (!icmp_ln191)> <Delay = 0.00>
ST_2 : Operation 53 [1/1] (0.00ns)   --->   "%zext_ln199 = zext i12 %tmp_67" [flood_HLS_base.cpp:199]   --->   Operation 53 'zext' 'zext_ln199' <Predicate = (!icmp_ln191)> <Delay = 0.00>
ST_2 : Operation 54 [1/1] (0.00ns)   --->   "%tmp_68 = bitconcatenate i10 @_ssdm_op_BitConcatenate.i10.i6.i4, i6 %select_ln191, i4 0" [flood_HLS_base.cpp:199]   --->   Operation 54 'bitconcatenate' 'tmp_68' <Predicate = (!icmp_ln191)> <Delay = 0.00>
ST_2 : Operation 55 [1/1] (0.00ns)   --->   "%zext_ln199_1 = zext i10 %tmp_68" [flood_HLS_base.cpp:199]   --->   Operation 55 'zext' 'zext_ln199_1' <Predicate = (!icmp_ln191)> <Delay = 0.00>
ST_2 : Operation 56 [1/1] (0.00ns) (grouped into TernaryAdder)   --->   "%add_ln199_1 = add i13 %zext_ln199, i13 %zext_ln199_1" [flood_HLS_base.cpp:199]   --->   Operation 56 'add' 'add_ln199_1' <Predicate = (!icmp_ln191)> <Delay = 0.00> <CoreInst = "TAddSub">   --->   Core 10 'TAddSub' <Latency = 0> <II = 1> <Delay = 0.36> <IPBlock> <Opcode : '' 'add' 'sub'> <InPorts = 3> <OutPorts = 1> <Sync> <CReg>
ST_2 : Operation 57 [1/1] (0.00ns)   --->   "%zext_ln199_2 = zext i7 %select_ln52" [flood_HLS_base.cpp:199]   --->   Operation 57 'zext' 'zext_ln199_2' <Predicate = (!icmp_ln191)> <Delay = 0.00>
ST_2 : Operation 58 [1/1] (0.73ns) (root node of TernaryAdder)   --->   "%add_ln199 = add i13 %add_ln199_1, i13 %zext_ln199_2" [flood_HLS_base.cpp:199]   --->   Operation 58 'add' 'add_ln199' <Predicate = (!icmp_ln191)> <Delay = 0.73> <CoreInst = "TAddSub">   --->   Core 10 'TAddSub' <Latency = 0> <II = 1> <Delay = 0.36> <IPBlock> <Opcode : '' 'add' 'sub'> <InPorts = 3> <OutPorts = 1> <Sync> <CReg>
ST_2 : Operation 59 [1/1] (0.00ns)   --->   "%zext_ln199_3 = zext i13 %add_ln199" [flood_HLS_base.cpp:199]   --->   Operation 59 'zext' 'zext_ln199_3' <Predicate = (!icmp_ln191)> <Delay = 0.00>
ST_2 : Operation 60 [1/1] (0.00ns)   --->   "%spillage_flag_addr = getelementptr i32 %spillage_flag, i64 0, i64 %zext_ln199_3" [flood_HLS_base.cpp:199]   --->   Operation 60 'getelementptr' 'spillage_flag_addr' <Predicate = (!icmp_ln191)> <Delay = 0.00>
ST_2 : Operation 61 [1/1] (0.00ns)   --->   "%spillage_level_addr = getelementptr i32 %spillage_level, i64 0, i64 %zext_ln199_3" [flood_HLS_base.cpp:202]   --->   Operation 61 'getelementptr' 'spillage_level_addr' <Predicate = (!icmp_ln191)> <Delay = 0.00>
ST_2 : Operation 62 [1/1] (0.00ns)   --->   "%spillage_from_neigh_addr = getelementptr i32 %spillage_from_neigh, i64 0, i64 %zext_ln199_3" [flood_HLS_base.cpp:222]   --->   Operation 62 'getelementptr' 'spillage_from_neigh_addr' <Predicate = (!icmp_ln191)> <Delay = 0.00>
ST_2 : Operation 63 [1/1] (0.00ns)   --->   "%spillage_from_neigh_1_addr = getelementptr i32 %spillage_from_neigh_1, i64 0, i64 %zext_ln199_3" [flood_HLS_base.cpp:222]   --->   Operation 63 'getelementptr' 'spillage_from_neigh_1_addr' <Predicate = (!icmp_ln191)> <Delay = 0.00>
ST_2 : Operation 64 [1/1] (0.00ns)   --->   "%spillage_from_neigh_2_addr = getelementptr i32 %spillage_from_neigh_2, i64 0, i64 %zext_ln199_3" [flood_HLS_base.cpp:222]   --->   Operation 64 'getelementptr' 'spillage_from_neigh_2_addr' <Predicate = (!icmp_ln191)> <Delay = 0.00>
ST_2 : Operation 65 [1/1] (0.00ns)   --->   "%spillage_from_neigh_3_addr = getelementptr i32 %spillage_from_neigh_3, i64 0, i64 %zext_ln199_3" [flood_HLS_base.cpp:222]   --->   Operation 65 'getelementptr' 'spillage_from_neigh_3_addr' <Predicate = (!icmp_ln191)> <Delay = 0.00>
ST_2 : Operation 66 [1/1] (0.00ns)   --->   "%zext_ln52 = zext i7 %select_ln52" [flood_HLS_base.cpp:52]   --->   Operation 66 'zext' 'zext_ln52' <Predicate = (!icmp_ln191)> <Delay = 0.00>
ST_2 : Operation 67 [1/1] (1.46ns)   --->   "%mul_ln52 = mul i15 %zext_ln52, i15 171" [flood_HLS_base.cpp:52]   --->   Operation 67 'mul' 'mul_ln52' <Predicate = (!icmp_ln191)> <Delay = 1.46> <CoreInst = "Multiplier">   --->   Core 3 'Multiplier' <Latency = 0> <II = 1> <Delay = 1.46> <FuncUnit> <Opcode : 'mul'> <InPorts = 2> <OutPorts = 1>
ST_2 : Operation 68 [1/1] (0.00ns)   --->   "%tmp_69 = partselect i6 @_ssdm_op_PartSelect.i6.i15.i32.i32, i15 %mul_ln52, i32 9, i32 14" [flood_HLS_base.cpp:52]   --->   Operation 68 'partselect' 'tmp_69' <Predicate = (!icmp_ln191)> <Delay = 0.00>
ST_2 : Operation 69 [10/11] (1.21ns)   --->   "%urem_ln52 = urem i7 %select_ln52, i7 3" [flood_HLS_base.cpp:52]   --->   Operation 69 'urem' 'urem_ln52' <Predicate = (!icmp_ln191)> <Delay = 1.21> <CoreInst = "Divider">   --->   Core 6 'Divider' <Latency = 10> <II = 1> <Delay = 1.21> <FuncUnit> <Opcode : 'udiv' 'sdiv' 'urem' 'srem'> <InPorts = 2> <OutPorts = 1>
ST_2 : Operation 70 [2/2] (1.24ns)   --->   "%spillage_flag_load = load i13 %spillage_flag_addr" [flood_HLS_base.cpp:199]   --->   Operation 70 'load' 'spillage_flag_load' <Predicate = (!icmp_ln191)> <Delay = 1.24> <CoreInst = "RAM">   --->   Core 82 'RAM' <Latency = 1> <II = 1> <Delay = 1.24> <Storage> <Opcode : 'load' 'store'> <Ports = 2> <Width = 32> <Depth = 4800> <RAM>
ST_2 : Operation 71 [2/2] (1.24ns)   --->   "%spillage_from_neigh_load = load i13 %spillage_from_neigh_addr" [flood_HLS_base.cpp:222]   --->   Operation 71 'load' 'spillage_from_neigh_load' <Predicate = (!icmp_ln191)> <Delay = 1.24> <CoreInst = "RAM">   --->   Core 82 'RAM' <Latency = 1> <II = 1> <Delay = 1.24> <Storage> <Opcode : 'load' 'store'> <Ports = 2> <Width = 32> <Depth = 4800> <RAM>
ST_2 : Operation 72 [2/2] (1.24ns)   --->   "%spillage_from_neigh_1_load = load i13 %spillage_from_neigh_1_addr" [flood_HLS_base.cpp:222]   --->   Operation 72 'load' 'spillage_from_neigh_1_load' <Predicate = (!icmp_ln191)> <Delay = 1.24> <CoreInst = "RAM">   --->   Core 82 'RAM' <Latency = 1> <II = 1> <Delay = 1.24> <Storage> <Opcode : 'load' 'store'> <Ports = 2> <Width = 32> <Depth = 4800> <RAM>
ST_2 : Operation 73 [2/2] (1.24ns)   --->   "%spillage_from_neigh_2_load = load i13 %spillage_from_neigh_2_addr" [flood_HLS_base.cpp:222]   --->   Operation 73 'load' 'spillage_from_neigh_2_load' <Predicate = (!icmp_ln191)> <Delay = 1.24> <CoreInst = "RAM">   --->   Core 82 'RAM' <Latency = 1> <II = 1> <Delay = 1.24> <Storage> <Opcode : 'load' 'store'> <Ports = 2> <Width = 32> <Depth = 4800> <RAM>
ST_2 : Operation 74 [2/2] (1.24ns)   --->   "%spillage_from_neigh_3_load = load i13 %spillage_from_neigh_3_addr" [flood_HLS_base.cpp:222]   --->   Operation 74 'load' 'spillage_from_neigh_3_load' <Predicate = (!icmp_ln191)> <Delay = 1.24> <CoreInst = "RAM">   --->   Core 82 'RAM' <Latency = 1> <II = 1> <Delay = 1.24> <Storage> <Opcode : 'load' 'store'> <Ports = 2> <Width = 32> <Depth = 4800> <RAM>

State 3 <SV = 2> <Delay = 2.89>
ST_3 : Operation 75 [1/3] (0.00ns) (grouped into DSP with root node add_ln196)   --->   "%mul_ln196 = mul i11 %zext_ln196, i11 27" [flood_HLS_base.cpp:196]   --->   Operation 75 'mul' 'mul_ln196' <Predicate = (!icmp_ln191)> <Delay = 0.00> <CoreInst = "DSP48">   --->   Core 124 'DSP48' <Latency = 3> <II = 1> <Delay = 0.53> <IPBlock> <Opcode : '' 'add' 'sub' 'mul' 'select'> <InPorts = 0> <OutPorts = 1> <Sync> <CReg>
ST_3 : Operation 76 [1/1] (0.00ns)   --->   "%zext_ln196_1 = zext i6 %tmp_69" [flood_HLS_base.cpp:196]   --->   Operation 76 'zext' 'zext_ln196_1' <Predicate = (!icmp_ln191)> <Delay = 0.00>
ST_3 : Operation 77 [2/2] (0.64ns) (root node of the DSP)   --->   "%add_ln196 = add i11 %mul_ln196, i11 %zext_ln196_1" [flood_HLS_base.cpp:196]   --->   Operation 77 'add' 'add_ln196' <Predicate = (!icmp_ln191)> <Delay = 0.64> <CoreInst = "DSP48">   --->   Core 124 'DSP48' <Latency = 3> <II = 1> <Delay = 0.53> <IPBlock> <Opcode : '' 'add' 'sub' 'mul' 'select'> <InPorts = 0> <OutPorts = 1> <Sync> <CReg>
ST_3 : Operation 78 [9/11] (1.21ns)   --->   "%urem_ln52 = urem i7 %select_ln52, i7 3" [flood_HLS_base.cpp:52]   --->   Operation 78 'urem' 'urem_ln52' <Predicate = (!icmp_ln191)> <Delay = 1.21> <CoreInst = "Divider">   --->   Core 6 'Divider' <Latency = 10> <II = 1> <Delay = 1.21> <FuncUnit> <Opcode : 'udiv' 'sdiv' 'urem' 'srem'> <InPorts = 2> <OutPorts = 1>
ST_3 : Operation 79 [1/2] (1.24ns)   --->   "%spillage_flag_load = load i13 %spillage_flag_addr" [flood_HLS_base.cpp:199]   --->   Operation 79 'load' 'spillage_flag_load' <Predicate = (!icmp_ln191)> <Delay = 1.24> <CoreInst = "RAM">   --->   Core 82 'RAM' <Latency = 1> <II = 1> <Delay = 1.24> <Storage> <Opcode : 'load' 'store'> <Ports = 2> <Width = 32> <Depth = 4800> <RAM>
ST_3 : Operation 80 [1/1] (0.00ns)   --->   "%bitcast_ln199 = bitcast i32 %spillage_flag_load" [flood_HLS_base.cpp:199]   --->   Operation 80 'bitcast' 'bitcast_ln199' <Predicate = (!icmp_ln191)> <Delay = 0.00>
ST_3 : Operation 81 [1/1] (0.00ns)   --->   "%tmp_70 = partselect i8 @_ssdm_op_PartSelect.i8.i32.i32.i32, i32 %bitcast_ln199, i32 23, i32 30" [flood_HLS_base.cpp:199]   --->   Operation 81 'partselect' 'tmp_70' <Predicate = (!icmp_ln191)> <Delay = 0.00>
ST_3 : Operation 82 [1/1] (0.00ns)   --->   "%trunc_ln199 = trunc i32 %bitcast_ln199" [flood_HLS_base.cpp:199]   --->   Operation 82 'trunc' 'trunc_ln199' <Predicate = (!icmp_ln191)> <Delay = 0.00>
ST_3 : Operation 83 [1/1] (0.70ns)   --->   "%icmp_ln199 = icmp_ne  i8 %tmp_70, i8 255" [flood_HLS_base.cpp:199]   --->   Operation 83 'icmp' 'icmp_ln199' <Predicate = (!icmp_ln191)> <Delay = 0.70> <CoreInst = "Cmp">   --->   Core 9 'Cmp' <Latency = 0> <II = 1> <Delay = 0.70> <FuncUnit> <Opcode : 'seteq' 'setne' 'setle' 'setge' 'setlt' 'setgt'> <InPorts = 2> <OutPorts = 1>
ST_3 : Operation 84 [1/1] (0.82ns)   --->   "%icmp_ln199_1 = icmp_eq  i23 %trunc_ln199, i23 0" [flood_HLS_base.cpp:199]   --->   Operation 84 'icmp' 'icmp_ln199_1' <Predicate = (!icmp_ln191)> <Delay = 0.82> <CoreInst = "Cmp">   --->   Core 9 'Cmp' <Latency = 0> <II = 1> <Delay = 0.82> <FuncUnit> <Opcode : 'seteq' 'setne' 'setle' 'setge' 'setlt' 'setgt'> <InPorts = 2> <OutPorts = 1>
ST_3 : Operation 85 [2/2] (1.64ns)   --->   "%tmp_71 = fcmp_oeq  i32 %spillage_flag_load, i32 1" [flood_HLS_base.cpp:199]   --->   Operation 85 'fcmp' 'tmp_71' <Predicate = (!icmp_ln191)> <Delay = 1.64> <CoreInst = "FCompare">   --->   Core 19 'FCompare' <Latency = 1> <II = 1> <Delay = 1.64> <FuncUnit> <Opcode : 'fcmp'> <InPorts = 2> <OutPorts = 1>
ST_3 : Operation 86 [1/2] (1.24ns)   --->   "%spillage_from_neigh_load = load i13 %spillage_from_neigh_addr" [flood_HLS_base.cpp:222]   --->   Operation 86 'load' 'spillage_from_neigh_load' <Predicate = (!icmp_ln191)> <Delay = 1.24> <CoreInst = "RAM">   --->   Core 82 'RAM' <Latency = 1> <II = 1> <Delay = 1.24> <Storage> <Opcode : 'load' 'store'> <Ports = 2> <Width = 32> <Depth = 4800> <RAM>
ST_3 : Operation 87 [1/2] (1.24ns)   --->   "%spillage_from_neigh_1_load = load i13 %spillage_from_neigh_1_addr" [flood_HLS_base.cpp:222]   --->   Operation 87 'load' 'spillage_from_neigh_1_load' <Predicate = (!icmp_ln191)> <Delay = 1.24> <CoreInst = "RAM">   --->   Core 82 'RAM' <Latency = 1> <II = 1> <Delay = 1.24> <Storage> <Opcode : 'load' 'store'> <Ports = 2> <Width = 32> <Depth = 4800> <RAM>
ST_3 : Operation 88 [1/2] (1.24ns)   --->   "%spillage_from_neigh_2_load = load i13 %spillage_from_neigh_2_addr" [flood_HLS_base.cpp:222]   --->   Operation 88 'load' 'spillage_from_neigh_2_load' <Predicate = (!icmp_ln191)> <Delay = 1.24> <CoreInst = "RAM">   --->   Core 82 'RAM' <Latency = 1> <II = 1> <Delay = 1.24> <Storage> <Opcode : 'load' 'store'> <Ports = 2> <Width = 32> <Depth = 4800> <RAM>
ST_3 : Operation 89 [1/2] (1.24ns)   --->   "%spillage_from_neigh_3_load = load i13 %spillage_from_neigh_3_addr" [flood_HLS_base.cpp:222]   --->   Operation 89 'load' 'spillage_from_neigh_3_load' <Predicate = (!icmp_ln191)> <Delay = 1.24> <CoreInst = "RAM">   --->   Core 82 'RAM' <Latency = 1> <II = 1> <Delay = 1.24> <Storage> <Opcode : 'load' 'store'> <Ports = 2> <Width = 32> <Depth = 4800> <RAM>

State 4 <SV = 3> <Delay = 2.32>
ST_4 : Operation 90 [1/2] (0.64ns) (root node of the DSP)   --->   "%add_ln196 = add i11 %mul_ln196, i11 %zext_ln196_1" [flood_HLS_base.cpp:196]   --->   Operation 90 'add' 'add_ln196' <Predicate = (!icmp_ln191)> <Delay = 0.64> <CoreInst = "DSP48">   --->   Core 124 'DSP48' <Latency = 3> <II = 1> <Delay = 0.53> <IPBlock> <Opcode : '' 'add' 'sub' 'mul' 'select'> <InPorts = 0> <OutPorts = 1> <Sync> <CReg>
ST_4 : Operation 91 [1/1] (0.00ns)   --->   "%zext_ln196_2 = zext i11 %add_ln196" [flood_HLS_base.cpp:196]   --->   Operation 91 'zext' 'zext_ln196_2' <Predicate = (!icmp_ln191)> <Delay = 0.00>
ST_4 : Operation 92 [1/1] (0.00ns)   --->   "%water_level_addr_4 = getelementptr i32 %water_level, i64 0, i64 %zext_ln196_2" [flood_HLS_base.cpp:196]   --->   Operation 92 'getelementptr' 'water_level_addr_4' <Predicate = (!icmp_ln191)> <Delay = 0.00>
ST_4 : Operation 93 [1/1] (0.00ns)   --->   "%water_level_1_addr_4 = getelementptr i32 %water_level_1, i64 0, i64 %zext_ln196_2" [flood_HLS_base.cpp:196]   --->   Operation 93 'getelementptr' 'water_level_1_addr_4' <Predicate = (!icmp_ln191)> <Delay = 0.00>
ST_4 : Operation 94 [1/1] (0.00ns)   --->   "%water_level_2_addr_4 = getelementptr i32 %water_level_2, i64 0, i64 %zext_ln196_2" [flood_HLS_base.cpp:196]   --->   Operation 94 'getelementptr' 'water_level_2_addr_4' <Predicate = (!icmp_ln191)> <Delay = 0.00>
ST_4 : Operation 95 [8/11] (1.21ns)   --->   "%urem_ln52 = urem i7 %select_ln52, i7 3" [flood_HLS_base.cpp:52]   --->   Operation 95 'urem' 'urem_ln52' <Predicate = (!icmp_ln191)> <Delay = 1.21> <CoreInst = "Divider">   --->   Core 6 'Divider' <Latency = 10> <II = 1> <Delay = 1.21> <FuncUnit> <Opcode : 'udiv' 'sdiv' 'urem' 'srem'> <InPorts = 2> <OutPorts = 1>
ST_4 : Operation 96 [2/2] (1.20ns)   --->   "%water_level_load_3 = load i11 %water_level_addr_4" [flood_HLS_base.cpp:196]   --->   Operation 96 'load' 'water_level_load_3' <Predicate = (!icmp_ln191)> <Delay = 1.20> <CoreInst = "RAM_1WnR">   --->   Core 83 'RAM_1WnR' <Latency = 1> <II = 1> <Delay = 1.20> <Storage> <Opcode : 'load' 'store'> <Ports = 17> <Width = 32> <Depth = 1620> <RAM>
ST_4 : Operation 97 [2/2] (1.20ns)   --->   "%water_level_1_load_3 = load i11 %water_level_1_addr_4" [flood_HLS_base.cpp:196]   --->   Operation 97 'load' 'water_level_1_load_3' <Predicate = (!icmp_ln191)> <Delay = 1.20> <CoreInst = "RAM_1WnR">   --->   Core 83 'RAM_1WnR' <Latency = 1> <II = 1> <Delay = 1.20> <Storage> <Opcode : 'load' 'store'> <Ports = 17> <Width = 32> <Depth = 1620> <RAM>
ST_4 : Operation 98 [2/2] (1.20ns)   --->   "%water_level_2_load_3 = load i11 %water_level_2_addr_4" [flood_HLS_base.cpp:196]   --->   Operation 98 'load' 'water_level_2_load_3' <Predicate = (!icmp_ln191)> <Delay = 1.20> <CoreInst = "RAM_1WnR">   --->   Core 83 'RAM_1WnR' <Latency = 1> <II = 1> <Delay = 1.20> <Storage> <Opcode : 'load' 'store'> <Ports = 17> <Width = 32> <Depth = 1620> <RAM>
ST_4 : Operation 99 [1/1] (0.00ns) (grouped into LUT with out node and_ln199)   --->   "%or_ln199 = or i1 %icmp_ln199_1, i1 %icmp_ln199" [flood_HLS_base.cpp:199]   --->   Operation 99 'or' 'or_ln199' <Predicate = (!icmp_ln191)> <Delay = 0.00> <CoreInst = "LogicGate">   --->   Core 74 'LogicGate' <Latency = 0> <II = 1> <Delay = 0.12> <FuncUnit> <Opcode : 'and' 'or' 'xor'> <InPorts = 2> <OutPorts = 1>
ST_4 : Operation 100 [1/2] (1.64ns)   --->   "%tmp_71 = fcmp_oeq  i32 %spillage_flag_load, i32 1" [flood_HLS_base.cpp:199]   --->   Operation 100 'fcmp' 'tmp_71' <Predicate = (!icmp_ln191)> <Delay = 1.64> <CoreInst = "FCompare">   --->   Core 19 'FCompare' <Latency = 1> <II = 1> <Delay = 1.64> <FuncUnit> <Opcode : 'fcmp'> <InPorts = 2> <OutPorts = 1>
ST_4 : Operation 101 [1/1] (0.12ns) (out node of the LUT)   --->   "%and_ln199 = and i1 %or_ln199, i1 %tmp_71" [flood_HLS_base.cpp:199]   --->   Operation 101 'and' 'and_ln199' <Predicate = (!icmp_ln191)> <Delay = 0.12> <CoreInst = "LogicGate">   --->   Core 74 'LogicGate' <Latency = 0> <II = 1> <Delay = 0.12> <FuncUnit> <Opcode : 'and' 'or' 'xor'> <InPorts = 2> <OutPorts = 1>
ST_4 : Operation 102 [2/2] (1.24ns)   --->   "%spillage_level_load = load i13 %spillage_level_addr" [flood_HLS_base.cpp:202]   --->   Operation 102 'load' 'spillage_level_load' <Predicate = (!icmp_ln191 & and_ln199)> <Delay = 1.24> <CoreInst = "RAM">   --->   Core 82 'RAM' <Latency = 1> <II = 1> <Delay = 1.24> <Storage> <Opcode : 'load' 'store'> <Ports = 2> <Width = 32> <Depth = 4800> <RAM>
ST_4 : Operation 103 [4/4] (2.32ns)   --->   "%div5 = fmul i32 %spillage_from_neigh_load, i32 0.5" [flood_HLS_base.cpp:222]   --->   Operation 103 'fmul' 'div5' <Predicate = (!icmp_ln191)> <Delay = 2.32> <CoreInst = "FMul_maxdsp">   --->   Core 30 'FMul_maxdsp' <Latency = 3> <II = 1> <Delay = 2.32> <FuncUnit> <Opcode : 'fmul'> <InPorts = 2> <OutPorts = 1>
ST_4 : Operation 104 [4/4] (2.32ns)   --->   "%div468_1 = fmul i32 %spillage_from_neigh_1_load, i32 0.5" [flood_HLS_base.cpp:222]   --->   Operation 104 'fmul' 'div468_1' <Predicate = (!icmp_ln191)> <Delay = 2.32> <CoreInst = "FMul_maxdsp">   --->   Core 30 'FMul_maxdsp' <Latency = 3> <II = 1> <Delay = 2.32> <FuncUnit> <Opcode : 'fmul'> <InPorts = 2> <OutPorts = 1>
ST_4 : Operation 105 [4/4] (2.32ns)   --->   "%div468_2 = fmul i32 %spillage_from_neigh_2_load, i32 0.5" [flood_HLS_base.cpp:222]   --->   Operation 105 'fmul' 'div468_2' <Predicate = (!icmp_ln191)> <Delay = 2.32> <CoreInst = "FMul_maxdsp">   --->   Core 30 'FMul_maxdsp' <Latency = 3> <II = 1> <Delay = 2.32> <FuncUnit> <Opcode : 'fmul'> <InPorts = 2> <OutPorts = 1>
ST_4 : Operation 106 [4/4] (2.32ns)   --->   "%div468_3 = fmul i32 %spillage_from_neigh_3_load, i32 0.5" [flood_HLS_base.cpp:222]   --->   Operation 106 'fmul' 'div468_3' <Predicate = (!icmp_ln191)> <Delay = 2.32> <CoreInst = "FMul_maxdsp">   --->   Core 30 'FMul_maxdsp' <Latency = 3> <II = 1> <Delay = 2.32> <FuncUnit> <Opcode : 'fmul'> <InPorts = 2> <OutPorts = 1>

State 5 <SV = 4> <Delay = 2.32>
ST_5 : Operation 107 [7/11] (1.21ns)   --->   "%urem_ln52 = urem i7 %select_ln52, i7 3" [flood_HLS_base.cpp:52]   --->   Operation 107 'urem' 'urem_ln52' <Predicate = (!icmp_ln191)> <Delay = 1.21> <CoreInst = "Divider">   --->   Core 6 'Divider' <Latency = 10> <II = 1> <Delay = 1.21> <FuncUnit> <Opcode : 'udiv' 'sdiv' 'urem' 'srem'> <InPorts = 2> <OutPorts = 1>
ST_5 : Operation 108 [1/2] (1.20ns)   --->   "%water_level_load_3 = load i11 %water_level_addr_4" [flood_HLS_base.cpp:196]   --->   Operation 108 'load' 'water_level_load_3' <Predicate = (!icmp_ln191)> <Delay = 1.20> <CoreInst = "RAM_1WnR">   --->   Core 83 'RAM_1WnR' <Latency = 1> <II = 1> <Delay = 1.20> <Storage> <Opcode : 'load' 'store'> <Ports = 17> <Width = 32> <Depth = 1620> <RAM>
ST_5 : Operation 109 [1/2] (1.20ns)   --->   "%water_level_1_load_3 = load i11 %water_level_1_addr_4" [flood_HLS_base.cpp:196]   --->   Operation 109 'load' 'water_level_1_load_3' <Predicate = (!icmp_ln191)> <Delay = 1.20> <CoreInst = "RAM_1WnR">   --->   Core 83 'RAM_1WnR' <Latency = 1> <II = 1> <Delay = 1.20> <Storage> <Opcode : 'load' 'store'> <Ports = 17> <Width = 32> <Depth = 1620> <RAM>
ST_5 : Operation 110 [1/2] (1.20ns)   --->   "%water_level_2_load_3 = load i11 %water_level_2_addr_4" [flood_HLS_base.cpp:196]   --->   Operation 110 'load' 'water_level_2_load_3' <Predicate = (!icmp_ln191)> <Delay = 1.20> <CoreInst = "RAM_1WnR">   --->   Core 83 'RAM_1WnR' <Latency = 1> <II = 1> <Delay = 1.20> <Storage> <Opcode : 'load' 'store'> <Ports = 17> <Width = 32> <Depth = 1620> <RAM>
ST_5 : Operation 111 [1/2] (1.24ns)   --->   "%spillage_level_load = load i13 %spillage_level_addr" [flood_HLS_base.cpp:202]   --->   Operation 111 'load' 'spillage_level_load' <Predicate = (!icmp_ln191 & and_ln199)> <Delay = 1.24> <CoreInst = "RAM">   --->   Core 82 'RAM' <Latency = 1> <II = 1> <Delay = 1.24> <Storage> <Opcode : 'load' 'store'> <Ports = 2> <Width = 32> <Depth = 4800> <RAM>
ST_5 : Operation 112 [3/4] (2.32ns)   --->   "%div5 = fmul i32 %spillage_from_neigh_load, i32 0.5" [flood_HLS_base.cpp:222]   --->   Operation 112 'fmul' 'div5' <Predicate = (!icmp_ln191)> <Delay = 2.32> <CoreInst = "FMul_maxdsp">   --->   Core 30 'FMul_maxdsp' <Latency = 3> <II = 1> <Delay = 2.32> <FuncUnit> <Opcode : 'fmul'> <InPorts = 2> <OutPorts = 1>
ST_5 : Operation 113 [3/4] (2.32ns)   --->   "%div468_1 = fmul i32 %spillage_from_neigh_1_load, i32 0.5" [flood_HLS_base.cpp:222]   --->   Operation 113 'fmul' 'div468_1' <Predicate = (!icmp_ln191)> <Delay = 2.32> <CoreInst = "FMul_maxdsp">   --->   Core 30 'FMul_maxdsp' <Latency = 3> <II = 1> <Delay = 2.32> <FuncUnit> <Opcode : 'fmul'> <InPorts = 2> <OutPorts = 1>
ST_5 : Operation 114 [3/4] (2.32ns)   --->   "%div468_2 = fmul i32 %spillage_from_neigh_2_load, i32 0.5" [flood_HLS_base.cpp:222]   --->   Operation 114 'fmul' 'div468_2' <Predicate = (!icmp_ln191)> <Delay = 2.32> <CoreInst = "FMul_maxdsp">   --->   Core 30 'FMul_maxdsp' <Latency = 3> <II = 1> <Delay = 2.32> <FuncUnit> <Opcode : 'fmul'> <InPorts = 2> <OutPorts = 1>
ST_5 : Operation 115 [3/4] (2.32ns)   --->   "%div468_3 = fmul i32 %spillage_from_neigh_3_load, i32 0.5" [flood_HLS_base.cpp:222]   --->   Operation 115 'fmul' 'div468_3' <Predicate = (!icmp_ln191)> <Delay = 2.32> <CoreInst = "FMul_maxdsp">   --->   Core 30 'FMul_maxdsp' <Latency = 3> <II = 1> <Delay = 2.32> <FuncUnit> <Opcode : 'fmul'> <InPorts = 2> <OutPorts = 1>

State 6 <SV = 5> <Delay = 2.32>
ST_6 : Operation 116 [6/11] (1.21ns)   --->   "%urem_ln52 = urem i7 %select_ln52, i7 3" [flood_HLS_base.cpp:52]   --->   Operation 116 'urem' 'urem_ln52' <Predicate = (!icmp_ln191)> <Delay = 1.21> <CoreInst = "Divider">   --->   Core 6 'Divider' <Latency = 10> <II = 1> <Delay = 1.21> <FuncUnit> <Opcode : 'udiv' 'sdiv' 'urem' 'srem'> <InPorts = 2> <OutPorts = 1>
ST_6 : Operation 117 [4/4] (2.32ns)   --->   "%spill = fmul i32 %spillage_level_load, i32 0.5" [flood_HLS_base.cpp:202]   --->   Operation 117 'fmul' 'spill' <Predicate = (!icmp_ln191 & and_ln199)> <Delay = 2.32> <CoreInst = "FMul_maxdsp">   --->   Core 30 'FMul_maxdsp' <Latency = 3> <II = 1> <Delay = 2.32> <FuncUnit> <Opcode : 'fmul'> <InPorts = 2> <OutPorts = 1>
ST_6 : Operation 118 [2/4] (2.32ns)   --->   "%div5 = fmul i32 %spillage_from_neigh_load, i32 0.5" [flood_HLS_base.cpp:222]   --->   Operation 118 'fmul' 'div5' <Predicate = (!icmp_ln191)> <Delay = 2.32> <CoreInst = "FMul_maxdsp">   --->   Core 30 'FMul_maxdsp' <Latency = 3> <II = 1> <Delay = 2.32> <FuncUnit> <Opcode : 'fmul'> <InPorts = 2> <OutPorts = 1>
ST_6 : Operation 119 [2/4] (2.32ns)   --->   "%div468_1 = fmul i32 %spillage_from_neigh_1_load, i32 0.5" [flood_HLS_base.cpp:222]   --->   Operation 119 'fmul' 'div468_1' <Predicate = (!icmp_ln191)> <Delay = 2.32> <CoreInst = "FMul_maxdsp">   --->   Core 30 'FMul_maxdsp' <Latency = 3> <II = 1> <Delay = 2.32> <FuncUnit> <Opcode : 'fmul'> <InPorts = 2> <OutPorts = 1>
ST_6 : Operation 120 [2/4] (2.32ns)   --->   "%div468_2 = fmul i32 %spillage_from_neigh_2_load, i32 0.5" [flood_HLS_base.cpp:222]   --->   Operation 120 'fmul' 'div468_2' <Predicate = (!icmp_ln191)> <Delay = 2.32> <CoreInst = "FMul_maxdsp">   --->   Core 30 'FMul_maxdsp' <Latency = 3> <II = 1> <Delay = 2.32> <FuncUnit> <Opcode : 'fmul'> <InPorts = 2> <OutPorts = 1>
ST_6 : Operation 121 [2/4] (2.32ns)   --->   "%div468_3 = fmul i32 %spillage_from_neigh_3_load, i32 0.5" [flood_HLS_base.cpp:222]   --->   Operation 121 'fmul' 'div468_3' <Predicate = (!icmp_ln191)> <Delay = 2.32> <CoreInst = "FMul_maxdsp">   --->   Core 30 'FMul_maxdsp' <Latency = 3> <II = 1> <Delay = 2.32> <FuncUnit> <Opcode : 'fmul'> <InPorts = 2> <OutPorts = 1>

State 7 <SV = 6> <Delay = 2.32>
ST_7 : Operation 122 [5/11] (1.21ns)   --->   "%urem_ln52 = urem i7 %select_ln52, i7 3" [flood_HLS_base.cpp:52]   --->   Operation 122 'urem' 'urem_ln52' <Predicate = (!icmp_ln191)> <Delay = 1.21> <CoreInst = "Divider">   --->   Core 6 'Divider' <Latency = 10> <II = 1> <Delay = 1.21> <FuncUnit> <Opcode : 'udiv' 'sdiv' 'urem' 'srem'> <InPorts = 2> <OutPorts = 1>
ST_7 : Operation 123 [3/4] (2.32ns)   --->   "%spill = fmul i32 %spillage_level_load, i32 0.5" [flood_HLS_base.cpp:202]   --->   Operation 123 'fmul' 'spill' <Predicate = (!icmp_ln191 & and_ln199)> <Delay = 2.32> <CoreInst = "FMul_maxdsp">   --->   Core 30 'FMul_maxdsp' <Latency = 3> <II = 1> <Delay = 2.32> <FuncUnit> <Opcode : 'fmul'> <InPorts = 2> <OutPorts = 1>
ST_7 : Operation 124 [1/4] (2.32ns)   --->   "%div5 = fmul i32 %spillage_from_neigh_load, i32 0.5" [flood_HLS_base.cpp:222]   --->   Operation 124 'fmul' 'div5' <Predicate = (!icmp_ln191)> <Delay = 2.32> <CoreInst = "FMul_maxdsp">   --->   Core 30 'FMul_maxdsp' <Latency = 3> <II = 1> <Delay = 2.32> <FuncUnit> <Opcode : 'fmul'> <InPorts = 2> <OutPorts = 1>
ST_7 : Operation 125 [1/4] (2.32ns)   --->   "%div468_1 = fmul i32 %spillage_from_neigh_1_load, i32 0.5" [flood_HLS_base.cpp:222]   --->   Operation 125 'fmul' 'div468_1' <Predicate = (!icmp_ln191)> <Delay = 2.32> <CoreInst = "FMul_maxdsp">   --->   Core 30 'FMul_maxdsp' <Latency = 3> <II = 1> <Delay = 2.32> <FuncUnit> <Opcode : 'fmul'> <InPorts = 2> <OutPorts = 1>
ST_7 : Operation 126 [1/4] (2.32ns)   --->   "%div468_2 = fmul i32 %spillage_from_neigh_2_load, i32 0.5" [flood_HLS_base.cpp:222]   --->   Operation 126 'fmul' 'div468_2' <Predicate = (!icmp_ln191)> <Delay = 2.32> <CoreInst = "FMul_maxdsp">   --->   Core 30 'FMul_maxdsp' <Latency = 3> <II = 1> <Delay = 2.32> <FuncUnit> <Opcode : 'fmul'> <InPorts = 2> <OutPorts = 1>
ST_7 : Operation 127 [1/4] (2.32ns)   --->   "%div468_3 = fmul i32 %spillage_from_neigh_3_load, i32 0.5" [flood_HLS_base.cpp:222]   --->   Operation 127 'fmul' 'div468_3' <Predicate = (!icmp_ln191)> <Delay = 2.32> <CoreInst = "FMul_maxdsp">   --->   Core 30 'FMul_maxdsp' <Latency = 3> <II = 1> <Delay = 2.32> <FuncUnit> <Opcode : 'fmul'> <InPorts = 2> <OutPorts = 1>

State 8 <SV = 7> <Delay = 2.32>
ST_8 : Operation 128 [4/11] (1.21ns)   --->   "%urem_ln52 = urem i7 %select_ln52, i7 3" [flood_HLS_base.cpp:52]   --->   Operation 128 'urem' 'urem_ln52' <Predicate = (!icmp_ln191)> <Delay = 1.21> <CoreInst = "Divider">   --->   Core 6 'Divider' <Latency = 10> <II = 1> <Delay = 1.21> <FuncUnit> <Opcode : 'udiv' 'sdiv' 'urem' 'srem'> <InPorts = 2> <OutPorts = 1>
ST_8 : Operation 129 [2/4] (2.32ns)   --->   "%spill = fmul i32 %spillage_level_load, i32 0.5" [flood_HLS_base.cpp:202]   --->   Operation 129 'fmul' 'spill' <Predicate = (!icmp_ln191 & and_ln199)> <Delay = 2.32> <CoreInst = "FMul_maxdsp">   --->   Core 30 'FMul_maxdsp' <Latency = 3> <II = 1> <Delay = 2.32> <FuncUnit> <Opcode : 'fmul'> <InPorts = 2> <OutPorts = 1>

State 9 <SV = 8> <Delay = 2.32>
ST_9 : Operation 130 [3/11] (1.21ns)   --->   "%urem_ln52 = urem i7 %select_ln52, i7 3" [flood_HLS_base.cpp:52]   --->   Operation 130 'urem' 'urem_ln52' <Predicate = (!icmp_ln191)> <Delay = 1.21> <CoreInst = "Divider">   --->   Core 6 'Divider' <Latency = 10> <II = 1> <Delay = 1.21> <FuncUnit> <Opcode : 'udiv' 'sdiv' 'urem' 'srem'> <InPorts = 2> <OutPorts = 1>
ST_9 : Operation 131 [1/4] (2.32ns)   --->   "%spill = fmul i32 %spillage_level_load, i32 0.5" [flood_HLS_base.cpp:202]   --->   Operation 131 'fmul' 'spill' <Predicate = (!icmp_ln191 & and_ln199)> <Delay = 2.32> <CoreInst = "FMul_maxdsp">   --->   Core 30 'FMul_maxdsp' <Latency = 3> <II = 1> <Delay = 2.32> <FuncUnit> <Opcode : 'fmul'> <InPorts = 2> <OutPorts = 1>
ST_9 : Operation 132 [4/4] (2.32ns)   --->   "%mul6 = fmul i32 %div5, i32 1e+06" [flood_HLS_base.cpp:222]   --->   Operation 132 'fmul' 'mul6' <Predicate = (!icmp_ln191)> <Delay = 2.32> <CoreInst = "FMul_maxdsp">   --->   Core 30 'FMul_maxdsp' <Latency = 3> <II = 1> <Delay = 2.32> <FuncUnit> <Opcode : 'fmul'> <InPorts = 2> <OutPorts = 1>
ST_9 : Operation 133 [4/4] (2.32ns)   --->   "%mul469_1 = fmul i32 %div468_1, i32 1e+06" [flood_HLS_base.cpp:222]   --->   Operation 133 'fmul' 'mul469_1' <Predicate = (!icmp_ln191)> <Delay = 2.32> <CoreInst = "FMul_maxdsp">   --->   Core 30 'FMul_maxdsp' <Latency = 3> <II = 1> <Delay = 2.32> <FuncUnit> <Opcode : 'fmul'> <InPorts = 2> <OutPorts = 1>
ST_9 : Operation 134 [4/4] (2.32ns)   --->   "%mul469_2 = fmul i32 %div468_2, i32 1e+06" [flood_HLS_base.cpp:222]   --->   Operation 134 'fmul' 'mul469_2' <Predicate = (!icmp_ln191)> <Delay = 2.32> <CoreInst = "FMul_maxdsp">   --->   Core 30 'FMul_maxdsp' <Latency = 3> <II = 1> <Delay = 2.32> <FuncUnit> <Opcode : 'fmul'> <InPorts = 2> <OutPorts = 1>
ST_9 : Operation 135 [4/4] (2.32ns)   --->   "%mul469_3 = fmul i32 %div468_3, i32 1e+06" [flood_HLS_base.cpp:222]   --->   Operation 135 'fmul' 'mul469_3' <Predicate = (!icmp_ln191)> <Delay = 2.32> <CoreInst = "FMul_maxdsp">   --->   Core 30 'FMul_maxdsp' <Latency = 3> <II = 1> <Delay = 2.32> <FuncUnit> <Opcode : 'fmul'> <InPorts = 2> <OutPorts = 1>

State 10 <SV = 9> <Delay = 2.32>
ST_10 : Operation 136 [2/11] (1.21ns)   --->   "%urem_ln52 = urem i7 %select_ln52, i7 3" [flood_HLS_base.cpp:52]   --->   Operation 136 'urem' 'urem_ln52' <Predicate = (!icmp_ln191)> <Delay = 1.21> <CoreInst = "Divider">   --->   Core 6 'Divider' <Latency = 10> <II = 1> <Delay = 1.21> <FuncUnit> <Opcode : 'udiv' 'sdiv' 'urem' 'srem'> <InPorts = 2> <OutPorts = 1>
ST_10 : Operation 137 [2/2] (1.54ns)   --->   "%max_spillage_iter = fpext i32 %spill" [flood_HLS_base.cpp:207]   --->   Operation 137 'fpext' 'max_spillage_iter' <Predicate = (!icmp_ln191 & and_ln199)> <Delay = 1.54> <CoreInst = "Float2Double">   --->   Core 64 'Float2Double' <Latency = 1> <II = 1> <Delay = 1.54> <FuncUnit> <Opcode : 'fpext'> <InPorts = 1> <OutPorts = 1>
ST_10 : Operation 138 [3/4] (2.32ns)   --->   "%mul6 = fmul i32 %div5, i32 1e+06" [flood_HLS_base.cpp:222]   --->   Operation 138 'fmul' 'mul6' <Predicate = (!icmp_ln191)> <Delay = 2.32> <CoreInst = "FMul_maxdsp">   --->   Core 30 'FMul_maxdsp' <Latency = 3> <II = 1> <Delay = 2.32> <FuncUnit> <Opcode : 'fmul'> <InPorts = 2> <OutPorts = 1>
ST_10 : Operation 139 [3/4] (2.32ns)   --->   "%mul469_1 = fmul i32 %div468_1, i32 1e+06" [flood_HLS_base.cpp:222]   --->   Operation 139 'fmul' 'mul469_1' <Predicate = (!icmp_ln191)> <Delay = 2.32> <CoreInst = "FMul_maxdsp">   --->   Core 30 'FMul_maxdsp' <Latency = 3> <II = 1> <Delay = 2.32> <FuncUnit> <Opcode : 'fmul'> <InPorts = 2> <OutPorts = 1>
ST_10 : Operation 140 [3/4] (2.32ns)   --->   "%mul469_2 = fmul i32 %div468_2, i32 1e+06" [flood_HLS_base.cpp:222]   --->   Operation 140 'fmul' 'mul469_2' <Predicate = (!icmp_ln191)> <Delay = 2.32> <CoreInst = "FMul_maxdsp">   --->   Core 30 'FMul_maxdsp' <Latency = 3> <II = 1> <Delay = 2.32> <FuncUnit> <Opcode : 'fmul'> <InPorts = 2> <OutPorts = 1>
ST_10 : Operation 141 [3/4] (2.32ns)   --->   "%mul469_3 = fmul i32 %div468_3, i32 1e+06" [flood_HLS_base.cpp:222]   --->   Operation 141 'fmul' 'mul469_3' <Predicate = (!icmp_ln191)> <Delay = 2.32> <CoreInst = "FMul_maxdsp">   --->   Core 30 'FMul_maxdsp' <Latency = 3> <II = 1> <Delay = 2.32> <FuncUnit> <Opcode : 'fmul'> <InPorts = 2> <OutPorts = 1>

State 11 <SV = 10> <Delay = 2.32>
ST_11 : Operation 142 [1/1] (0.00ns)   --->   "%specloopname_ln0 = specloopname void @_ssdm_op_SpecLoopName, void @PROPAGATION_ROWS_PROPAGATION_COLS_str"   --->   Operation 142 'specloopname' 'specloopname_ln0' <Predicate = (!icmp_ln191)> <Delay = 0.00>
ST_11 : Operation 143 [1/1] (0.00ns)   --->   "%speclooptripcount_ln0 = speclooptripcount void @_ssdm_op_SpecLoopTripCount, i64 4800, i64 4800, i64 4800"   --->   Operation 143 'speclooptripcount' 'speclooptripcount_ln0' <Predicate = (!icmp_ln191)> <Delay = 0.00>
ST_11 : Operation 144 [1/1] (0.00ns)   --->   "%specpipeline_ln52 = specpipeline void @_ssdm_op_SpecPipeline, i32 4294967295, i32 0, i32 0, i32 0, void @empty_3" [flood_HLS_base.cpp:52]   --->   Operation 144 'specpipeline' 'specpipeline_ln52' <Predicate = (!icmp_ln191)> <Delay = 0.00>
ST_11 : Operation 145 [1/11] (1.21ns)   --->   "%urem_ln52 = urem i7 %select_ln52, i7 3" [flood_HLS_base.cpp:52]   --->   Operation 145 'urem' 'urem_ln52' <Predicate = (!icmp_ln191)> <Delay = 1.21> <CoreInst = "Divider">   --->   Core 6 'Divider' <Latency = 10> <II = 1> <Delay = 1.21> <FuncUnit> <Opcode : 'udiv' 'sdiv' 'urem' 'srem'> <InPorts = 2> <OutPorts = 1>
ST_11 : Operation 146 [1/1] (0.00ns)   --->   "%trunc_ln52 = trunc i2 %urem_ln52" [flood_HLS_base.cpp:52]   --->   Operation 146 'trunc' 'trunc_ln52' <Predicate = (!icmp_ln191)> <Delay = 0.00>
ST_11 : Operation 147 [1/1] (0.38ns)   --->   "%wl = sparsemux i32 @_ssdm_op_SparseMux.ap_auto.3i32.i32.i2, i2 0, i32 %water_level_load_3, i2 1, i32 %water_level_1_load_3, i2 2, i32 %water_level_2_load_3, i32 0, i2 %trunc_ln52" [flood_HLS_base.cpp:196]   --->   Operation 147 'sparsemux' 'wl' <Predicate = (!icmp_ln191)> <Delay = 0.38> <CoreInst = "SparseMux">   --->   Core 144 'SparseMux' <Latency = 0> <II = 1> <Delay = 0.38> <FuncUnit> <Opcode : 'sparsemux'> <InPorts = 2> <OutPorts = 1>
ST_11 : Operation 148 [1/1] (0.38ns)   --->   "%br_ln199 = br i1 %and_ln199, void %for.inc472, void %if.then437" [flood_HLS_base.cpp:199]   --->   Operation 148 'br' 'br_ln199' <Predicate = (!icmp_ln191)> <Delay = 0.38>
ST_11 : Operation 149 [4/4] (2.32ns)   --->   "%mul5 = fmul i32 %spill, i32 1e+06" [flood_HLS_base.cpp:203]   --->   Operation 149 'fmul' 'mul5' <Predicate = (!icmp_ln191 & and_ln199)> <Delay = 2.32> <CoreInst = "FMul_maxdsp">   --->   Core 30 'FMul_maxdsp' <Latency = 3> <II = 1> <Delay = 2.32> <FuncUnit> <Opcode : 'fmul'> <InPorts = 2> <OutPorts = 1>
ST_11 : Operation 150 [1/2] (1.54ns)   --->   "%max_spillage_iter = fpext i32 %spill" [flood_HLS_base.cpp:207]   --->   Operation 150 'fpext' 'max_spillage_iter' <Predicate = (!icmp_ln191 & and_ln199)> <Delay = 1.54> <CoreInst = "Float2Double">   --->   Core 64 'Float2Double' <Latency = 1> <II = 1> <Delay = 1.54> <FuncUnit> <Opcode : 'fpext'> <InPorts = 1> <OutPorts = 1>
ST_11 : Operation 151 [2/4] (2.32ns)   --->   "%mul6 = fmul i32 %div5, i32 1e+06" [flood_HLS_base.cpp:222]   --->   Operation 151 'fmul' 'mul6' <Predicate = (!icmp_ln191)> <Delay = 2.32> <CoreInst = "FMul_maxdsp">   --->   Core 30 'FMul_maxdsp' <Latency = 3> <II = 1> <Delay = 2.32> <FuncUnit> <Opcode : 'fmul'> <InPorts = 2> <OutPorts = 1>
ST_11 : Operation 152 [2/4] (2.32ns)   --->   "%mul469_1 = fmul i32 %div468_1, i32 1e+06" [flood_HLS_base.cpp:222]   --->   Operation 152 'fmul' 'mul469_1' <Predicate = (!icmp_ln191)> <Delay = 2.32> <CoreInst = "FMul_maxdsp">   --->   Core 30 'FMul_maxdsp' <Latency = 3> <II = 1> <Delay = 2.32> <FuncUnit> <Opcode : 'fmul'> <InPorts = 2> <OutPorts = 1>
ST_11 : Operation 153 [2/4] (2.32ns)   --->   "%mul469_2 = fmul i32 %div468_2, i32 1e+06" [flood_HLS_base.cpp:222]   --->   Operation 153 'fmul' 'mul469_2' <Predicate = (!icmp_ln191)> <Delay = 2.32> <CoreInst = "FMul_maxdsp">   --->   Core 30 'FMul_maxdsp' <Latency = 3> <II = 1> <Delay = 2.32> <FuncUnit> <Opcode : 'fmul'> <InPorts = 2> <OutPorts = 1>
ST_11 : Operation 154 [2/4] (2.32ns)   --->   "%mul469_3 = fmul i32 %div468_3, i32 1e+06" [flood_HLS_base.cpp:222]   --->   Operation 154 'fmul' 'mul469_3' <Predicate = (!icmp_ln191)> <Delay = 2.32> <CoreInst = "FMul_maxdsp">   --->   Core 30 'FMul_maxdsp' <Latency = 3> <II = 1> <Delay = 2.32> <FuncUnit> <Opcode : 'fmul'> <InPorts = 2> <OutPorts = 1>
ST_11 : Operation 155 [1/1] (0.66ns)   --->   "%switch_ln229 = switch i2 %trunc_ln52, void %arrayidx4318.case.2, i2 0, void %arrayidx4318.case.0, i2 1, void %arrayidx4318.case.1" [flood_HLS_base.cpp:229]   --->   Operation 155 'switch' 'switch_ln229' <Predicate = (!icmp_ln191)> <Delay = 0.66>

State 12 <SV = 11> <Delay = 2.32>
ST_12 : Operation 156 [1/1] (0.00ns)   --->   "%p_load = load i416 %empty_81" [flood_HLS_base.cpp:213]   --->   Operation 156 'load' 'p_load' <Predicate = true> <Delay = 0.00>
ST_12 : Operation 157 [3/4] (2.32ns)   --->   "%mul5 = fmul i32 %spill, i32 1e+06" [flood_HLS_base.cpp:203]   --->   Operation 157 'fmul' 'mul5' <Predicate = (!icmp_ln191 & and_ln199)> <Delay = 2.32> <CoreInst = "FMul_maxdsp">   --->   Core 30 'FMul_maxdsp' <Latency = 3> <II = 1> <Delay = 2.32> <FuncUnit> <Opcode : 'fmul'> <InPorts = 2> <OutPorts = 1>
ST_12 : Operation 158 [1/1] (0.00ns)   --->   "%trunc_ln = partselect i64 @_ssdm_op_PartSelect.i64.i416.i32.i32, i416 %p_load, i32 64, i32 127" [flood_HLS_base.cpp:211]   --->   Operation 158 'partselect' 'trunc_ln' <Predicate = (!icmp_ln191 & and_ln199)> <Delay = 0.00>
ST_12 : Operation 159 [1/1] (0.00ns)   --->   "%bitcast_ln211 = bitcast i64 %trunc_ln" [flood_HLS_base.cpp:211]   --->   Operation 159 'bitcast' 'bitcast_ln211' <Predicate = (!icmp_ln191 & and_ln199)> <Delay = 0.00>
ST_12 : Operation 160 [1/1] (0.00ns)   --->   "%tmp_78 = partselect i11 @_ssdm_op_PartSelect.i11.i416.i32.i32, i416 %p_load, i32 116, i32 126" [flood_HLS_base.cpp:211]   --->   Operation 160 'partselect' 'tmp_78' <Predicate = (!icmp_ln191 & and_ln199)> <Delay = 0.00>
ST_12 : Operation 161 [1/1] (0.00ns)   --->   "%trunc_ln211_2 = partselect i52 @_ssdm_op_PartSelect.i52.i416.i32.i32, i416 %p_load, i32 64, i32 115" [flood_HLS_base.cpp:211]   --->   Operation 161 'partselect' 'trunc_ln211_2' <Predicate = (!icmp_ln191 & and_ln199)> <Delay = 0.00>
ST_12 : Operation 162 [1/1] (0.73ns)   --->   "%icmp_ln211 = icmp_ne  i11 %tmp_78, i11 2047" [flood_HLS_base.cpp:211]   --->   Operation 162 'icmp' 'icmp_ln211' <Predicate = (!icmp_ln191 & and_ln199)> <Delay = 0.73> <CoreInst = "Cmp">   --->   Core 9 'Cmp' <Latency = 0> <II = 1> <Delay = 0.73> <FuncUnit> <Opcode : 'seteq' 'setne' 'setle' 'setge' 'setlt' 'setgt'> <InPorts = 2> <OutPorts = 1>
ST_12 : Operation 163 [1/1] (0.98ns)   --->   "%icmp_ln211_1 = icmp_eq  i52 %trunc_ln211_2, i52 0" [flood_HLS_base.cpp:211]   --->   Operation 163 'icmp' 'icmp_ln211_1' <Predicate = (!icmp_ln191 & and_ln199)> <Delay = 0.98> <CoreInst = "Cmp">   --->   Core 9 'Cmp' <Latency = 0> <II = 1> <Delay = 0.98> <FuncUnit> <Opcode : 'seteq' 'setne' 'setle' 'setge' 'setlt' 'setgt'> <InPorts = 2> <OutPorts = 1>
ST_12 : Operation 164 [2/2] (2.01ns)   --->   "%tmp_79 = fcmp_ogt  i64 %max_spillage_iter, i64 %bitcast_ln211" [flood_HLS_base.cpp:211]   --->   Operation 164 'dcmp' 'tmp_79' <Predicate = (!icmp_ln191 & and_ln199)> <Delay = 2.01> <CoreInst = "DCompare">   --->   Core 38 'DCompare' <Latency = 1> <II = 1> <Delay = 2.01> <FuncUnit> <Opcode : 'dcmp'> <InPorts = 2> <OutPorts = 1>
ST_12 : Operation 165 [1/4] (2.32ns)   --->   "%mul6 = fmul i32 %div5, i32 1e+06" [flood_HLS_base.cpp:222]   --->   Operation 165 'fmul' 'mul6' <Predicate = (!icmp_ln191)> <Delay = 2.32> <CoreInst = "FMul_maxdsp">   --->   Core 30 'FMul_maxdsp' <Latency = 3> <II = 1> <Delay = 2.32> <FuncUnit> <Opcode : 'fmul'> <InPorts = 2> <OutPorts = 1>
ST_12 : Operation 166 [1/4] (2.32ns)   --->   "%mul469_1 = fmul i32 %div468_1, i32 1e+06" [flood_HLS_base.cpp:222]   --->   Operation 166 'fmul' 'mul469_1' <Predicate = (!icmp_ln191)> <Delay = 2.32> <CoreInst = "FMul_maxdsp">   --->   Core 30 'FMul_maxdsp' <Latency = 3> <II = 1> <Delay = 2.32> <FuncUnit> <Opcode : 'fmul'> <InPorts = 2> <OutPorts = 1>
ST_12 : Operation 167 [1/4] (2.32ns)   --->   "%mul469_2 = fmul i32 %div468_2, i32 1e+06" [flood_HLS_base.cpp:222]   --->   Operation 167 'fmul' 'mul469_2' <Predicate = (!icmp_ln191)> <Delay = 2.32> <CoreInst = "FMul_maxdsp">   --->   Core 30 'FMul_maxdsp' <Latency = 3> <II = 1> <Delay = 2.32> <FuncUnit> <Opcode : 'fmul'> <InPorts = 2> <OutPorts = 1>
ST_12 : Operation 168 [1/4] (2.32ns)   --->   "%mul469_3 = fmul i32 %div468_3, i32 1e+06" [flood_HLS_base.cpp:222]   --->   Operation 168 'fmul' 'mul469_3' <Predicate = (!icmp_ln191)> <Delay = 2.32> <CoreInst = "FMul_maxdsp">   --->   Core 30 'FMul_maxdsp' <Latency = 3> <II = 1> <Delay = 2.32> <FuncUnit> <Opcode : 'fmul'> <InPorts = 2> <OutPorts = 1>

State 13 <SV = 12> <Delay = 2.52>
ST_13 : Operation 169 [1/1] (0.00ns)   --->   "%max_spillage_iter_3_out_load = load i64 %max_spillage_iter_3_out" [flood_HLS_base.cpp:207]   --->   Operation 169 'load' 'max_spillage_iter_3_out_load' <Predicate = (!icmp_ln191 & and_ln199)> <Delay = 0.00>
ST_13 : Operation 170 [2/4] (2.32ns)   --->   "%mul5 = fmul i32 %spill, i32 1e+06" [flood_HLS_base.cpp:203]   --->   Operation 170 'fmul' 'mul5' <Predicate = (!icmp_ln191 & and_ln199)> <Delay = 2.32> <CoreInst = "FMul_maxdsp">   --->   Core 30 'FMul_maxdsp' <Latency = 3> <II = 1> <Delay = 2.32> <FuncUnit> <Opcode : 'fmul'> <InPorts = 2> <OutPorts = 1>
ST_13 : Operation 171 [1/1] (0.00ns)   --->   "%bitcast_ln207 = bitcast i64 %max_spillage_iter" [flood_HLS_base.cpp:207]   --->   Operation 171 'bitcast' 'bitcast_ln207' <Predicate = (!icmp_ln191 & and_ln199)> <Delay = 0.00>
ST_13 : Operation 172 [1/1] (0.00ns)   --->   "%tmp_75 = partselect i11 @_ssdm_op_PartSelect.i11.i64.i32.i32, i64 %bitcast_ln207, i32 52, i32 62" [flood_HLS_base.cpp:207]   --->   Operation 172 'partselect' 'tmp_75' <Predicate = (!icmp_ln191 & and_ln199)> <Delay = 0.00>
ST_13 : Operation 173 [1/1] (0.00ns)   --->   "%trunc_ln207 = trunc i64 %bitcast_ln207" [flood_HLS_base.cpp:207]   --->   Operation 173 'trunc' 'trunc_ln207' <Predicate = (!icmp_ln191 & and_ln199)> <Delay = 0.00>
ST_13 : Operation 174 [1/1] (0.73ns)   --->   "%icmp_ln207 = icmp_ne  i11 %tmp_75, i11 2047" [flood_HLS_base.cpp:207]   --->   Operation 174 'icmp' 'icmp_ln207' <Predicate = (!icmp_ln191 & and_ln199)> <Delay = 0.73> <CoreInst = "Cmp">   --->   Core 9 'Cmp' <Latency = 0> <II = 1> <Delay = 0.73> <FuncUnit> <Opcode : 'seteq' 'setne' 'setle' 'setge' 'setlt' 'setgt'> <InPorts = 2> <OutPorts = 1>
ST_13 : Operation 175 [1/1] (0.98ns)   --->   "%icmp_ln207_1 = icmp_eq  i52 %trunc_ln207, i52 0" [flood_HLS_base.cpp:207]   --->   Operation 175 'icmp' 'icmp_ln207_1' <Predicate = (!icmp_ln191 & and_ln199)> <Delay = 0.98> <CoreInst = "Cmp">   --->   Core 9 'Cmp' <Latency = 0> <II = 1> <Delay = 0.98> <FuncUnit> <Opcode : 'seteq' 'setne' 'setle' 'setge' 'setlt' 'setgt'> <InPorts = 2> <OutPorts = 1>
ST_13 : Operation 176 [1/1] (0.12ns)   --->   "%or_ln207 = or i1 %icmp_ln207_1, i1 %icmp_ln207" [flood_HLS_base.cpp:207]   --->   Operation 176 'or' 'or_ln207' <Predicate = (!icmp_ln191 & and_ln199)> <Delay = 0.12> <CoreInst = "LogicGate">   --->   Core 74 'LogicGate' <Latency = 0> <II = 1> <Delay = 0.12> <FuncUnit> <Opcode : 'and' 'or' 'xor'> <InPorts = 2> <OutPorts = 1>
ST_13 : Operation 177 [2/2] (2.01ns)   --->   "%tmp_77 = fcmp_ogt  i64 %max_spillage_iter, i64 %max_spillage_iter_3_out_load" [flood_HLS_base.cpp:207]   --->   Operation 177 'dcmp' 'tmp_77' <Predicate = (!icmp_ln191 & and_ln199)> <Delay = 2.01> <CoreInst = "DCompare">   --->   Core 38 'DCompare' <Latency = 1> <II = 1> <Delay = 2.01> <FuncUnit> <Opcode : 'dcmp'> <InPorts = 2> <OutPorts = 1>
ST_13 : Operation 178 [1/1] (0.00ns) (grouped into LUT with out node and_ln211_1)   --->   "%or_ln211 = or i1 %icmp_ln211_1, i1 %icmp_ln211" [flood_HLS_base.cpp:211]   --->   Operation 178 'or' 'or_ln211' <Predicate = (!icmp_ln191 & and_ln199)> <Delay = 0.00> <CoreInst = "LogicGate">   --->   Core 74 'LogicGate' <Latency = 0> <II = 1> <Delay = 0.12> <FuncUnit> <Opcode : 'and' 'or' 'xor'> <InPorts = 2> <OutPorts = 1>
ST_13 : Operation 179 [1/1] (0.00ns) (grouped into LUT with out node and_ln211_1)   --->   "%and_ln211 = and i1 %or_ln207, i1 %or_ln211" [flood_HLS_base.cpp:211]   --->   Operation 179 'and' 'and_ln211' <Predicate = (!icmp_ln191 & and_ln199)> <Delay = 0.00> <CoreInst = "LogicGate">   --->   Core 74 'LogicGate' <Latency = 0> <II = 1> <Delay = 0.12> <FuncUnit> <Opcode : 'and' 'or' 'xor'> <InPorts = 2> <OutPorts = 1>
ST_13 : Operation 180 [1/2] (2.01ns)   --->   "%tmp_79 = fcmp_ogt  i64 %max_spillage_iter, i64 %bitcast_ln211" [flood_HLS_base.cpp:211]   --->   Operation 180 'dcmp' 'tmp_79' <Predicate = (!icmp_ln191 & and_ln199)> <Delay = 2.01> <CoreInst = "DCompare">   --->   Core 38 'DCompare' <Latency = 1> <II = 1> <Delay = 2.01> <FuncUnit> <Opcode : 'dcmp'> <InPorts = 2> <OutPorts = 1>
ST_13 : Operation 181 [1/1] (0.12ns) (out node of the LUT)   --->   "%and_ln211_1 = and i1 %and_ln211, i1 %tmp_79" [flood_HLS_base.cpp:211]   --->   Operation 181 'and' 'and_ln211_1' <Predicate = (!icmp_ln191 & and_ln199)> <Delay = 0.12> <CoreInst = "LogicGate">   --->   Core 74 'LogicGate' <Latency = 0> <II = 1> <Delay = 0.12> <FuncUnit> <Opcode : 'and' 'or' 'xor'> <InPorts = 2> <OutPorts = 1>
ST_13 : Operation 182 [1/1] (0.00ns)   --->   "%tmp_s = partselect i256 @_ssdm_op_PartSelect.i256.i416.i32.i32, i416 %p_load, i32 160, i32 415" [flood_HLS_base.cpp:213]   --->   Operation 182 'partselect' 'tmp_s' <Predicate = (!icmp_ln191 & and_ln199 & and_ln211_1)> <Delay = 0.00>
ST_13 : Operation 183 [1/1] (0.00ns)   --->   "%trunc_ln213 = trunc i416 %p_load" [flood_HLS_base.cpp:213]   --->   Operation 183 'trunc' 'trunc_ln213' <Predicate = (!icmp_ln191 & and_ln199 & and_ln211_1)> <Delay = 0.00>
ST_13 : Operation 184 [1/1] (0.00ns)   --->   "%or_ln213_1 = bitconcatenate i416 @_ssdm_op_BitConcatenate.i416.i256.i1.i31.i64.i64, i256 %tmp_s, i1 0, i31 %tmp, i64 %bitcast_ln207, i64 %trunc_ln213" [flood_HLS_base.cpp:213]   --->   Operation 184 'bitconcatenate' 'or_ln213_1' <Predicate = (!icmp_ln191 & and_ln199 & and_ln211_1)> <Delay = 0.00>
ST_13 : Operation 185 [1/1] (0.38ns)   --->   "%store_ln213 = store i416 %or_ln213_1, i416 %empty_81" [flood_HLS_base.cpp:213]   --->   Operation 185 'store' 'store_ln213' <Predicate = (!icmp_ln191 & and_ln199 & and_ln211_1)> <Delay = 0.38>
ST_13 : Operation 186 [2/2] (2.28ns)   --->   "%spill_acc = call i32 @__hls_fptosi_float_i32, i32 %mul6" [flood_HLS_base.cpp:222]   --->   Operation 186 'call' 'spill_acc' <Predicate = (!icmp_ln191)> <Delay = 2.28> <CoreType = "Generic">   --->   Core 0 '' <Latency = 0> <II = 1> <Delay = 1.00> <Generic> <Opcode : >
ST_13 : Operation 187 [2/2] (2.28ns)   --->   "%tmp_17 = call i32 @__hls_fptosi_float_i32, i32 %mul469_1" [flood_HLS_base.cpp:222]   --->   Operation 187 'call' 'tmp_17' <Predicate = (!icmp_ln191)> <Delay = 2.28> <CoreType = "Generic">   --->   Core 0 '' <Latency = 0> <II = 1> <Delay = 1.00> <Generic> <Opcode : >
ST_13 : Operation 188 [2/2] (2.28ns)   --->   "%tmp_18 = call i32 @__hls_fptosi_float_i32, i32 %mul469_2" [flood_HLS_base.cpp:222]   --->   Operation 188 'call' 'tmp_18' <Predicate = (!icmp_ln191)> <Delay = 2.28> <CoreType = "Generic">   --->   Core 0 '' <Latency = 0> <II = 1> <Delay = 1.00> <Generic> <Opcode : >

State 14 <SV = 13> <Delay = 2.80>
ST_14 : Operation 189 [1/4] (2.32ns)   --->   "%mul5 = fmul i32 %spill, i32 1e+06" [flood_HLS_base.cpp:203]   --->   Operation 189 'fmul' 'mul5' <Predicate = (!icmp_ln191 & and_ln199)> <Delay = 2.32> <CoreInst = "FMul_maxdsp">   --->   Core 30 'FMul_maxdsp' <Latency = 3> <II = 1> <Delay = 2.32> <FuncUnit> <Opcode : 'fmul'> <InPorts = 2> <OutPorts = 1>
ST_14 : Operation 190 [1/1] (0.00ns)   --->   "%bitcast_ln207_1 = bitcast i64 %max_spillage_iter_3_out_load" [flood_HLS_base.cpp:207]   --->   Operation 190 'bitcast' 'bitcast_ln207_1' <Predicate = (!icmp_ln191 & and_ln199)> <Delay = 0.00>
ST_14 : Operation 191 [1/1] (0.00ns)   --->   "%tmp_76 = partselect i11 @_ssdm_op_PartSelect.i11.i64.i32.i32, i64 %bitcast_ln207_1, i32 52, i32 62" [flood_HLS_base.cpp:207]   --->   Operation 191 'partselect' 'tmp_76' <Predicate = (!icmp_ln191 & and_ln199)> <Delay = 0.00>
ST_14 : Operation 192 [1/1] (0.00ns)   --->   "%trunc_ln207_1 = trunc i64 %bitcast_ln207_1" [flood_HLS_base.cpp:207]   --->   Operation 192 'trunc' 'trunc_ln207_1' <Predicate = (!icmp_ln191 & and_ln199)> <Delay = 0.00>
ST_14 : Operation 193 [1/1] (0.73ns)   --->   "%icmp_ln207_2 = icmp_ne  i11 %tmp_76, i11 2047" [flood_HLS_base.cpp:207]   --->   Operation 193 'icmp' 'icmp_ln207_2' <Predicate = (!icmp_ln191 & and_ln199)> <Delay = 0.73> <CoreInst = "Cmp">   --->   Core 9 'Cmp' <Latency = 0> <II = 1> <Delay = 0.73> <FuncUnit> <Opcode : 'seteq' 'setne' 'setle' 'setge' 'setlt' 'setgt'> <InPorts = 2> <OutPorts = 1>
ST_14 : Operation 194 [1/1] (0.98ns)   --->   "%icmp_ln207_3 = icmp_eq  i52 %trunc_ln207_1, i52 0" [flood_HLS_base.cpp:207]   --->   Operation 194 'icmp' 'icmp_ln207_3' <Predicate = (!icmp_ln191 & and_ln199)> <Delay = 0.98> <CoreInst = "Cmp">   --->   Core 9 'Cmp' <Latency = 0> <II = 1> <Delay = 0.98> <FuncUnit> <Opcode : 'seteq' 'setne' 'setle' 'setge' 'setlt' 'setgt'> <InPorts = 2> <OutPorts = 1>
ST_14 : Operation 195 [1/1] (0.00ns) (grouped into LUT with out node max_spillage_iter_1)   --->   "%or_ln207_1 = or i1 %icmp_ln207_3, i1 %icmp_ln207_2" [flood_HLS_base.cpp:207]   --->   Operation 195 'or' 'or_ln207_1' <Predicate = (!icmp_ln191 & and_ln199)> <Delay = 0.00> <CoreInst = "LogicGate">   --->   Core 74 'LogicGate' <Latency = 0> <II = 1> <Delay = 0.12> <FuncUnit> <Opcode : 'and' 'or' 'xor'> <InPorts = 2> <OutPorts = 1>
ST_14 : Operation 196 [1/2] (2.01ns)   --->   "%tmp_77 = fcmp_ogt  i64 %max_spillage_iter, i64 %max_spillage_iter_3_out_load" [flood_HLS_base.cpp:207]   --->   Operation 196 'dcmp' 'tmp_77' <Predicate = (!icmp_ln191 & and_ln199)> <Delay = 2.01> <CoreInst = "DCompare">   --->   Core 38 'DCompare' <Latency = 1> <II = 1> <Delay = 2.01> <FuncUnit> <Opcode : 'dcmp'> <InPorts = 2> <OutPorts = 1>
ST_14 : Operation 197 [1/1] (0.00ns) (grouped into LUT with out node max_spillage_iter_1)   --->   "%and_ln207 = and i1 %or_ln207_1, i1 %or_ln207" [flood_HLS_base.cpp:207]   --->   Operation 197 'and' 'and_ln207' <Predicate = (!icmp_ln191 & and_ln199)> <Delay = 0.00> <CoreInst = "LogicGate">   --->   Core 74 'LogicGate' <Latency = 0> <II = 1> <Delay = 0.12> <FuncUnit> <Opcode : 'and' 'or' 'xor'> <InPorts = 2> <OutPorts = 1>
ST_14 : Operation 198 [1/1] (0.00ns) (grouped into LUT with out node max_spillage_iter_1)   --->   "%and_ln207_1 = and i1 %and_ln207, i1 %tmp_77" [flood_HLS_base.cpp:207]   --->   Operation 198 'and' 'and_ln207_1' <Predicate = (!icmp_ln191 & and_ln199)> <Delay = 0.00> <CoreInst = "LogicGate">   --->   Core 74 'LogicGate' <Latency = 0> <II = 1> <Delay = 0.12> <FuncUnit> <Opcode : 'and' 'or' 'xor'> <InPorts = 2> <OutPorts = 1>
ST_14 : Operation 199 [1/1] (0.41ns) (out node of the LUT)   --->   "%max_spillage_iter_1 = select i1 %and_ln207_1, i64 %max_spillage_iter, i64 %max_spillage_iter_3_out_load" [flood_HLS_base.cpp:207]   --->   Operation 199 'select' 'max_spillage_iter_1' <Predicate = (!icmp_ln191 & and_ln199)> <Delay = 0.41> <CoreInst = "Sel">   --->   Core 73 'Sel' <Latency = 0> <II = 1> <Delay = 0.41> <FuncUnit> <Opcode : 'select'> <InPorts = 3> <OutPorts = 1>
ST_14 : Operation 200 [1/1] (0.38ns)   --->   "%store_ln27 = store i64 %max_spillage_iter_1, i64 %max_spillage_iter_3_out" [flood_HLS_base.cpp:27]   --->   Operation 200 'store' 'store_ln27' <Predicate = (!icmp_ln191 & and_ln199)> <Delay = 0.38>
ST_14 : Operation 201 [1/2] (1.10ns)   --->   "%spill_acc = call i32 @__hls_fptosi_float_i32, i32 %mul6" [flood_HLS_base.cpp:222]   --->   Operation 201 'call' 'spill_acc' <Predicate = true> <Delay = 1.10> <CoreType = "Generic">   --->   Core 0 '' <Latency = 0> <II = 1> <Delay = 1.00> <Generic> <Opcode : >
ST_14 : Operation 202 [1/2] (1.10ns)   --->   "%tmp_17 = call i32 @__hls_fptosi_float_i32, i32 %mul469_1" [flood_HLS_base.cpp:222]   --->   Operation 202 'call' 'tmp_17' <Predicate = true> <Delay = 1.10> <CoreType = "Generic">   --->   Core 0 '' <Latency = 0> <II = 1> <Delay = 1.00> <Generic> <Opcode : >
ST_14 : Operation 203 [1/2] (1.10ns)   --->   "%tmp_18 = call i32 @__hls_fptosi_float_i32, i32 %mul469_2" [flood_HLS_base.cpp:222]   --->   Operation 203 'call' 'tmp_18' <Predicate = true> <Delay = 1.10> <CoreType = "Generic">   --->   Core 0 '' <Latency = 0> <II = 1> <Delay = 1.00> <Generic> <Opcode : >
ST_14 : Operation 204 [2/2] (2.28ns)   --->   "%tmp_19 = call i32 @__hls_fptosi_float_i32, i32 %mul469_3" [flood_HLS_base.cpp:222]   --->   Operation 204 'call' 'tmp_19' <Predicate = true> <Delay = 2.28> <CoreType = "Generic">   --->   Core 0 '' <Latency = 0> <II = 1> <Delay = 1.00> <Generic> <Opcode : >

State 15 <SV = 14> <Delay = 1.10>
ST_15 : Operation 205 [1/2] (1.10ns)   --->   "%tmp_19 = call i32 @__hls_fptosi_float_i32, i32 %mul469_3" [flood_HLS_base.cpp:222]   --->   Operation 205 'call' 'tmp_19' <Predicate = (!icmp_ln191)> <Delay = 1.10> <CoreType = "Generic">   --->   Core 0 '' <Latency = 0> <II = 1> <Delay = 1.00> <Generic> <Opcode : >

State 16 <SV = 15> <Delay = 2.28>
ST_16 : Operation 206 [2/2] (2.28ns)   --->   "%fixed_spill = call i32 @__hls_fptosi_float_i32, i32 %mul5" [flood_HLS_base.cpp:203]   --->   Operation 206 'call' 'fixed_spill' <Predicate = (!icmp_ln191 & and_ln199)> <Delay = 2.28> <CoreType = "Generic">   --->   Core 0 '' <Latency = 0> <II = 1> <Delay = 1.00> <Generic> <Opcode : >
ST_16 : Operation 222 [1/1] (0.00ns)   --->   "%store_ln213 = store i416 %p_load, i416 %p_out" [flood_HLS_base.cpp:213]   --->   Operation 222 'store' 'store_ln213' <Predicate = (icmp_ln191)> <Delay = 0.00>
ST_16 : Operation 223 [1/1] (0.38ns)   --->   "%ret_ln0 = ret"   --->   Operation 223 'ret' 'ret_ln0' <Predicate = (icmp_ln191)> <Delay = 0.38>

State 17 <SV = 16> <Delay = 1.98>
ST_17 : Operation 207 [1/2] (1.10ns)   --->   "%fixed_spill = call i32 @__hls_fptosi_float_i32, i32 %mul5" [flood_HLS_base.cpp:203]   --->   Operation 207 'call' 'fixed_spill' <Predicate = (!icmp_ln191 & and_ln199)> <Delay = 1.10> <CoreType = "Generic">   --->   Core 0 '' <Latency = 0> <II = 1> <Delay = 1.00> <Generic> <Opcode : >
ST_17 : Operation 208 [1/1] (0.88ns)   --->   "%wl_1 = sub i32 %wl, i32 %fixed_spill" [flood_HLS_base.cpp:204]   --->   Operation 208 'sub' 'wl_1' <Predicate = (!icmp_ln191 & and_ln199)> <Delay = 0.88> <CoreInst = "Adder">   --->   Core 1 'Adder' <Latency = 0> <II = 1> <Delay = 0.88> <FuncUnit> <Opcode : 'add' 'sub'> <InPorts = 2> <OutPorts = 1>
ST_17 : Operation 209 [1/1] (0.38ns)   --->   "%br_ln211 = br i1 %and_ln211_1, void %for.inc472, void %if.then453" [flood_HLS_base.cpp:211]   --->   Operation 209 'br' 'br_ln211' <Predicate = (!icmp_ln191 & and_ln199)> <Delay = 0.38>
ST_17 : Operation 210 [1/1] (0.38ns)   --->   "%br_ln214 = br void %for.inc472" [flood_HLS_base.cpp:214]   --->   Operation 210 'br' 'br_ln214' <Predicate = (!icmp_ln191 & and_ln199 & and_ln211_1)> <Delay = 0.38>

State 18 <SV = 17> <Delay = 2.66>
ST_18 : Operation 211 [1/1] (0.00ns)   --->   "%wl_2 = phi i32 %wl_1, void %if.then453, i32 %wl_1, void %if.then437, i32 %wl, void %for.inc483"   --->   Operation 211 'phi' 'wl_2' <Predicate = true> <Delay = 0.00>
ST_18 : Operation 212 [1/1] (0.00ns) (grouped into TernaryAdder)   --->   "%add_ln226 = add i32 %tmp_17, i32 %tmp_18" [flood_HLS_base.cpp:226]   --->   Operation 212 'add' 'add_ln226' <Predicate = true> <Delay = 0.00> <CoreInst = "TAddSub">   --->   Core 10 'TAddSub' <Latency = 0> <II = 1> <Delay = 0.36> <IPBlock> <Opcode : '' 'add' 'sub'> <InPorts = 3> <OutPorts = 1> <Sync> <CReg>
ST_18 : Operation 213 [1/1] (0.00ns) (grouped into TernaryAdder)   --->   "%add_ln226_1 = add i32 %spill_acc, i32 %tmp_19" [flood_HLS_base.cpp:226]   --->   Operation 213 'add' 'add_ln226_1' <Predicate = true> <Delay = 0.00> <CoreInst = "TAddSub">   --->   Core 10 'TAddSub' <Latency = 0> <II = 1> <Delay = 0.36> <IPBlock> <Opcode : '' 'add' 'sub'> <InPorts = 3> <OutPorts = 1> <Sync> <CReg>
ST_18 : Operation 214 [1/1] (0.73ns) (root node of TernaryAdder)   --->   "%add_ln226_2 = add i32 %add_ln226_1, i32 %wl_2" [flood_HLS_base.cpp:226]   --->   Operation 214 'add' 'add_ln226_2' <Predicate = true> <Delay = 0.73> <CoreInst = "TAddSub">   --->   Core 10 'TAddSub' <Latency = 0> <II = 1> <Delay = 0.36> <IPBlock> <Opcode : '' 'add' 'sub'> <InPorts = 3> <OutPorts = 1> <Sync> <CReg>
ST_18 : Operation 215 [1/1] (0.73ns) (root node of TernaryAdder)   --->   "%wl_3 = add i32 %add_ln226_2, i32 %add_ln226" [flood_HLS_base.cpp:226]   --->   Operation 215 'add' 'wl_3' <Predicate = true> <Delay = 0.73> <CoreInst = "TAddSub">   --->   Core 10 'TAddSub' <Latency = 0> <II = 1> <Delay = 0.36> <IPBlock> <Opcode : '' 'add' 'sub'> <InPorts = 3> <OutPorts = 1> <Sync> <CReg>
ST_18 : Operation 216 [1/1] (1.20ns)   --->   "%store_ln229 = store i32 %wl_3, i11 %water_level_1_addr_4" [flood_HLS_base.cpp:229]   --->   Operation 216 'store' 'store_ln229' <Predicate = (trunc_ln52 == 1)> <Delay = 1.20> <CoreInst = "RAM_1WnR">   --->   Core 83 'RAM_1WnR' <Latency = 1> <II = 1> <Delay = 1.20> <Storage> <Opcode : 'load' 'store'> <Ports = 17> <Width = 32> <Depth = 1620> <RAM>
ST_18 : Operation 217 [1/1] (0.00ns)   --->   "%br_ln229 = br void %arrayidx4318.exit" [flood_HLS_base.cpp:229]   --->   Operation 217 'br' 'br_ln229' <Predicate = (trunc_ln52 == 1)> <Delay = 0.00>
ST_18 : Operation 218 [1/1] (1.20ns)   --->   "%store_ln229 = store i32 %wl_3, i11 %water_level_addr_4" [flood_HLS_base.cpp:229]   --->   Operation 218 'store' 'store_ln229' <Predicate = (trunc_ln52 == 0)> <Delay = 1.20> <CoreInst = "RAM_1WnR">   --->   Core 83 'RAM_1WnR' <Latency = 1> <II = 1> <Delay = 1.20> <Storage> <Opcode : 'load' 'store'> <Ports = 17> <Width = 32> <Depth = 1620> <RAM>
ST_18 : Operation 219 [1/1] (0.00ns)   --->   "%br_ln229 = br void %arrayidx4318.exit" [flood_HLS_base.cpp:229]   --->   Operation 219 'br' 'br_ln229' <Predicate = (trunc_ln52 == 0)> <Delay = 0.00>
ST_18 : Operation 220 [1/1] (1.20ns)   --->   "%store_ln229 = store i32 %wl_3, i11 %water_level_2_addr_4" [flood_HLS_base.cpp:229]   --->   Operation 220 'store' 'store_ln229' <Predicate = (trunc_ln52 != 0 & trunc_ln52 != 1)> <Delay = 1.20> <CoreInst = "RAM_1WnR">   --->   Core 83 'RAM_1WnR' <Latency = 1> <II = 1> <Delay = 1.20> <Storage> <Opcode : 'load' 'store'> <Ports = 17> <Width = 32> <Depth = 1620> <RAM>
ST_18 : Operation 221 [1/1] (0.00ns)   --->   "%br_ln229 = br void %arrayidx4318.exit" [flood_HLS_base.cpp:229]   --->   Operation 221 'br' 'br_ln229' <Predicate = (trunc_ln52 != 0 & trunc_ln52 != 1)> <Delay = 0.00>


============================================================
+ Verbose Summary: Timing violations
============================================================
Target clock period: 4.000ns, clock uncertainty: 1.080ns.

 <State 1>: 2.615ns
The critical path consists of the following:
	'store' operation 0 bit ('store_ln52', flood_HLS_base.cpp:52) of constant 0 on local variable 'col_pos', flood_HLS_base.cpp:52 [24]  (0.387 ns)
	'load' operation 7 bit ('col_pos_load', flood_HLS_base.cpp:193) on local variable 'col_pos', flood_HLS_base.cpp:52 [33]  (0.000 ns)
	'icmp' operation 1 bit ('icmp_ln193', flood_HLS_base.cpp:193) [38]  (0.706 ns)
	'select' operation 7 bit ('select_ln52', flood_HLS_base.cpp:52) [39]  (0.308 ns)
	'urem' operation 2 bit ('urem_ln52', flood_HLS_base.cpp:52) [67]  (1.214 ns)

 <State 2>: 1.984ns
The critical path consists of the following:
	'add' operation 13 bit ('add_ln199_1', flood_HLS_base.cpp:199) [47]  (0.000 ns)
	'add' operation 13 bit ('add_ln199', flood_HLS_base.cpp:199) [49]  (0.736 ns)
	'getelementptr' operation 13 bit ('spillage_from_neigh_addr', flood_HLS_base.cpp:222) [53]  (0.000 ns)
	'load' operation 32 bit ('spillage_from_neigh_load', flood_HLS_base.cpp:222) on array 'spillage_from_neigh' [127]  (1.248 ns)

 <State 3>: 2.897ns
The critical path consists of the following:
	'load' operation 32 bit ('spillage_flag_load', flood_HLS_base.cpp:199) on array 'spillage_flag' [73]  (1.248 ns)
	'fcmp' operation 1 bit ('tmp_71', flood_HLS_base.cpp:199) [80]  (1.649 ns)

 <State 4>: 2.322ns
The critical path consists of the following:
	'fmul' operation 32 bit ('div5', flood_HLS_base.cpp:222) [128]  (2.322 ns)

 <State 5>: 2.322ns
The critical path consists of the following:
	'fmul' operation 32 bit ('div5', flood_HLS_base.cpp:222) [128]  (2.322 ns)

 <State 6>: 2.322ns
The critical path consists of the following:
	'fmul' operation 32 bit ('spill', flood_HLS_base.cpp:202) [86]  (2.322 ns)

 <State 7>: 2.322ns
The critical path consists of the following:
	'fmul' operation 32 bit ('spill', flood_HLS_base.cpp:202) [86]  (2.322 ns)

 <State 8>: 2.322ns
The critical path consists of the following:
	'fmul' operation 32 bit ('spill', flood_HLS_base.cpp:202) [86]  (2.322 ns)

 <State 9>: 2.322ns
The critical path consists of the following:
	'fmul' operation 32 bit ('spill', flood_HLS_base.cpp:202) [86]  (2.322 ns)

 <State 10>: 2.322ns
The critical path consists of the following:
	'fmul' operation 32 bit ('mul6', flood_HLS_base.cpp:222) [129]  (2.322 ns)

 <State 11>: 2.322ns
The critical path consists of the following:
	'fmul' operation 32 bit ('mul5', flood_HLS_base.cpp:203) [87]  (2.322 ns)

 <State 12>: 2.322ns
The critical path consists of the following:
	'fmul' operation 32 bit ('mul5', flood_HLS_base.cpp:203) [87]  (2.322 ns)

 <State 13>: 2.520ns
The critical path consists of the following:
	'dcmp' operation 1 bit ('tmp_79', flood_HLS_base.cpp:211) [115]  (2.011 ns)
	'and' operation 1 bit ('and_ln211_1', flood_HLS_base.cpp:211) [116]  (0.122 ns)
	'store' operation 0 bit ('store_ln213', flood_HLS_base.cpp:213) of variable 'or_ln213_1', flood_HLS_base.cpp:213 on local variable 'empty_81' [123]  (0.387 ns)

 <State 14>: 2.809ns
The critical path consists of the following:
	'dcmp' operation 1 bit ('tmp_77', flood_HLS_base.cpp:207) [103]  (2.011 ns)
	'and' operation 1 bit ('and_ln207_1', flood_HLS_base.cpp:207) [105]  (0.000 ns)
	'select' operation 64 bit ('max_spillage_iter', flood_HLS_base.cpp:207) [106]  (0.411 ns)
	'store' operation 0 bit ('store_ln27', flood_HLS_base.cpp:27) of variable 'max_spillage_iter', flood_HLS_base.cpp:207 on local variable 'max_spillage_iter_3_out' [117]  (0.387 ns)

 <State 15>: 1.107ns
The critical path consists of the following:
	'call' operation 32 bit ('tmp_19', flood_HLS_base.cpp:222) to '__hls_fptosi_float_i32' [142]  (1.107 ns)

 <State 16>: 2.288ns
The critical path consists of the following:
	'call' operation 32 bit ('fixed_spill', flood_HLS_base.cpp:203) to '__hls_fptosi_float_i32' [88]  (2.288 ns)

 <State 17>: 1.987ns
The critical path consists of the following:
	'call' operation 32 bit ('fixed_spill', flood_HLS_base.cpp:203) to '__hls_fptosi_float_i32' [88]  (1.107 ns)
	'sub' operation 32 bit ('wl', flood_HLS_base.cpp:204) [89]  (0.880 ns)

 <State 18>: 2.665ns
The critical path consists of the following:
	'phi' operation 32 bit ('wl') with incoming values : ('wl', flood_HLS_base.cpp:196) ('wl', flood_HLS_base.cpp:204) [126]  (0.000 ns)
	'add' operation 32 bit ('add_ln226_2', flood_HLS_base.cpp:226) [145]  (0.731 ns)
	'add' operation 32 bit ('wl', flood_HLS_base.cpp:226) [146]  (0.731 ns)
	'store' operation 0 bit ('store_ln229', flood_HLS_base.cpp:229) of variable 'wl', flood_HLS_base.cpp:226 on array 'water_level_1' [149]  (1.203 ns)


============================================================
+ Verbose Summary: Binding
============================================================
N/A
* FSMD analyzer results:
  - Output states:
 - Input state : 
  - Chain level:
	State 1
	State 2
	State 3
	State 4
	State 5
	State 6
	State 7
	State 8
	State 9
	State 10
	State 11
	State 12
	State 13
	State 14
	State 15
	State 16
	State 17
	State 18


============================================================
+ Verbose Summary: Datapath Resource usage 
============================================================
N/A
