

================================================================
== Vitis HLS Report for 'do_compute_Pipeline_VITIS_LOOP_234_13_VITIS_LOOP_235_14'
================================================================
* Date:           Sun May 17 18:42:46 2026

* Version:        2024.1 (Build 5069499 on May 21 2024)
* Project:        .small_mountains_base_enabled
* Solution:       solution_FLOOD_HLS_base (Vivado IP Flow Target)
* Product family: virtexuplusHBM
* Target device:  xcu50-fsvh2104-2-e


================================================================
== Performance Estimates
================================================================
+ Timing: 
    * Summary: 
    +--------+---------+----------+------------+
    |  Clock |  Target | Estimated| Uncertainty|
    +--------+---------+----------+------------+
    |ap_clk  |  4.00 ns|  2.494 ns|     1.08 ns|
    +--------+---------+----------+------------+

+ Latency: 
    * Summary: 
    +---------+---------+-----------+-----------+------+------+-----------------------------------------------+
    |  Latency (cycles) |   Latency (absolute)  |   Interval  |                    Pipeline                   |
    |   min   |   max   |    min    |    max    |  min |  max |                      Type                     |
    +---------+---------+-----------+-----------+------+------+-----------------------------------------------+
    |     4802|     4802|  19.208 us|  19.208 us|  4801|  4801|  loop auto-rewind stp(delay=0 clock cycles(s))|
    +---------+---------+-----------+-----------+------+------+-----------------------------------------------+

    + Detail: 
        * Instance: 
        N/A

        * Loop: 
        +---------------------------------------+---------+---------+----------+-----------+-----------+------+----------+
        |                                       |  Latency (cycles) | Iteration|  Initiation Interval  | Trip |          |
        |               Loop Name               |   min   |   max   |  Latency |  achieved |   target  | Count| Pipelined|
        +---------------------------------------+---------+---------+----------+-----------+-----------+------+----------+
        |- VITIS_LOOP_234_13_VITIS_LOOP_235_14  |     4800|     4800|         2|          1|          1|  4800|       yes|
        +---------------------------------------+---------+---------+----------+-----------+-----------+------+----------+

============================================================
+ Verbose Summary: Synthesis Manager
============================================================
InlineROM: 1
ExposeGlobal: 0
============================================================
+ Verbose Summary: CDFG Model
============================================================
IsTopModel: 0
ResetActiveHigh: 1
IsCombinational: 0
IsDatapathOnly: 0
HasWiredReturn: 1
HasMFsm: 2
HasVarLatency: 1
IsPipeline: 0
IsRtlPipelined: 0
IsInstanceOverlapped: 0
IsDontTouch: 0
HasImplIP: 0
IsGatedGlobalClock: 0

+ Individual pipeline summary: 
  * Pipeline-0: initiation interval (II) = 1, depth = 2


============================================================
+ Verbose Summary: Schedule
============================================================
* Number of FSM states : 2
* Pipeline : 1
  Pipeline-0 : II = 1, D = 2, States = { 1 2 }
* Dataflow Pipeline: 0

* FSM state transitions: 
1 --> 2 
2 --> 

* FSM state operations: 

State 1 <SV = 0> <Delay = 2.49>
ST_1 : Operation 5 [1/1] (0.00ns)   --->   "%col_pos = alloca i32 1" [flood_HLS_base.cpp:52]   --->   Operation 5 'alloca' 'col_pos' <Predicate = true> <Delay = 0.00>
ST_1 : Operation 6 [1/1] (0.00ns)   --->   "%row_pos = alloca i32 1" [flood_HLS_base.cpp:52]   --->   Operation 6 'alloca' 'row_pos' <Predicate = true> <Delay = 0.00>
ST_1 : Operation 7 [1/1] (0.00ns)   --->   "%indvar_flatten25 = alloca i32 1"   --->   Operation 7 'alloca' 'indvar_flatten25' <Predicate = true> <Delay = 0.00>
ST_1 : Operation 8 [1/1] (0.38ns)   --->   "%store_ln0 = store i13 0, i13 %indvar_flatten25"   --->   Operation 8 'store' 'store_ln0' <Predicate = true> <Delay = 0.38>
ST_1 : Operation 9 [1/1] (0.38ns)   --->   "%store_ln52 = store i6 0, i6 %row_pos" [flood_HLS_base.cpp:52]   --->   Operation 9 'store' 'store_ln52' <Predicate = true> <Delay = 0.38>
ST_1 : Operation 10 [1/1] (0.38ns)   --->   "%store_ln52 = store i7 0, i7 %col_pos" [flood_HLS_base.cpp:52]   --->   Operation 10 'store' 'store_ln52' <Predicate = true> <Delay = 0.38>
ST_1 : Operation 11 [1/1] (0.00ns)   --->   "%br_ln0 = br void %VITIS_LOOP_236_15"   --->   Operation 11 'br' 'br_ln0' <Predicate = true> <Delay = 0.00>
ST_1 : Operation 12 [1/1] (0.00ns)   --->   "%indvar_flatten25_load = load i13 %indvar_flatten25" [flood_HLS_base.cpp:234]   --->   Operation 12 'load' 'indvar_flatten25_load' <Predicate = true> <Delay = 0.00>
ST_1 : Operation 13 [1/1] (0.75ns)   --->   "%icmp_ln234 = icmp_eq  i13 %indvar_flatten25_load, i13 4800" [flood_HLS_base.cpp:234]   --->   Operation 13 'icmp' 'icmp_ln234' <Predicate = true> <Delay = 0.75> <CoreInst = "Cmp">   --->   Core 9 'Cmp' <Latency = 0> <II = 1> <Delay = 0.75> <FuncUnit> <Opcode : 'seteq' 'setne' 'setle' 'setge' 'setlt' 'setgt'> <InPorts = 2> <OutPorts = 1>
ST_1 : Operation 14 [1/1] (0.75ns)   --->   "%add_ln234_1 = add i13 %indvar_flatten25_load, i13 1" [flood_HLS_base.cpp:234]   --->   Operation 14 'add' 'add_ln234_1' <Predicate = true> <Delay = 0.75> <CoreInst = "Adder">   --->   Core 1 'Adder' <Latency = 0> <II = 1> <Delay = 0.75> <FuncUnit> <Opcode : 'add' 'sub'> <InPorts = 2> <OutPorts = 1>
ST_1 : Operation 15 [1/1] (0.00ns)   --->   "%br_ln234 = br i1 %icmp_ln234, void %for.inc516, void %for.inc519.exitStub" [flood_HLS_base.cpp:234]   --->   Operation 15 'br' 'br_ln234' <Predicate = true> <Delay = 0.00>
ST_1 : Operation 16 [1/1] (0.00ns)   --->   "%col_pos_load = load i7 %col_pos" [flood_HLS_base.cpp:235]   --->   Operation 16 'load' 'col_pos_load' <Predicate = (!icmp_ln234)> <Delay = 0.00>
ST_1 : Operation 17 [1/1] (0.00ns)   --->   "%row_pos_load = load i6 %row_pos" [flood_HLS_base.cpp:234]   --->   Operation 17 'load' 'row_pos_load' <Predicate = (!icmp_ln234)> <Delay = 0.00>
ST_1 : Operation 18 [1/1] (0.70ns)   --->   "%add_ln234 = add i6 %row_pos_load, i6 1" [flood_HLS_base.cpp:234]   --->   Operation 18 'add' 'add_ln234' <Predicate = (!icmp_ln234)> <Delay = 0.70> <CoreInst = "Adder">   --->   Core 1 'Adder' <Latency = 0> <II = 1> <Delay = 0.70> <FuncUnit> <Opcode : 'add' 'sub'> <InPorts = 2> <OutPorts = 1>
ST_1 : Operation 19 [1/1] (0.70ns)   --->   "%icmp_ln235 = icmp_eq  i7 %col_pos_load, i7 80" [flood_HLS_base.cpp:235]   --->   Operation 19 'icmp' 'icmp_ln235' <Predicate = (!icmp_ln234)> <Delay = 0.70> <CoreInst = "Cmp">   --->   Core 9 'Cmp' <Latency = 0> <II = 1> <Delay = 0.70> <FuncUnit> <Opcode : 'seteq' 'setne' 'setle' 'setge' 'setlt' 'setgt'> <InPorts = 2> <OutPorts = 1>
ST_1 : Operation 20 [1/1] (0.30ns)   --->   "%select_ln52 = select i1 %icmp_ln235, i7 0, i7 %col_pos_load" [flood_HLS_base.cpp:52]   --->   Operation 20 'select' 'select_ln52' <Predicate = (!icmp_ln234)> <Delay = 0.30> <CoreInst = "Sel">   --->   Core 73 'Sel' <Latency = 0> <II = 1> <Delay = 0.30> <FuncUnit> <Opcode : 'select'> <InPorts = 3> <OutPorts = 1>
ST_1 : Operation 21 [1/1] (0.29ns)   --->   "%select_ln234 = select i1 %icmp_ln235, i6 %add_ln234, i6 %row_pos_load" [flood_HLS_base.cpp:234]   --->   Operation 21 'select' 'select_ln234' <Predicate = (!icmp_ln234)> <Delay = 0.29> <CoreInst = "Sel">   --->   Core 73 'Sel' <Latency = 0> <II = 1> <Delay = 0.29> <FuncUnit> <Opcode : 'select'> <InPorts = 3> <OutPorts = 1>
ST_1 : Operation 22 [1/1] (0.70ns)   --->   "%add_ln235 = add i7 %select_ln52, i7 1" [flood_HLS_base.cpp:235]   --->   Operation 22 'add' 'add_ln235' <Predicate = (!icmp_ln234)> <Delay = 0.70> <CoreInst = "Adder">   --->   Core 1 'Adder' <Latency = 0> <II = 1> <Delay = 0.70> <FuncUnit> <Opcode : 'add' 'sub'> <InPorts = 2> <OutPorts = 1>
ST_1 : Operation 23 [1/1] (0.38ns)   --->   "%store_ln234 = store i13 %add_ln234_1, i13 %indvar_flatten25" [flood_HLS_base.cpp:234]   --->   Operation 23 'store' 'store_ln234' <Predicate = (!icmp_ln234)> <Delay = 0.38>
ST_1 : Operation 24 [1/1] (0.38ns)   --->   "%store_ln52 = store i6 %select_ln234, i6 %row_pos" [flood_HLS_base.cpp:52]   --->   Operation 24 'store' 'store_ln52' <Predicate = (!icmp_ln234)> <Delay = 0.38>
ST_1 : Operation 25 [1/1] (0.38ns)   --->   "%store_ln52 = store i7 %add_ln235, i7 %col_pos" [flood_HLS_base.cpp:52]   --->   Operation 25 'store' 'store_ln52' <Predicate = (!icmp_ln234)> <Delay = 0.38>
ST_1 : Operation 50 [1/1] (0.38ns)   --->   "%ret_ln0 = ret"   --->   Operation 50 'ret' 'ret_ln0' <Predicate = (icmp_ln234)> <Delay = 0.38>

State 2 <SV = 1> <Delay = 1.98>
ST_2 : Operation 26 [1/1] (0.00ns)   --->   "%specloopname_ln0 = specloopname void @_ssdm_op_SpecLoopName, void @VITIS_LOOP_234_13_VITIS_LOOP_235_14_str"   --->   Operation 26 'specloopname' 'specloopname_ln0' <Predicate = true> <Delay = 0.00>
ST_2 : Operation 27 [1/1] (0.00ns)   --->   "%speclooptripcount_ln0 = speclooptripcount void @_ssdm_op_SpecLoopTripCount, i64 4800, i64 4800, i64 4800"   --->   Operation 27 'speclooptripcount' 'speclooptripcount_ln0' <Predicate = true> <Delay = 0.00>
ST_2 : Operation 28 [1/1] (0.00ns)   --->   "%tmp = bitconcatenate i12 @_ssdm_op_BitConcatenate.i12.i6.i6, i6 %select_ln234, i6 0" [flood_HLS_base.cpp:241]   --->   Operation 28 'bitconcatenate' 'tmp' <Predicate = true> <Delay = 0.00>
ST_2 : Operation 29 [1/1] (0.00ns)   --->   "%zext_ln241 = zext i12 %tmp" [flood_HLS_base.cpp:241]   --->   Operation 29 'zext' 'zext_ln241' <Predicate = true> <Delay = 0.00>
ST_2 : Operation 30 [1/1] (0.00ns)   --->   "%tmp_36 = bitconcatenate i10 @_ssdm_op_BitConcatenate.i10.i6.i4, i6 %select_ln234, i4 0" [flood_HLS_base.cpp:241]   --->   Operation 30 'bitconcatenate' 'tmp_36' <Predicate = true> <Delay = 0.00>
ST_2 : Operation 31 [1/1] (0.00ns)   --->   "%zext_ln241_1 = zext i10 %tmp_36" [flood_HLS_base.cpp:241]   --->   Operation 31 'zext' 'zext_ln241_1' <Predicate = true> <Delay = 0.00>
ST_2 : Operation 32 [1/1] (0.00ns) (grouped into TernaryAdder)   --->   "%add_ln241_1 = add i13 %zext_ln241, i13 %zext_ln241_1" [flood_HLS_base.cpp:241]   --->   Operation 32 'add' 'add_ln241_1' <Predicate = true> <Delay = 0.00> <CoreInst = "TAddSub">   --->   Core 10 'TAddSub' <Latency = 0> <II = 1> <Delay = 0.36> <IPBlock> <Opcode : '' 'add' 'sub'> <InPorts = 3> <OutPorts = 1> <Sync> <CReg>
ST_2 : Operation 33 [1/1] (0.00ns)   --->   "%zext_ln241_2 = zext i7 %select_ln52" [flood_HLS_base.cpp:241]   --->   Operation 33 'zext' 'zext_ln241_2' <Predicate = true> <Delay = 0.00>
ST_2 : Operation 34 [1/1] (0.73ns) (root node of TernaryAdder)   --->   "%add_ln241 = add i13 %add_ln241_1, i13 %zext_ln241_2" [flood_HLS_base.cpp:241]   --->   Operation 34 'add' 'add_ln241' <Predicate = true> <Delay = 0.73> <CoreInst = "TAddSub">   --->   Core 10 'TAddSub' <Latency = 0> <II = 1> <Delay = 0.36> <IPBlock> <Opcode : '' 'add' 'sub'> <InPorts = 3> <OutPorts = 1> <Sync> <CReg>
ST_2 : Operation 35 [1/1] (0.00ns)   --->   "%zext_ln241_3 = zext i13 %add_ln241" [flood_HLS_base.cpp:241]   --->   Operation 35 'zext' 'zext_ln241_3' <Predicate = true> <Delay = 0.00>
ST_2 : Operation 36 [1/1] (0.00ns)   --->   "%spillage_flag_addr = getelementptr i32 %spillage_flag, i64 0, i64 %zext_ln241_3" [flood_HLS_base.cpp:241]   --->   Operation 36 'getelementptr' 'spillage_flag_addr' <Predicate = true> <Delay = 0.00>
ST_2 : Operation 37 [1/1] (0.00ns)   --->   "%spillage_level_addr = getelementptr i32 %spillage_level, i64 0, i64 %zext_ln241_3" [flood_HLS_base.cpp:242]   --->   Operation 37 'getelementptr' 'spillage_level_addr' <Predicate = true> <Delay = 0.00>
ST_2 : Operation 38 [1/1] (0.00ns)   --->   "%spillage_from_neigh_addr = getelementptr i32 %spillage_from_neigh, i64 0, i64 %zext_ln241_3" [flood_HLS_base.cpp:239]   --->   Operation 38 'getelementptr' 'spillage_from_neigh_addr' <Predicate = true> <Delay = 0.00>
ST_2 : Operation 39 [1/1] (0.00ns)   --->   "%spillage_from_neigh_1_addr = getelementptr i32 %spillage_from_neigh_1, i64 0, i64 %zext_ln241_3" [flood_HLS_base.cpp:239]   --->   Operation 39 'getelementptr' 'spillage_from_neigh_1_addr' <Predicate = true> <Delay = 0.00>
ST_2 : Operation 40 [1/1] (0.00ns)   --->   "%spillage_from_neigh_2_addr = getelementptr i32 %spillage_from_neigh_2, i64 0, i64 %zext_ln241_3" [flood_HLS_base.cpp:239]   --->   Operation 40 'getelementptr' 'spillage_from_neigh_2_addr' <Predicate = true> <Delay = 0.00>
ST_2 : Operation 41 [1/1] (0.00ns)   --->   "%spillage_from_neigh_3_addr = getelementptr i32 %spillage_from_neigh_3, i64 0, i64 %zext_ln241_3" [flood_HLS_base.cpp:239]   --->   Operation 41 'getelementptr' 'spillage_from_neigh_3_addr' <Predicate = true> <Delay = 0.00>
ST_2 : Operation 42 [1/1] (0.00ns)   --->   "%specpipeline_ln52 = specpipeline void @_ssdm_op_SpecPipeline, i32 4294967295, i32 0, i32 0, i32 0, void @empty_3" [flood_HLS_base.cpp:52]   --->   Operation 42 'specpipeline' 'specpipeline_ln52' <Predicate = true> <Delay = 0.00>
ST_2 : Operation 43 [1/1] (1.24ns)   --->   "%store_ln239 = store i32 0, i13 %spillage_from_neigh_addr" [flood_HLS_base.cpp:239]   --->   Operation 43 'store' 'store_ln239' <Predicate = true> <Delay = 1.24> <CoreInst = "RAM">   --->   Core 82 'RAM' <Latency = 1> <II = 1> <Delay = 1.24> <Storage> <Opcode : 'load' 'store'> <Ports = 2> <Width = 32> <Depth = 4800> <RAM>
ST_2 : Operation 44 [1/1] (1.24ns)   --->   "%store_ln239 = store i32 0, i13 %spillage_from_neigh_1_addr" [flood_HLS_base.cpp:239]   --->   Operation 44 'store' 'store_ln239' <Predicate = true> <Delay = 1.24> <CoreInst = "RAM">   --->   Core 82 'RAM' <Latency = 1> <II = 1> <Delay = 1.24> <Storage> <Opcode : 'load' 'store'> <Ports = 2> <Width = 32> <Depth = 4800> <RAM>
ST_2 : Operation 45 [1/1] (1.24ns)   --->   "%store_ln239 = store i32 0, i13 %spillage_from_neigh_2_addr" [flood_HLS_base.cpp:239]   --->   Operation 45 'store' 'store_ln239' <Predicate = true> <Delay = 1.24> <CoreInst = "RAM">   --->   Core 82 'RAM' <Latency = 1> <II = 1> <Delay = 1.24> <Storage> <Opcode : 'load' 'store'> <Ports = 2> <Width = 32> <Depth = 4800> <RAM>
ST_2 : Operation 46 [1/1] (1.24ns)   --->   "%store_ln239 = store i32 0, i13 %spillage_from_neigh_3_addr" [flood_HLS_base.cpp:239]   --->   Operation 46 'store' 'store_ln239' <Predicate = true> <Delay = 1.24> <CoreInst = "RAM">   --->   Core 82 'RAM' <Latency = 1> <II = 1> <Delay = 1.24> <Storage> <Opcode : 'load' 'store'> <Ports = 2> <Width = 32> <Depth = 4800> <RAM>
ST_2 : Operation 47 [1/1] (1.24ns)   --->   "%store_ln241 = store i32 0, i13 %spillage_flag_addr" [flood_HLS_base.cpp:241]   --->   Operation 47 'store' 'store_ln241' <Predicate = true> <Delay = 1.24> <CoreInst = "RAM">   --->   Core 82 'RAM' <Latency = 1> <II = 1> <Delay = 1.24> <Storage> <Opcode : 'load' 'store'> <Ports = 2> <Width = 32> <Depth = 4800> <RAM>
ST_2 : Operation 48 [1/1] (1.24ns)   --->   "%store_ln242 = store i32 0, i13 %spillage_level_addr" [flood_HLS_base.cpp:242]   --->   Operation 48 'store' 'store_ln242' <Predicate = true> <Delay = 1.24> <CoreInst = "RAM">   --->   Core 82 'RAM' <Latency = 1> <II = 1> <Delay = 1.24> <Storage> <Opcode : 'load' 'store'> <Ports = 2> <Width = 32> <Depth = 4800> <RAM>
ST_2 : Operation 49 [1/1] (0.00ns)   --->   "%br_ln235 = br void %VITIS_LOOP_236_15" [flood_HLS_base.cpp:235]   --->   Operation 49 'br' 'br_ln235' <Predicate = true> <Delay = 0.00>


============================================================
+ Verbose Summary: Timing violations
============================================================
Target clock period: 4.000ns, clock uncertainty: 1.080ns.

 <State 1>: 2.494ns
The critical path consists of the following:
	'store' operation 0 bit ('store_ln52', flood_HLS_base.cpp:52) of constant 0 on local variable 'col_pos', flood_HLS_base.cpp:52 [12]  (0.387 ns)
	'load' operation 7 bit ('col_pos_load', flood_HLS_base.cpp:235) on local variable 'col_pos', flood_HLS_base.cpp:52 [20]  (0.000 ns)
	'icmp' operation 1 bit ('icmp_ln235', flood_HLS_base.cpp:235) [25]  (0.706 ns)
	'select' operation 7 bit ('select_ln52', flood_HLS_base.cpp:52) [26]  (0.308 ns)
	'add' operation 7 bit ('add_ln235', flood_HLS_base.cpp:235) [49]  (0.706 ns)
	'store' operation 0 bit ('store_ln52', flood_HLS_base.cpp:52) of variable 'add_ln235', flood_HLS_base.cpp:235 on local variable 'col_pos', flood_HLS_base.cpp:52 [52]  (0.387 ns)

 <State 2>: 1.984ns
The critical path consists of the following:
	'add' operation 13 bit ('add_ln241_1', flood_HLS_base.cpp:241) [32]  (0.000 ns)
	'add' operation 13 bit ('add_ln241', flood_HLS_base.cpp:241) [34]  (0.736 ns)
	'getelementptr' operation 13 bit ('spillage_from_neigh_addr', flood_HLS_base.cpp:239) [38]  (0.000 ns)
	'store' operation 0 bit ('store_ln239', flood_HLS_base.cpp:239) of constant 0 on array 'spillage_from_neigh' [43]  (1.248 ns)


============================================================
+ Verbose Summary: Binding
============================================================
N/A
* FSMD analyzer results:
  - Output states:
 - Input state : 
  - Chain level:
	State 1
	State 2


============================================================
+ Verbose Summary: Datapath Resource usage 
============================================================
N/A
