

================================================================
== Vitis HLS Report for 'do_compute_Pipeline_VITIS_LOOP_234_13_VITIS_LOOP_235_14'
================================================================
* Date:           Sun May 17 18:42:49 2026

* Version:        2024.1 (Build 5069499 on May 21 2024)
* Project:        .small_mountains_base_enabled
* Solution:       solution_FLOOD_HLS_base (Vivado IP Flow Target)
* Product family: virtexuplusHBM
* Target device:  xcu50-fsvh2104-2-e


================================================================
== Performance Estimates
================================================================
+ Timing: 
    * Summary: 
    +--------+---------+----------+------------+
    |  Clock |  Target | Estimated| Uncertainty|
    +--------+---------+----------+------------+
    |ap_clk  |  4.00 ns|  2.494 ns|     1.08 ns|
    +--------+---------+----------+------------+

+ Latency: 
    * Summary: 
    +---------+---------+-----------+-----------+------+------+-----------------------------------------------+
    |  Latency (cycles) |   Latency (absolute)  |   Interval  |                    Pipeline                   |
    |   min   |   max   |    min    |    max    |  min |  max |                      Type                     |
    +---------+---------+-----------+-----------+------+------+-----------------------------------------------+
    |     4802|     4802|  19.208 us|  19.208 us|  4801|  4801|  loop auto-rewind stp(delay=0 clock cycles(s))|
    +---------+---------+-----------+-----------+------+------+-----------------------------------------------+

    + Detail: 
        * Instance: 
        N/A

        * Loop: 
        +---------------------------------------+---------+---------+----------+-----------+-----------+------+----------+
        |                                       |  Latency (cycles) | Iteration|  Initiation Interval  | Trip |          |
        |               Loop Name               |   min   |   max   |  Latency |  achieved |   target  | Count| Pipelined|
        +---------------------------------------+---------+---------+----------+-----------+-----------+------+----------+
        |- VITIS_LOOP_234_13_VITIS_LOOP_235_14  |     4800|     4800|         2|          1|          1|  4800|       yes|
        +---------------------------------------+---------+---------+----------+-----------+-----------+------+----------+



================================================================
== Utilization Estimates
================================================================
* Summary: 
+---------------------+---------+------+---------+--------+-----+
|         Name        | BRAM_18K|  DSP |    FF   |   LUT  | URAM|
+---------------------+---------+------+---------+--------+-----+
|DSP                  |        -|     -|        -|       -|    -|
|Expression           |        -|     -|        0|     130|    -|
|FIFO                 |        -|     -|        -|       -|    -|
|Instance             |        -|     -|        -|       -|    -|
|Memory               |        -|     -|        -|       -|    -|
|Multiplexer          |        -|     -|        0|      72|    -|
|Register             |        -|     -|       42|       -|    -|
+---------------------+---------+------+---------+--------+-----+
|Total                |        0|     0|       42|     202|    0|
+---------------------+---------+------+---------+--------+-----+
|Available SLR        |     1344|  2976|   871680|  435840|  320|
+---------------------+---------+------+---------+--------+-----+
|Utilization SLR (%)  |        0|     0|       ~0|      ~0|    0|
+---------------------+---------+------+---------+--------+-----+
|Available            |     2688|  5952|  1743360|  871680|  640|
+---------------------+---------+------+---------+--------+-----+
|Utilization (%)      |        0|     0|       ~0|      ~0|    0|
+---------------------+---------+------+---------+--------+-----+

+ Detail: 
    * Instance: 
    N/A

    * DSP: 
    N/A

    * Memory: 
    N/A

    * FIFO: 
    N/A

    * Expression: 
    +------------------------+----------+----+---+----+------------+------------+
    |      Variable Name     | Operation| DSP| FF| LUT| Bitwidth P0| Bitwidth P1|
    +------------------------+----------+----+---+----+------------+------------+
    |add_ln234_1_fu_176_p2   |         +|   0|  0|  20|          13|           1|
    |add_ln234_fu_188_p2     |         +|   0|  0|  13|           6|           1|
    |add_ln235_fu_216_p2     |         +|   0|  0|  14|           7|           1|
    |add_ln241_1_fu_259_p2   |         +|   0|  0|  17|          13|          13|
    |add_ln241_fu_268_p2     |         +|   0|  0|  17|          13|          13|
    |icmp_ln234_fu_170_p2    |      icmp|   0|  0|  20|          13|          13|
    |icmp_ln235_fu_194_p2    |      icmp|   0|  0|  14|           7|           7|
    |select_ln234_fu_208_p3  |    select|   0|  0|   6|           1|           6|
    |select_ln52_fu_200_p3   |    select|   0|  0|   7|           1|           1|
    |ap_enable_pp0           |       xor|   0|  0|   2|           1|           2|
    +------------------------+----------+----+---+----+------------+------------+
    |Total                   |          |   0|  0| 130|          75|          58|
    +------------------------+----------+----+---+----+------------+------------+

    * Multiplexer: 
    +----------------------------------------+----+-----------+-----+-----------+
    |                  Name                  | LUT| Input Size| Bits| Total Bits|
    +----------------------------------------+----+-----------+-----+-----------+
    |ap_done_int                             |   9|          2|    1|          2|
    |ap_enable_reg_pp0_iter1                 |   9|          2|    1|          2|
    |ap_sig_allocacmp_col_pos_load           |   9|          2|    7|         14|
    |ap_sig_allocacmp_indvar_flatten25_load  |   9|          2|   13|         26|
    |ap_sig_allocacmp_row_pos_load           |   9|          2|    6|         12|
    |col_pos_fu_56                           |   9|          2|    7|         14|
    |indvar_flatten25_fu_64                  |   9|          2|   13|         26|
    |row_pos_fu_60                           |   9|          2|    6|         12|
    +----------------------------------------+----+-----------+-----+-----------+
    |Total                                   |  72|         16|   54|        108|
    +----------------------------------------+----+-----------+-----+-----------+

    * Register: 
    +-------------------------+----+----+-----+-----------+
    |           Name          | FF | LUT| Bits| Const Bits|
    +-------------------------+----+----+-----+-----------+
    |ap_CS_fsm                |   1|   0|    1|          0|
    |ap_done_reg              |   1|   0|    1|          0|
    |ap_enable_reg_pp0_iter1  |   1|   0|    1|          0|
    |col_pos_fu_56            |   7|   0|    7|          0|
    |indvar_flatten25_fu_64   |  13|   0|   13|          0|
    |row_pos_fu_60            |   6|   0|    6|          0|
    |select_ln234_reg_313     |   6|   0|    6|          0|
    |select_ln52_reg_308      |   7|   0|    7|          0|
    +-------------------------+----+----+-----+-----------+
    |Total                    |  42|   0|   42|          0|
    +-------------------------+----+----+-----+-----------+



================================================================
== Interface
================================================================
* Summary: 
+--------------------------------+-----+-----+------------+---------------------------------------------------------+--------------+
|            RTL Ports           | Dir | Bits|  Protocol  |                      Source Object                      |    C Type    |
+--------------------------------+-----+-----+------------+---------------------------------------------------------+--------------+
|ap_clk                          |   in|    1|  ap_ctrl_hs|  do_compute_Pipeline_VITIS_LOOP_234_13_VITIS_LOOP_235_14|  return value|
|ap_rst                          |   in|    1|  ap_ctrl_hs|  do_compute_Pipeline_VITIS_LOOP_234_13_VITIS_LOOP_235_14|  return value|
|ap_start                        |   in|    1|  ap_ctrl_hs|  do_compute_Pipeline_VITIS_LOOP_234_13_VITIS_LOOP_235_14|  return value|
|ap_done                         |  out|    1|  ap_ctrl_hs|  do_compute_Pipeline_VITIS_LOOP_234_13_VITIS_LOOP_235_14|  return value|
|ap_idle                         |  out|    1|  ap_ctrl_hs|  do_compute_Pipeline_VITIS_LOOP_234_13_VITIS_LOOP_235_14|  return value|
|ap_ready                        |  out|    1|  ap_ctrl_hs|  do_compute_Pipeline_VITIS_LOOP_234_13_VITIS_LOOP_235_14|  return value|
|spillage_flag_address0          |  out|   13|   ap_memory|                                            spillage_flag|         array|
|spillage_flag_ce0               |  out|    1|   ap_memory|                                            spillage_flag|         array|
|spillage_flag_we0               |  out|    1|   ap_memory|                                            spillage_flag|         array|
|spillage_flag_d0                |  out|   32|   ap_memory|                                            spillage_flag|         array|
|spillage_level_address0         |  out|   13|   ap_memory|                                           spillage_level|         array|
|spillage_level_ce0              |  out|    1|   ap_memory|                                           spillage_level|         array|
|spillage_level_we0              |  out|    1|   ap_memory|                                           spillage_level|         array|
|spillage_level_d0               |  out|   32|   ap_memory|                                           spillage_level|         array|
|spillage_from_neigh_address0    |  out|   13|   ap_memory|                                      spillage_from_neigh|         array|
|spillage_from_neigh_ce0         |  out|    1|   ap_memory|                                      spillage_from_neigh|         array|
|spillage_from_neigh_we0         |  out|    1|   ap_memory|                                      spillage_from_neigh|         array|
|spillage_from_neigh_d0          |  out|   32|   ap_memory|                                      spillage_from_neigh|         array|
|spillage_from_neigh_1_address0  |  out|   13|   ap_memory|                                    spillage_from_neigh_1|         array|
|spillage_from_neigh_1_ce0       |  out|    1|   ap_memory|                                    spillage_from_neigh_1|         array|
|spillage_from_neigh_1_we0       |  out|    1|   ap_memory|                                    spillage_from_neigh_1|         array|
|spillage_from_neigh_1_d0        |  out|   32|   ap_memory|                                    spillage_from_neigh_1|         array|
|spillage_from_neigh_2_address0  |  out|   13|   ap_memory|                                    spillage_from_neigh_2|         array|
|spillage_from_neigh_2_ce0       |  out|    1|   ap_memory|                                    spillage_from_neigh_2|         array|
|spillage_from_neigh_2_we0       |  out|    1|   ap_memory|                                    spillage_from_neigh_2|         array|
|spillage_from_neigh_2_d0        |  out|   32|   ap_memory|                                    spillage_from_neigh_2|         array|
|spillage_from_neigh_3_address0  |  out|   13|   ap_memory|                                    spillage_from_neigh_3|         array|
|spillage_from_neigh_3_ce0       |  out|    1|   ap_memory|                                    spillage_from_neigh_3|         array|
|spillage_from_neigh_3_we0       |  out|    1|   ap_memory|                                    spillage_from_neigh_3|         array|
|spillage_from_neigh_3_d0        |  out|   32|   ap_memory|                                    spillage_from_neigh_3|         array|
+--------------------------------+-----+-----+------------+---------------------------------------------------------+--------------+

============================================================
+ Verbose Summary: Synthesis Manager
============================================================
InlineROM: 1
ExposeGlobal: 0
============================================================
+ Verbose Summary: CDFG Model
============================================================
IsTopModel: 0
ResetActiveHigh: 1
IsCombinational: 2
IsDatapathOnly: 2
HasWiredReturn: 1
HasMFsm: 2
HasVarLatency: 1
IsPipeline: 0
IsRtlPipelined: 0
IsInstanceOverlapped: 0
IsDontTouch: 0
HasImplIP: 0
IsGatedGlobalClock: 0

+ Individual pipeline summary: 
  * Pipeline-0: initiation interval (II) = 1, depth = 2


============================================================
+ Verbose Summary: Schedule
============================================================
* Number of FSM states : 2
* Pipeline : 1
  Pipeline-0 : II = 1, D = 2, States = { 1 2 }
* Dataflow Pipeline: 0

* FSM state transitions: 
1 --> 2 
2 --> 

* FSM state operations: 

State 1 <SV = 0> <Delay = 2.49>
ST_1 : Operation 5 [1/1] (0.00ns)   --->   "%col_pos = alloca i32 1" [flood_HLS_base.cpp:52]   --->   Operation 5 'alloca' 'col_pos' <Predicate = true> <Delay = 0.00>
ST_1 : Operation 6 [1/1] (0.00ns)   --->   "%row_pos = alloca i32 1" [flood_HLS_base.cpp:52]   --->   Operation 6 'alloca' 'row_pos' <Predicate = true> <Delay = 0.00>
ST_1 : Operation 7 [1/1] (0.00ns)   --->   "%indvar_flatten25 = alloca i32 1"   --->   Operation 7 'alloca' 'indvar_flatten25' <Predicate = true> <Delay = 0.00>
ST_1 : Operation 8 [1/1] (0.38ns)   --->   "%store_ln0 = store i13 0, i13 %indvar_flatten25"   --->   Operation 8 'store' 'store_ln0' <Predicate = true> <Delay = 0.38>
ST_1 : Operation 9 [1/1] (0.38ns)   --->   "%store_ln52 = store i6 0, i6 %row_pos" [flood_HLS_base.cpp:52]   --->   Operation 9 'store' 'store_ln52' <Predicate = true> <Delay = 0.38>
ST_1 : Operation 10 [1/1] (0.38ns)   --->   "%store_ln52 = store i7 0, i7 %col_pos" [flood_HLS_base.cpp:52]   --->   Operation 10 'store' 'store_ln52' <Predicate = true> <Delay = 0.38>
ST_1 : Operation 11 [1/1] (0.00ns)   --->   "%br_ln0 = br void %VITIS_LOOP_236_15"   --->   Operation 11 'br' 'br_ln0' <Predicate = true> <Delay = 0.00>
ST_1 : Operation 12 [1/1] (0.00ns)   --->   "%indvar_flatten25_load = load i13 %indvar_flatten25" [flood_HLS_base.cpp:234]   --->   Operation 12 'load' 'indvar_flatten25_load' <Predicate = true> <Delay = 0.00>
ST_1 : Operation 13 [1/1] (0.75ns)   --->   "%icmp_ln234 = icmp_eq  i13 %indvar_flatten25_load, i13 4800" [flood_HLS_base.cpp:234]   --->   Operation 13 'icmp' 'icmp_ln234' <Predicate = true> <Delay = 0.75> <CoreInst = "Cmp">   --->   Core 9 'Cmp' <Latency = 0> <II = 1> <Delay = 0.75> <FuncUnit> <Opcode : 'seteq' 'setne' 'setle' 'setge' 'setlt' 'setgt'> <InPorts = 2> <OutPorts = 1>
ST_1 : Operation 14 [1/1] (0.75ns)   --->   "%add_ln234_1 = add i13 %indvar_flatten25_load, i13 1" [flood_HLS_base.cpp:234]   --->   Operation 14 'add' 'add_ln234_1' <Predicate = true> <Delay = 0.75> <CoreInst = "Adder">   --->   Core 1 'Adder' <Latency = 0> <II = 1> <Delay = 0.75> <FuncUnit> <Opcode : 'add' 'sub'> <InPorts = 2> <OutPorts = 1>
ST_1 : Operation 15 [1/1] (0.00ns)   --->   "%br_ln234 = br i1 %icmp_ln234, void %for.inc516, void %for.inc519.exitStub" [flood_HLS_base.cpp:234]   --->   Operation 15 'br' 'br_ln234' <Predicate = true> <Delay = 0.00>
ST_1 : Operation 16 [1/1] (0.00ns)   --->   "%col_pos_load = load i7 %col_pos" [flood_HLS_base.cpp:235]   --->   Operation 16 'load' 'col_pos_load' <Predicate = (!icmp_ln234)> <Delay = 0.00>
ST_1 : Operation 17 [1/1] (0.00ns)   --->   "%row_pos_load = load i6 %row_pos" [flood_HLS_base.cpp:234]   --->   Operation 17 'load' 'row_pos_load' <Predicate = (!icmp_ln234)> <Delay = 0.00>
ST_1 : Operation 18 [1/1] (0.70ns)   --->   "%add_ln234 = add i6 %row_pos_load, i6 1" [flood_HLS_base.cpp:234]   --->   Operation 18 'add' 'add_ln234' <Predicate = (!icmp_ln234)> <Delay = 0.70> <CoreInst = "Adder">   --->   Core 1 'Adder' <Latency = 0> <II = 1> <Delay = 0.70> <FuncUnit> <Opcode : 'add' 'sub'> <InPorts = 2> <OutPorts = 1>
ST_1 : Operation 19 [1/1] (0.70ns)   --->   "%icmp_ln235 = icmp_eq  i7 %col_pos_load, i7 80" [flood_HLS_base.cpp:235]   --->   Operation 19 'icmp' 'icmp_ln235' <Predicate = (!icmp_ln234)> <Delay = 0.70> <CoreInst = "Cmp">   --->   Core 9 'Cmp' <Latency = 0> <II = 1> <Delay = 0.70> <FuncUnit> <Opcode : 'seteq' 'setne' 'setle' 'setge' 'setlt' 'setgt'> <InPorts = 2> <OutPorts = 1>
ST_1 : Operation 20 [1/1] (0.30ns)   --->   "%select_ln52 = select i1 %icmp_ln235, i7 0, i7 %col_pos_load" [flood_HLS_base.cpp:52]   --->   Operation 20 'select' 'select_ln52' <Predicate = (!icmp_ln234)> <Delay = 0.30> <CoreInst = "Sel">   --->   Core 73 'Sel' <Latency = 0> <II = 1> <Delay = 0.30> <FuncUnit> <Opcode : 'select'> <InPorts = 3> <OutPorts = 1>
ST_1 : Operation 21 [1/1] (0.29ns)   --->   "%select_ln234 = select i1 %icmp_ln235, i6 %add_ln234, i6 %row_pos_load" [flood_HLS_base.cpp:234]   --->   Operation 21 'select' 'select_ln234' <Predicate = (!icmp_ln234)> <Delay = 0.29> <CoreInst = "Sel">   --->   Core 73 'Sel' <Latency = 0> <II = 1> <Delay = 0.29> <FuncUnit> <Opcode : 'select'> <InPorts = 3> <OutPorts = 1>
ST_1 : Operation 22 [1/1] (0.70ns)   --->   "%add_ln235 = add i7 %select_ln52, i7 1" [flood_HLS_base.cpp:235]   --->   Operation 22 'add' 'add_ln235' <Predicate = (!icmp_ln234)> <Delay = 0.70> <CoreInst = "Adder">   --->   Core 1 'Adder' <Latency = 0> <II = 1> <Delay = 0.70> <FuncUnit> <Opcode : 'add' 'sub'> <InPorts = 2> <OutPorts = 1>
ST_1 : Operation 23 [1/1] (0.38ns)   --->   "%store_ln234 = store i13 %add_ln234_1, i13 %indvar_flatten25" [flood_HLS_base.cpp:234]   --->   Operation 23 'store' 'store_ln234' <Predicate = (!icmp_ln234)> <Delay = 0.38>
ST_1 : Operation 24 [1/1] (0.38ns)   --->   "%store_ln52 = store i6 %select_ln234, i6 %row_pos" [flood_HLS_base.cpp:52]   --->   Operation 24 'store' 'store_ln52' <Predicate = (!icmp_ln234)> <Delay = 0.38>
ST_1 : Operation 25 [1/1] (0.38ns)   --->   "%store_ln52 = store i7 %add_ln235, i7 %col_pos" [flood_HLS_base.cpp:52]   --->   Operation 25 'store' 'store_ln52' <Predicate = (!icmp_ln234)> <Delay = 0.38>
ST_1 : Operation 50 [1/1] (0.38ns)   --->   "%ret_ln0 = ret"   --->   Operation 50 'ret' 'ret_ln0' <Predicate = (icmp_ln234)> <Delay = 0.38>

State 2 <SV = 1> <Delay = 1.98>
ST_2 : Operation 26 [1/1] (0.00ns)   --->   "%specloopname_ln0 = specloopname void @_ssdm_op_SpecLoopName, void @VITIS_LOOP_234_13_VITIS_LOOP_235_14_str"   --->   Operation 26 'specloopname' 'specloopname_ln0' <Predicate = true> <Delay = 0.00>
ST_2 : Operation 27 [1/1] (0.00ns)   --->   "%speclooptripcount_ln0 = speclooptripcount void @_ssdm_op_SpecLoopTripCount, i64 4800, i64 4800, i64 4800"   --->   Operation 27 'speclooptripcount' 'speclooptripcount_ln0' <Predicate = true> <Delay = 0.00>
ST_2 : Operation 28 [1/1] (0.00ns)   --->   "%tmp = bitconcatenate i12 @_ssdm_op_BitConcatenate.i12.i6.i6, i6 %select_ln234, i6 0" [flood_HLS_base.cpp:241]   --->   Operation 28 'bitconcatenate' 'tmp' <Predicate = true> <Delay = 0.00>
ST_2 : Operation 29 [1/1] (0.00ns)   --->   "%zext_ln241 = zext i12 %tmp" [flood_HLS_base.cpp:241]   --->   Operation 29 'zext' 'zext_ln241' <Predicate = true> <Delay = 0.00>
ST_2 : Operation 30 [1/1] (0.00ns)   --->   "%tmp_36 = bitconcatenate i10 @_ssdm_op_BitConcatenate.i10.i6.i4, i6 %select_ln234, i4 0" [flood_HLS_base.cpp:241]   --->   Operation 30 'bitconcatenate' 'tmp_36' <Predicate = true> <Delay = 0.00>
ST_2 : Operation 31 [1/1] (0.00ns)   --->   "%zext_ln241_1 = zext i10 %tmp_36" [flood_HLS_base.cpp:241]   --->   Operation 31 'zext' 'zext_ln241_1' <Predicate = true> <Delay = 0.00>
ST_2 : Operation 32 [1/1] (0.00ns) (grouped into TernaryAdder)   --->   "%add_ln241_1 = add i13 %zext_ln241, i13 %zext_ln241_1" [flood_HLS_base.cpp:241]   --->   Operation 32 'add' 'add_ln241_1' <Predicate = true> <Delay = 0.00> <CoreInst = "TAddSub">   --->   Core 10 'TAddSub' <Latency = 0> <II = 1> <Delay = 0.36> <IPBlock> <Opcode : '' 'add' 'sub'> <InPorts = 3> <OutPorts = 1> <Sync> <CReg>
ST_2 : Operation 33 [1/1] (0.00ns)   --->   "%zext_ln241_2 = zext i7 %select_ln52" [flood_HLS_base.cpp:241]   --->   Operation 33 'zext' 'zext_ln241_2' <Predicate = true> <Delay = 0.00>
ST_2 : Operation 34 [1/1] (0.73ns) (root node of TernaryAdder)   --->   "%add_ln241 = add i13 %add_ln241_1, i13 %zext_ln241_2" [flood_HLS_base.cpp:241]   --->   Operation 34 'add' 'add_ln241' <Predicate = true> <Delay = 0.73> <CoreInst = "TAddSub">   --->   Core 10 'TAddSub' <Latency = 0> <II = 1> <Delay = 0.36> <IPBlock> <Opcode : '' 'add' 'sub'> <InPorts = 3> <OutPorts = 1> <Sync> <CReg>
ST_2 : Operation 35 [1/1] (0.00ns)   --->   "%zext_ln241_3 = zext i13 %add_ln241" [flood_HLS_base.cpp:241]   --->   Operation 35 'zext' 'zext_ln241_3' <Predicate = true> <Delay = 0.00>
ST_2 : Operation 36 [1/1] (0.00ns)   --->   "%spillage_flag_addr = getelementptr i32 %spillage_flag, i64 0, i64 %zext_ln241_3" [flood_HLS_base.cpp:241]   --->   Operation 36 'getelementptr' 'spillage_flag_addr' <Predicate = true> <Delay = 0.00>
ST_2 : Operation 37 [1/1] (0.00ns)   --->   "%spillage_level_addr = getelementptr i32 %spillage_level, i64 0, i64 %zext_ln241_3" [flood_HLS_base.cpp:242]   --->   Operation 37 'getelementptr' 'spillage_level_addr' <Predicate = true> <Delay = 0.00>
ST_2 : Operation 38 [1/1] (0.00ns)   --->   "%spillage_from_neigh_addr = getelementptr i32 %spillage_from_neigh, i64 0, i64 %zext_ln241_3" [flood_HLS_base.cpp:239]   --->   Operation 38 'getelementptr' 'spillage_from_neigh_addr' <Predicate = true> <Delay = 0.00>
ST_2 : Operation 39 [1/1] (0.00ns)   --->   "%spillage_from_neigh_1_addr = getelementptr i32 %spillage_from_neigh_1, i64 0, i64 %zext_ln241_3" [flood_HLS_base.cpp:239]   --->   Operation 39 'getelementptr' 'spillage_from_neigh_1_addr' <Predicate = true> <Delay = 0.00>
ST_2 : Operation 40 [1/1] (0.00ns)   --->   "%spillage_from_neigh_2_addr = getelementptr i32 %spillage_from_neigh_2, i64 0, i64 %zext_ln241_3" [flood_HLS_base.cpp:239]   --->   Operation 40 'getelementptr' 'spillage_from_neigh_2_addr' <Predicate = true> <Delay = 0.00>
ST_2 : Operation 41 [1/1] (0.00ns)   --->   "%spillage_from_neigh_3_addr = getelementptr i32 %spillage_from_neigh_3, i64 0, i64 %zext_ln241_3" [flood_HLS_base.cpp:239]   --->   Operation 41 'getelementptr' 'spillage_from_neigh_3_addr' <Predicate = true> <Delay = 0.00>
ST_2 : Operation 42 [1/1] (0.00ns)   --->   "%specpipeline_ln52 = specpipeline void @_ssdm_op_SpecPipeline, i32 4294967295, i32 0, i32 0, i32 0, void @empty_3" [flood_HLS_base.cpp:52]   --->   Operation 42 'specpipeline' 'specpipeline_ln52' <Predicate = true> <Delay = 0.00>
ST_2 : Operation 43 [1/1] (1.24ns)   --->   "%store_ln239 = store i32 0, i13 %spillage_from_neigh_addr" [flood_HLS_base.cpp:239]   --->   Operation 43 'store' 'store_ln239' <Predicate = true> <Delay = 1.24> <CoreInst = "RAM">   --->   Core 82 'RAM' <Latency = 1> <II = 1> <Delay = 1.24> <Storage> <Opcode : 'load' 'store'> <Ports = 2> <Width = 32> <Depth = 4800> <RAM>
ST_2 : Operation 44 [1/1] (1.24ns)   --->   "%store_ln239 = store i32 0, i13 %spillage_from_neigh_1_addr" [flood_HLS_base.cpp:239]   --->   Operation 44 'store' 'store_ln239' <Predicate = true> <Delay = 1.24> <CoreInst = "RAM">   --->   Core 82 'RAM' <Latency = 1> <II = 1> <Delay = 1.24> <Storage> <Opcode : 'load' 'store'> <Ports = 2> <Width = 32> <Depth = 4800> <RAM>
ST_2 : Operation 45 [1/1] (1.24ns)   --->   "%store_ln239 = store i32 0, i13 %spillage_from_neigh_2_addr" [flood_HLS_base.cpp:239]   --->   Operation 45 'store' 'store_ln239' <Predicate = true> <Delay = 1.24> <CoreInst = "RAM">   --->   Core 82 'RAM' <Latency = 1> <II = 1> <Delay = 1.24> <Storage> <Opcode : 'load' 'store'> <Ports = 2> <Width = 32> <Depth = 4800> <RAM>
ST_2 : Operation 46 [1/1] (1.24ns)   --->   "%store_ln239 = store i32 0, i13 %spillage_from_neigh_3_addr" [flood_HLS_base.cpp:239]   --->   Operation 46 'store' 'store_ln239' <Predicate = true> <Delay = 1.24> <CoreInst = "RAM">   --->   Core 82 'RAM' <Latency = 1> <II = 1> <Delay = 1.24> <Storage> <Opcode : 'load' 'store'> <Ports = 2> <Width = 32> <Depth = 4800> <RAM>
ST_2 : Operation 47 [1/1] (1.24ns)   --->   "%store_ln241 = store i32 0, i13 %spillage_flag_addr" [flood_HLS_base.cpp:241]   --->   Operation 47 'store' 'store_ln241' <Predicate = true> <Delay = 1.24> <CoreInst = "RAM">   --->   Core 82 'RAM' <Latency = 1> <II = 1> <Delay = 1.24> <Storage> <Opcode : 'load' 'store'> <Ports = 2> <Width = 32> <Depth = 4800> <RAM>
ST_2 : Operation 48 [1/1] (1.24ns)   --->   "%store_ln242 = store i32 0, i13 %spillage_level_addr" [flood_HLS_base.cpp:242]   --->   Operation 48 'store' 'store_ln242' <Predicate = true> <Delay = 1.24> <CoreInst = "RAM">   --->   Core 82 'RAM' <Latency = 1> <II = 1> <Delay = 1.24> <Storage> <Opcode : 'load' 'store'> <Ports = 2> <Width = 32> <Depth = 4800> <RAM>
ST_2 : Operation 49 [1/1] (0.00ns)   --->   "%br_ln235 = br void %VITIS_LOOP_236_15" [flood_HLS_base.cpp:235]   --->   Operation 49 'br' 'br_ln235' <Predicate = true> <Delay = 0.00>


============================================================
+ Verbose Summary: Binding
============================================================
STG Binding: 
---------------- STG Properties BEGIN ----------------
- Is combinational: 0
- Is one-state seq: 0
- Is datapath-only: 0
- Is pipelined: 0
- Is top level: 0
Port [ Return ] is wired: 1; IO mode=ap_ctrl_hs:ce=0
Port [ spillage_flag]:  wired=1; compound=1; hidden=0; nouse=0; global=0; static=0; extern=0; dir=1; type=1; pingpong=0; private_global=0; MemPort=[03]; IO mode=ap_memory:ce=0
Port [ spillage_level]:  wired=1; compound=1; hidden=0; nouse=0; global=0; static=0; extern=0; dir=1; type=1; pingpong=0; private_global=0; MemPort=[03]; IO mode=ap_memory:ce=0
Port [ spillage_from_neigh]:  wired=1; compound=1; hidden=0; nouse=0; global=0; static=0; extern=0; dir=1; type=1; pingpong=0; private_global=0; MemPort=[03]; IO mode=ap_memory:ce=0
Port [ spillage_from_neigh_1]:  wired=1; compound=1; hidden=0; nouse=0; global=0; static=0; extern=0; dir=1; type=1; pingpong=0; private_global=0; MemPort=[03]; IO mode=ap_memory:ce=0
Port [ spillage_from_neigh_2]:  wired=1; compound=1; hidden=0; nouse=0; global=0; static=0; extern=0; dir=1; type=1; pingpong=0; private_global=0; MemPort=[03]; IO mode=ap_memory:ce=0
Port [ spillage_from_neigh_3]:  wired=1; compound=1; hidden=0; nouse=0; global=0; static=0; extern=0; dir=1; type=1; pingpong=0; private_global=0; MemPort=[03]; IO mode=ap_memory:ce=0
---------------- STG Properties END ------------------

---------------- Datapath Model BEGIN ----------------

<LifeTime>
<method=bitvector/>
col_pos                    (alloca           ) [ 010]
row_pos                    (alloca           ) [ 010]
indvar_flatten25           (alloca           ) [ 010]
store_ln0                  (store            ) [ 000]
store_ln52                 (store            ) [ 000]
store_ln52                 (store            ) [ 000]
br_ln0                     (br               ) [ 000]
indvar_flatten25_load      (load             ) [ 000]
icmp_ln234                 (icmp             ) [ 010]
add_ln234_1                (add              ) [ 000]
br_ln234                   (br               ) [ 000]
col_pos_load               (load             ) [ 000]
row_pos_load               (load             ) [ 000]
add_ln234                  (add              ) [ 000]
icmp_ln235                 (icmp             ) [ 000]
select_ln52                (select           ) [ 011]
select_ln234               (select           ) [ 011]
add_ln235                  (add              ) [ 000]
store_ln234                (store            ) [ 000]
store_ln52                 (store            ) [ 000]
store_ln52                 (store            ) [ 000]
specloopname_ln0           (specloopname     ) [ 000]
speclooptripcount_ln0      (speclooptripcount) [ 000]
tmp                        (bitconcatenate   ) [ 000]
zext_ln241                 (zext             ) [ 000]
tmp_36                     (bitconcatenate   ) [ 000]
zext_ln241_1               (zext             ) [ 000]
add_ln241_1                (add              ) [ 000]
zext_ln241_2               (zext             ) [ 000]
add_ln241                  (add              ) [ 000]
zext_ln241_3               (zext             ) [ 000]
spillage_flag_addr         (getelementptr    ) [ 000]
spillage_level_addr        (getelementptr    ) [ 000]
spillage_from_neigh_addr   (getelementptr    ) [ 000]
spillage_from_neigh_1_addr (getelementptr    ) [ 000]
spillage_from_neigh_2_addr (getelementptr    ) [ 000]
spillage_from_neigh_3_addr (getelementptr    ) [ 000]
specpipeline_ln52          (specpipeline     ) [ 000]
store_ln239                (store            ) [ 000]
store_ln239                (store            ) [ 000]
store_ln239                (store            ) [ 000]
store_ln239                (store            ) [ 000]
store_ln241                (store            ) [ 000]
store_ln242                (store            ) [ 000]
br_ln235                   (br               ) [ 000]
ret_ln0                    (ret              ) [ 000]
</LifeTime>

<model>

<comp_list>
<comp id="0" class="1000" name="spillage_flag">
<pin_list>
<pin id="1" dir="1" index="0" bw="1" slack="0"/>
</pin_list>
<bind>
<StgValue><ssdm name="spillage_flag"/><MemPortTyVec>0 3 </MemPortTyVec>
</StgValue>
</bind>
</comp>

<comp id="2" class="1000" name="spillage_level">
<pin_list>
<pin id="3" dir="1" index="0" bw="1" slack="0"/>
</pin_list>
<bind>
<StgValue><ssdm name="spillage_level"/><MemPortTyVec>0 3 </MemPortTyVec>
</StgValue>
</bind>
</comp>

<comp id="4" class="1000" name="spillage_from_neigh">
<pin_list>
<pin id="5" dir="1" index="0" bw="1" slack="0"/>
</pin_list>
<bind>
<StgValue><ssdm name="spillage_from_neigh"/><MemPortTyVec>0 3 </MemPortTyVec>
</StgValue>
</bind>
</comp>

<comp id="6" class="1000" name="spillage_from_neigh_1">
<pin_list>
<pin id="7" dir="1" index="0" bw="1" slack="0"/>
</pin_list>
<bind>
<StgValue><ssdm name="spillage_from_neigh_1"/><MemPortTyVec>0 3 </MemPortTyVec>
</StgValue>
</bind>
</comp>

<comp id="8" class="1000" name="spillage_from_neigh_2">
<pin_list>
<pin id="9" dir="1" index="0" bw="1" slack="0"/>
</pin_list>
<bind>
<StgValue><ssdm name="spillage_from_neigh_2"/><MemPortTyVec>0 3 </MemPortTyVec>
</StgValue>
</bind>
</comp>

<comp id="10" class="1000" name="spillage_from_neigh_3">
<pin_list>
<pin id="11" dir="1" index="0" bw="1" slack="0"/>
</pin_list>
<bind>
<StgValue><ssdm name="spillage_from_neigh_3"/><MemPortTyVec>0 3 </MemPortTyVec>
</StgValue>
</bind>
</comp>

<comp id="12" class="1001" name="const_12">
<pin_list>
<pin id="13" dir="1" index="0" bw="1" slack="0"/>
</pin_list>
<bind>
<StgValue><ssdm name=""/></StgValue>
</bind>
</comp>

<comp id="14" class="1001" name="const_14">
<pin_list>
<pin id="15" dir="1" index="0" bw="1" slack="0"/>
</pin_list>
<bind>
<StgValue><ssdm name=""/></StgValue>
</bind>
</comp>

<comp id="16" class="1001" name="const_16">
<pin_list>
<pin id="17" dir="1" index="0" bw="1" slack="0"/>
</pin_list>
<bind>
<StgValue><ssdm name=""/></StgValue>
</bind>
</comp>

<comp id="18" class="1001" name="const_18">
<pin_list>
<pin id="19" dir="1" index="0" bw="1" slack="0"/>
</pin_list>
<bind>
<StgValue><ssdm name=""/></StgValue>
</bind>
</comp>

<comp id="20" class="1001" name="const_20">
<pin_list>
<pin id="21" dir="1" index="0" bw="1" slack="0"/>
</pin_list>
<bind>
<StgValue><ssdm name=""/></StgValue>
</bind>
</comp>

<comp id="22" class="1001" name="const_22">
<pin_list>
<pin id="23" dir="1" index="0" bw="1" slack="0"/>
</pin_list>
<bind>
<StgValue><ssdm name=""/></StgValue>
</bind>
</comp>

<comp id="24" class="1001" name="const_24">
<pin_list>
<pin id="25" dir="1" index="0" bw="1" slack="0"/>
</pin_list>
<bind>
<StgValue><ssdm name=""/></StgValue>
</bind>
</comp>

<comp id="26" class="1001" name="const_26">
<pin_list>
<pin id="27" dir="1" index="0" bw="1" slack="0"/>
</pin_list>
<bind>
<StgValue><ssdm name=""/></StgValue>
</bind>
</comp>

<comp id="28" class="1001" name="const_28">
<pin_list>
<pin id="29" dir="1" index="0" bw="1" slack="0"/>
</pin_list>
<bind>
<StgValue><ssdm name=""/></StgValue>
</bind>
</comp>

<comp id="30" class="1001" name="const_30">
<pin_list>
<pin id="31" dir="1" index="0" bw="1" slack="2147483647"/>
</pin_list>
<bind>
<StgValue><ssdm name="_ssdm_op_SpecLoopName"/></StgValue>
</bind>
</comp>

<comp id="32" class="1001" name="const_32">
<pin_list>
<pin id="33" dir="1" index="0" bw="1" slack="2147483647"/>
</pin_list>
<bind>
<StgValue><ssdm name="VITIS_LOOP_234_13_VITIS_LOOP_235_14_str"/></StgValue>
</bind>
</comp>

<comp id="34" class="1001" name="const_34">
<pin_list>
<pin id="35" dir="1" index="0" bw="1" slack="2147483647"/>
</pin_list>
<bind>
<StgValue><ssdm name="_ssdm_op_SpecLoopTripCount"/></StgValue>
</bind>
</comp>

<comp id="36" class="1001" name="const_36">
<pin_list>
<pin id="37" dir="1" index="0" bw="1" slack="2147483647"/>
</pin_list>
<bind>
<StgValue><ssdm name=""/></StgValue>
</bind>
</comp>

<comp id="38" class="1001" name="const_38">
<pin_list>
<pin id="39" dir="1" index="0" bw="1" slack="0"/>
</pin_list>
<bind>
<StgValue><ssdm name="_ssdm_op_BitConcatenate.i12.i6.i6"/></StgValue>
</bind>
</comp>

<comp id="40" class="1001" name="const_40">
<pin_list>
<pin id="41" dir="1" index="0" bw="1" slack="0"/>
</pin_list>
<bind>
<StgValue><ssdm name="_ssdm_op_BitConcatenate.i10.i6.i4"/></StgValue>
</bind>
</comp>

<comp id="42" class="1001" name="const_42">
<pin_list>
<pin id="43" dir="1" index="0" bw="1" slack="0"/>
</pin_list>
<bind>
<StgValue><ssdm name=""/></StgValue>
</bind>
</comp>

<comp id="44" class="1001" name="const_44">
<pin_list>
<pin id="45" dir="1" index="0" bw="1" slack="0"/>
</pin_list>
<bind>
<StgValue><ssdm name=""/></StgValue>
</bind>
</comp>

<comp id="46" class="1001" name="const_46">
<pin_list>
<pin id="47" dir="1" index="0" bw="1" slack="2147483647"/>
</pin_list>
<bind>
<StgValue><ssdm name="_ssdm_op_SpecPipeline"/></StgValue>
</bind>
</comp>

<comp id="48" class="1001" name="const_48">
<pin_list>
<pin id="49" dir="1" index="0" bw="1" slack="2147483647"/>
</pin_list>
<bind>
<StgValue><ssdm name=""/></StgValue>
</bind>
</comp>

<comp id="50" class="1001" name="const_50">
<pin_list>
<pin id="51" dir="1" index="0" bw="1" slack="2147483647"/>
</pin_list>
<bind>
<StgValue><ssdm name=""/></StgValue>
</bind>
</comp>

<comp id="52" class="1001" name="const_52">
<pin_list>
<pin id="53" dir="1" index="0" bw="1" slack="2147483647"/>
</pin_list>
<bind>
<StgValue><ssdm name="empty_3"/></StgValue>
</bind>
</comp>

<comp id="54" class="1001" name="const_54">
<pin_list>
<pin id="55" dir="1" index="0" bw="1" slack="0"/>
</pin_list>
<bind>
<StgValue><ssdm name=""/></StgValue>
</bind>
</comp>

<comp id="56" class="1004" name="col_pos_fu_56">
<pin_list>
<pin id="57" dir="0" index="0" bw="1" slack="0"/>
<pin id="58" dir="1" index="1" bw="7" slack="0"/>
</pin_list>
<bind>
<opcode="alloca(26) " fcode="alloca"/>
<opset="col_pos/1 "/>
</bind>
</comp>

<comp id="60" class="1004" name="row_pos_fu_60">
<pin_list>
<pin id="61" dir="0" index="0" bw="1" slack="0"/>
<pin id="62" dir="1" index="1" bw="6" slack="0"/>
</pin_list>
<bind>
<opcode="alloca(26) " fcode="alloca"/>
<opset="row_pos/1 "/>
</bind>
</comp>

<comp id="64" class="1004" name="indvar_flatten25_fu_64">
<pin_list>
<pin id="65" dir="0" index="0" bw="1" slack="0"/>
<pin id="66" dir="1" index="1" bw="13" slack="0"/>
</pin_list>
<bind>
<opcode="alloca(26) " fcode="alloca"/>
<opset="indvar_flatten25/1 "/>
</bind>
</comp>

<comp id="68" class="1004" name="spillage_flag_addr_gep_fu_68">
<pin_list>
<pin id="69" dir="0" index="0" bw="32" slack="0"/>
<pin id="70" dir="0" index="1" bw="1" slack="0"/>
<pin id="71" dir="0" index="2" bw="13" slack="0"/>
<pin id="72" dir="1" index="3" bw="13" slack="0"/>
</pin_list>
<bind>
<opcode="getelementptr(29) " fcode="getelementptr"/>
<opset="spillage_flag_addr/2 "/>
</bind>
</comp>

<comp id="75" class="1004" name="spillage_level_addr_gep_fu_75">
<pin_list>
<pin id="76" dir="0" index="0" bw="32" slack="0"/>
<pin id="77" dir="0" index="1" bw="1" slack="0"/>
<pin id="78" dir="0" index="2" bw="13" slack="0"/>
<pin id="79" dir="1" index="3" bw="13" slack="0"/>
</pin_list>
<bind>
<opcode="getelementptr(29) " fcode="getelementptr"/>
<opset="spillage_level_addr/2 "/>
</bind>
</comp>

<comp id="82" class="1004" name="spillage_from_neigh_addr_gep_fu_82">
<pin_list>
<pin id="83" dir="0" index="0" bw="32" slack="0"/>
<pin id="84" dir="0" index="1" bw="1" slack="0"/>
<pin id="85" dir="0" index="2" bw="13" slack="0"/>
<pin id="86" dir="1" index="3" bw="13" slack="0"/>
</pin_list>
<bind>
<opcode="getelementptr(29) " fcode="getelementptr"/>
<opset="spillage_from_neigh_addr/2 "/>
</bind>
</comp>

<comp id="89" class="1004" name="spillage_from_neigh_1_addr_gep_fu_89">
<pin_list>
<pin id="90" dir="0" index="0" bw="32" slack="0"/>
<pin id="91" dir="0" index="1" bw="1" slack="0"/>
<pin id="92" dir="0" index="2" bw="13" slack="0"/>
<pin id="93" dir="1" index="3" bw="13" slack="0"/>
</pin_list>
<bind>
<opcode="getelementptr(29) " fcode="getelementptr"/>
<opset="spillage_from_neigh_1_addr/2 "/>
</bind>
</comp>

<comp id="96" class="1004" name="spillage_from_neigh_2_addr_gep_fu_96">
<pin_list>
<pin id="97" dir="0" index="0" bw="32" slack="0"/>
<pin id="98" dir="0" index="1" bw="1" slack="0"/>
<pin id="99" dir="0" index="2" bw="13" slack="0"/>
<pin id="100" dir="1" index="3" bw="13" slack="0"/>
</pin_list>
<bind>
<opcode="getelementptr(29) " fcode="getelementptr"/>
<opset="spillage_from_neigh_2_addr/2 "/>
</bind>
</comp>

<comp id="103" class="1004" name="spillage_from_neigh_3_addr_gep_fu_103">
<pin_list>
<pin id="104" dir="0" index="0" bw="32" slack="0"/>
<pin id="105" dir="0" index="1" bw="1" slack="0"/>
<pin id="106" dir="0" index="2" bw="13" slack="0"/>
<pin id="107" dir="1" index="3" bw="13" slack="0"/>
</pin_list>
<bind>
<opcode="getelementptr(29) " fcode="getelementptr"/>
<opset="spillage_from_neigh_3_addr/2 "/>
</bind>
</comp>

<comp id="110" class="1004" name="store_ln239_access_fu_110">
<pin_list>
<pin id="111" dir="0" index="0" bw="13" slack="0"/>
<pin id="112" dir="0" index="1" bw="32" slack="0"/>
<pin id="113" dir="0" index="2" bw="0" slack="2147483647"/>
<pin id="114" dir="1" index="3" bw="32" slack="2147483647"/>
</pin_list>
<bind>
<opcode="store(28) " fcode="store"/>
<opset="store_ln239/2 "/>
</bind>
</comp>

<comp id="117" class="1004" name="store_ln239_access_fu_117">
<pin_list>
<pin id="118" dir="0" index="0" bw="13" slack="0"/>
<pin id="119" dir="0" index="1" bw="32" slack="0"/>
<pin id="120" dir="0" index="2" bw="0" slack="2147483647"/>
<pin id="121" dir="1" index="3" bw="32" slack="2147483647"/>
</pin_list>
<bind>
<opcode="store(28) " fcode="store"/>
<opset="store_ln239/2 "/>
</bind>
</comp>

<comp id="124" class="1004" name="store_ln239_access_fu_124">
<pin_list>
<pin id="125" dir="0" index="0" bw="13" slack="0"/>
<pin id="126" dir="0" index="1" bw="32" slack="0"/>
<pin id="127" dir="0" index="2" bw="0" slack="2147483647"/>
<pin id="128" dir="1" index="3" bw="32" slack="2147483647"/>
</pin_list>
<bind>
<opcode="store(28) " fcode="store"/>
<opset="store_ln239/2 "/>
</bind>
</comp>

<comp id="131" class="1004" name="store_ln239_access_fu_131">
<pin_list>
<pin id="132" dir="0" index="0" bw="13" slack="0"/>
<pin id="133" dir="0" index="1" bw="32" slack="0"/>
<pin id="134" dir="0" index="2" bw="0" slack="2147483647"/>
<pin id="135" dir="1" index="3" bw="32" slack="2147483647"/>
</pin_list>
<bind>
<opcode="store(28) " fcode="store"/>
<opset="store_ln239/2 "/>
</bind>
</comp>

<comp id="138" class="1004" name="store_ln241_access_fu_138">
<pin_list>
<pin id="139" dir="0" index="0" bw="13" slack="0"/>
<pin id="140" dir="0" index="1" bw="32" slack="0"/>
<pin id="141" dir="0" index="2" bw="0" slack="2147483647"/>
<pin id="142" dir="1" index="3" bw="32" slack="2147483647"/>
</pin_list>
<bind>
<opcode="store(28) " fcode="store"/>
<opset="store_ln241/2 "/>
</bind>
</comp>

<comp id="145" class="1004" name="store_ln242_access_fu_145">
<pin_list>
<pin id="146" dir="0" index="0" bw="13" slack="0"/>
<pin id="147" dir="0" index="1" bw="32" slack="0"/>
<pin id="148" dir="0" index="2" bw="0" slack="2147483647"/>
<pin id="149" dir="1" index="3" bw="32" slack="2147483647"/>
</pin_list>
<bind>
<opcode="store(28) " fcode="store"/>
<opset="store_ln242/2 "/>
</bind>
</comp>

<comp id="152" class="1004" name="store_ln0_store_fu_152">
<pin_list>
<pin id="153" dir="0" index="0" bw="1" slack="0"/>
<pin id="154" dir="0" index="1" bw="13" slack="0"/>
<pin id="155" dir="1" index="2" bw="0" slack="2147483647"/>
</pin_list>
<bind>
<opcode="store(28) " fcode="store"/>
<opset="store_ln0/1 "/>
</bind>
</comp>

<comp id="157" class="1004" name="store_ln52_store_fu_157">
<pin_list>
<pin id="158" dir="0" index="0" bw="1" slack="0"/>
<pin id="159" dir="0" index="1" bw="6" slack="0"/>
<pin id="160" dir="1" index="2" bw="0" slack="2147483647"/>
</pin_list>
<bind>
<opcode="store(28) " fcode="store"/>
<opset="store_ln52/1 "/>
</bind>
</comp>

<comp id="162" class="1004" name="store_ln52_store_fu_162">
<pin_list>
<pin id="163" dir="0" index="0" bw="1" slack="0"/>
<pin id="164" dir="0" index="1" bw="7" slack="0"/>
<pin id="165" dir="1" index="2" bw="0" slack="2147483647"/>
</pin_list>
<bind>
<opcode="store(28) " fcode="store"/>
<opset="store_ln52/1 "/>
</bind>
</comp>

<comp id="167" class="1004" name="indvar_flatten25_load_load_fu_167">
<pin_list>
<pin id="168" dir="0" index="0" bw="13" slack="0"/>
<pin id="169" dir="1" index="1" bw="13" slack="0"/>
</pin_list>
<bind>
<opcode="load(27) " fcode="load"/>
<opset="indvar_flatten25_load/1 "/>
</bind>
</comp>

<comp id="170" class="1004" name="icmp_ln234_fu_170">
<pin_list>
<pin id="171" dir="0" index="0" bw="13" slack="0"/>
<pin id="172" dir="0" index="1" bw="13" slack="0"/>
<pin id="173" dir="1" index="2" bw="1" slack="2147483647"/>
</pin_list>
<bind>
<opcode="icmp(45) " fcode="icmp"/>
<opset="icmp_ln234/1 "/>
</bind>
</comp>

<comp id="176" class="1004" name="add_ln234_1_fu_176">
<pin_list>
<pin id="177" dir="0" index="0" bw="13" slack="0"/>
<pin id="178" dir="0" index="1" bw="1" slack="0"/>
<pin id="179" dir="1" index="2" bw="13" slack="0"/>
</pin_list>
<bind>
<opcode="add(8) " fcode="add"/>
<opset="add_ln234_1/1 "/>
</bind>
</comp>

<comp id="182" class="1004" name="col_pos_load_load_fu_182">
<pin_list>
<pin id="183" dir="0" index="0" bw="7" slack="0"/>
<pin id="184" dir="1" index="1" bw="7" slack="0"/>
</pin_list>
<bind>
<opcode="load(27) " fcode="load"/>
<opset="col_pos_load/1 "/>
</bind>
</comp>

<comp id="185" class="1004" name="row_pos_load_load_fu_185">
<pin_list>
<pin id="186" dir="0" index="0" bw="6" slack="0"/>
<pin id="187" dir="1" index="1" bw="6" slack="0"/>
</pin_list>
<bind>
<opcode="load(27) " fcode="load"/>
<opset="row_pos_load/1 "/>
</bind>
</comp>

<comp id="188" class="1004" name="add_ln234_fu_188">
<pin_list>
<pin id="189" dir="0" index="0" bw="6" slack="0"/>
<pin id="190" dir="0" index="1" bw="1" slack="0"/>
<pin id="191" dir="1" index="2" bw="6" slack="0"/>
</pin_list>
<bind>
<opcode="add(8) " fcode="add"/>
<opset="add_ln234/1 "/>
</bind>
</comp>

<comp id="194" class="1004" name="icmp_ln235_fu_194">
<pin_list>
<pin id="195" dir="0" index="0" bw="7" slack="0"/>
<pin id="196" dir="0" index="1" bw="7" slack="0"/>
<pin id="197" dir="1" index="2" bw="1" slack="0"/>
</pin_list>
<bind>
<opcode="icmp(45) " fcode="icmp"/>
<opset="icmp_ln235/1 "/>
</bind>
</comp>

<comp id="200" class="1004" name="select_ln52_fu_200">
<pin_list>
<pin id="201" dir="0" index="0" bw="1" slack="0"/>
<pin id="202" dir="0" index="1" bw="7" slack="0"/>
<pin id="203" dir="0" index="2" bw="7" slack="0"/>
<pin id="204" dir="1" index="3" bw="7" slack="0"/>
</pin_list>
<bind>
<opcode="select(49) " fcode="select"/>
<opset="select_ln52/1 "/>
</bind>
</comp>

<comp id="208" class="1004" name="select_ln234_fu_208">
<pin_list>
<pin id="209" dir="0" index="0" bw="1" slack="0"/>
<pin id="210" dir="0" index="1" bw="6" slack="0"/>
<pin id="211" dir="0" index="2" bw="6" slack="0"/>
<pin id="212" dir="1" index="3" bw="6" slack="0"/>
</pin_list>
<bind>
<opcode="select(49) " fcode="select"/>
<opset="select_ln234/1 "/>
</bind>
</comp>

<comp id="216" class="1004" name="add_ln235_fu_216">
<pin_list>
<pin id="217" dir="0" index="0" bw="7" slack="0"/>
<pin id="218" dir="0" index="1" bw="1" slack="0"/>
<pin id="219" dir="1" index="2" bw="7" slack="0"/>
</pin_list>
<bind>
<opcode="add(8) " fcode="add"/>
<opset="add_ln235/1 "/>
</bind>
</comp>

<comp id="222" class="1004" name="store_ln234_store_fu_222">
<pin_list>
<pin id="223" dir="0" index="0" bw="13" slack="0"/>
<pin id="224" dir="0" index="1" bw="13" slack="0"/>
<pin id="225" dir="1" index="2" bw="0" slack="2147483647"/>
</pin_list>
<bind>
<opcode="store(28) " fcode="store"/>
<opset="store_ln234/1 "/>
</bind>
</comp>

<comp id="227" class="1004" name="store_ln52_store_fu_227">
<pin_list>
<pin id="228" dir="0" index="0" bw="6" slack="0"/>
<pin id="229" dir="0" index="1" bw="6" slack="0"/>
<pin id="230" dir="1" index="2" bw="0" slack="2147483647"/>
</pin_list>
<bind>
<opcode="store(28) " fcode="store"/>
<opset="store_ln52/1 "/>
</bind>
</comp>

<comp id="232" class="1004" name="store_ln52_store_fu_232">
<pin_list>
<pin id="233" dir="0" index="0" bw="7" slack="0"/>
<pin id="234" dir="0" index="1" bw="7" slack="0"/>
<pin id="235" dir="1" index="2" bw="0" slack="2147483647"/>
</pin_list>
<bind>
<opcode="store(28) " fcode="store"/>
<opset="store_ln52/1 "/>
</bind>
</comp>

<comp id="237" class="1004" name="tmp_fu_237">
<pin_list>
<pin id="238" dir="0" index="0" bw="12" slack="0"/>
<pin id="239" dir="0" index="1" bw="6" slack="1"/>
<pin id="240" dir="0" index="2" bw="1" slack="0"/>
<pin id="241" dir="1" index="3" bw="12" slack="0"/>
</pin_list>
<bind>
<opcode="bitconcatenate(1004) " fcode="bitconcatenate"/>
<opset="tmp/2 "/>
</bind>
</comp>

<comp id="244" class="1004" name="zext_ln241_fu_244">
<pin_list>
<pin id="245" dir="0" index="0" bw="12" slack="0"/>
<pin id="246" dir="1" index="1" bw="13" slack="0"/>
</pin_list>
<bind>
<opcode="zext(34) " fcode="zext"/>
<opset="zext_ln241/2 "/>
</bind>
</comp>

<comp id="248" class="1004" name="tmp_36_fu_248">
<pin_list>
<pin id="249" dir="0" index="0" bw="10" slack="0"/>
<pin id="250" dir="0" index="1" bw="6" slack="1"/>
<pin id="251" dir="0" index="2" bw="1" slack="0"/>
<pin id="252" dir="1" index="3" bw="10" slack="0"/>
</pin_list>
<bind>
<opcode="bitconcatenate(1004) " fcode="bitconcatenate"/>
<opset="tmp_36/2 "/>
</bind>
</comp>

<comp id="255" class="1004" name="zext_ln241_1_fu_255">
<pin_list>
<pin id="256" dir="0" index="0" bw="10" slack="0"/>
<pin id="257" dir="1" index="1" bw="13" slack="0"/>
</pin_list>
<bind>
<opcode="zext(34) " fcode="zext"/>
<opset="zext_ln241_1/2 "/>
</bind>
</comp>

<comp id="259" class="1004" name="add_ln241_1_fu_259">
<pin_list>
<pin id="260" dir="0" index="0" bw="12" slack="0"/>
<pin id="261" dir="0" index="1" bw="10" slack="0"/>
<pin id="262" dir="1" index="2" bw="13" slack="0"/>
</pin_list>
<bind>
<opcode="add(8) " fcode="add"/>
<opset="add_ln241_1/2 "/>
</bind>
</comp>

<comp id="265" class="1004" name="zext_ln241_2_fu_265">
<pin_list>
<pin id="266" dir="0" index="0" bw="7" slack="1"/>
<pin id="267" dir="1" index="1" bw="13" slack="0"/>
</pin_list>
<bind>
<opcode="zext(34) " fcode="zext"/>
<opset="zext_ln241_2/2 "/>
</bind>
</comp>

<comp id="268" class="1004" name="add_ln241_fu_268">
<pin_list>
<pin id="269" dir="0" index="0" bw="13" slack="0"/>
<pin id="270" dir="0" index="1" bw="7" slack="0"/>
<pin id="271" dir="1" index="2" bw="13" slack="0"/>
</pin_list>
<bind>
<opcode="add(8) " fcode="add"/>
<opset="add_ln241/2 "/>
</bind>
</comp>

<comp id="274" class="1004" name="zext_ln241_3_fu_274">
<pin_list>
<pin id="275" dir="0" index="0" bw="13" slack="0"/>
<pin id="276" dir="1" index="1" bw="64" slack="0"/>
</pin_list>
<bind>
<opcode="zext(34) " fcode="zext"/>
<opset="zext_ln241_3/2 "/>
</bind>
</comp>

<comp id="284" class="1005" name="col_pos_reg_284">
<pin_list>
<pin id="285" dir="0" index="0" bw="7" slack="0"/>
<pin id="286" dir="1" index="1" bw="7" slack="0"/>
</pin_list>
<bind>
<opset="col_pos "/>
</bind>
</comp>

<comp id="291" class="1005" name="row_pos_reg_291">
<pin_list>
<pin id="292" dir="0" index="0" bw="6" slack="0"/>
<pin id="293" dir="1" index="1" bw="6" slack="0"/>
</pin_list>
<bind>
<opset="row_pos "/>
</bind>
</comp>

<comp id="298" class="1005" name="indvar_flatten25_reg_298">
<pin_list>
<pin id="299" dir="0" index="0" bw="13" slack="0"/>
<pin id="300" dir="1" index="1" bw="13" slack="0"/>
</pin_list>
<bind>
<opset="indvar_flatten25 "/>
</bind>
</comp>

<comp id="308" class="1005" name="select_ln52_reg_308">
<pin_list>
<pin id="309" dir="0" index="0" bw="7" slack="1"/>
<pin id="310" dir="1" index="1" bw="7" slack="1"/>
</pin_list>
<bind>
<opset="select_ln52 "/>
</bind>
</comp>

<comp id="313" class="1005" name="select_ln234_reg_313">
<pin_list>
<pin id="314" dir="0" index="0" bw="6" slack="1"/>
<pin id="315" dir="1" index="1" bw="6" slack="1"/>
</pin_list>
<bind>
<opset="select_ln234 "/>
</bind>
</comp>

</comp_list>

<net_list>
<net id="59"><net_src comp="12" pin="0"/><net_sink comp="56" pin=0"/></net>

<net id="63"><net_src comp="12" pin="0"/><net_sink comp="60" pin=0"/></net>

<net id="67"><net_src comp="12" pin="0"/><net_sink comp="64" pin=0"/></net>

<net id="73"><net_src comp="0" pin="0"/><net_sink comp="68" pin=0"/></net>

<net id="74"><net_src comp="44" pin="0"/><net_sink comp="68" pin=1"/></net>

<net id="80"><net_src comp="2" pin="0"/><net_sink comp="75" pin=0"/></net>

<net id="81"><net_src comp="44" pin="0"/><net_sink comp="75" pin=1"/></net>

<net id="87"><net_src comp="4" pin="0"/><net_sink comp="82" pin=0"/></net>

<net id="88"><net_src comp="44" pin="0"/><net_sink comp="82" pin=1"/></net>

<net id="94"><net_src comp="6" pin="0"/><net_sink comp="89" pin=0"/></net>

<net id="95"><net_src comp="44" pin="0"/><net_sink comp="89" pin=1"/></net>

<net id="101"><net_src comp="8" pin="0"/><net_sink comp="96" pin=0"/></net>

<net id="102"><net_src comp="44" pin="0"/><net_sink comp="96" pin=1"/></net>

<net id="108"><net_src comp="10" pin="0"/><net_sink comp="103" pin=0"/></net>

<net id="109"><net_src comp="44" pin="0"/><net_sink comp="103" pin=1"/></net>

<net id="115"><net_src comp="54" pin="0"/><net_sink comp="110" pin=1"/></net>

<net id="116"><net_src comp="82" pin="3"/><net_sink comp="110" pin=0"/></net>

<net id="122"><net_src comp="54" pin="0"/><net_sink comp="117" pin=1"/></net>

<net id="123"><net_src comp="89" pin="3"/><net_sink comp="117" pin=0"/></net>

<net id="129"><net_src comp="54" pin="0"/><net_sink comp="124" pin=1"/></net>

<net id="130"><net_src comp="96" pin="3"/><net_sink comp="124" pin=0"/></net>

<net id="136"><net_src comp="54" pin="0"/><net_sink comp="131" pin=1"/></net>

<net id="137"><net_src comp="103" pin="3"/><net_sink comp="131" pin=0"/></net>

<net id="143"><net_src comp="54" pin="0"/><net_sink comp="138" pin=1"/></net>

<net id="144"><net_src comp="68" pin="3"/><net_sink comp="138" pin=0"/></net>

<net id="150"><net_src comp="54" pin="0"/><net_sink comp="145" pin=1"/></net>

<net id="151"><net_src comp="75" pin="3"/><net_sink comp="145" pin=0"/></net>

<net id="156"><net_src comp="14" pin="0"/><net_sink comp="152" pin=0"/></net>

<net id="161"><net_src comp="16" pin="0"/><net_sink comp="157" pin=0"/></net>

<net id="166"><net_src comp="18" pin="0"/><net_sink comp="162" pin=0"/></net>

<net id="174"><net_src comp="167" pin="1"/><net_sink comp="170" pin=0"/></net>

<net id="175"><net_src comp="20" pin="0"/><net_sink comp="170" pin=1"/></net>

<net id="180"><net_src comp="167" pin="1"/><net_sink comp="176" pin=0"/></net>

<net id="181"><net_src comp="22" pin="0"/><net_sink comp="176" pin=1"/></net>

<net id="192"><net_src comp="185" pin="1"/><net_sink comp="188" pin=0"/></net>

<net id="193"><net_src comp="24" pin="0"/><net_sink comp="188" pin=1"/></net>

<net id="198"><net_src comp="182" pin="1"/><net_sink comp="194" pin=0"/></net>

<net id="199"><net_src comp="26" pin="0"/><net_sink comp="194" pin=1"/></net>

<net id="205"><net_src comp="194" pin="2"/><net_sink comp="200" pin=0"/></net>

<net id="206"><net_src comp="18" pin="0"/><net_sink comp="200" pin=1"/></net>

<net id="207"><net_src comp="182" pin="1"/><net_sink comp="200" pin=2"/></net>

<net id="213"><net_src comp="194" pin="2"/><net_sink comp="208" pin=0"/></net>

<net id="214"><net_src comp="188" pin="2"/><net_sink comp="208" pin=1"/></net>

<net id="215"><net_src comp="185" pin="1"/><net_sink comp="208" pin=2"/></net>

<net id="220"><net_src comp="200" pin="3"/><net_sink comp="216" pin=0"/></net>

<net id="221"><net_src comp="28" pin="0"/><net_sink comp="216" pin=1"/></net>

<net id="226"><net_src comp="176" pin="2"/><net_sink comp="222" pin=0"/></net>

<net id="231"><net_src comp="208" pin="3"/><net_sink comp="227" pin=0"/></net>

<net id="236"><net_src comp="216" pin="2"/><net_sink comp="232" pin=0"/></net>

<net id="242"><net_src comp="38" pin="0"/><net_sink comp="237" pin=0"/></net>

<net id="243"><net_src comp="16" pin="0"/><net_sink comp="237" pin=2"/></net>

<net id="247"><net_src comp="237" pin="3"/><net_sink comp="244" pin=0"/></net>

<net id="253"><net_src comp="40" pin="0"/><net_sink comp="248" pin=0"/></net>

<net id="254"><net_src comp="42" pin="0"/><net_sink comp="248" pin=2"/></net>

<net id="258"><net_src comp="248" pin="3"/><net_sink comp="255" pin=0"/></net>

<net id="263"><net_src comp="244" pin="1"/><net_sink comp="259" pin=0"/></net>

<net id="264"><net_src comp="255" pin="1"/><net_sink comp="259" pin=1"/></net>

<net id="272"><net_src comp="259" pin="2"/><net_sink comp="268" pin=0"/></net>

<net id="273"><net_src comp="265" pin="1"/><net_sink comp="268" pin=1"/></net>

<net id="277"><net_src comp="268" pin="2"/><net_sink comp="274" pin=0"/></net>

<net id="278"><net_src comp="274" pin="1"/><net_sink comp="68" pin=2"/></net>

<net id="279"><net_src comp="274" pin="1"/><net_sink comp="75" pin=2"/></net>

<net id="280"><net_src comp="274" pin="1"/><net_sink comp="82" pin=2"/></net>

<net id="281"><net_src comp="274" pin="1"/><net_sink comp="89" pin=2"/></net>

<net id="282"><net_src comp="274" pin="1"/><net_sink comp="96" pin=2"/></net>

<net id="283"><net_src comp="274" pin="1"/><net_sink comp="103" pin=2"/></net>

<net id="287"><net_src comp="56" pin="1"/><net_sink comp="284" pin=0"/></net>

<net id="288"><net_src comp="284" pin="1"/><net_sink comp="162" pin=1"/></net>

<net id="289"><net_src comp="284" pin="1"/><net_sink comp="182" pin=0"/></net>

<net id="290"><net_src comp="284" pin="1"/><net_sink comp="232" pin=1"/></net>

<net id="294"><net_src comp="60" pin="1"/><net_sink comp="291" pin=0"/></net>

<net id="295"><net_src comp="291" pin="1"/><net_sink comp="157" pin=1"/></net>

<net id="296"><net_src comp="291" pin="1"/><net_sink comp="185" pin=0"/></net>

<net id="297"><net_src comp="291" pin="1"/><net_sink comp="227" pin=1"/></net>

<net id="301"><net_src comp="64" pin="1"/><net_sink comp="298" pin=0"/></net>

<net id="302"><net_src comp="298" pin="1"/><net_sink comp="152" pin=1"/></net>

<net id="303"><net_src comp="298" pin="1"/><net_sink comp="167" pin=0"/></net>

<net id="304"><net_src comp="298" pin="1"/><net_sink comp="222" pin=1"/></net>

<net id="311"><net_src comp="200" pin="3"/><net_sink comp="308" pin=0"/></net>

<net id="312"><net_src comp="308" pin="1"/><net_sink comp="265" pin=0"/></net>

<net id="316"><net_src comp="208" pin="3"/><net_sink comp="313" pin=0"/></net>

<net id="317"><net_src comp="313" pin="1"/><net_sink comp="237" pin=1"/></net>

<net id="318"><net_src comp="313" pin="1"/><net_sink comp="248" pin=1"/></net>

</net_list>

</model> 
---------------- Datapath Model END ------------------

* FSMD analyzer results:
  - Output states:
	Port: spillage_flag | {2 }
	Port: spillage_level | {2 }
	Port: spillage_from_neigh | {2 }
	Port: spillage_from_neigh_1 | {2 }
	Port: spillage_from_neigh_2 | {2 }
	Port: spillage_from_neigh_3 | {2 }
 - Input state : 
  - Chain level:
	State 1
		store_ln0 : 1
		store_ln52 : 1
		store_ln52 : 1
		indvar_flatten25_load : 1
		icmp_ln234 : 2
		add_ln234_1 : 2
		br_ln234 : 3
		col_pos_load : 1
		row_pos_load : 1
		add_ln234 : 2
		icmp_ln235 : 2
		select_ln52 : 3
		select_ln234 : 3
		add_ln235 : 4
		store_ln234 : 3
		store_ln52 : 4
		store_ln52 : 5
	State 2
		zext_ln241 : 1
		zext_ln241_1 : 1
		add_ln241_1 : 2
		add_ln241 : 3
		zext_ln241_3 : 4
		spillage_flag_addr : 5
		spillage_level_addr : 5
		spillage_from_neigh_addr : 5
		spillage_from_neigh_1_addr : 5
		spillage_from_neigh_2_addr : 5
		spillage_from_neigh_3_addr : 5
		store_ln239 : 6
		store_ln239 : 6
		store_ln239 : 6
		store_ln239 : 6
		store_ln241 : 6
		store_ln242 : 6


============================================================
+ Verbose Summary: Datapath Resource usage 
============================================================

* Functional unit list:
|----------|---------------------|---------|---------|
| Operation|   Functional Unit   |    FF   |   LUT   |
|----------|---------------------|---------|---------|
|          |  add_ln234_1_fu_176 |    0    |    20   |
|          |   add_ln234_fu_188  |    0    |    13   |
|    add   |   add_ln235_fu_216  |    0    |    14   |
|          |  add_ln241_1_fu_259 |    0    |    17   |
|          |   add_ln241_fu_268  |    0    |    17   |
|----------|---------------------|---------|---------|
|   icmp   |  icmp_ln234_fu_170  |    0    |    20   |
|          |  icmp_ln235_fu_194  |    0    |    14   |
|----------|---------------------|---------|---------|
|  select  |  select_ln52_fu_200 |    0    |    7    |
|          | select_ln234_fu_208 |    0    |    6    |
|----------|---------------------|---------|---------|
|bitconcatenate|      tmp_fu_237     |    0    |    0    |
|          |    tmp_36_fu_248    |    0    |    0    |
|----------|---------------------|---------|---------|
|          |  zext_ln241_fu_244  |    0    |    0    |
|   zext   | zext_ln241_1_fu_255 |    0    |    0    |
|          | zext_ln241_2_fu_265 |    0    |    0    |
|          | zext_ln241_3_fu_274 |    0    |    0    |
|----------|---------------------|---------|---------|
|   Total  |                     |    0    |   128   |
|----------|---------------------|---------|---------|

Memories:
N/A

* Register list:
+------------------------+--------+
|                        |   FF   |
+------------------------+--------+
|     col_pos_reg_284    |    7   |
|indvar_flatten25_reg_298|   13   |
|     row_pos_reg_291    |    6   |
|  select_ln234_reg_313  |    6   |
|   select_ln52_reg_308  |    7   |
+------------------------+--------+
|          Total         |   39   |
+------------------------+--------+

* Multiplexer (MUX) list: 
|--------|------|------|------|--------|
|  Comp  |  Pin | Size |  BW  | S x BW |
|--------|------|------|------|--------|
|  Total |      |      |      |    0   |
|--------|------|------|------|--------|



* Summary:
+-----------+--------+--------+
|           |   FF   |   LUT  |
+-----------+--------+--------+
|  Function |    0   |   128  |
|   Memory  |    -   |    -   |
|Multiplexer|    -   |    -   |
|  Register |   39   |    -   |
+-----------+--------+--------+
|   Total   |   39   |   128  |
+-----------+--------+--------+
