

================================================================
== Vitis HLS Report for 'do_compute_Pipeline_VITIS_LOOP_53_1_VITIS_LOOP_54_2'
================================================================
* Date:           Sun May 17 18:41:40 2026

* Version:        2024.1 (Build 5069499 on May 21 2024)
* Project:        .small_dam_base_enabled
* Solution:       solution_FLOOD_HLS_base (Vivado IP Flow Target)
* Product family: virtexuplusHBM
* Target device:  xcu50-fsvh2104-2-e


================================================================
== Performance Estimates
================================================================
+ Timing: 
    * Summary: 
    +--------+---------+----------+------------+
    |  Clock |  Target | Estimated| Uncertainty|
    +--------+---------+----------+------------+
    |ap_clk  |  4.00 ns|  2.615 ns|     1.08 ns|
    +--------+---------+----------+------------+

+ Latency: 
    * Summary: 
    +---------+---------+-----------+-----------+------+------+-----------------------------------------------+
    |  Latency (cycles) |   Latency (absolute)  |   Interval  |                    Pipeline                   |
    |   min   |   max   |    min    |    max    |  min |  max |                      Type                     |
    +---------+---------+-----------+-----------+------+------+-----------------------------------------------+
    |     8112|     8112|  32.448 us|  32.448 us|  8101|  8101|  loop auto-rewind stp(delay=0 clock cycles(s))|
    +---------+---------+-----------+-----------+------+------+-----------------------------------------------+

    + Detail: 
        * Instance: 
        N/A

        * Loop: 
        +-----------------------------------+---------+---------+----------+-----------+-----------+------+----------+
        |                                   |  Latency (cycles) | Iteration|  Initiation Interval  | Trip |          |
        |             Loop Name             |   min   |   max   |  Latency |  achieved |   target  | Count| Pipelined|
        +-----------------------------------+---------+---------+----------+-----------+-----------+------+----------+
        |- VITIS_LOOP_53_1_VITIS_LOOP_54_2  |     8110|     8110|        12|          1|          1|  8100|       yes|
        +-----------------------------------+---------+---------+----------+-----------+-----------+------+----------+



================================================================
== Utilization Estimates
================================================================
* Summary: 
+---------------------+---------+------+---------+--------+-----+
|         Name        | BRAM_18K|  DSP |    FF   |   LUT  | URAM|
+---------------------+---------+------+---------+--------+-----+
|DSP                  |        -|     1|        -|       -|    -|
|Expression           |        -|     -|        0|     132|    -|
|FIFO                 |        -|     -|        -|       -|    -|
|Instance             |        -|     0|      158|     136|    -|
|Memory               |        -|     -|        -|       -|    -|
|Multiplexer          |        -|     -|        0|      72|    -|
|Register             |        -|     -|      213|      64|    -|
+---------------------+---------+------+---------+--------+-----+
|Total                |        0|     1|      371|     404|    0|
+---------------------+---------+------+---------+--------+-----+
|Available SLR        |     1344|  2976|   871680|  435840|  320|
+---------------------+---------+------+---------+--------+-----+
|Utilization SLR (%)  |        0|    ~0|       ~0|      ~0|    0|
+---------------------+---------+------+---------+--------+-----+
|Available            |     2688|  5952|  1743360|  871680|  640|
+---------------------+---------+------+---------+--------+-----+
|Utilization (%)      |        0|    ~0|       ~0|      ~0|    0|
+---------------------+---------+------+---------+--------+-----+

+ Detail: 
    * Instance: 
    +------------------------+---------------------+---------+----+-----+----+-----+
    |        Instance        |        Module       | BRAM_18K| DSP|  FF | LUT| URAM|
    +------------------------+---------------------+---------+----+-----+----+-----+
    |mul_7ns_9ns_15_1_1_U2   |mul_7ns_9ns_15_1_1   |        0|   0|    0|  49|    0|
    |urem_7ns_3ns_2_11_1_U1  |urem_7ns_3ns_2_11_1  |        0|   0|  158|  87|    0|
    +------------------------+---------------------+---------+----+-----+----+-----+
    |Total                   |                     |        0|   0|  158| 136|    0|
    +------------------------+---------------------+---------+----+-----+----+-----+

    * DSP: 
    +----------------------------------+-------------------------------+--------------+
    |             Instance             |             Module            |  Expression  |
    +----------------------------------+-------------------------------+--------------+
    |mac_muladd_7ns_7ns_7ns_13_4_1_U3  |mac_muladd_7ns_7ns_7ns_13_4_1  |  i0 * i1 + i2|
    +----------------------------------+-------------------------------+--------------+

    * Memory: 
    N/A

    * FIFO: 
    N/A

    * Expression: 
    +-----------------------+----------+----+---+----+------------+------------+
    |     Variable Name     | Operation| DSP| FF| LUT| Bitwidth P0| Bitwidth P1|
    +-----------------------+----------+----+---+----+------------+------------+
    |add_ln53_1_fu_238_p2   |         +|   0|  0|  20|          13|           1|
    |add_ln53_fu_250_p2     |         +|   0|  0|  14|           7|           1|
    |add_ln54_fu_288_p2     |         +|   0|  0|  14|           7|           1|
    |add_ln58_fu_359_p2     |         +|   0|  0|  17|          12|          12|
    |sub_ln58_fu_327_p2     |         -|   0|  0|  17|          12|          12|
    |icmp_ln53_fu_232_p2    |      icmp|   0|  0|  20|          13|           8|
    |icmp_ln54_fu_256_p2    |      icmp|   0|  0|  14|           7|           7|
    |select_ln52_fu_262_p3  |    select|   0|  0|   7|           1|           1|
    |select_ln53_fu_270_p3  |    select|   0|  0|   7|           1|           7|
    |ap_enable_pp0          |       xor|   0|  0|   2|           1|           2|
    +-----------------------+----------+----+---+----+------------+------------+
    |Total                  |          |   0|  0| 132|          74|          52|
    +-----------------------+----------+----+---+----+------------+------------+

    * Multiplexer: 
    +--------------------------------------+----+-----------+-----+-----------+
    |                 Name                 | LUT| Input Size| Bits| Total Bits|
    +--------------------------------------+----+-----------+-----+-----------+
    |ap_done_int                           |   9|          2|    1|          2|
    |ap_enable_reg_pp0_iter1               |   9|          2|    1|          2|
    |ap_sig_allocacmp_col_pos_load         |   9|          2|    7|         14|
    |ap_sig_allocacmp_indvar_flatten_load  |   9|          2|   13|         26|
    |ap_sig_allocacmp_row_pos_load         |   9|          2|    7|         14|
    |col_pos_fu_76                         |   9|          2|    7|         14|
    |indvar_flatten_fu_84                  |   9|          2|   13|         26|
    |row_pos_fu_80                         |   9|          2|    7|         14|
    +--------------------------------------+----+-----------+-----+-----------+
    |Total                                 |  72|         16|   56|        112|
    +--------------------------------------+----+-----------+-----+-----------+

    * Register: 
    +-----------------------------------+----+----+-----+-----------+
    |                Name               | FF | LUT| Bits| Const Bits|
    +-----------------------------------+----+----+-----+-----------+
    |add_ln58_reg_441                   |  12|   0|   12|          0|
    |ap_CS_fsm                          |   1|   0|    1|          0|
    |ap_done_reg                        |   1|   0|    1|          0|
    |ap_enable_reg_pp0_iter1            |   1|   0|    1|          0|
    |ap_enable_reg_pp0_iter10           |   1|   0|    1|          0|
    |ap_enable_reg_pp0_iter11           |   1|   0|    1|          0|
    |ap_enable_reg_pp0_iter2            |   1|   0|    1|          0|
    |ap_enable_reg_pp0_iter3            |   1|   0|    1|          0|
    |ap_enable_reg_pp0_iter4            |   1|   0|    1|          0|
    |ap_enable_reg_pp0_iter5            |   1|   0|    1|          0|
    |ap_enable_reg_pp0_iter6            |   1|   0|    1|          0|
    |ap_enable_reg_pp0_iter7            |   1|   0|    1|          0|
    |ap_enable_reg_pp0_iter8            |   1|   0|    1|          0|
    |ap_enable_reg_pp0_iter9            |   1|   0|    1|          0|
    |ap_loop_exit_ready_pp0_iter10_reg  |   1|   0|    1|          0|
    |ap_loop_exit_ready_pp0_iter1_reg   |   1|   0|    1|          0|
    |ap_loop_exit_ready_pp0_iter2_reg   |   1|   0|    1|          0|
    |ap_loop_exit_ready_pp0_iter3_reg   |   1|   0|    1|          0|
    |ap_loop_exit_ready_pp0_iter4_reg   |   1|   0|    1|          0|
    |ap_loop_exit_ready_pp0_iter5_reg   |   1|   0|    1|          0|
    |ap_loop_exit_ready_pp0_iter6_reg   |   1|   0|    1|          0|
    |ap_loop_exit_ready_pp0_iter7_reg   |   1|   0|    1|          0|
    |ap_loop_exit_ready_pp0_iter8_reg   |   1|   0|    1|          0|
    |ap_loop_exit_ready_pp0_iter9_reg   |   1|   0|    1|          0|
    |col_pos_fu_76                      |   7|   0|    7|          0|
    |indvar_flatten_fu_84               |  13|   0|   13|          0|
    |row_pos_fu_80                      |   7|   0|    7|          0|
    |select_ln52_reg_418                |   7|   0|    7|          0|
    |select_ln53_reg_425                |   7|   0|    7|          0|
    |select_ln53_reg_425_pp0_iter1_reg  |   7|   0|    7|          0|
    |trunc_ln52_reg_446                 |   2|   0|    2|          0|
    |add_ln58_reg_441                   |  64|  32|   12|          0|
    |select_ln52_reg_418                |  64|  32|    7|          0|
    +-----------------------------------+----+----+-----+-----------+
    |Total                              | 213|  64|  104|          0|
    +-----------------------------------+----+----+-----+-----------+



================================================================
== Interface
================================================================
* Summary: 
+--------------------------------+-----+-----+------------+-----------------------------------------------------+--------------+
|            RTL Ports           | Dir | Bits|  Protocol  |                    Source Object                    |    C Type    |
+--------------------------------+-----+-----+------------+-----------------------------------------------------+--------------+
|ap_clk                          |   in|    1|  ap_ctrl_hs|  do_compute_Pipeline_VITIS_LOOP_53_1_VITIS_LOOP_54_2|  return value|
|ap_rst                          |   in|    1|  ap_ctrl_hs|  do_compute_Pipeline_VITIS_LOOP_53_1_VITIS_LOOP_54_2|  return value|
|ap_start                        |   in|    1|  ap_ctrl_hs|  do_compute_Pipeline_VITIS_LOOP_53_1_VITIS_LOOP_54_2|  return value|
|ap_done                         |  out|    1|  ap_ctrl_hs|  do_compute_Pipeline_VITIS_LOOP_53_1_VITIS_LOOP_54_2|  return value|
|ap_idle                         |  out|    1|  ap_ctrl_hs|  do_compute_Pipeline_VITIS_LOOP_53_1_VITIS_LOOP_54_2|  return value|
|ap_ready                        |  out|    1|  ap_ctrl_hs|  do_compute_Pipeline_VITIS_LOOP_53_1_VITIS_LOOP_54_2|  return value|
|spillage_flag_address0          |  out|   13|   ap_memory|                                        spillage_flag|         array|
|spillage_flag_ce0               |  out|    1|   ap_memory|                                        spillage_flag|         array|
|spillage_flag_we0               |  out|    1|   ap_memory|                                        spillage_flag|         array|
|spillage_flag_d0                |  out|   32|   ap_memory|                                        spillage_flag|         array|
|spillage_level_address0         |  out|   13|   ap_memory|                                       spillage_level|         array|
|spillage_level_ce0              |  out|    1|   ap_memory|                                       spillage_level|         array|
|spillage_level_we0              |  out|    1|   ap_memory|                                       spillage_level|         array|
|spillage_level_d0               |  out|   32|   ap_memory|                                       spillage_level|         array|
|spillage_from_neigh_address0    |  out|   13|   ap_memory|                                  spillage_from_neigh|         array|
|spillage_from_neigh_ce0         |  out|    1|   ap_memory|                                  spillage_from_neigh|         array|
|spillage_from_neigh_we0         |  out|    1|   ap_memory|                                  spillage_from_neigh|         array|
|spillage_from_neigh_d0          |  out|   32|   ap_memory|                                  spillage_from_neigh|         array|
|spillage_from_neigh_1_address0  |  out|   13|   ap_memory|                                spillage_from_neigh_1|         array|
|spillage_from_neigh_1_ce0       |  out|    1|   ap_memory|                                spillage_from_neigh_1|         array|
|spillage_from_neigh_1_we0       |  out|    1|   ap_memory|                                spillage_from_neigh_1|         array|
|spillage_from_neigh_1_d0        |  out|   32|   ap_memory|                                spillage_from_neigh_1|         array|
|spillage_from_neigh_2_address0  |  out|   13|   ap_memory|                                spillage_from_neigh_2|         array|
|spillage_from_neigh_2_ce0       |  out|    1|   ap_memory|                                spillage_from_neigh_2|         array|
|spillage_from_neigh_2_we0       |  out|    1|   ap_memory|                                spillage_from_neigh_2|         array|
|spillage_from_neigh_2_d0        |  out|   32|   ap_memory|                                spillage_from_neigh_2|         array|
|spillage_from_neigh_3_address0  |  out|   13|   ap_memory|                                spillage_from_neigh_3|         array|
|spillage_from_neigh_3_ce0       |  out|    1|   ap_memory|                                spillage_from_neigh_3|         array|
|spillage_from_neigh_3_we0       |  out|    1|   ap_memory|                                spillage_from_neigh_3|         array|
|spillage_from_neigh_3_d0        |  out|   32|   ap_memory|                                spillage_from_neigh_3|         array|
|water_level_address0            |  out|   12|   ap_memory|                                          water_level|         array|
|water_level_ce0                 |  out|    1|   ap_memory|                                          water_level|         array|
|water_level_we0                 |  out|    1|   ap_memory|                                          water_level|         array|
|water_level_d0                  |  out|   32|   ap_memory|                                          water_level|         array|
|water_level_1_address0          |  out|   12|   ap_memory|                                        water_level_1|         array|
|water_level_1_ce0               |  out|    1|   ap_memory|                                        water_level_1|         array|
|water_level_1_we0               |  out|    1|   ap_memory|                                        water_level_1|         array|
|water_level_1_d0                |  out|   32|   ap_memory|                                        water_level_1|         array|
|water_level_2_address0          |  out|   12|   ap_memory|                                        water_level_2|         array|
|water_level_2_ce0               |  out|    1|   ap_memory|                                        water_level_2|         array|
|water_level_2_we0               |  out|    1|   ap_memory|                                        water_level_2|         array|
|water_level_2_d0                |  out|   32|   ap_memory|                                        water_level_2|         array|
+--------------------------------+-----+-----+------------+-----------------------------------------------------+--------------+

============================================================
+ Verbose Summary: Synthesis Manager
============================================================
InlineROM: 1
ExposeGlobal: 0
============================================================
+ Verbose Summary: CDFG Model
============================================================
IsTopModel: 0
ResetActiveHigh: 1
IsCombinational: 2
IsDatapathOnly: 2
HasWiredReturn: 1
HasMFsm: 2
HasVarLatency: 1
IsPipeline: 0
IsRtlPipelined: 0
IsInstanceOverlapped: 0
IsDontTouch: 0
HasImplIP: 0
IsGatedGlobalClock: 0

+ Individual pipeline summary: 
  * Pipeline-0: initiation interval (II) = 1, depth = 12


============================================================
+ Verbose Summary: Schedule
============================================================
* Number of FSM states : 12
* Pipeline : 1
  Pipeline-0 : II = 1, D = 12, States = { 1 2 3 4 5 6 7 8 9 10 11 12 }
* Dataflow Pipeline: 0

* FSM state transitions: 
1 --> 2 
2 --> 3 
3 --> 4 
4 --> 5 
5 --> 6 
6 --> 7 
7 --> 8 
8 --> 9 
9 --> 10 
10 --> 11 
11 --> 12 
12 --> 

* FSM state operations: 

State 1 <SV = 0> <Delay = 2.61>
ST_1 : Operation 15 [1/1] (0.00ns)   --->   "%col_pos = alloca i32 1" [flood_HLS_base.cpp:52]   --->   Operation 15 'alloca' 'col_pos' <Predicate = true> <Delay = 0.00>
ST_1 : Operation 16 [1/1] (0.00ns)   --->   "%row_pos = alloca i32 1" [flood_HLS_base.cpp:52]   --->   Operation 16 'alloca' 'row_pos' <Predicate = true> <Delay = 0.00>
ST_1 : Operation 17 [1/1] (0.00ns)   --->   "%indvar_flatten = alloca i32 1"   --->   Operation 17 'alloca' 'indvar_flatten' <Predicate = true> <Delay = 0.00>
ST_1 : Operation 18 [1/1] (0.38ns)   --->   "%store_ln0 = store i13 0, i13 %indvar_flatten"   --->   Operation 18 'store' 'store_ln0' <Predicate = true> <Delay = 0.38>
ST_1 : Operation 19 [1/1] (0.38ns)   --->   "%store_ln52 = store i7 0, i7 %row_pos" [flood_HLS_base.cpp:52]   --->   Operation 19 'store' 'store_ln52' <Predicate = true> <Delay = 0.38>
ST_1 : Operation 20 [1/1] (0.38ns)   --->   "%store_ln52 = store i7 0, i7 %col_pos" [flood_HLS_base.cpp:52]   --->   Operation 20 'store' 'store_ln52' <Predicate = true> <Delay = 0.38>
ST_1 : Operation 21 [1/1] (0.00ns)   --->   "%br_ln0 = br void %VITIS_LOOP_63_3"   --->   Operation 21 'br' 'br_ln0' <Predicate = true> <Delay = 0.00>
ST_1 : Operation 22 [1/1] (0.00ns)   --->   "%indvar_flatten_load = load i13 %indvar_flatten" [flood_HLS_base.cpp:53]   --->   Operation 22 'load' 'indvar_flatten_load' <Predicate = true> <Delay = 0.00>
ST_1 : Operation 23 [1/1] (0.75ns)   --->   "%icmp_ln53 = icmp_eq  i13 %indvar_flatten_load, i13 8100" [flood_HLS_base.cpp:53]   --->   Operation 23 'icmp' 'icmp_ln53' <Predicate = true> <Delay = 0.75> <CoreInst = "Cmp">   --->   Core 9 'Cmp' <Latency = 0> <II = 1> <Delay = 0.75> <FuncUnit> <Opcode : 'seteq' 'setne' 'setle' 'setge' 'setlt' 'setgt'> <InPorts = 2> <OutPorts = 1>
ST_1 : Operation 24 [1/1] (0.75ns)   --->   "%add_ln53_1 = add i13 %indvar_flatten_load, i13 1" [flood_HLS_base.cpp:53]   --->   Operation 24 'add' 'add_ln53_1' <Predicate = true> <Delay = 0.75> <CoreInst = "Adder">   --->   Core 1 'Adder' <Latency = 0> <II = 1> <Delay = 0.75> <FuncUnit> <Opcode : 'add' 'sub'> <InPorts = 2> <OutPorts = 1>
ST_1 : Operation 25 [1/1] (0.00ns)   --->   "%br_ln53 = br i1 %icmp_ln53, void %for.inc26, void %VITIS_LOOP_70_4.exitStub" [flood_HLS_base.cpp:53]   --->   Operation 25 'br' 'br_ln53' <Predicate = true> <Delay = 0.00>
ST_1 : Operation 26 [1/1] (0.00ns)   --->   "%col_pos_load = load i7 %col_pos" [flood_HLS_base.cpp:54]   --->   Operation 26 'load' 'col_pos_load' <Predicate = (!icmp_ln53)> <Delay = 0.00>
ST_1 : Operation 27 [1/1] (0.00ns)   --->   "%row_pos_load = load i7 %row_pos" [flood_HLS_base.cpp:53]   --->   Operation 27 'load' 'row_pos_load' <Predicate = (!icmp_ln53)> <Delay = 0.00>
ST_1 : Operation 28 [1/1] (0.70ns)   --->   "%add_ln53 = add i7 %row_pos_load, i7 1" [flood_HLS_base.cpp:53]   --->   Operation 28 'add' 'add_ln53' <Predicate = (!icmp_ln53)> <Delay = 0.70> <CoreInst = "Adder">   --->   Core 1 'Adder' <Latency = 0> <II = 1> <Delay = 0.70> <FuncUnit> <Opcode : 'add' 'sub'> <InPorts = 2> <OutPorts = 1>
ST_1 : Operation 29 [1/1] (0.70ns)   --->   "%icmp_ln54 = icmp_eq  i7 %col_pos_load, i7 90" [flood_HLS_base.cpp:54]   --->   Operation 29 'icmp' 'icmp_ln54' <Predicate = (!icmp_ln53)> <Delay = 0.70> <CoreInst = "Cmp">   --->   Core 9 'Cmp' <Latency = 0> <II = 1> <Delay = 0.70> <FuncUnit> <Opcode : 'seteq' 'setne' 'setle' 'setge' 'setlt' 'setgt'> <InPorts = 2> <OutPorts = 1>
ST_1 : Operation 30 [1/1] (0.30ns)   --->   "%select_ln52 = select i1 %icmp_ln54, i7 0, i7 %col_pos_load" [flood_HLS_base.cpp:52]   --->   Operation 30 'select' 'select_ln52' <Predicate = (!icmp_ln53)> <Delay = 0.30> <CoreInst = "Sel">   --->   Core 73 'Sel' <Latency = 0> <II = 1> <Delay = 0.30> <FuncUnit> <Opcode : 'select'> <InPorts = 3> <OutPorts = 1>
ST_1 : Operation 31 [1/1] (0.30ns)   --->   "%select_ln53 = select i1 %icmp_ln54, i7 %add_ln53, i7 %row_pos_load" [flood_HLS_base.cpp:53]   --->   Operation 31 'select' 'select_ln53' <Predicate = (!icmp_ln53)> <Delay = 0.30> <CoreInst = "Sel">   --->   Core 73 'Sel' <Latency = 0> <II = 1> <Delay = 0.30> <FuncUnit> <Opcode : 'select'> <InPorts = 3> <OutPorts = 1>
ST_1 : Operation 32 [1/1] (0.00ns)   --->   "%zext_ln54 = zext i7 %select_ln53" [flood_HLS_base.cpp:54]   --->   Operation 32 'zext' 'zext_ln54' <Predicate = (!icmp_ln53)> <Delay = 0.00>
ST_1 : Operation 33 [3/3] (0.99ns) (grouped into DSP with root node add_ln59)   --->   "%mul_ln54 = mul i13 %zext_ln54, i13 90" [flood_HLS_base.cpp:54]   --->   Operation 33 'mul' 'mul_ln54' <Predicate = (!icmp_ln53)> <Delay = 0.99> <CoreInst = "DSP48">   --->   Core 124 'DSP48' <Latency = 3> <II = 1> <Delay = 0.53> <IPBlock> <Opcode : '' 'add' 'sub' 'mul' 'select'> <InPorts = 0> <OutPorts = 1> <Sync> <CReg>
ST_1 : Operation 34 [11/11] (1.21ns)   --->   "%urem_ln52 = urem i7 %select_ln52, i7 3" [flood_HLS_base.cpp:52]   --->   Operation 34 'urem' 'urem_ln52' <Predicate = (!icmp_ln53)> <Delay = 1.21> <CoreInst = "Divider">   --->   Core 6 'Divider' <Latency = 10> <II = 1> <Delay = 1.21> <FuncUnit> <Opcode : 'udiv' 'sdiv' 'urem' 'srem'> <InPorts = 2> <OutPorts = 1>
ST_1 : Operation 35 [1/1] (0.70ns)   --->   "%add_ln54 = add i7 %select_ln52, i7 1" [flood_HLS_base.cpp:54]   --->   Operation 35 'add' 'add_ln54' <Predicate = (!icmp_ln53)> <Delay = 0.70> <CoreInst = "Adder">   --->   Core 1 'Adder' <Latency = 0> <II = 1> <Delay = 0.70> <FuncUnit> <Opcode : 'add' 'sub'> <InPorts = 2> <OutPorts = 1>
ST_1 : Operation 36 [1/1] (0.38ns)   --->   "%store_ln53 = store i13 %add_ln53_1, i13 %indvar_flatten" [flood_HLS_base.cpp:53]   --->   Operation 36 'store' 'store_ln53' <Predicate = (!icmp_ln53)> <Delay = 0.38>
ST_1 : Operation 37 [1/1] (0.38ns)   --->   "%store_ln52 = store i7 %select_ln53, i7 %row_pos" [flood_HLS_base.cpp:52]   --->   Operation 37 'store' 'store_ln52' <Predicate = (!icmp_ln53)> <Delay = 0.38>
ST_1 : Operation 38 [1/1] (0.38ns)   --->   "%store_ln52 = store i7 %add_ln54, i7 %col_pos" [flood_HLS_base.cpp:52]   --->   Operation 38 'store' 'store_ln52' <Predicate = (!icmp_ln53)> <Delay = 0.38>

State 2 <SV = 1> <Delay = 1.21>
ST_2 : Operation 39 [2/3] (0.99ns) (grouped into DSP with root node add_ln59)   --->   "%mul_ln54 = mul i13 %zext_ln54, i13 90" [flood_HLS_base.cpp:54]   --->   Operation 39 'mul' 'mul_ln54' <Predicate = true> <Delay = 0.99> <CoreInst = "DSP48">   --->   Core 124 'DSP48' <Latency = 3> <II = 1> <Delay = 0.53> <IPBlock> <Opcode : '' 'add' 'sub' 'mul' 'select'> <InPorts = 0> <OutPorts = 1> <Sync> <CReg>
ST_2 : Operation 40 [10/11] (1.21ns)   --->   "%urem_ln52 = urem i7 %select_ln52, i7 3" [flood_HLS_base.cpp:52]   --->   Operation 40 'urem' 'urem_ln52' <Predicate = true> <Delay = 1.21> <CoreInst = "Divider">   --->   Core 6 'Divider' <Latency = 10> <II = 1> <Delay = 1.21> <FuncUnit> <Opcode : 'udiv' 'sdiv' 'urem' 'srem'> <InPorts = 2> <OutPorts = 1>

State 3 <SV = 2> <Delay = 2.21>
ST_3 : Operation 41 [1/1] (0.00ns)   --->   "%p_shl = bitconcatenate i12 @_ssdm_op_BitConcatenate.i12.i7.i5, i7 %select_ln53, i5 0" [flood_HLS_base.cpp:58]   --->   Operation 41 'bitconcatenate' 'p_shl' <Predicate = true> <Delay = 0.00>
ST_3 : Operation 42 [1/1] (0.00ns)   --->   "%tmp = bitconcatenate i8 @_ssdm_op_BitConcatenate.i8.i7.i1, i7 %select_ln53, i1 0" [flood_HLS_base.cpp:58]   --->   Operation 42 'bitconcatenate' 'tmp' <Predicate = true> <Delay = 0.00>
ST_3 : Operation 43 [1/1] (0.00ns)   --->   "%zext_ln58 = zext i8 %tmp" [flood_HLS_base.cpp:58]   --->   Operation 43 'zext' 'zext_ln58' <Predicate = true> <Delay = 0.00>
ST_3 : Operation 44 [1/1] (0.00ns) (grouped into TernaryAdder)   --->   "%sub_ln58 = sub i12 %p_shl, i12 %zext_ln58" [flood_HLS_base.cpp:58]   --->   Operation 44 'sub' 'sub_ln58' <Predicate = true> <Delay = 0.00> <CoreInst = "TAddSub">   --->   Core 10 'TAddSub' <Latency = 0> <II = 1> <Delay = 0.37> <IPBlock> <Opcode : '' 'add' 'sub'> <InPorts = 3> <OutPorts = 1> <Sync> <CReg>
ST_3 : Operation 45 [1/3] (0.00ns) (grouped into DSP with root node add_ln59)   --->   "%mul_ln54 = mul i13 %zext_ln54, i13 90" [flood_HLS_base.cpp:54]   --->   Operation 45 'mul' 'mul_ln54' <Predicate = true> <Delay = 0.00> <CoreInst = "DSP48">   --->   Core 124 'DSP48' <Latency = 3> <II = 1> <Delay = 0.53> <IPBlock> <Opcode : '' 'add' 'sub' 'mul' 'select'> <InPorts = 0> <OutPorts = 1> <Sync> <CReg>
ST_3 : Operation 46 [1/1] (0.00ns)   --->   "%zext_ln59 = zext i7 %select_ln52" [flood_HLS_base.cpp:59]   --->   Operation 46 'zext' 'zext_ln59' <Predicate = true> <Delay = 0.00>
ST_3 : Operation 47 [2/2] (0.64ns) (root node of the DSP)   --->   "%add_ln59 = add i13 %mul_ln54, i13 %zext_ln59" [flood_HLS_base.cpp:59]   --->   Operation 47 'add' 'add_ln59' <Predicate = true> <Delay = 0.64> <CoreInst = "DSP48">   --->   Core 124 'DSP48' <Latency = 3> <II = 1> <Delay = 0.53> <IPBlock> <Opcode : '' 'add' 'sub' 'mul' 'select'> <InPorts = 0> <OutPorts = 1> <Sync> <CReg>
ST_3 : Operation 48 [1/1] (0.00ns)   --->   "%zext_ln52 = zext i7 %select_ln52" [flood_HLS_base.cpp:52]   --->   Operation 48 'zext' 'zext_ln52' <Predicate = true> <Delay = 0.00>
ST_3 : Operation 49 [1/1] (1.46ns)   --->   "%mul_ln52 = mul i15 %zext_ln52, i15 171" [flood_HLS_base.cpp:52]   --->   Operation 49 'mul' 'mul_ln52' <Predicate = true> <Delay = 1.46> <CoreInst = "Multiplier">   --->   Core 3 'Multiplier' <Latency = 0> <II = 1> <Delay = 1.46> <FuncUnit> <Opcode : 'mul'> <InPorts = 2> <OutPorts = 1>
ST_3 : Operation 50 [1/1] (0.00ns)   --->   "%tmp_33 = partselect i6 @_ssdm_op_PartSelect.i6.i15.i32.i32, i15 %mul_ln52, i32 9, i32 14" [flood_HLS_base.cpp:52]   --->   Operation 50 'partselect' 'tmp_33' <Predicate = true> <Delay = 0.00>
ST_3 : Operation 51 [1/1] (0.00ns)   --->   "%zext_ln58_1 = zext i6 %tmp_33" [flood_HLS_base.cpp:58]   --->   Operation 51 'zext' 'zext_ln58_1' <Predicate = true> <Delay = 0.00>
ST_3 : Operation 52 [1/1] (0.75ns) (root node of TernaryAdder)   --->   "%add_ln58 = add i12 %sub_ln58, i12 %zext_ln58_1" [flood_HLS_base.cpp:58]   --->   Operation 52 'add' 'add_ln58' <Predicate = true> <Delay = 0.75> <CoreInst = "TAddSub">   --->   Core 10 'TAddSub' <Latency = 0> <II = 1> <Delay = 0.37> <IPBlock> <Opcode : '' 'add' 'sub'> <InPorts = 3> <OutPorts = 1> <Sync> <CReg>
ST_3 : Operation 53 [9/11] (1.21ns)   --->   "%urem_ln52 = urem i7 %select_ln52, i7 3" [flood_HLS_base.cpp:52]   --->   Operation 53 'urem' 'urem_ln52' <Predicate = true> <Delay = 1.21> <CoreInst = "Divider">   --->   Core 6 'Divider' <Latency = 10> <II = 1> <Delay = 1.21> <FuncUnit> <Opcode : 'udiv' 'sdiv' 'urem' 'srem'> <InPorts = 2> <OutPorts = 1>

State 4 <SV = 3> <Delay = 1.89>
ST_4 : Operation 54 [1/2] (0.64ns) (root node of the DSP)   --->   "%add_ln59 = add i13 %mul_ln54, i13 %zext_ln59" [flood_HLS_base.cpp:59]   --->   Operation 54 'add' 'add_ln59' <Predicate = true> <Delay = 0.64> <CoreInst = "DSP48">   --->   Core 124 'DSP48' <Latency = 3> <II = 1> <Delay = 0.53> <IPBlock> <Opcode : '' 'add' 'sub' 'mul' 'select'> <InPorts = 0> <OutPorts = 1> <Sync> <CReg>
ST_4 : Operation 55 [1/1] (0.00ns)   --->   "%zext_ln59_1 = zext i13 %add_ln59" [flood_HLS_base.cpp:59]   --->   Operation 55 'zext' 'zext_ln59_1' <Predicate = true> <Delay = 0.00>
ST_4 : Operation 56 [1/1] (0.00ns)   --->   "%spillage_flag_addr = getelementptr i32 %spillage_flag, i64 0, i64 %zext_ln59_1" [flood_HLS_base.cpp:59]   --->   Operation 56 'getelementptr' 'spillage_flag_addr' <Predicate = true> <Delay = 0.00>
ST_4 : Operation 57 [1/1] (0.00ns)   --->   "%spillage_level_addr = getelementptr i32 %spillage_level, i64 0, i64 %zext_ln59_1" [flood_HLS_base.cpp:60]   --->   Operation 57 'getelementptr' 'spillage_level_addr' <Predicate = true> <Delay = 0.00>
ST_4 : Operation 58 [1/1] (0.00ns)   --->   "%spillage_from_neigh_addr = getelementptr i32 %spillage_from_neigh, i64 0, i64 %zext_ln59_1" [flood_HLS_base.cpp:64]   --->   Operation 58 'getelementptr' 'spillage_from_neigh_addr' <Predicate = true> <Delay = 0.00>
ST_4 : Operation 59 [1/1] (0.00ns)   --->   "%spillage_from_neigh_1_addr = getelementptr i32 %spillage_from_neigh_1, i64 0, i64 %zext_ln59_1" [flood_HLS_base.cpp:64]   --->   Operation 59 'getelementptr' 'spillage_from_neigh_1_addr' <Predicate = true> <Delay = 0.00>
ST_4 : Operation 60 [1/1] (0.00ns)   --->   "%spillage_from_neigh_2_addr = getelementptr i32 %spillage_from_neigh_2, i64 0, i64 %zext_ln59_1" [flood_HLS_base.cpp:64]   --->   Operation 60 'getelementptr' 'spillage_from_neigh_2_addr' <Predicate = true> <Delay = 0.00>
ST_4 : Operation 61 [1/1] (0.00ns)   --->   "%spillage_from_neigh_3_addr = getelementptr i32 %spillage_from_neigh_3, i64 0, i64 %zext_ln59_1" [flood_HLS_base.cpp:64]   --->   Operation 61 'getelementptr' 'spillage_from_neigh_3_addr' <Predicate = true> <Delay = 0.00>
ST_4 : Operation 62 [8/11] (1.21ns)   --->   "%urem_ln52 = urem i7 %select_ln52, i7 3" [flood_HLS_base.cpp:52]   --->   Operation 62 'urem' 'urem_ln52' <Predicate = true> <Delay = 1.21> <CoreInst = "Divider">   --->   Core 6 'Divider' <Latency = 10> <II = 1> <Delay = 1.21> <FuncUnit> <Opcode : 'udiv' 'sdiv' 'urem' 'srem'> <InPorts = 2> <OutPorts = 1>
ST_4 : Operation 63 [1/1] (1.24ns)   --->   "%store_ln59 = store i32 0, i13 %spillage_flag_addr" [flood_HLS_base.cpp:59]   --->   Operation 63 'store' 'store_ln59' <Predicate = true> <Delay = 1.24> <CoreInst = "RAM">   --->   Core 82 'RAM' <Latency = 1> <II = 1> <Delay = 1.24> <Storage> <Opcode : 'load' 'store'> <Ports = 2> <Width = 32> <Depth = 8100> <RAM>
ST_4 : Operation 64 [1/1] (1.24ns)   --->   "%store_ln60 = store i32 0, i13 %spillage_level_addr" [flood_HLS_base.cpp:60]   --->   Operation 64 'store' 'store_ln60' <Predicate = true> <Delay = 1.24> <CoreInst = "RAM">   --->   Core 82 'RAM' <Latency = 1> <II = 1> <Delay = 1.24> <Storage> <Opcode : 'load' 'store'> <Ports = 2> <Width = 32> <Depth = 8100> <RAM>
ST_4 : Operation 65 [1/1] (1.24ns)   --->   "%store_ln64 = store i32 0, i13 %spillage_from_neigh_addr" [flood_HLS_base.cpp:64]   --->   Operation 65 'store' 'store_ln64' <Predicate = true> <Delay = 1.24> <CoreInst = "RAM">   --->   Core 82 'RAM' <Latency = 1> <II = 1> <Delay = 1.24> <Storage> <Opcode : 'load' 'store'> <Ports = 2> <Width = 32> <Depth = 8100> <RAM>
ST_4 : Operation 66 [1/1] (1.24ns)   --->   "%store_ln64 = store i32 0, i13 %spillage_from_neigh_1_addr" [flood_HLS_base.cpp:64]   --->   Operation 66 'store' 'store_ln64' <Predicate = true> <Delay = 1.24> <CoreInst = "RAM">   --->   Core 82 'RAM' <Latency = 1> <II = 1> <Delay = 1.24> <Storage> <Opcode : 'load' 'store'> <Ports = 2> <Width = 32> <Depth = 8100> <RAM>
ST_4 : Operation 67 [1/1] (1.24ns)   --->   "%store_ln64 = store i32 0, i13 %spillage_from_neigh_2_addr" [flood_HLS_base.cpp:64]   --->   Operation 67 'store' 'store_ln64' <Predicate = true> <Delay = 1.24> <CoreInst = "RAM">   --->   Core 82 'RAM' <Latency = 1> <II = 1> <Delay = 1.24> <Storage> <Opcode : 'load' 'store'> <Ports = 2> <Width = 32> <Depth = 8100> <RAM>
ST_4 : Operation 68 [1/1] (1.24ns)   --->   "%store_ln64 = store i32 0, i13 %spillage_from_neigh_3_addr" [flood_HLS_base.cpp:64]   --->   Operation 68 'store' 'store_ln64' <Predicate = true> <Delay = 1.24> <CoreInst = "RAM">   --->   Core 82 'RAM' <Latency = 1> <II = 1> <Delay = 1.24> <Storage> <Opcode : 'load' 'store'> <Ports = 2> <Width = 32> <Depth = 8100> <RAM>
ST_4 : Operation 69 [1/1] (0.00ns)   --->   "%br_ln54 = br void %VITIS_LOOP_63_3" [flood_HLS_base.cpp:54]   --->   Operation 69 'br' 'br_ln54' <Predicate = true> <Delay = 0.00>

State 5 <SV = 4> <Delay = 1.21>
ST_5 : Operation 70 [7/11] (1.21ns)   --->   "%urem_ln52 = urem i7 %select_ln52, i7 3" [flood_HLS_base.cpp:52]   --->   Operation 70 'urem' 'urem_ln52' <Predicate = true> <Delay = 1.21> <CoreInst = "Divider">   --->   Core 6 'Divider' <Latency = 10> <II = 1> <Delay = 1.21> <FuncUnit> <Opcode : 'udiv' 'sdiv' 'urem' 'srem'> <InPorts = 2> <OutPorts = 1>

State 6 <SV = 5> <Delay = 1.21>
ST_6 : Operation 71 [6/11] (1.21ns)   --->   "%urem_ln52 = urem i7 %select_ln52, i7 3" [flood_HLS_base.cpp:52]   --->   Operation 71 'urem' 'urem_ln52' <Predicate = true> <Delay = 1.21> <CoreInst = "Divider">   --->   Core 6 'Divider' <Latency = 10> <II = 1> <Delay = 1.21> <FuncUnit> <Opcode : 'udiv' 'sdiv' 'urem' 'srem'> <InPorts = 2> <OutPorts = 1>

State 7 <SV = 6> <Delay = 1.21>
ST_7 : Operation 72 [5/11] (1.21ns)   --->   "%urem_ln52 = urem i7 %select_ln52, i7 3" [flood_HLS_base.cpp:52]   --->   Operation 72 'urem' 'urem_ln52' <Predicate = true> <Delay = 1.21> <CoreInst = "Divider">   --->   Core 6 'Divider' <Latency = 10> <II = 1> <Delay = 1.21> <FuncUnit> <Opcode : 'udiv' 'sdiv' 'urem' 'srem'> <InPorts = 2> <OutPorts = 1>

State 8 <SV = 7> <Delay = 1.21>
ST_8 : Operation 73 [4/11] (1.21ns)   --->   "%urem_ln52 = urem i7 %select_ln52, i7 3" [flood_HLS_base.cpp:52]   --->   Operation 73 'urem' 'urem_ln52' <Predicate = true> <Delay = 1.21> <CoreInst = "Divider">   --->   Core 6 'Divider' <Latency = 10> <II = 1> <Delay = 1.21> <FuncUnit> <Opcode : 'udiv' 'sdiv' 'urem' 'srem'> <InPorts = 2> <OutPorts = 1>

State 9 <SV = 8> <Delay = 1.21>
ST_9 : Operation 74 [3/11] (1.21ns)   --->   "%urem_ln52 = urem i7 %select_ln52, i7 3" [flood_HLS_base.cpp:52]   --->   Operation 74 'urem' 'urem_ln52' <Predicate = true> <Delay = 1.21> <CoreInst = "Divider">   --->   Core 6 'Divider' <Latency = 10> <II = 1> <Delay = 1.21> <FuncUnit> <Opcode : 'udiv' 'sdiv' 'urem' 'srem'> <InPorts = 2> <OutPorts = 1>

State 10 <SV = 9> <Delay = 1.21>
ST_10 : Operation 75 [2/11] (1.21ns)   --->   "%urem_ln52 = urem i7 %select_ln52, i7 3" [flood_HLS_base.cpp:52]   --->   Operation 75 'urem' 'urem_ln52' <Predicate = true> <Delay = 1.21> <CoreInst = "Divider">   --->   Core 6 'Divider' <Latency = 10> <II = 1> <Delay = 1.21> <FuncUnit> <Opcode : 'udiv' 'sdiv' 'urem' 'srem'> <InPorts = 2> <OutPorts = 1>

State 11 <SV = 10> <Delay = 1.88>
ST_11 : Operation 76 [1/11] (1.21ns)   --->   "%urem_ln52 = urem i7 %select_ln52, i7 3" [flood_HLS_base.cpp:52]   --->   Operation 76 'urem' 'urem_ln52' <Predicate = true> <Delay = 1.21> <CoreInst = "Divider">   --->   Core 6 'Divider' <Latency = 10> <II = 1> <Delay = 1.21> <FuncUnit> <Opcode : 'udiv' 'sdiv' 'urem' 'srem'> <InPorts = 2> <OutPorts = 1>
ST_11 : Operation 77 [1/1] (0.00ns)   --->   "%trunc_ln52 = trunc i2 %urem_ln52" [flood_HLS_base.cpp:52]   --->   Operation 77 'trunc' 'trunc_ln52' <Predicate = true> <Delay = 0.00>
ST_11 : Operation 78 [1/1] (0.66ns)   --->   "%switch_ln58 = switch i2 %trunc_ln52, void %arrayidx597.case.2, i2 0, void %arrayidx597.case.0, i2 1, void %arrayidx597.case.1" [flood_HLS_base.cpp:58]   --->   Operation 78 'switch' 'switch_ln58' <Predicate = true> <Delay = 0.66>
ST_11 : Operation 92 [1/1] (0.38ns)   --->   "%ret_ln0 = ret"   --->   Operation 92 'ret' 'ret_ln0' <Predicate = (icmp_ln53)> <Delay = 0.38>

State 12 <SV = 11> <Delay = 1.64>
ST_12 : Operation 79 [1/1] (0.00ns)   --->   "%specloopname_ln0 = specloopname void @_ssdm_op_SpecLoopName, void @VITIS_LOOP_53_1_VITIS_LOOP_54_2_str"   --->   Operation 79 'specloopname' 'specloopname_ln0' <Predicate = true> <Delay = 0.00>
ST_12 : Operation 80 [1/1] (0.00ns)   --->   "%speclooptripcount_ln0 = speclooptripcount void @_ssdm_op_SpecLoopTripCount, i64 8100, i64 8100, i64 8100"   --->   Operation 80 'speclooptripcount' 'speclooptripcount_ln0' <Predicate = true> <Delay = 0.00>
ST_12 : Operation 81 [1/1] (0.00ns)   --->   "%specpipeline_ln52 = specpipeline void @_ssdm_op_SpecPipeline, i32 4294967295, i32 0, i32 0, i32 0, void @empty_3" [flood_HLS_base.cpp:52]   --->   Operation 81 'specpipeline' 'specpipeline_ln52' <Predicate = true> <Delay = 0.00>
ST_12 : Operation 82 [1/1] (0.00ns)   --->   "%zext_ln58_2 = zext i12 %add_ln58" [flood_HLS_base.cpp:58]   --->   Operation 82 'zext' 'zext_ln58_2' <Predicate = true> <Delay = 0.00>
ST_12 : Operation 83 [1/1] (0.00ns)   --->   "%water_level_addr = getelementptr i32 %water_level, i64 0, i64 %zext_ln58_2" [flood_HLS_base.cpp:58]   --->   Operation 83 'getelementptr' 'water_level_addr' <Predicate = true> <Delay = 0.00>
ST_12 : Operation 84 [1/1] (0.00ns)   --->   "%water_level_1_addr = getelementptr i32 %water_level_1, i64 0, i64 %zext_ln58_2" [flood_HLS_base.cpp:58]   --->   Operation 84 'getelementptr' 'water_level_1_addr' <Predicate = true> <Delay = 0.00>
ST_12 : Operation 85 [1/1] (0.00ns)   --->   "%water_level_2_addr = getelementptr i32 %water_level_2, i64 0, i64 %zext_ln58_2" [flood_HLS_base.cpp:58]   --->   Operation 85 'getelementptr' 'water_level_2_addr' <Predicate = true> <Delay = 0.00>
ST_12 : Operation 86 [1/1] (1.64ns)   --->   "%store_ln58 = store i32 0, i12 %water_level_1_addr" [flood_HLS_base.cpp:58]   --->   Operation 86 'store' 'store_ln58' <Predicate = (trunc_ln52 == 1)> <Delay = 1.64> <CoreInst = "RAM_1WnR">   --->   Core 83 'RAM_1WnR' <Latency = 1> <II = 1> <Delay = 1.64> <Storage> <Opcode : 'load' 'store'> <Ports = 17> <Width = 32> <Depth = 2700> <RAM>
ST_12 : Operation 87 [1/1] (0.00ns)   --->   "%br_ln58 = br void %arrayidx597.exit" [flood_HLS_base.cpp:58]   --->   Operation 87 'br' 'br_ln58' <Predicate = (trunc_ln52 == 1)> <Delay = 0.00>
ST_12 : Operation 88 [1/1] (1.64ns)   --->   "%store_ln58 = store i32 0, i12 %water_level_addr" [flood_HLS_base.cpp:58]   --->   Operation 88 'store' 'store_ln58' <Predicate = (trunc_ln52 == 0)> <Delay = 1.64> <CoreInst = "RAM_1WnR">   --->   Core 83 'RAM_1WnR' <Latency = 1> <II = 1> <Delay = 1.64> <Storage> <Opcode : 'load' 'store'> <Ports = 17> <Width = 32> <Depth = 2700> <RAM>
ST_12 : Operation 89 [1/1] (0.00ns)   --->   "%br_ln58 = br void %arrayidx597.exit" [flood_HLS_base.cpp:58]   --->   Operation 89 'br' 'br_ln58' <Predicate = (trunc_ln52 == 0)> <Delay = 0.00>
ST_12 : Operation 90 [1/1] (1.64ns)   --->   "%store_ln58 = store i32 0, i12 %water_level_2_addr" [flood_HLS_base.cpp:58]   --->   Operation 90 'store' 'store_ln58' <Predicate = (trunc_ln52 != 0 & trunc_ln52 != 1)> <Delay = 1.64> <CoreInst = "RAM_1WnR">   --->   Core 83 'RAM_1WnR' <Latency = 1> <II = 1> <Delay = 1.64> <Storage> <Opcode : 'load' 'store'> <Ports = 17> <Width = 32> <Depth = 2700> <RAM>
ST_12 : Operation 91 [1/1] (0.00ns)   --->   "%br_ln58 = br void %arrayidx597.exit" [flood_HLS_base.cpp:58]   --->   Operation 91 'br' 'br_ln58' <Predicate = (trunc_ln52 != 0 & trunc_ln52 != 1)> <Delay = 0.00>


============================================================
+ Verbose Summary: Binding
============================================================
STG Binding: 
---------------- STG Properties BEGIN ----------------
- Is combinational: 0
- Is one-state seq: 0
- Is datapath-only: 0
- Is pipelined: 0
- Is top level: 0
Port [ Return ] is wired: 1; IO mode=ap_ctrl_hs:ce=0
Port [ spillage_flag]:  wired=1; compound=1; hidden=0; nouse=0; global=0; static=0; extern=0; dir=1; type=1; pingpong=0; private_global=0; MemPort=[03]; IO mode=ap_memory:ce=0
Port [ spillage_level]:  wired=1; compound=1; hidden=0; nouse=0; global=0; static=0; extern=0; dir=1; type=1; pingpong=0; private_global=0; MemPort=[03]; IO mode=ap_memory:ce=0
Port [ spillage_from_neigh]:  wired=1; compound=1; hidden=0; nouse=0; global=0; static=0; extern=0; dir=1; type=1; pingpong=0; private_global=0; MemPort=[03]; IO mode=ap_memory:ce=0
Port [ spillage_from_neigh_1]:  wired=1; compound=1; hidden=0; nouse=0; global=0; static=0; extern=0; dir=1; type=1; pingpong=0; private_global=0; MemPort=[03]; IO mode=ap_memory:ce=0
Port [ spillage_from_neigh_2]:  wired=1; compound=1; hidden=0; nouse=0; global=0; static=0; extern=0; dir=1; type=1; pingpong=0; private_global=0; MemPort=[03]; IO mode=ap_memory:ce=0
Port [ spillage_from_neigh_3]:  wired=1; compound=1; hidden=0; nouse=0; global=0; static=0; extern=0; dir=1; type=1; pingpong=0; private_global=0; MemPort=[03]; IO mode=ap_memory:ce=0
Port [ water_level]:  wired=1; compound=1; hidden=0; nouse=0; global=0; static=0; extern=0; dir=1; type=1; pingpong=0; private_global=0; MemPort=[03333333333333333]; IO mode=ap_memory:ce=0
Port [ water_level_1]:  wired=1; compound=1; hidden=0; nouse=0; global=0; static=0; extern=0; dir=1; type=1; pingpong=0; private_global=0; MemPort=[03333333333333333]; IO mode=ap_memory:ce=0
Port [ water_level_2]:  wired=1; compound=1; hidden=0; nouse=0; global=0; static=0; extern=0; dir=1; type=1; pingpong=0; private_global=0; MemPort=[03333333333333333]; IO mode=ap_memory:ce=0
---------------- STG Properties END ------------------

---------------- Datapath Model BEGIN ----------------

<LifeTime>
<method=bitvector/>
col_pos                    (alloca           ) [ 0100000000000]
row_pos                    (alloca           ) [ 0100000000000]
indvar_flatten             (alloca           ) [ 0100000000000]
store_ln0                  (store            ) [ 0000000000000]
store_ln52                 (store            ) [ 0000000000000]
store_ln52                 (store            ) [ 0000000000000]
br_ln0                     (br               ) [ 0000000000000]
indvar_flatten_load        (load             ) [ 0000000000000]
icmp_ln53                  (icmp             ) [ 0111111111110]
add_ln53_1                 (add              ) [ 0000000000000]
br_ln53                    (br               ) [ 0000000000000]
col_pos_load               (load             ) [ 0000000000000]
row_pos_load               (load             ) [ 0000000000000]
add_ln53                   (add              ) [ 0000000000000]
icmp_ln54                  (icmp             ) [ 0000000000000]
select_ln52                (select           ) [ 0111111111110]
select_ln53                (select           ) [ 0111000000000]
zext_ln54                  (zext             ) [ 0111000000000]
add_ln54                   (add              ) [ 0000000000000]
store_ln53                 (store            ) [ 0000000000000]
store_ln52                 (store            ) [ 0000000000000]
store_ln52                 (store            ) [ 0000000000000]
p_shl                      (bitconcatenate   ) [ 0000000000000]
tmp                        (bitconcatenate   ) [ 0000000000000]
zext_ln58                  (zext             ) [ 0000000000000]
sub_ln58                   (sub              ) [ 0000000000000]
mul_ln54                   (mul              ) [ 0100100000000]
zext_ln59                  (zext             ) [ 0100100000000]
zext_ln52                  (zext             ) [ 0000000000000]
mul_ln52                   (mul              ) [ 0000000000000]
tmp_33                     (partselect       ) [ 0000000000000]
zext_ln58_1                (zext             ) [ 0000000000000]
add_ln58                   (add              ) [ 0100111111111]
add_ln59                   (add              ) [ 0000000000000]
zext_ln59_1                (zext             ) [ 0000000000000]
spillage_flag_addr         (getelementptr    ) [ 0000000000000]
spillage_level_addr        (getelementptr    ) [ 0000000000000]
spillage_from_neigh_addr   (getelementptr    ) [ 0000000000000]
spillage_from_neigh_1_addr (getelementptr    ) [ 0000000000000]
spillage_from_neigh_2_addr (getelementptr    ) [ 0000000000000]
spillage_from_neigh_3_addr (getelementptr    ) [ 0000000000000]
store_ln59                 (store            ) [ 0000000000000]
store_ln60                 (store            ) [ 0000000000000]
store_ln64                 (store            ) [ 0000000000000]
store_ln64                 (store            ) [ 0000000000000]
store_ln64                 (store            ) [ 0000000000000]
store_ln64                 (store            ) [ 0000000000000]
br_ln54                    (br               ) [ 0000000000000]
urem_ln52                  (urem             ) [ 0000000000000]
trunc_ln52                 (trunc            ) [ 0100000000001]
switch_ln58                (switch           ) [ 0000000000000]
specloopname_ln0           (specloopname     ) [ 0000000000000]
speclooptripcount_ln0      (speclooptripcount) [ 0000000000000]
specpipeline_ln52          (specpipeline     ) [ 0000000000000]
zext_ln58_2                (zext             ) [ 0000000000000]
water_level_addr           (getelementptr    ) [ 0000000000000]
water_level_1_addr         (getelementptr    ) [ 0000000000000]
water_level_2_addr         (getelementptr    ) [ 0000000000000]
store_ln58                 (store            ) [ 0000000000000]
br_ln58                    (br               ) [ 0000000000000]
store_ln58                 (store            ) [ 0000000000000]
br_ln58                    (br               ) [ 0000000000000]
store_ln58                 (store            ) [ 0000000000000]
br_ln58                    (br               ) [ 0000000000000]
ret_ln0                    (ret              ) [ 0000000000000]
</LifeTime>

<model>

<comp_list>
<comp id="0" class="1000" name="spillage_flag">
<pin_list>
<pin id="1" dir="1" index="0" bw="1" slack="0"/>
</pin_list>
<bind>
<StgValue><ssdm name="spillage_flag"/><MemPortTyVec>0 3 </MemPortTyVec>
</StgValue>
</bind>
</comp>

<comp id="2" class="1000" name="spillage_level">
<pin_list>
<pin id="3" dir="1" index="0" bw="1" slack="0"/>
</pin_list>
<bind>
<StgValue><ssdm name="spillage_level"/><MemPortTyVec>0 3 </MemPortTyVec>
</StgValue>
</bind>
</comp>

<comp id="4" class="1000" name="spillage_from_neigh">
<pin_list>
<pin id="5" dir="1" index="0" bw="1" slack="0"/>
</pin_list>
<bind>
<StgValue><ssdm name="spillage_from_neigh"/><MemPortTyVec>0 3 </MemPortTyVec>
</StgValue>
</bind>
</comp>

<comp id="6" class="1000" name="spillage_from_neigh_1">
<pin_list>
<pin id="7" dir="1" index="0" bw="1" slack="0"/>
</pin_list>
<bind>
<StgValue><ssdm name="spillage_from_neigh_1"/><MemPortTyVec>0 3 </MemPortTyVec>
</StgValue>
</bind>
</comp>

<comp id="8" class="1000" name="spillage_from_neigh_2">
<pin_list>
<pin id="9" dir="1" index="0" bw="1" slack="0"/>
</pin_list>
<bind>
<StgValue><ssdm name="spillage_from_neigh_2"/><MemPortTyVec>0 3 </MemPortTyVec>
</StgValue>
</bind>
</comp>

<comp id="10" class="1000" name="spillage_from_neigh_3">
<pin_list>
<pin id="11" dir="1" index="0" bw="1" slack="0"/>
</pin_list>
<bind>
<StgValue><ssdm name="spillage_from_neigh_3"/><MemPortTyVec>0 3 </MemPortTyVec>
</StgValue>
</bind>
</comp>

<comp id="12" class="1000" name="water_level">
<pin_list>
<pin id="13" dir="1" index="0" bw="1" slack="0"/>
</pin_list>
<bind>
<StgValue><ssdm name="water_level"/><MemPortTyVec>0 3 3 3 3 3 3 3 3 3 3 3 3 3 3 3 3 </MemPortTyVec>
</StgValue>
</bind>
</comp>

<comp id="14" class="1000" name="water_level_1">
<pin_list>
<pin id="15" dir="1" index="0" bw="1" slack="0"/>
</pin_list>
<bind>
<StgValue><ssdm name="water_level_1"/><MemPortTyVec>0 3 3 3 3 3 3 3 3 3 3 3 3 3 3 3 3 </MemPortTyVec>
</StgValue>
</bind>
</comp>

<comp id="16" class="1000" name="water_level_2">
<pin_list>
<pin id="17" dir="1" index="0" bw="1" slack="0"/>
</pin_list>
<bind>
<StgValue><ssdm name="water_level_2"/><MemPortTyVec>0 3 3 3 3 3 3 3 3 3 3 3 3 3 3 3 3 </MemPortTyVec>
</StgValue>
</bind>
</comp>

<comp id="18" class="1001" name="const_18">
<pin_list>
<pin id="19" dir="1" index="0" bw="1" slack="0"/>
</pin_list>
<bind>
<StgValue><ssdm name=""/></StgValue>
</bind>
</comp>

<comp id="20" class="1001" name="const_20">
<pin_list>
<pin id="21" dir="1" index="0" bw="1" slack="0"/>
</pin_list>
<bind>
<StgValue><ssdm name=""/></StgValue>
</bind>
</comp>

<comp id="22" class="1001" name="const_22">
<pin_list>
<pin id="23" dir="1" index="0" bw="1" slack="0"/>
</pin_list>
<bind>
<StgValue><ssdm name=""/></StgValue>
</bind>
</comp>

<comp id="24" class="1001" name="const_24">
<pin_list>
<pin id="25" dir="1" index="0" bw="1" slack="0"/>
</pin_list>
<bind>
<StgValue><ssdm name=""/></StgValue>
</bind>
</comp>

<comp id="26" class="1001" name="const_26">
<pin_list>
<pin id="27" dir="1" index="0" bw="1" slack="0"/>
</pin_list>
<bind>
<StgValue><ssdm name=""/></StgValue>
</bind>
</comp>

<comp id="28" class="1001" name="const_28">
<pin_list>
<pin id="29" dir="1" index="0" bw="1" slack="0"/>
</pin_list>
<bind>
<StgValue><ssdm name=""/></StgValue>
</bind>
</comp>

<comp id="30" class="1001" name="const_30">
<pin_list>
<pin id="31" dir="1" index="0" bw="1" slack="0"/>
</pin_list>
<bind>
<StgValue><ssdm name=""/></StgValue>
</bind>
</comp>

<comp id="32" class="1001" name="const_32">
<pin_list>
<pin id="33" dir="1" index="0" bw="1" slack="0"/>
</pin_list>
<bind>
<StgValue><ssdm name=""/></StgValue>
</bind>
</comp>

<comp id="34" class="1001" name="const_34">
<pin_list>
<pin id="35" dir="1" index="0" bw="1" slack="0"/>
</pin_list>
<bind>
<StgValue><ssdm name=""/></StgValue>
</bind>
</comp>

<comp id="36" class="1001" name="const_36">
<pin_list>
<pin id="37" dir="1" index="0" bw="1" slack="0"/>
</pin_list>
<bind>
<StgValue><ssdm name="_ssdm_op_BitConcatenate.i12.i7.i5"/></StgValue>
</bind>
</comp>

<comp id="38" class="1001" name="const_38">
<pin_list>
<pin id="39" dir="1" index="0" bw="1" slack="0"/>
</pin_list>
<bind>
<StgValue><ssdm name=""/></StgValue>
</bind>
</comp>

<comp id="40" class="1001" name="const_40">
<pin_list>
<pin id="41" dir="1" index="0" bw="1" slack="0"/>
</pin_list>
<bind>
<StgValue><ssdm name="_ssdm_op_BitConcatenate.i8.i7.i1"/></StgValue>
</bind>
</comp>

<comp id="42" class="1001" name="const_42">
<pin_list>
<pin id="43" dir="1" index="0" bw="1" slack="0"/>
</pin_list>
<bind>
<StgValue><ssdm name=""/></StgValue>
</bind>
</comp>

<comp id="44" class="1001" name="const_44">
<pin_list>
<pin id="45" dir="1" index="0" bw="1" slack="0"/>
</pin_list>
<bind>
<StgValue><ssdm name=""/></StgValue>
</bind>
</comp>

<comp id="46" class="1001" name="const_46">
<pin_list>
<pin id="47" dir="1" index="0" bw="1" slack="0"/>
</pin_list>
<bind>
<StgValue><ssdm name="_ssdm_op_PartSelect.i6.i15.i32.i32"/></StgValue>
</bind>
</comp>

<comp id="48" class="1001" name="const_48">
<pin_list>
<pin id="49" dir="1" index="0" bw="1" slack="0"/>
</pin_list>
<bind>
<StgValue><ssdm name=""/></StgValue>
</bind>
</comp>

<comp id="50" class="1001" name="const_50">
<pin_list>
<pin id="51" dir="1" index="0" bw="1" slack="0"/>
</pin_list>
<bind>
<StgValue><ssdm name=""/></StgValue>
</bind>
</comp>

<comp id="52" class="1001" name="const_52">
<pin_list>
<pin id="53" dir="1" index="0" bw="1" slack="0"/>
</pin_list>
<bind>
<StgValue><ssdm name=""/></StgValue>
</bind>
</comp>

<comp id="54" class="1001" name="const_54">
<pin_list>
<pin id="55" dir="1" index="0" bw="1" slack="0"/>
</pin_list>
<bind>
<StgValue><ssdm name=""/></StgValue>
</bind>
</comp>

<comp id="56" class="1001" name="const_56">
<pin_list>
<pin id="57" dir="1" index="0" bw="1" slack="2147483647"/>
</pin_list>
<bind>
<StgValue><ssdm name=""/></StgValue>
</bind>
</comp>

<comp id="58" class="1001" name="const_58">
<pin_list>
<pin id="59" dir="1" index="0" bw="1" slack="2147483647"/>
</pin_list>
<bind>
<StgValue><ssdm name=""/></StgValue>
</bind>
</comp>

<comp id="60" class="1001" name="const_60">
<pin_list>
<pin id="61" dir="1" index="0" bw="1" slack="2147483647"/>
</pin_list>
<bind>
<StgValue><ssdm name="_ssdm_op_SpecLoopName"/></StgValue>
</bind>
</comp>

<comp id="62" class="1001" name="const_62">
<pin_list>
<pin id="63" dir="1" index="0" bw="1" slack="2147483647"/>
</pin_list>
<bind>
<StgValue><ssdm name="VITIS_LOOP_53_1_VITIS_LOOP_54_2_str"/></StgValue>
</bind>
</comp>

<comp id="64" class="1001" name="const_64">
<pin_list>
<pin id="65" dir="1" index="0" bw="1" slack="2147483647"/>
</pin_list>
<bind>
<StgValue><ssdm name="_ssdm_op_SpecLoopTripCount"/></StgValue>
</bind>
</comp>

<comp id="66" class="1001" name="const_66">
<pin_list>
<pin id="67" dir="1" index="0" bw="1" slack="2147483647"/>
</pin_list>
<bind>
<StgValue><ssdm name=""/></StgValue>
</bind>
</comp>

<comp id="68" class="1001" name="const_68">
<pin_list>
<pin id="69" dir="1" index="0" bw="1" slack="2147483647"/>
</pin_list>
<bind>
<StgValue><ssdm name="_ssdm_op_SpecPipeline"/></StgValue>
</bind>
</comp>

<comp id="70" class="1001" name="const_70">
<pin_list>
<pin id="71" dir="1" index="0" bw="1" slack="2147483647"/>
</pin_list>
<bind>
<StgValue><ssdm name=""/></StgValue>
</bind>
</comp>

<comp id="72" class="1001" name="const_72">
<pin_list>
<pin id="73" dir="1" index="0" bw="1" slack="0"/>
</pin_list>
<bind>
<StgValue><ssdm name=""/></StgValue>
</bind>
</comp>

<comp id="74" class="1001" name="const_74">
<pin_list>
<pin id="75" dir="1" index="0" bw="1" slack="2147483647"/>
</pin_list>
<bind>
<StgValue><ssdm name="empty_3"/></StgValue>
</bind>
</comp>

<comp id="76" class="1004" name="col_pos_fu_76">
<pin_list>
<pin id="77" dir="0" index="0" bw="1" slack="0"/>
<pin id="78" dir="1" index="1" bw="7" slack="0"/>
</pin_list>
<bind>
<opcode="alloca(26) " fcode="alloca"/>
<opset="col_pos/1 "/>
</bind>
</comp>

<comp id="80" class="1004" name="row_pos_fu_80">
<pin_list>
<pin id="81" dir="0" index="0" bw="1" slack="0"/>
<pin id="82" dir="1" index="1" bw="7" slack="0"/>
</pin_list>
<bind>
<opcode="alloca(26) " fcode="alloca"/>
<opset="row_pos/1 "/>
</bind>
</comp>

<comp id="84" class="1004" name="indvar_flatten_fu_84">
<pin_list>
<pin id="85" dir="0" index="0" bw="1" slack="0"/>
<pin id="86" dir="1" index="1" bw="13" slack="0"/>
</pin_list>
<bind>
<opcode="alloca(26) " fcode="alloca"/>
<opset="indvar_flatten/1 "/>
</bind>
</comp>

<comp id="88" class="1004" name="spillage_flag_addr_gep_fu_88">
<pin_list>
<pin id="89" dir="0" index="0" bw="32" slack="0"/>
<pin id="90" dir="0" index="1" bw="1" slack="0"/>
<pin id="91" dir="0" index="2" bw="13" slack="0"/>
<pin id="92" dir="1" index="3" bw="13" slack="0"/>
</pin_list>
<bind>
<opcode="getelementptr(29) " fcode="getelementptr"/>
<opset="spillage_flag_addr/4 "/>
</bind>
</comp>

<comp id="95" class="1004" name="spillage_level_addr_gep_fu_95">
<pin_list>
<pin id="96" dir="0" index="0" bw="32" slack="0"/>
<pin id="97" dir="0" index="1" bw="1" slack="0"/>
<pin id="98" dir="0" index="2" bw="13" slack="0"/>
<pin id="99" dir="1" index="3" bw="13" slack="0"/>
</pin_list>
<bind>
<opcode="getelementptr(29) " fcode="getelementptr"/>
<opset="spillage_level_addr/4 "/>
</bind>
</comp>

<comp id="102" class="1004" name="spillage_from_neigh_addr_gep_fu_102">
<pin_list>
<pin id="103" dir="0" index="0" bw="32" slack="0"/>
<pin id="104" dir="0" index="1" bw="1" slack="0"/>
<pin id="105" dir="0" index="2" bw="13" slack="0"/>
<pin id="106" dir="1" index="3" bw="13" slack="0"/>
</pin_list>
<bind>
<opcode="getelementptr(29) " fcode="getelementptr"/>
<opset="spillage_from_neigh_addr/4 "/>
</bind>
</comp>

<comp id="109" class="1004" name="spillage_from_neigh_1_addr_gep_fu_109">
<pin_list>
<pin id="110" dir="0" index="0" bw="32" slack="0"/>
<pin id="111" dir="0" index="1" bw="1" slack="0"/>
<pin id="112" dir="0" index="2" bw="13" slack="0"/>
<pin id="113" dir="1" index="3" bw="13" slack="0"/>
</pin_list>
<bind>
<opcode="getelementptr(29) " fcode="getelementptr"/>
<opset="spillage_from_neigh_1_addr/4 "/>
</bind>
</comp>

<comp id="116" class="1004" name="spillage_from_neigh_2_addr_gep_fu_116">
<pin_list>
<pin id="117" dir="0" index="0" bw="32" slack="0"/>
<pin id="118" dir="0" index="1" bw="1" slack="0"/>
<pin id="119" dir="0" index="2" bw="13" slack="0"/>
<pin id="120" dir="1" index="3" bw="13" slack="0"/>
</pin_list>
<bind>
<opcode="getelementptr(29) " fcode="getelementptr"/>
<opset="spillage_from_neigh_2_addr/4 "/>
</bind>
</comp>

<comp id="123" class="1004" name="spillage_from_neigh_3_addr_gep_fu_123">
<pin_list>
<pin id="124" dir="0" index="0" bw="32" slack="0"/>
<pin id="125" dir="0" index="1" bw="1" slack="0"/>
<pin id="126" dir="0" index="2" bw="13" slack="0"/>
<pin id="127" dir="1" index="3" bw="13" slack="0"/>
</pin_list>
<bind>
<opcode="getelementptr(29) " fcode="getelementptr"/>
<opset="spillage_from_neigh_3_addr/4 "/>
</bind>
</comp>

<comp id="130" class="1004" name="store_ln59_access_fu_130">
<pin_list>
<pin id="131" dir="0" index="0" bw="13" slack="0"/>
<pin id="132" dir="0" index="1" bw="32" slack="0"/>
<pin id="133" dir="0" index="2" bw="0" slack="2147483647"/>
<pin id="134" dir="1" index="3" bw="32" slack="2147483647"/>
</pin_list>
<bind>
<opcode="store(28) " fcode="store"/>
<opset="store_ln59/4 "/>
</bind>
</comp>

<comp id="137" class="1004" name="store_ln60_access_fu_137">
<pin_list>
<pin id="138" dir="0" index="0" bw="13" slack="0"/>
<pin id="139" dir="0" index="1" bw="32" slack="0"/>
<pin id="140" dir="0" index="2" bw="0" slack="2147483647"/>
<pin id="141" dir="1" index="3" bw="32" slack="2147483647"/>
</pin_list>
<bind>
<opcode="store(28) " fcode="store"/>
<opset="store_ln60/4 "/>
</bind>
</comp>

<comp id="144" class="1004" name="store_ln64_access_fu_144">
<pin_list>
<pin id="145" dir="0" index="0" bw="13" slack="0"/>
<pin id="146" dir="0" index="1" bw="32" slack="0"/>
<pin id="147" dir="0" index="2" bw="0" slack="2147483647"/>
<pin id="148" dir="1" index="3" bw="32" slack="2147483647"/>
</pin_list>
<bind>
<opcode="store(28) " fcode="store"/>
<opset="store_ln64/4 "/>
</bind>
</comp>

<comp id="151" class="1004" name="store_ln64_access_fu_151">
<pin_list>
<pin id="152" dir="0" index="0" bw="13" slack="0"/>
<pin id="153" dir="0" index="1" bw="32" slack="0"/>
<pin id="154" dir="0" index="2" bw="0" slack="2147483647"/>
<pin id="155" dir="1" index="3" bw="32" slack="2147483647"/>
</pin_list>
<bind>
<opcode="store(28) " fcode="store"/>
<opset="store_ln64/4 "/>
</bind>
</comp>

<comp id="158" class="1004" name="store_ln64_access_fu_158">
<pin_list>
<pin id="159" dir="0" index="0" bw="13" slack="0"/>
<pin id="160" dir="0" index="1" bw="32" slack="0"/>
<pin id="161" dir="0" index="2" bw="0" slack="2147483647"/>
<pin id="162" dir="1" index="3" bw="32" slack="2147483647"/>
</pin_list>
<bind>
<opcode="store(28) " fcode="store"/>
<opset="store_ln64/4 "/>
</bind>
</comp>

<comp id="165" class="1004" name="store_ln64_access_fu_165">
<pin_list>
<pin id="166" dir="0" index="0" bw="13" slack="0"/>
<pin id="167" dir="0" index="1" bw="32" slack="0"/>
<pin id="168" dir="0" index="2" bw="0" slack="2147483647"/>
<pin id="169" dir="1" index="3" bw="32" slack="2147483647"/>
</pin_list>
<bind>
<opcode="store(28) " fcode="store"/>
<opset="store_ln64/4 "/>
</bind>
</comp>

<comp id="172" class="1004" name="water_level_addr_gep_fu_172">
<pin_list>
<pin id="173" dir="0" index="0" bw="32" slack="0"/>
<pin id="174" dir="0" index="1" bw="1" slack="0"/>
<pin id="175" dir="0" index="2" bw="12" slack="0"/>
<pin id="176" dir="1" index="3" bw="12" slack="0"/>
</pin_list>
<bind>
<opcode="getelementptr(29) " fcode="getelementptr"/>
<opset="water_level_addr/12 "/>
</bind>
</comp>

<comp id="179" class="1004" name="water_level_1_addr_gep_fu_179">
<pin_list>
<pin id="180" dir="0" index="0" bw="32" slack="0"/>
<pin id="181" dir="0" index="1" bw="1" slack="0"/>
<pin id="182" dir="0" index="2" bw="12" slack="0"/>
<pin id="183" dir="1" index="3" bw="12" slack="0"/>
</pin_list>
<bind>
<opcode="getelementptr(29) " fcode="getelementptr"/>
<opset="water_level_1_addr/12 "/>
</bind>
</comp>

<comp id="186" class="1004" name="water_level_2_addr_gep_fu_186">
<pin_list>
<pin id="187" dir="0" index="0" bw="32" slack="0"/>
<pin id="188" dir="0" index="1" bw="1" slack="0"/>
<pin id="189" dir="0" index="2" bw="12" slack="0"/>
<pin id="190" dir="1" index="3" bw="12" slack="0"/>
</pin_list>
<bind>
<opcode="getelementptr(29) " fcode="getelementptr"/>
<opset="water_level_2_addr/12 "/>
</bind>
</comp>

<comp id="193" class="1004" name="store_ln58_access_fu_193">
<pin_list>
<pin id="194" dir="0" index="0" bw="12" slack="0"/>
<pin id="195" dir="0" index="1" bw="32" slack="0"/>
<pin id="196" dir="0" index="2" bw="0" slack="2147483647"/>
<pin id="197" dir="1" index="3" bw="32" slack="2147483647"/>
</pin_list>
<bind>
<opcode="store(28) " fcode="store"/>
<opset="store_ln58/12 "/>
</bind>
</comp>

<comp id="200" class="1004" name="store_ln58_access_fu_200">
<pin_list>
<pin id="201" dir="0" index="0" bw="12" slack="0"/>
<pin id="202" dir="0" index="1" bw="32" slack="0"/>
<pin id="203" dir="0" index="2" bw="0" slack="2147483647"/>
<pin id="204" dir="1" index="3" bw="32" slack="2147483647"/>
</pin_list>
<bind>
<opcode="store(28) " fcode="store"/>
<opset="store_ln58/12 "/>
</bind>
</comp>

<comp id="207" class="1004" name="store_ln58_access_fu_207">
<pin_list>
<pin id="208" dir="0" index="0" bw="12" slack="0"/>
<pin id="209" dir="0" index="1" bw="32" slack="0"/>
<pin id="210" dir="0" index="2" bw="0" slack="2147483647"/>
<pin id="211" dir="1" index="3" bw="32" slack="2147483647"/>
</pin_list>
<bind>
<opcode="store(28) " fcode="store"/>
<opset="store_ln58/12 "/>
</bind>
</comp>

<comp id="214" class="1004" name="store_ln0_store_fu_214">
<pin_list>
<pin id="215" dir="0" index="0" bw="1" slack="0"/>
<pin id="216" dir="0" index="1" bw="13" slack="0"/>
<pin id="217" dir="1" index="2" bw="0" slack="2147483647"/>
</pin_list>
<bind>
<opcode="store(28) " fcode="store"/>
<opset="store_ln0/1 "/>
</bind>
</comp>

<comp id="219" class="1004" name="store_ln52_store_fu_219">
<pin_list>
<pin id="220" dir="0" index="0" bw="1" slack="0"/>
<pin id="221" dir="0" index="1" bw="7" slack="0"/>
<pin id="222" dir="1" index="2" bw="0" slack="2147483647"/>
</pin_list>
<bind>
<opcode="store(28) " fcode="store"/>
<opset="store_ln52/1 "/>
</bind>
</comp>

<comp id="224" class="1004" name="store_ln52_store_fu_224">
<pin_list>
<pin id="225" dir="0" index="0" bw="1" slack="0"/>
<pin id="226" dir="0" index="1" bw="7" slack="0"/>
<pin id="227" dir="1" index="2" bw="0" slack="2147483647"/>
</pin_list>
<bind>
<opcode="store(28) " fcode="store"/>
<opset="store_ln52/1 "/>
</bind>
</comp>

<comp id="229" class="1004" name="indvar_flatten_load_load_fu_229">
<pin_list>
<pin id="230" dir="0" index="0" bw="13" slack="0"/>
<pin id="231" dir="1" index="1" bw="13" slack="0"/>
</pin_list>
<bind>
<opcode="load(27) " fcode="load"/>
<opset="indvar_flatten_load/1 "/>
</bind>
</comp>

<comp id="232" class="1004" name="icmp_ln53_fu_232">
<pin_list>
<pin id="233" dir="0" index="0" bw="13" slack="0"/>
<pin id="234" dir="0" index="1" bw="13" slack="0"/>
<pin id="235" dir="1" index="2" bw="1" slack="10"/>
</pin_list>
<bind>
<opcode="icmp(45) " fcode="icmp"/>
<opset="icmp_ln53/1 "/>
</bind>
</comp>

<comp id="238" class="1004" name="add_ln53_1_fu_238">
<pin_list>
<pin id="239" dir="0" index="0" bw="13" slack="0"/>
<pin id="240" dir="0" index="1" bw="1" slack="0"/>
<pin id="241" dir="1" index="2" bw="13" slack="0"/>
</pin_list>
<bind>
<opcode="add(8) " fcode="add"/>
<opset="add_ln53_1/1 "/>
</bind>
</comp>

<comp id="244" class="1004" name="col_pos_load_load_fu_244">
<pin_list>
<pin id="245" dir="0" index="0" bw="7" slack="0"/>
<pin id="246" dir="1" index="1" bw="7" slack="0"/>
</pin_list>
<bind>
<opcode="load(27) " fcode="load"/>
<opset="col_pos_load/1 "/>
</bind>
</comp>

<comp id="247" class="1004" name="row_pos_load_load_fu_247">
<pin_list>
<pin id="248" dir="0" index="0" bw="7" slack="0"/>
<pin id="249" dir="1" index="1" bw="7" slack="0"/>
</pin_list>
<bind>
<opcode="load(27) " fcode="load"/>
<opset="row_pos_load/1 "/>
</bind>
</comp>

<comp id="250" class="1004" name="add_ln53_fu_250">
<pin_list>
<pin id="251" dir="0" index="0" bw="7" slack="0"/>
<pin id="252" dir="0" index="1" bw="1" slack="0"/>
<pin id="253" dir="1" index="2" bw="7" slack="0"/>
</pin_list>
<bind>
<opcode="add(8) " fcode="add"/>
<opset="add_ln53/1 "/>
</bind>
</comp>

<comp id="256" class="1004" name="icmp_ln54_fu_256">
<pin_list>
<pin id="257" dir="0" index="0" bw="7" slack="0"/>
<pin id="258" dir="0" index="1" bw="7" slack="0"/>
<pin id="259" dir="1" index="2" bw="1" slack="0"/>
</pin_list>
<bind>
<opcode="icmp(45) " fcode="icmp"/>
<opset="icmp_ln54/1 "/>
</bind>
</comp>

<comp id="262" class="1004" name="select_ln52_fu_262">
<pin_list>
<pin id="263" dir="0" index="0" bw="1" slack="0"/>
<pin id="264" dir="0" index="1" bw="7" slack="0"/>
<pin id="265" dir="0" index="2" bw="7" slack="0"/>
<pin id="266" dir="1" index="3" bw="7" slack="0"/>
</pin_list>
<bind>
<opcode="select(49) " fcode="select"/>
<opset="select_ln52/1 "/>
</bind>
</comp>

<comp id="270" class="1004" name="select_ln53_fu_270">
<pin_list>
<pin id="271" dir="0" index="0" bw="1" slack="0"/>
<pin id="272" dir="0" index="1" bw="7" slack="0"/>
<pin id="273" dir="0" index="2" bw="7" slack="0"/>
<pin id="274" dir="1" index="3" bw="7" slack="0"/>
</pin_list>
<bind>
<opcode="select(49) " fcode="select"/>
<opset="select_ln53/1 "/>
</bind>
</comp>

<comp id="278" class="1004" name="zext_ln54_fu_278">
<pin_list>
<pin id="279" dir="0" index="0" bw="7" slack="0"/>
<pin id="280" dir="1" index="1" bw="13" slack="0"/>
</pin_list>
<bind>
<opcode="zext(34) " fcode="zext"/>
<opset="zext_ln54/1 "/>
</bind>
</comp>

<comp id="282" class="1004" name="grp_fu_282">
<pin_list>
<pin id="283" dir="0" index="0" bw="7" slack="0"/>
<pin id="284" dir="0" index="1" bw="3" slack="0"/>
<pin id="285" dir="1" index="2" bw="2" slack="0"/>
</pin_list>
<bind>
<opcode="urem(17) " fcode="urem"/>
<opset="urem_ln52/1 "/>
</bind>
</comp>

<comp id="288" class="1004" name="add_ln54_fu_288">
<pin_list>
<pin id="289" dir="0" index="0" bw="7" slack="0"/>
<pin id="290" dir="0" index="1" bw="1" slack="0"/>
<pin id="291" dir="1" index="2" bw="7" slack="0"/>
</pin_list>
<bind>
<opcode="add(8) " fcode="add"/>
<opset="add_ln54/1 "/>
</bind>
</comp>

<comp id="294" class="1004" name="store_ln53_store_fu_294">
<pin_list>
<pin id="295" dir="0" index="0" bw="13" slack="0"/>
<pin id="296" dir="0" index="1" bw="13" slack="0"/>
<pin id="297" dir="1" index="2" bw="0" slack="2147483647"/>
</pin_list>
<bind>
<opcode="store(28) " fcode="store"/>
<opset="store_ln53/1 "/>
</bind>
</comp>

<comp id="299" class="1004" name="store_ln52_store_fu_299">
<pin_list>
<pin id="300" dir="0" index="0" bw="7" slack="0"/>
<pin id="301" dir="0" index="1" bw="7" slack="0"/>
<pin id="302" dir="1" index="2" bw="0" slack="2147483647"/>
</pin_list>
<bind>
<opcode="store(28) " fcode="store"/>
<opset="store_ln52/1 "/>
</bind>
</comp>

<comp id="304" class="1004" name="store_ln52_store_fu_304">
<pin_list>
<pin id="305" dir="0" index="0" bw="7" slack="0"/>
<pin id="306" dir="0" index="1" bw="7" slack="0"/>
<pin id="307" dir="1" index="2" bw="0" slack="2147483647"/>
</pin_list>
<bind>
<opcode="store(28) " fcode="store"/>
<opset="store_ln52/1 "/>
</bind>
</comp>

<comp id="309" class="1004" name="p_shl_fu_309">
<pin_list>
<pin id="310" dir="0" index="0" bw="12" slack="0"/>
<pin id="311" dir="0" index="1" bw="7" slack="2"/>
<pin id="312" dir="0" index="2" bw="1" slack="0"/>
<pin id="313" dir="1" index="3" bw="12" slack="0"/>
</pin_list>
<bind>
<opcode="bitconcatenate(1004) " fcode="bitconcatenate"/>
<opset="p_shl/3 "/>
</bind>
</comp>

<comp id="316" class="1004" name="tmp_fu_316">
<pin_list>
<pin id="317" dir="0" index="0" bw="8" slack="0"/>
<pin id="318" dir="0" index="1" bw="7" slack="2"/>
<pin id="319" dir="0" index="2" bw="1" slack="0"/>
<pin id="320" dir="1" index="3" bw="8" slack="0"/>
</pin_list>
<bind>
<opcode="bitconcatenate(1004) " fcode="bitconcatenate"/>
<opset="tmp/3 "/>
</bind>
</comp>

<comp id="323" class="1004" name="zext_ln58_fu_323">
<pin_list>
<pin id="324" dir="0" index="0" bw="8" slack="0"/>
<pin id="325" dir="1" index="1" bw="12" slack="0"/>
</pin_list>
<bind>
<opcode="zext(34) " fcode="zext"/>
<opset="zext_ln58/3 "/>
</bind>
</comp>

<comp id="327" class="1004" name="sub_ln58_fu_327">
<pin_list>
<pin id="328" dir="0" index="0" bw="12" slack="0"/>
<pin id="329" dir="0" index="1" bw="8" slack="0"/>
<pin id="330" dir="1" index="2" bw="12" slack="0"/>
</pin_list>
<bind>
<opcode="sub(10) " fcode="sub"/>
<opset="sub_ln58/3 "/>
</bind>
</comp>

<comp id="333" class="1004" name="zext_ln59_fu_333">
<pin_list>
<pin id="334" dir="0" index="0" bw="7" slack="2"/>
<pin id="335" dir="1" index="1" bw="13" slack="0"/>
</pin_list>
<bind>
<opcode="zext(34) " fcode="zext"/>
<opset="zext_ln59/3 "/>
</bind>
</comp>

<comp id="336" class="1004" name="zext_ln52_fu_336">
<pin_list>
<pin id="337" dir="0" index="0" bw="7" slack="2"/>
<pin id="338" dir="1" index="1" bw="15" slack="0"/>
</pin_list>
<bind>
<opcode="zext(34) " fcode="zext"/>
<opset="zext_ln52/3 "/>
</bind>
</comp>

<comp id="339" class="1004" name="mul_ln52_fu_339">
<pin_list>
<pin id="340" dir="0" index="0" bw="7" slack="0"/>
<pin id="341" dir="0" index="1" bw="9" slack="0"/>
<pin id="342" dir="1" index="2" bw="15" slack="0"/>
</pin_list>
<bind>
<opcode="mul(12) " fcode="mul"/>
<opset="mul_ln52/3 "/>
</bind>
</comp>

<comp id="345" class="1004" name="tmp_33_fu_345">
<pin_list>
<pin id="346" dir="0" index="0" bw="6" slack="0"/>
<pin id="347" dir="0" index="1" bw="15" slack="0"/>
<pin id="348" dir="0" index="2" bw="5" slack="0"/>
<pin id="349" dir="0" index="3" bw="5" slack="0"/>
<pin id="350" dir="1" index="4" bw="6" slack="0"/>
</pin_list>
<bind>
<opcode="partselect(1002) " fcode="partselect"/>
<opset="tmp_33/3 "/>
</bind>
</comp>

<comp id="355" class="1004" name="zext_ln58_1_fu_355">
<pin_list>
<pin id="356" dir="0" index="0" bw="6" slack="0"/>
<pin id="357" dir="1" index="1" bw="12" slack="0"/>
</pin_list>
<bind>
<opcode="zext(34) " fcode="zext"/>
<opset="zext_ln58_1/3 "/>
</bind>
</comp>

<comp id="359" class="1004" name="add_ln58_fu_359">
<pin_list>
<pin id="360" dir="0" index="0" bw="12" slack="0"/>
<pin id="361" dir="0" index="1" bw="6" slack="0"/>
<pin id="362" dir="1" index="2" bw="12" slack="9"/>
</pin_list>
<bind>
<opcode="add(8) " fcode="add"/>
<opset="add_ln58/3 "/>
</bind>
</comp>

<comp id="365" class="1004" name="zext_ln59_1_fu_365">
<pin_list>
<pin id="366" dir="0" index="0" bw="13" slack="0"/>
<pin id="367" dir="1" index="1" bw="64" slack="0"/>
</pin_list>
<bind>
<opcode="zext(34) " fcode="zext"/>
<opset="zext_ln59_1/4 "/>
</bind>
</comp>

<comp id="374" class="1004" name="trunc_ln52_fu_374">
<pin_list>
<pin id="375" dir="0" index="0" bw="2" slack="0"/>
<pin id="376" dir="1" index="1" bw="2" slack="1"/>
</pin_list>
<bind>
<opcode="trunc(33) " fcode="trunc"/>
<opset="trunc_ln52/11 "/>
</bind>
</comp>

<comp id="378" class="1004" name="zext_ln58_2_fu_378">
<pin_list>
<pin id="379" dir="0" index="0" bw="12" slack="9"/>
<pin id="380" dir="1" index="1" bw="64" slack="0"/>
</pin_list>
<bind>
<opcode="zext(34) " fcode="zext"/>
<opset="zext_ln58_2/12 "/>
</bind>
</comp>

<comp id="384" class="1007" name="grp_fu_384">
<pin_list>
<pin id="385" dir="0" index="0" bw="7" slack="0"/>
<pin id="386" dir="0" index="1" bw="7" slack="0"/>
<pin id="387" dir="0" index="2" bw="7" slack="0"/>
<pin id="388" dir="1" index="3" bw="13" slack="0"/>
</pin_list>
<bind>
<opcode="muladd(1172) " fcode="muladd"/>
<opset="mul_ln54/1 add_ln59/3 "/>
</bind>
</comp>

<comp id="393" class="1005" name="col_pos_reg_393">
<pin_list>
<pin id="394" dir="0" index="0" bw="7" slack="0"/>
<pin id="395" dir="1" index="1" bw="7" slack="0"/>
</pin_list>
<bind>
<opset="col_pos "/>
</bind>
</comp>

<comp id="400" class="1005" name="row_pos_reg_400">
<pin_list>
<pin id="401" dir="0" index="0" bw="7" slack="0"/>
<pin id="402" dir="1" index="1" bw="7" slack="0"/>
</pin_list>
<bind>
<opset="row_pos "/>
</bind>
</comp>

<comp id="407" class="1005" name="indvar_flatten_reg_407">
<pin_list>
<pin id="408" dir="0" index="0" bw="13" slack="0"/>
<pin id="409" dir="1" index="1" bw="13" slack="0"/>
</pin_list>
<bind>
<opset="indvar_flatten "/>
</bind>
</comp>

<comp id="414" class="1005" name="icmp_ln53_reg_414">
<pin_list>
<pin id="415" dir="0" index="0" bw="1" slack="10"/>
<pin id="416" dir="1" index="1" bw="1" slack="2147483647"/>
</pin_list>
<bind>
<opset="icmp_ln53 "/>
</bind>
</comp>

<comp id="418" class="1005" name="select_ln52_reg_418">
<pin_list>
<pin id="419" dir="0" index="0" bw="7" slack="1"/>
<pin id="420" dir="1" index="1" bw="7" slack="1"/>
</pin_list>
<bind>
<opset="select_ln52 "/>
</bind>
</comp>

<comp id="425" class="1005" name="select_ln53_reg_425">
<pin_list>
<pin id="426" dir="0" index="0" bw="7" slack="2"/>
<pin id="427" dir="1" index="1" bw="7" slack="2"/>
</pin_list>
<bind>
<opset="select_ln53 "/>
</bind>
</comp>

<comp id="431" class="1005" name="zext_ln54_reg_431">
<pin_list>
<pin id="432" dir="0" index="0" bw="13" slack="1"/>
<pin id="433" dir="1" index="1" bw="13" slack="1"/>
</pin_list>
<bind>
<opset="zext_ln54 "/>
</bind>
</comp>

<comp id="436" class="1005" name="zext_ln59_reg_436">
<pin_list>
<pin id="437" dir="0" index="0" bw="13" slack="1"/>
<pin id="438" dir="1" index="1" bw="13" slack="1"/>
</pin_list>
<bind>
<opset="zext_ln59 "/>
</bind>
</comp>

<comp id="441" class="1005" name="add_ln58_reg_441">
<pin_list>
<pin id="442" dir="0" index="0" bw="12" slack="9"/>
<pin id="443" dir="1" index="1" bw="12" slack="9"/>
</pin_list>
<bind>
<opset="add_ln58 "/>
</bind>
</comp>

<comp id="446" class="1005" name="trunc_ln52_reg_446">
<pin_list>
<pin id="447" dir="0" index="0" bw="2" slack="1"/>
<pin id="448" dir="1" index="1" bw="2" slack="2147483647"/>
</pin_list>
<bind>
<opset="trunc_ln52 "/>
</bind>
</comp>

</comp_list>

<net_list>
<net id="79"><net_src comp="18" pin="0"/><net_sink comp="76" pin=0"/></net>

<net id="83"><net_src comp="18" pin="0"/><net_sink comp="80" pin=0"/></net>

<net id="87"><net_src comp="18" pin="0"/><net_sink comp="84" pin=0"/></net>

<net id="93"><net_src comp="0" pin="0"/><net_sink comp="88" pin=0"/></net>

<net id="94"><net_src comp="52" pin="0"/><net_sink comp="88" pin=1"/></net>

<net id="100"><net_src comp="2" pin="0"/><net_sink comp="95" pin=0"/></net>

<net id="101"><net_src comp="52" pin="0"/><net_sink comp="95" pin=1"/></net>

<net id="107"><net_src comp="4" pin="0"/><net_sink comp="102" pin=0"/></net>

<net id="108"><net_src comp="52" pin="0"/><net_sink comp="102" pin=1"/></net>

<net id="114"><net_src comp="6" pin="0"/><net_sink comp="109" pin=0"/></net>

<net id="115"><net_src comp="52" pin="0"/><net_sink comp="109" pin=1"/></net>

<net id="121"><net_src comp="8" pin="0"/><net_sink comp="116" pin=0"/></net>

<net id="122"><net_src comp="52" pin="0"/><net_sink comp="116" pin=1"/></net>

<net id="128"><net_src comp="10" pin="0"/><net_sink comp="123" pin=0"/></net>

<net id="129"><net_src comp="52" pin="0"/><net_sink comp="123" pin=1"/></net>

<net id="135"><net_src comp="54" pin="0"/><net_sink comp="130" pin=1"/></net>

<net id="136"><net_src comp="88" pin="3"/><net_sink comp="130" pin=0"/></net>

<net id="142"><net_src comp="54" pin="0"/><net_sink comp="137" pin=1"/></net>

<net id="143"><net_src comp="95" pin="3"/><net_sink comp="137" pin=0"/></net>

<net id="149"><net_src comp="54" pin="0"/><net_sink comp="144" pin=1"/></net>

<net id="150"><net_src comp="102" pin="3"/><net_sink comp="144" pin=0"/></net>

<net id="156"><net_src comp="54" pin="0"/><net_sink comp="151" pin=1"/></net>

<net id="157"><net_src comp="109" pin="3"/><net_sink comp="151" pin=0"/></net>

<net id="163"><net_src comp="54" pin="0"/><net_sink comp="158" pin=1"/></net>

<net id="164"><net_src comp="116" pin="3"/><net_sink comp="158" pin=0"/></net>

<net id="170"><net_src comp="54" pin="0"/><net_sink comp="165" pin=1"/></net>

<net id="171"><net_src comp="123" pin="3"/><net_sink comp="165" pin=0"/></net>

<net id="177"><net_src comp="12" pin="0"/><net_sink comp="172" pin=0"/></net>

<net id="178"><net_src comp="52" pin="0"/><net_sink comp="172" pin=1"/></net>

<net id="184"><net_src comp="14" pin="0"/><net_sink comp="179" pin=0"/></net>

<net id="185"><net_src comp="52" pin="0"/><net_sink comp="179" pin=1"/></net>

<net id="191"><net_src comp="16" pin="0"/><net_sink comp="186" pin=0"/></net>

<net id="192"><net_src comp="52" pin="0"/><net_sink comp="186" pin=1"/></net>

<net id="198"><net_src comp="72" pin="0"/><net_sink comp="193" pin=1"/></net>

<net id="199"><net_src comp="179" pin="3"/><net_sink comp="193" pin=0"/></net>

<net id="205"><net_src comp="72" pin="0"/><net_sink comp="200" pin=1"/></net>

<net id="206"><net_src comp="172" pin="3"/><net_sink comp="200" pin=0"/></net>

<net id="212"><net_src comp="72" pin="0"/><net_sink comp="207" pin=1"/></net>

<net id="213"><net_src comp="186" pin="3"/><net_sink comp="207" pin=0"/></net>

<net id="218"><net_src comp="20" pin="0"/><net_sink comp="214" pin=0"/></net>

<net id="223"><net_src comp="22" pin="0"/><net_sink comp="219" pin=0"/></net>

<net id="228"><net_src comp="22" pin="0"/><net_sink comp="224" pin=0"/></net>

<net id="236"><net_src comp="229" pin="1"/><net_sink comp="232" pin=0"/></net>

<net id="237"><net_src comp="24" pin="0"/><net_sink comp="232" pin=1"/></net>

<net id="242"><net_src comp="229" pin="1"/><net_sink comp="238" pin=0"/></net>

<net id="243"><net_src comp="26" pin="0"/><net_sink comp="238" pin=1"/></net>

<net id="254"><net_src comp="247" pin="1"/><net_sink comp="250" pin=0"/></net>

<net id="255"><net_src comp="28" pin="0"/><net_sink comp="250" pin=1"/></net>

<net id="260"><net_src comp="244" pin="1"/><net_sink comp="256" pin=0"/></net>

<net id="261"><net_src comp="30" pin="0"/><net_sink comp="256" pin=1"/></net>

<net id="267"><net_src comp="256" pin="2"/><net_sink comp="262" pin=0"/></net>

<net id="268"><net_src comp="22" pin="0"/><net_sink comp="262" pin=1"/></net>

<net id="269"><net_src comp="244" pin="1"/><net_sink comp="262" pin=2"/></net>

<net id="275"><net_src comp="256" pin="2"/><net_sink comp="270" pin=0"/></net>

<net id="276"><net_src comp="250" pin="2"/><net_sink comp="270" pin=1"/></net>

<net id="277"><net_src comp="247" pin="1"/><net_sink comp="270" pin=2"/></net>

<net id="281"><net_src comp="270" pin="3"/><net_sink comp="278" pin=0"/></net>

<net id="286"><net_src comp="262" pin="3"/><net_sink comp="282" pin=0"/></net>

<net id="287"><net_src comp="34" pin="0"/><net_sink comp="282" pin=1"/></net>

<net id="292"><net_src comp="262" pin="3"/><net_sink comp="288" pin=0"/></net>

<net id="293"><net_src comp="28" pin="0"/><net_sink comp="288" pin=1"/></net>

<net id="298"><net_src comp="238" pin="2"/><net_sink comp="294" pin=0"/></net>

<net id="303"><net_src comp="270" pin="3"/><net_sink comp="299" pin=0"/></net>

<net id="308"><net_src comp="288" pin="2"/><net_sink comp="304" pin=0"/></net>

<net id="314"><net_src comp="36" pin="0"/><net_sink comp="309" pin=0"/></net>

<net id="315"><net_src comp="38" pin="0"/><net_sink comp="309" pin=2"/></net>

<net id="321"><net_src comp="40" pin="0"/><net_sink comp="316" pin=0"/></net>

<net id="322"><net_src comp="42" pin="0"/><net_sink comp="316" pin=2"/></net>

<net id="326"><net_src comp="316" pin="3"/><net_sink comp="323" pin=0"/></net>

<net id="331"><net_src comp="309" pin="3"/><net_sink comp="327" pin=0"/></net>

<net id="332"><net_src comp="323" pin="1"/><net_sink comp="327" pin=1"/></net>

<net id="343"><net_src comp="336" pin="1"/><net_sink comp="339" pin=0"/></net>

<net id="344"><net_src comp="44" pin="0"/><net_sink comp="339" pin=1"/></net>

<net id="351"><net_src comp="46" pin="0"/><net_sink comp="345" pin=0"/></net>

<net id="352"><net_src comp="339" pin="2"/><net_sink comp="345" pin=1"/></net>

<net id="353"><net_src comp="48" pin="0"/><net_sink comp="345" pin=2"/></net>

<net id="354"><net_src comp="50" pin="0"/><net_sink comp="345" pin=3"/></net>

<net id="358"><net_src comp="345" pin="4"/><net_sink comp="355" pin=0"/></net>

<net id="363"><net_src comp="327" pin="2"/><net_sink comp="359" pin=0"/></net>

<net id="364"><net_src comp="355" pin="1"/><net_sink comp="359" pin=1"/></net>

<net id="368"><net_src comp="365" pin="1"/><net_sink comp="88" pin=2"/></net>

<net id="369"><net_src comp="365" pin="1"/><net_sink comp="95" pin=2"/></net>

<net id="370"><net_src comp="365" pin="1"/><net_sink comp="102" pin=2"/></net>

<net id="371"><net_src comp="365" pin="1"/><net_sink comp="109" pin=2"/></net>

<net id="372"><net_src comp="365" pin="1"/><net_sink comp="116" pin=2"/></net>

<net id="373"><net_src comp="365" pin="1"/><net_sink comp="123" pin=2"/></net>

<net id="377"><net_src comp="282" pin="2"/><net_sink comp="374" pin=0"/></net>

<net id="381"><net_src comp="378" pin="1"/><net_sink comp="172" pin=2"/></net>

<net id="382"><net_src comp="378" pin="1"/><net_sink comp="179" pin=2"/></net>

<net id="383"><net_src comp="378" pin="1"/><net_sink comp="186" pin=2"/></net>

<net id="389"><net_src comp="278" pin="1"/><net_sink comp="384" pin=0"/></net>

<net id="390"><net_src comp="32" pin="0"/><net_sink comp="384" pin=1"/></net>

<net id="391"><net_src comp="333" pin="1"/><net_sink comp="384" pin=2"/></net>

<net id="392"><net_src comp="384" pin="3"/><net_sink comp="365" pin=0"/></net>

<net id="396"><net_src comp="76" pin="1"/><net_sink comp="393" pin=0"/></net>

<net id="397"><net_src comp="393" pin="1"/><net_sink comp="224" pin=1"/></net>

<net id="398"><net_src comp="393" pin="1"/><net_sink comp="244" pin=0"/></net>

<net id="399"><net_src comp="393" pin="1"/><net_sink comp="304" pin=1"/></net>

<net id="403"><net_src comp="80" pin="1"/><net_sink comp="400" pin=0"/></net>

<net id="404"><net_src comp="400" pin="1"/><net_sink comp="219" pin=1"/></net>

<net id="405"><net_src comp="400" pin="1"/><net_sink comp="247" pin=0"/></net>

<net id="406"><net_src comp="400" pin="1"/><net_sink comp="299" pin=1"/></net>

<net id="410"><net_src comp="84" pin="1"/><net_sink comp="407" pin=0"/></net>

<net id="411"><net_src comp="407" pin="1"/><net_sink comp="214" pin=1"/></net>

<net id="412"><net_src comp="407" pin="1"/><net_sink comp="229" pin=0"/></net>

<net id="413"><net_src comp="407" pin="1"/><net_sink comp="294" pin=1"/></net>

<net id="417"><net_src comp="232" pin="2"/><net_sink comp="414" pin=0"/></net>

<net id="421"><net_src comp="262" pin="3"/><net_sink comp="418" pin=0"/></net>

<net id="422"><net_src comp="418" pin="1"/><net_sink comp="282" pin=0"/></net>

<net id="423"><net_src comp="418" pin="1"/><net_sink comp="333" pin=0"/></net>

<net id="424"><net_src comp="418" pin="1"/><net_sink comp="336" pin=0"/></net>

<net id="428"><net_src comp="270" pin="3"/><net_sink comp="425" pin=0"/></net>

<net id="429"><net_src comp="425" pin="1"/><net_sink comp="309" pin=1"/></net>

<net id="430"><net_src comp="425" pin="1"/><net_sink comp="316" pin=1"/></net>

<net id="434"><net_src comp="278" pin="1"/><net_sink comp="431" pin=0"/></net>

<net id="435"><net_src comp="431" pin="1"/><net_sink comp="384" pin=0"/></net>

<net id="439"><net_src comp="333" pin="1"/><net_sink comp="436" pin=0"/></net>

<net id="440"><net_src comp="436" pin="1"/><net_sink comp="384" pin=1"/></net>

<net id="444"><net_src comp="359" pin="2"/><net_sink comp="441" pin=0"/></net>

<net id="445"><net_src comp="441" pin="1"/><net_sink comp="378" pin=0"/></net>

<net id="449"><net_src comp="374" pin="1"/><net_sink comp="446" pin=0"/></net>

</net_list>

</model> 
---------------- Datapath Model END ------------------

* FSMD analyzer results:
  - Output states:
	Port: spillage_flag | {4 }
	Port: spillage_level | {4 }
	Port: spillage_from_neigh | {4 }
	Port: spillage_from_neigh_1 | {4 }
	Port: spillage_from_neigh_2 | {4 }
	Port: spillage_from_neigh_3 | {4 }
	Port: water_level | {12 }
	Port: water_level_1 | {12 }
	Port: water_level_2 | {12 }
 - Input state : 
  - Chain level:
	State 1
		store_ln0 : 1
		store_ln52 : 1
		store_ln52 : 1
		indvar_flatten_load : 1
		icmp_ln53 : 2
		add_ln53_1 : 2
		br_ln53 : 3
		col_pos_load : 1
		row_pos_load : 1
		add_ln53 : 2
		icmp_ln54 : 2
		select_ln52 : 3
		select_ln53 : 3
		zext_ln54 : 4
		mul_ln54 : 5
		urem_ln52 : 4
		add_ln54 : 4
		store_ln53 : 3
		store_ln52 : 4
		store_ln52 : 5
	State 2
	State 3
		zext_ln58 : 1
		sub_ln58 : 2
		add_ln59 : 1
		mul_ln52 : 1
		tmp_33 : 2
		zext_ln58_1 : 3
		add_ln58 : 4
	State 4
		zext_ln59_1 : 1
		spillage_flag_addr : 2
		spillage_level_addr : 2
		spillage_from_neigh_addr : 2
		spillage_from_neigh_1_addr : 2
		spillage_from_neigh_2_addr : 2
		spillage_from_neigh_3_addr : 2
		store_ln59 : 3
		store_ln60 : 3
		store_ln64 : 3
		store_ln64 : 3
		store_ln64 : 3
		store_ln64 : 3
	State 5
	State 6
	State 7
	State 8
	State 9
	State 10
	State 11
		trunc_ln52 : 1
		switch_ln58 : 2
	State 12
		water_level_addr : 1
		water_level_1_addr : 1
		water_level_2_addr : 1
		store_ln58 : 2
		store_ln58 : 2
		store_ln58 : 2


============================================================
+ Verbose Summary: Datapath Resource usage 
============================================================

* Functional unit list:
|----------|--------------------|---------|---------|---------|
| Operation|   Functional Unit  |   DSP   |    FF   |   LUT   |
|----------|--------------------|---------|---------|---------|
|   urem   |     grp_fu_282     |    0    |   158   |    87   |
|----------|--------------------|---------|---------|---------|
|          |  add_ln53_1_fu_238 |    0    |    0    |    20   |
|    add   |   add_ln53_fu_250  |    0    |    0    |    14   |
|          |   add_ln54_fu_288  |    0    |    0    |    14   |
|          |   add_ln58_fu_359  |    0    |    0    |    17   |
|----------|--------------------|---------|---------|---------|
|    mul   |   mul_ln52_fu_339  |    0    |    0    |    49   |
|----------|--------------------|---------|---------|---------|
|   icmp   |  icmp_ln53_fu_232  |    0    |    0    |    20   |
|          |  icmp_ln54_fu_256  |    0    |    0    |    14   |
|----------|--------------------|---------|---------|---------|
|    sub   |   sub_ln58_fu_327  |    0    |    0    |    17   |
|----------|--------------------|---------|---------|---------|
|  select  | select_ln52_fu_262 |    0    |    0    |    7    |
|          | select_ln53_fu_270 |    0    |    0    |    7    |
|----------|--------------------|---------|---------|---------|
|  muladd  |     grp_fu_384     |    1    |    0    |    0    |
|----------|--------------------|---------|---------|---------|
|          |  zext_ln54_fu_278  |    0    |    0    |    0    |
|          |  zext_ln58_fu_323  |    0    |    0    |    0    |
|          |  zext_ln59_fu_333  |    0    |    0    |    0    |
|   zext   |  zext_ln52_fu_336  |    0    |    0    |    0    |
|          | zext_ln58_1_fu_355 |    0    |    0    |    0    |
|          | zext_ln59_1_fu_365 |    0    |    0    |    0    |
|          | zext_ln58_2_fu_378 |    0    |    0    |    0    |
|----------|--------------------|---------|---------|---------|
|bitconcatenate|    p_shl_fu_309    |    0    |    0    |    0    |
|          |     tmp_fu_316     |    0    |    0    |    0    |
|----------|--------------------|---------|---------|---------|
|partselect|    tmp_33_fu_345   |    0    |    0    |    0    |
|----------|--------------------|---------|---------|---------|
|   trunc  |  trunc_ln52_fu_374 |    0    |    0    |    0    |
|----------|--------------------|---------|---------|---------|
|   Total  |                    |    1    |   158   |   266   |
|----------|--------------------|---------|---------|---------|

Memories:
N/A

* Register list:
+----------------------+--------+
|                      |   FF   |
+----------------------+--------+
|   add_ln58_reg_441   |   12   |
|    col_pos_reg_393   |    7   |
|   icmp_ln53_reg_414  |    1   |
|indvar_flatten_reg_407|   13   |
|    row_pos_reg_400   |    7   |
|  select_ln52_reg_418 |    7   |
|  select_ln53_reg_425 |    7   |
|  trunc_ln52_reg_446  |    2   |
|   zext_ln54_reg_431  |   13   |
|   zext_ln59_reg_436  |   13   |
+----------------------+--------+
|         Total        |   82   |
+----------------------+--------+

* Multiplexer (MUX) list: 
|------------|------|------|------|--------||---------||---------||---------|
|    Comp    |  Pin | Size |  BW  | S x BW ||  Delay  ||    FF   ||   LUT   |
|------------|------|------|------|--------||---------||---------||---------|
| grp_fu_282 |  p0  |   2  |   7  |   14   ||    0    ||    9    |
| grp_fu_384 |  p0  |   2  |   7  |   14   ||    0    ||    9    |
| grp_fu_384 |  p1  |   2  |   7  |   14   ||    0    ||    9    |
|------------|------|------|------|--------||---------||---------||---------|
|    Total   |      |      |      |   42   ||  1.161  ||    0    ||    27   |
|------------|------|------|------|--------||---------||---------||---------|



* Summary:
+-----------+--------+--------+--------+--------+
|           |   DSP  |  Delay |   FF   |   LUT  |
+-----------+--------+--------+--------+--------+
|  Function |    1   |    -   |   158  |   266  |
|   Memory  |    -   |    -   |    -   |    -   |
|Multiplexer|    -   |    1   |    0   |   27   |
|  Register |    -   |    -   |   82   |    -   |
+-----------+--------+--------+--------+--------+
|   Total   |    1   |    1   |   240  |   293  |
+-----------+--------+--------+--------+--------+
