

================================================================
== Vitis HLS Report for 'do_compute_Pipeline_VITIS_LOOP_234_13_VITIS_LOOP_235_14'
================================================================
* Date:           Sun May 17 18:41:43 2026

* Version:        2024.1 (Build 5069499 on May 21 2024)
* Project:        .small_dam_base_enabled
* Solution:       solution_FLOOD_HLS_base (Vivado IP Flow Target)
* Product family: virtexuplusHBM
* Target device:  xcu50-fsvh2104-2-e


================================================================
== Performance Estimates
================================================================
+ Timing: 
    * Summary: 
    +--------+---------+----------+------------+
    |  Clock |  Target | Estimated| Uncertainty|
    +--------+---------+----------+------------+
    |ap_clk  |  4.00 ns|  2.494 ns|     1.08 ns|
    +--------+---------+----------+------------+

+ Latency: 
    * Summary: 
    +---------+---------+-----------+-----------+------+------+-----------------------------------------------+
    |  Latency (cycles) |   Latency (absolute)  |   Interval  |                    Pipeline                   |
    |   min   |   max   |    min    |    max    |  min |  max |                      Type                     |
    +---------+---------+-----------+-----------+------+------+-----------------------------------------------+
    |     8104|     8104|  32.416 us|  32.416 us|  8101|  8101|  loop auto-rewind stp(delay=0 clock cycles(s))|
    +---------+---------+-----------+-----------+------+------+-----------------------------------------------+

    + Detail: 
        * Instance: 
        N/A

        * Loop: 
        +---------------------------------------+---------+---------+----------+-----------+-----------+------+----------+
        |                                       |  Latency (cycles) | Iteration|  Initiation Interval  | Trip |          |
        |               Loop Name               |   min   |   max   |  Latency |  achieved |   target  | Count| Pipelined|
        +---------------------------------------+---------+---------+----------+-----------+-----------+------+----------+
        |- VITIS_LOOP_234_13_VITIS_LOOP_235_14  |     8102|     8102|         4|          1|          1|  8100|       yes|
        +---------------------------------------+---------+---------+----------+-----------+-----------+------+----------+



================================================================
== Utilization Estimates
================================================================
* Summary: 
+---------------------+---------+------+---------+--------+-----+
|         Name        | BRAM_18K|  DSP |    FF   |   LUT  | URAM|
+---------------------+---------+------+---------+--------+-----+
|DSP                  |        -|     1|        -|       -|    -|
|Expression           |        -|     -|        0|      98|    -|
|FIFO                 |        -|     -|        -|       -|    -|
|Instance             |        -|     -|        -|       -|    -|
|Memory               |        -|     -|        -|       -|    -|
|Multiplexer          |        -|     -|        0|      72|    -|
|Register             |        -|     -|       48|       -|    -|
+---------------------+---------+------+---------+--------+-----+
|Total                |        0|     1|       48|     170|    0|
+---------------------+---------+------+---------+--------+-----+
|Available SLR        |     1344|  2976|   871680|  435840|  320|
+---------------------+---------+------+---------+--------+-----+
|Utilization SLR (%)  |        0|    ~0|       ~0|      ~0|    0|
+---------------------+---------+------+---------+--------+-----+
|Available            |     2688|  5952|  1743360|  871680|  640|
+---------------------+---------+------+---------+--------+-----+
|Utilization (%)      |        0|    ~0|       ~0|      ~0|    0|
+---------------------+---------+------+---------+--------+-----+

+ Detail: 
    * Instance: 
    N/A

    * DSP: 
    +------------------------------------+-------------------------------+--------------+
    |              Instance              |             Module            |  Expression  |
    +------------------------------------+-------------------------------+--------------+
    |mac_muladd_7ns_7ns_7ns_13_4_1_U177  |mac_muladd_7ns_7ns_7ns_13_4_1  |  i0 * i1 + i2|
    +------------------------------------+-------------------------------+--------------+

    * Memory: 
    N/A

    * FIFO: 
    N/A

    * Expression: 
    +------------------------+----------+----+---+----+------------+------------+
    |      Variable Name     | Operation| DSP| FF| LUT| Bitwidth P0| Bitwidth P1|
    +------------------------+----------+----+---+----+------------+------------+
    |add_ln234_1_fu_168_p2   |         +|   0|  0|  20|          13|           1|
    |add_ln234_fu_180_p2     |         +|   0|  0|  14|           7|           1|
    |add_ln235_fu_212_p2     |         +|   0|  0|  14|           7|           1|
    |icmp_ln234_fu_162_p2    |      icmp|   0|  0|  20|          13|           8|
    |icmp_ln235_fu_186_p2    |      icmp|   0|  0|  14|           7|           7|
    |select_ln234_fu_200_p3  |    select|   0|  0|   7|           1|           7|
    |select_ln52_fu_192_p3   |    select|   0|  0|   7|           1|           1|
    |ap_enable_pp0           |       xor|   0|  0|   2|           1|           2|
    +------------------------+----------+----+---+----+------------+------------+
    |Total                   |          |   0|  0|  98|          50|          28|
    +------------------------+----------+----+---+----+------------+------------+

    * Multiplexer: 
    +----------------------------------------+----+-----------+-----+-----------+
    |                  Name                  | LUT| Input Size| Bits| Total Bits|
    +----------------------------------------+----+-----------+-----+-----------+
    |ap_done_int                             |   9|          2|    1|          2|
    |ap_enable_reg_pp0_iter1                 |   9|          2|    1|          2|
    |ap_sig_allocacmp_col_pos_load           |   9|          2|    7|         14|
    |ap_sig_allocacmp_indvar_flatten25_load  |   9|          2|   13|         26|
    |ap_sig_allocacmp_row_pos_load           |   9|          2|    7|         14|
    |col_pos_fu_48                           |   9|          2|    7|         14|
    |indvar_flatten25_fu_56                  |   9|          2|   13|         26|
    |row_pos_fu_52                           |   9|          2|    7|         14|
    +----------------------------------------+----+-----------+-----+-----------+
    |Total                                   |  72|         16|   56|        112|
    +----------------------------------------+----+-----------+-----+-----------+

    * Register: 
    +-----------------------------------+----+----+-----+-----------+
    |                Name               | FF | LUT| Bits| Const Bits|
    +-----------------------------------+----+----+-----+-----------+
    |ap_CS_fsm                          |   1|   0|    1|          0|
    |ap_done_reg                        |   1|   0|    1|          0|
    |ap_enable_reg_pp0_iter1            |   1|   0|    1|          0|
    |ap_enable_reg_pp0_iter2            |   1|   0|    1|          0|
    |ap_enable_reg_pp0_iter3            |   1|   0|    1|          0|
    |ap_loop_exit_ready_pp0_iter1_reg   |   1|   0|    1|          0|
    |ap_loop_exit_ready_pp0_iter2_reg   |   1|   0|    1|          0|
    |col_pos_fu_48                      |   7|   0|    7|          0|
    |indvar_flatten25_fu_56             |  13|   0|   13|          0|
    |row_pos_fu_52                      |   7|   0|    7|          0|
    |select_ln52_reg_279                |   7|   0|    7|          0|
    |select_ln52_reg_279_pp0_iter1_reg  |   7|   0|    7|          0|
    +-----------------------------------+----+----+-----+-----------+
    |Total                              |  48|   0|   48|          0|
    +-----------------------------------+----+----+-----+-----------+



================================================================
== Interface
================================================================
* Summary: 
+--------------------------------+-----+-----+------------+---------------------------------------------------------+--------------+
|            RTL Ports           | Dir | Bits|  Protocol  |                      Source Object                      |    C Type    |
+--------------------------------+-----+-----+------------+---------------------------------------------------------+--------------+
|ap_clk                          |   in|    1|  ap_ctrl_hs|  do_compute_Pipeline_VITIS_LOOP_234_13_VITIS_LOOP_235_14|  return value|
|ap_rst                          |   in|    1|  ap_ctrl_hs|  do_compute_Pipeline_VITIS_LOOP_234_13_VITIS_LOOP_235_14|  return value|
|ap_start                        |   in|    1|  ap_ctrl_hs|  do_compute_Pipeline_VITIS_LOOP_234_13_VITIS_LOOP_235_14|  return value|
|ap_done                         |  out|    1|  ap_ctrl_hs|  do_compute_Pipeline_VITIS_LOOP_234_13_VITIS_LOOP_235_14|  return value|
|ap_idle                         |  out|    1|  ap_ctrl_hs|  do_compute_Pipeline_VITIS_LOOP_234_13_VITIS_LOOP_235_14|  return value|
|ap_ready                        |  out|    1|  ap_ctrl_hs|  do_compute_Pipeline_VITIS_LOOP_234_13_VITIS_LOOP_235_14|  return value|
|spillage_flag_address0          |  out|   13|   ap_memory|                                            spillage_flag|         array|
|spillage_flag_ce0               |  out|    1|   ap_memory|                                            spillage_flag|         array|
|spillage_flag_we0               |  out|    1|   ap_memory|                                            spillage_flag|         array|
|spillage_flag_d0                |  out|   32|   ap_memory|                                            spillage_flag|         array|
|spillage_level_address0         |  out|   13|   ap_memory|                                           spillage_level|         array|
|spillage_level_ce0              |  out|    1|   ap_memory|                                           spillage_level|         array|
|spillage_level_we0              |  out|    1|   ap_memory|                                           spillage_level|         array|
|spillage_level_d0               |  out|   32|   ap_memory|                                           spillage_level|         array|
|spillage_from_neigh_address0    |  out|   13|   ap_memory|                                      spillage_from_neigh|         array|
|spillage_from_neigh_ce0         |  out|    1|   ap_memory|                                      spillage_from_neigh|         array|
|spillage_from_neigh_we0         |  out|    1|   ap_memory|                                      spillage_from_neigh|         array|
|spillage_from_neigh_d0          |  out|   32|   ap_memory|                                      spillage_from_neigh|         array|
|spillage_from_neigh_1_address0  |  out|   13|   ap_memory|                                    spillage_from_neigh_1|         array|
|spillage_from_neigh_1_ce0       |  out|    1|   ap_memory|                                    spillage_from_neigh_1|         array|
|spillage_from_neigh_1_we0       |  out|    1|   ap_memory|                                    spillage_from_neigh_1|         array|
|spillage_from_neigh_1_d0        |  out|   32|   ap_memory|                                    spillage_from_neigh_1|         array|
|spillage_from_neigh_2_address0  |  out|   13|   ap_memory|                                    spillage_from_neigh_2|         array|
|spillage_from_neigh_2_ce0       |  out|    1|   ap_memory|                                    spillage_from_neigh_2|         array|
|spillage_from_neigh_2_we0       |  out|    1|   ap_memory|                                    spillage_from_neigh_2|         array|
|spillage_from_neigh_2_d0        |  out|   32|   ap_memory|                                    spillage_from_neigh_2|         array|
|spillage_from_neigh_3_address0  |  out|   13|   ap_memory|                                    spillage_from_neigh_3|         array|
|spillage_from_neigh_3_ce0       |  out|    1|   ap_memory|                                    spillage_from_neigh_3|         array|
|spillage_from_neigh_3_we0       |  out|    1|   ap_memory|                                    spillage_from_neigh_3|         array|
|spillage_from_neigh_3_d0        |  out|   32|   ap_memory|                                    spillage_from_neigh_3|         array|
+--------------------------------+-----+-----+------------+---------------------------------------------------------+--------------+

============================================================
+ Verbose Summary: Synthesis Manager
============================================================
InlineROM: 1
ExposeGlobal: 0
============================================================
+ Verbose Summary: CDFG Model
============================================================
IsTopModel: 0
ResetActiveHigh: 1
IsCombinational: 2
IsDatapathOnly: 2
HasWiredReturn: 1
HasMFsm: 2
HasVarLatency: 1
IsPipeline: 0
IsRtlPipelined: 0
IsInstanceOverlapped: 0
IsDontTouch: 0
HasImplIP: 0
IsGatedGlobalClock: 0

+ Individual pipeline summary: 
  * Pipeline-0: initiation interval (II) = 1, depth = 4


============================================================
+ Verbose Summary: Schedule
============================================================
* Number of FSM states : 4
* Pipeline : 1
  Pipeline-0 : II = 1, D = 4, States = { 1 2 3 4 }
* Dataflow Pipeline: 0

* FSM state transitions: 
1 --> 2 
2 --> 3 
3 --> 4 
4 --> 

* FSM state operations: 

State 1 <SV = 0> <Delay = 2.49>
ST_1 : Operation 7 [1/1] (0.00ns)   --->   "%col_pos = alloca i32 1" [flood_HLS_base.cpp:52]   --->   Operation 7 'alloca' 'col_pos' <Predicate = true> <Delay = 0.00>
ST_1 : Operation 8 [1/1] (0.00ns)   --->   "%row_pos = alloca i32 1" [flood_HLS_base.cpp:52]   --->   Operation 8 'alloca' 'row_pos' <Predicate = true> <Delay = 0.00>
ST_1 : Operation 9 [1/1] (0.00ns)   --->   "%indvar_flatten25 = alloca i32 1"   --->   Operation 9 'alloca' 'indvar_flatten25' <Predicate = true> <Delay = 0.00>
ST_1 : Operation 10 [1/1] (0.38ns)   --->   "%store_ln0 = store i13 0, i13 %indvar_flatten25"   --->   Operation 10 'store' 'store_ln0' <Predicate = true> <Delay = 0.38>
ST_1 : Operation 11 [1/1] (0.38ns)   --->   "%store_ln52 = store i7 0, i7 %row_pos" [flood_HLS_base.cpp:52]   --->   Operation 11 'store' 'store_ln52' <Predicate = true> <Delay = 0.38>
ST_1 : Operation 12 [1/1] (0.38ns)   --->   "%store_ln52 = store i7 0, i7 %col_pos" [flood_HLS_base.cpp:52]   --->   Operation 12 'store' 'store_ln52' <Predicate = true> <Delay = 0.38>
ST_1 : Operation 13 [1/1] (0.00ns)   --->   "%br_ln0 = br void %VITIS_LOOP_236_15"   --->   Operation 13 'br' 'br_ln0' <Predicate = true> <Delay = 0.00>
ST_1 : Operation 14 [1/1] (0.00ns)   --->   "%indvar_flatten25_load = load i13 %indvar_flatten25" [flood_HLS_base.cpp:234]   --->   Operation 14 'load' 'indvar_flatten25_load' <Predicate = true> <Delay = 0.00>
ST_1 : Operation 15 [1/1] (0.75ns)   --->   "%icmp_ln234 = icmp_eq  i13 %indvar_flatten25_load, i13 8100" [flood_HLS_base.cpp:234]   --->   Operation 15 'icmp' 'icmp_ln234' <Predicate = true> <Delay = 0.75> <CoreInst = "Cmp">   --->   Core 9 'Cmp' <Latency = 0> <II = 1> <Delay = 0.75> <FuncUnit> <Opcode : 'seteq' 'setne' 'setle' 'setge' 'setlt' 'setgt'> <InPorts = 2> <OutPorts = 1>
ST_1 : Operation 16 [1/1] (0.75ns)   --->   "%add_ln234_1 = add i13 %indvar_flatten25_load, i13 1" [flood_HLS_base.cpp:234]   --->   Operation 16 'add' 'add_ln234_1' <Predicate = true> <Delay = 0.75> <CoreInst = "Adder">   --->   Core 1 'Adder' <Latency = 0> <II = 1> <Delay = 0.75> <FuncUnit> <Opcode : 'add' 'sub'> <InPorts = 2> <OutPorts = 1>
ST_1 : Operation 17 [1/1] (0.00ns)   --->   "%br_ln234 = br i1 %icmp_ln234, void %for.inc516, void %for.inc519.exitStub" [flood_HLS_base.cpp:234]   --->   Operation 17 'br' 'br_ln234' <Predicate = true> <Delay = 0.00>
ST_1 : Operation 18 [1/1] (0.00ns)   --->   "%col_pos_load = load i7 %col_pos" [flood_HLS_base.cpp:235]   --->   Operation 18 'load' 'col_pos_load' <Predicate = (!icmp_ln234)> <Delay = 0.00>
ST_1 : Operation 19 [1/1] (0.00ns)   --->   "%row_pos_load = load i7 %row_pos" [flood_HLS_base.cpp:234]   --->   Operation 19 'load' 'row_pos_load' <Predicate = (!icmp_ln234)> <Delay = 0.00>
ST_1 : Operation 20 [1/1] (0.70ns)   --->   "%add_ln234 = add i7 %row_pos_load, i7 1" [flood_HLS_base.cpp:234]   --->   Operation 20 'add' 'add_ln234' <Predicate = (!icmp_ln234)> <Delay = 0.70> <CoreInst = "Adder">   --->   Core 1 'Adder' <Latency = 0> <II = 1> <Delay = 0.70> <FuncUnit> <Opcode : 'add' 'sub'> <InPorts = 2> <OutPorts = 1>
ST_1 : Operation 21 [1/1] (0.70ns)   --->   "%icmp_ln235 = icmp_eq  i7 %col_pos_load, i7 90" [flood_HLS_base.cpp:235]   --->   Operation 21 'icmp' 'icmp_ln235' <Predicate = (!icmp_ln234)> <Delay = 0.70> <CoreInst = "Cmp">   --->   Core 9 'Cmp' <Latency = 0> <II = 1> <Delay = 0.70> <FuncUnit> <Opcode : 'seteq' 'setne' 'setle' 'setge' 'setlt' 'setgt'> <InPorts = 2> <OutPorts = 1>
ST_1 : Operation 22 [1/1] (0.30ns)   --->   "%select_ln52 = select i1 %icmp_ln235, i7 0, i7 %col_pos_load" [flood_HLS_base.cpp:52]   --->   Operation 22 'select' 'select_ln52' <Predicate = (!icmp_ln234)> <Delay = 0.30> <CoreInst = "Sel">   --->   Core 73 'Sel' <Latency = 0> <II = 1> <Delay = 0.30> <FuncUnit> <Opcode : 'select'> <InPorts = 3> <OutPorts = 1>
ST_1 : Operation 23 [1/1] (0.30ns)   --->   "%select_ln234 = select i1 %icmp_ln235, i7 %add_ln234, i7 %row_pos_load" [flood_HLS_base.cpp:234]   --->   Operation 23 'select' 'select_ln234' <Predicate = (!icmp_ln234)> <Delay = 0.30> <CoreInst = "Sel">   --->   Core 73 'Sel' <Latency = 0> <II = 1> <Delay = 0.30> <FuncUnit> <Opcode : 'select'> <InPorts = 3> <OutPorts = 1>
ST_1 : Operation 24 [1/1] (0.00ns)   --->   "%zext_ln235 = zext i7 %select_ln234" [flood_HLS_base.cpp:235]   --->   Operation 24 'zext' 'zext_ln235' <Predicate = (!icmp_ln234)> <Delay = 0.00>
ST_1 : Operation 25 [3/3] (0.99ns) (grouped into DSP with root node add_ln241)   --->   "%mul_ln235 = mul i13 %zext_ln235, i13 90" [flood_HLS_base.cpp:235]   --->   Operation 25 'mul' 'mul_ln235' <Predicate = (!icmp_ln234)> <Delay = 0.99> <CoreInst = "DSP48">   --->   Core 124 'DSP48' <Latency = 3> <II = 1> <Delay = 0.53> <IPBlock> <Opcode : '' 'add' 'sub' 'mul' 'select'> <InPorts = 0> <OutPorts = 1> <Sync> <CReg>
ST_1 : Operation 26 [1/1] (0.70ns)   --->   "%add_ln235 = add i7 %select_ln52, i7 1" [flood_HLS_base.cpp:235]   --->   Operation 26 'add' 'add_ln235' <Predicate = (!icmp_ln234)> <Delay = 0.70> <CoreInst = "Adder">   --->   Core 1 'Adder' <Latency = 0> <II = 1> <Delay = 0.70> <FuncUnit> <Opcode : 'add' 'sub'> <InPorts = 2> <OutPorts = 1>
ST_1 : Operation 27 [1/1] (0.38ns)   --->   "%store_ln234 = store i13 %add_ln234_1, i13 %indvar_flatten25" [flood_HLS_base.cpp:234]   --->   Operation 27 'store' 'store_ln234' <Predicate = (!icmp_ln234)> <Delay = 0.38>
ST_1 : Operation 28 [1/1] (0.38ns)   --->   "%store_ln52 = store i7 %select_ln234, i7 %row_pos" [flood_HLS_base.cpp:52]   --->   Operation 28 'store' 'store_ln52' <Predicate = (!icmp_ln234)> <Delay = 0.38>
ST_1 : Operation 29 [1/1] (0.38ns)   --->   "%store_ln52 = store i7 %add_ln235, i7 %col_pos" [flood_HLS_base.cpp:52]   --->   Operation 29 'store' 'store_ln52' <Predicate = (!icmp_ln234)> <Delay = 0.38>

State 2 <SV = 1> <Delay = 0.99>
ST_2 : Operation 30 [2/3] (0.99ns) (grouped into DSP with root node add_ln241)   --->   "%mul_ln235 = mul i13 %zext_ln235, i13 90" [flood_HLS_base.cpp:235]   --->   Operation 30 'mul' 'mul_ln235' <Predicate = true> <Delay = 0.99> <CoreInst = "DSP48">   --->   Core 124 'DSP48' <Latency = 3> <II = 1> <Delay = 0.53> <IPBlock> <Opcode : '' 'add' 'sub' 'mul' 'select'> <InPorts = 0> <OutPorts = 1> <Sync> <CReg>

State 3 <SV = 2> <Delay = 0.64>
ST_3 : Operation 31 [1/3] (0.00ns) (grouped into DSP with root node add_ln241)   --->   "%mul_ln235 = mul i13 %zext_ln235, i13 90" [flood_HLS_base.cpp:235]   --->   Operation 31 'mul' 'mul_ln235' <Predicate = true> <Delay = 0.00> <CoreInst = "DSP48">   --->   Core 124 'DSP48' <Latency = 3> <II = 1> <Delay = 0.53> <IPBlock> <Opcode : '' 'add' 'sub' 'mul' 'select'> <InPorts = 0> <OutPorts = 1> <Sync> <CReg>
ST_3 : Operation 32 [1/1] (0.00ns)   --->   "%zext_ln241 = zext i7 %select_ln52" [flood_HLS_base.cpp:241]   --->   Operation 32 'zext' 'zext_ln241' <Predicate = true> <Delay = 0.00>
ST_3 : Operation 33 [2/2] (0.64ns) (root node of the DSP)   --->   "%add_ln241 = add i13 %mul_ln235, i13 %zext_ln241" [flood_HLS_base.cpp:241]   --->   Operation 33 'add' 'add_ln241' <Predicate = true> <Delay = 0.64> <CoreInst = "DSP48">   --->   Core 124 'DSP48' <Latency = 3> <II = 1> <Delay = 0.53> <IPBlock> <Opcode : '' 'add' 'sub' 'mul' 'select'> <InPorts = 0> <OutPorts = 1> <Sync> <CReg>
ST_3 : Operation 52 [1/1] (0.38ns)   --->   "%ret_ln0 = ret"   --->   Operation 52 'ret' 'ret_ln0' <Predicate = (icmp_ln234)> <Delay = 0.38>

State 4 <SV = 3> <Delay = 1.89>
ST_4 : Operation 34 [1/1] (0.00ns)   --->   "%specloopname_ln0 = specloopname void @_ssdm_op_SpecLoopName, void @VITIS_LOOP_234_13_VITIS_LOOP_235_14_str"   --->   Operation 34 'specloopname' 'specloopname_ln0' <Predicate = true> <Delay = 0.00>
ST_4 : Operation 35 [1/1] (0.00ns)   --->   "%speclooptripcount_ln0 = speclooptripcount void @_ssdm_op_SpecLoopTripCount, i64 8100, i64 8100, i64 8100"   --->   Operation 35 'speclooptripcount' 'speclooptripcount_ln0' <Predicate = true> <Delay = 0.00>
ST_4 : Operation 36 [1/2] (0.64ns) (root node of the DSP)   --->   "%add_ln241 = add i13 %mul_ln235, i13 %zext_ln241" [flood_HLS_base.cpp:241]   --->   Operation 36 'add' 'add_ln241' <Predicate = true> <Delay = 0.64> <CoreInst = "DSP48">   --->   Core 124 'DSP48' <Latency = 3> <II = 1> <Delay = 0.53> <IPBlock> <Opcode : '' 'add' 'sub' 'mul' 'select'> <InPorts = 0> <OutPorts = 1> <Sync> <CReg>
ST_4 : Operation 37 [1/1] (0.00ns)   --->   "%zext_ln241_1 = zext i13 %add_ln241" [flood_HLS_base.cpp:241]   --->   Operation 37 'zext' 'zext_ln241_1' <Predicate = true> <Delay = 0.00>
ST_4 : Operation 38 [1/1] (0.00ns)   --->   "%spillage_flag_addr = getelementptr i32 %spillage_flag, i64 0, i64 %zext_ln241_1" [flood_HLS_base.cpp:241]   --->   Operation 38 'getelementptr' 'spillage_flag_addr' <Predicate = true> <Delay = 0.00>
ST_4 : Operation 39 [1/1] (0.00ns)   --->   "%spillage_level_addr = getelementptr i32 %spillage_level, i64 0, i64 %zext_ln241_1" [flood_HLS_base.cpp:242]   --->   Operation 39 'getelementptr' 'spillage_level_addr' <Predicate = true> <Delay = 0.00>
ST_4 : Operation 40 [1/1] (0.00ns)   --->   "%spillage_from_neigh_addr = getelementptr i32 %spillage_from_neigh, i64 0, i64 %zext_ln241_1" [flood_HLS_base.cpp:239]   --->   Operation 40 'getelementptr' 'spillage_from_neigh_addr' <Predicate = true> <Delay = 0.00>
ST_4 : Operation 41 [1/1] (0.00ns)   --->   "%spillage_from_neigh_1_addr = getelementptr i32 %spillage_from_neigh_1, i64 0, i64 %zext_ln241_1" [flood_HLS_base.cpp:239]   --->   Operation 41 'getelementptr' 'spillage_from_neigh_1_addr' <Predicate = true> <Delay = 0.00>
ST_4 : Operation 42 [1/1] (0.00ns)   --->   "%spillage_from_neigh_2_addr = getelementptr i32 %spillage_from_neigh_2, i64 0, i64 %zext_ln241_1" [flood_HLS_base.cpp:239]   --->   Operation 42 'getelementptr' 'spillage_from_neigh_2_addr' <Predicate = true> <Delay = 0.00>
ST_4 : Operation 43 [1/1] (0.00ns)   --->   "%spillage_from_neigh_3_addr = getelementptr i32 %spillage_from_neigh_3, i64 0, i64 %zext_ln241_1" [flood_HLS_base.cpp:239]   --->   Operation 43 'getelementptr' 'spillage_from_neigh_3_addr' <Predicate = true> <Delay = 0.00>
ST_4 : Operation 44 [1/1] (0.00ns)   --->   "%specpipeline_ln52 = specpipeline void @_ssdm_op_SpecPipeline, i32 4294967295, i32 0, i32 0, i32 0, void @empty_3" [flood_HLS_base.cpp:52]   --->   Operation 44 'specpipeline' 'specpipeline_ln52' <Predicate = true> <Delay = 0.00>
ST_4 : Operation 45 [1/1] (1.24ns)   --->   "%store_ln239 = store i32 0, i13 %spillage_from_neigh_addr" [flood_HLS_base.cpp:239]   --->   Operation 45 'store' 'store_ln239' <Predicate = true> <Delay = 1.24> <CoreInst = "RAM">   --->   Core 82 'RAM' <Latency = 1> <II = 1> <Delay = 1.24> <Storage> <Opcode : 'load' 'store'> <Ports = 2> <Width = 32> <Depth = 8100> <RAM>
ST_4 : Operation 46 [1/1] (1.24ns)   --->   "%store_ln239 = store i32 0, i13 %spillage_from_neigh_1_addr" [flood_HLS_base.cpp:239]   --->   Operation 46 'store' 'store_ln239' <Predicate = true> <Delay = 1.24> <CoreInst = "RAM">   --->   Core 82 'RAM' <Latency = 1> <II = 1> <Delay = 1.24> <Storage> <Opcode : 'load' 'store'> <Ports = 2> <Width = 32> <Depth = 8100> <RAM>
ST_4 : Operation 47 [1/1] (1.24ns)   --->   "%store_ln239 = store i32 0, i13 %spillage_from_neigh_2_addr" [flood_HLS_base.cpp:239]   --->   Operation 47 'store' 'store_ln239' <Predicate = true> <Delay = 1.24> <CoreInst = "RAM">   --->   Core 82 'RAM' <Latency = 1> <II = 1> <Delay = 1.24> <Storage> <Opcode : 'load' 'store'> <Ports = 2> <Width = 32> <Depth = 8100> <RAM>
ST_4 : Operation 48 [1/1] (1.24ns)   --->   "%store_ln239 = store i32 0, i13 %spillage_from_neigh_3_addr" [flood_HLS_base.cpp:239]   --->   Operation 48 'store' 'store_ln239' <Predicate = true> <Delay = 1.24> <CoreInst = "RAM">   --->   Core 82 'RAM' <Latency = 1> <II = 1> <Delay = 1.24> <Storage> <Opcode : 'load' 'store'> <Ports = 2> <Width = 32> <Depth = 8100> <RAM>
ST_4 : Operation 49 [1/1] (1.24ns)   --->   "%store_ln241 = store i32 0, i13 %spillage_flag_addr" [flood_HLS_base.cpp:241]   --->   Operation 49 'store' 'store_ln241' <Predicate = true> <Delay = 1.24> <CoreInst = "RAM">   --->   Core 82 'RAM' <Latency = 1> <II = 1> <Delay = 1.24> <Storage> <Opcode : 'load' 'store'> <Ports = 2> <Width = 32> <Depth = 8100> <RAM>
ST_4 : Operation 50 [1/1] (1.24ns)   --->   "%store_ln242 = store i32 0, i13 %spillage_level_addr" [flood_HLS_base.cpp:242]   --->   Operation 50 'store' 'store_ln242' <Predicate = true> <Delay = 1.24> <CoreInst = "RAM">   --->   Core 82 'RAM' <Latency = 1> <II = 1> <Delay = 1.24> <Storage> <Opcode : 'load' 'store'> <Ports = 2> <Width = 32> <Depth = 8100> <RAM>
ST_4 : Operation 51 [1/1] (0.00ns)   --->   "%br_ln235 = br void %VITIS_LOOP_236_15" [flood_HLS_base.cpp:235]   --->   Operation 51 'br' 'br_ln235' <Predicate = true> <Delay = 0.00>


============================================================
+ Verbose Summary: Binding
============================================================
STG Binding: 
---------------- STG Properties BEGIN ----------------
- Is combinational: 0
- Is one-state seq: 0
- Is datapath-only: 0
- Is pipelined: 0
- Is top level: 0
Port [ Return ] is wired: 1; IO mode=ap_ctrl_hs:ce=0
Port [ spillage_flag]:  wired=1; compound=1; hidden=0; nouse=0; global=0; static=0; extern=0; dir=1; type=1; pingpong=0; private_global=0; MemPort=[03]; IO mode=ap_memory:ce=0
Port [ spillage_level]:  wired=1; compound=1; hidden=0; nouse=0; global=0; static=0; extern=0; dir=1; type=1; pingpong=0; private_global=0; MemPort=[03]; IO mode=ap_memory:ce=0
Port [ spillage_from_neigh]:  wired=1; compound=1; hidden=0; nouse=0; global=0; static=0; extern=0; dir=1; type=1; pingpong=0; private_global=0; MemPort=[03]; IO mode=ap_memory:ce=0
Port [ spillage_from_neigh_1]:  wired=1; compound=1; hidden=0; nouse=0; global=0; static=0; extern=0; dir=1; type=1; pingpong=0; private_global=0; MemPort=[03]; IO mode=ap_memory:ce=0
Port [ spillage_from_neigh_2]:  wired=1; compound=1; hidden=0; nouse=0; global=0; static=0; extern=0; dir=1; type=1; pingpong=0; private_global=0; MemPort=[03]; IO mode=ap_memory:ce=0
Port [ spillage_from_neigh_3]:  wired=1; compound=1; hidden=0; nouse=0; global=0; static=0; extern=0; dir=1; type=1; pingpong=0; private_global=0; MemPort=[03]; IO mode=ap_memory:ce=0
---------------- STG Properties END ------------------

---------------- Datapath Model BEGIN ----------------

<LifeTime>
<method=bitvector/>
col_pos                    (alloca           ) [ 01000]
row_pos                    (alloca           ) [ 01000]
indvar_flatten25           (alloca           ) [ 01000]
store_ln0                  (store            ) [ 00000]
store_ln52                 (store            ) [ 00000]
store_ln52                 (store            ) [ 00000]
br_ln0                     (br               ) [ 00000]
indvar_flatten25_load      (load             ) [ 00000]
icmp_ln234                 (icmp             ) [ 01110]
add_ln234_1                (add              ) [ 00000]
br_ln234                   (br               ) [ 00000]
col_pos_load               (load             ) [ 00000]
row_pos_load               (load             ) [ 00000]
add_ln234                  (add              ) [ 00000]
icmp_ln235                 (icmp             ) [ 00000]
select_ln52                (select           ) [ 01110]
select_ln234               (select           ) [ 00000]
zext_ln235                 (zext             ) [ 01110]
add_ln235                  (add              ) [ 00000]
store_ln234                (store            ) [ 00000]
store_ln52                 (store            ) [ 00000]
store_ln52                 (store            ) [ 00000]
mul_ln235                  (mul              ) [ 01001]
zext_ln241                 (zext             ) [ 01001]
specloopname_ln0           (specloopname     ) [ 00000]
speclooptripcount_ln0      (speclooptripcount) [ 00000]
add_ln241                  (add              ) [ 00000]
zext_ln241_1               (zext             ) [ 00000]
spillage_flag_addr         (getelementptr    ) [ 00000]
spillage_level_addr        (getelementptr    ) [ 00000]
spillage_from_neigh_addr   (getelementptr    ) [ 00000]
spillage_from_neigh_1_addr (getelementptr    ) [ 00000]
spillage_from_neigh_2_addr (getelementptr    ) [ 00000]
spillage_from_neigh_3_addr (getelementptr    ) [ 00000]
specpipeline_ln52          (specpipeline     ) [ 00000]
store_ln239                (store            ) [ 00000]
store_ln239                (store            ) [ 00000]
store_ln239                (store            ) [ 00000]
store_ln239                (store            ) [ 00000]
store_ln241                (store            ) [ 00000]
store_ln242                (store            ) [ 00000]
br_ln235                   (br               ) [ 00000]
ret_ln0                    (ret              ) [ 00000]
</LifeTime>

<model>

<comp_list>
<comp id="0" class="1000" name="spillage_flag">
<pin_list>
<pin id="1" dir="1" index="0" bw="1" slack="0"/>
</pin_list>
<bind>
<StgValue><ssdm name="spillage_flag"/><MemPortTyVec>0 3 </MemPortTyVec>
</StgValue>
</bind>
</comp>

<comp id="2" class="1000" name="spillage_level">
<pin_list>
<pin id="3" dir="1" index="0" bw="1" slack="0"/>
</pin_list>
<bind>
<StgValue><ssdm name="spillage_level"/><MemPortTyVec>0 3 </MemPortTyVec>
</StgValue>
</bind>
</comp>

<comp id="4" class="1000" name="spillage_from_neigh">
<pin_list>
<pin id="5" dir="1" index="0" bw="1" slack="0"/>
</pin_list>
<bind>
<StgValue><ssdm name="spillage_from_neigh"/><MemPortTyVec>0 3 </MemPortTyVec>
</StgValue>
</bind>
</comp>

<comp id="6" class="1000" name="spillage_from_neigh_1">
<pin_list>
<pin id="7" dir="1" index="0" bw="1" slack="0"/>
</pin_list>
<bind>
<StgValue><ssdm name="spillage_from_neigh_1"/><MemPortTyVec>0 3 </MemPortTyVec>
</StgValue>
</bind>
</comp>

<comp id="8" class="1000" name="spillage_from_neigh_2">
<pin_list>
<pin id="9" dir="1" index="0" bw="1" slack="0"/>
</pin_list>
<bind>
<StgValue><ssdm name="spillage_from_neigh_2"/><MemPortTyVec>0 3 </MemPortTyVec>
</StgValue>
</bind>
</comp>

<comp id="10" class="1000" name="spillage_from_neigh_3">
<pin_list>
<pin id="11" dir="1" index="0" bw="1" slack="0"/>
</pin_list>
<bind>
<StgValue><ssdm name="spillage_from_neigh_3"/><MemPortTyVec>0 3 </MemPortTyVec>
</StgValue>
</bind>
</comp>

<comp id="12" class="1001" name="const_12">
<pin_list>
<pin id="13" dir="1" index="0" bw="1" slack="0"/>
</pin_list>
<bind>
<StgValue><ssdm name=""/></StgValue>
</bind>
</comp>

<comp id="14" class="1001" name="const_14">
<pin_list>
<pin id="15" dir="1" index="0" bw="1" slack="0"/>
</pin_list>
<bind>
<StgValue><ssdm name=""/></StgValue>
</bind>
</comp>

<comp id="16" class="1001" name="const_16">
<pin_list>
<pin id="17" dir="1" index="0" bw="1" slack="0"/>
</pin_list>
<bind>
<StgValue><ssdm name=""/></StgValue>
</bind>
</comp>

<comp id="18" class="1001" name="const_18">
<pin_list>
<pin id="19" dir="1" index="0" bw="1" slack="0"/>
</pin_list>
<bind>
<StgValue><ssdm name=""/></StgValue>
</bind>
</comp>

<comp id="20" class="1001" name="const_20">
<pin_list>
<pin id="21" dir="1" index="0" bw="1" slack="0"/>
</pin_list>
<bind>
<StgValue><ssdm name=""/></StgValue>
</bind>
</comp>

<comp id="22" class="1001" name="const_22">
<pin_list>
<pin id="23" dir="1" index="0" bw="1" slack="0"/>
</pin_list>
<bind>
<StgValue><ssdm name=""/></StgValue>
</bind>
</comp>

<comp id="24" class="1001" name="const_24">
<pin_list>
<pin id="25" dir="1" index="0" bw="1" slack="0"/>
</pin_list>
<bind>
<StgValue><ssdm name=""/></StgValue>
</bind>
</comp>

<comp id="26" class="1001" name="const_26">
<pin_list>
<pin id="27" dir="1" index="0" bw="1" slack="0"/>
</pin_list>
<bind>
<StgValue><ssdm name=""/></StgValue>
</bind>
</comp>

<comp id="28" class="1001" name="const_28">
<pin_list>
<pin id="29" dir="1" index="0" bw="1" slack="2147483647"/>
</pin_list>
<bind>
<StgValue><ssdm name="_ssdm_op_SpecLoopName"/></StgValue>
</bind>
</comp>

<comp id="30" class="1001" name="const_30">
<pin_list>
<pin id="31" dir="1" index="0" bw="1" slack="2147483647"/>
</pin_list>
<bind>
<StgValue><ssdm name="VITIS_LOOP_234_13_VITIS_LOOP_235_14_str"/></StgValue>
</bind>
</comp>

<comp id="32" class="1001" name="const_32">
<pin_list>
<pin id="33" dir="1" index="0" bw="1" slack="2147483647"/>
</pin_list>
<bind>
<StgValue><ssdm name="_ssdm_op_SpecLoopTripCount"/></StgValue>
</bind>
</comp>

<comp id="34" class="1001" name="const_34">
<pin_list>
<pin id="35" dir="1" index="0" bw="1" slack="2147483647"/>
</pin_list>
<bind>
<StgValue><ssdm name=""/></StgValue>
</bind>
</comp>

<comp id="36" class="1001" name="const_36">
<pin_list>
<pin id="37" dir="1" index="0" bw="1" slack="0"/>
</pin_list>
<bind>
<StgValue><ssdm name=""/></StgValue>
</bind>
</comp>

<comp id="38" class="1001" name="const_38">
<pin_list>
<pin id="39" dir="1" index="0" bw="1" slack="2147483647"/>
</pin_list>
<bind>
<StgValue><ssdm name="_ssdm_op_SpecPipeline"/></StgValue>
</bind>
</comp>

<comp id="40" class="1001" name="const_40">
<pin_list>
<pin id="41" dir="1" index="0" bw="1" slack="2147483647"/>
</pin_list>
<bind>
<StgValue><ssdm name=""/></StgValue>
</bind>
</comp>

<comp id="42" class="1001" name="const_42">
<pin_list>
<pin id="43" dir="1" index="0" bw="1" slack="2147483647"/>
</pin_list>
<bind>
<StgValue><ssdm name=""/></StgValue>
</bind>
</comp>

<comp id="44" class="1001" name="const_44">
<pin_list>
<pin id="45" dir="1" index="0" bw="1" slack="2147483647"/>
</pin_list>
<bind>
<StgValue><ssdm name="empty_3"/></StgValue>
</bind>
</comp>

<comp id="46" class="1001" name="const_46">
<pin_list>
<pin id="47" dir="1" index="0" bw="1" slack="0"/>
</pin_list>
<bind>
<StgValue><ssdm name=""/></StgValue>
</bind>
</comp>

<comp id="48" class="1004" name="col_pos_fu_48">
<pin_list>
<pin id="49" dir="0" index="0" bw="1" slack="0"/>
<pin id="50" dir="1" index="1" bw="7" slack="0"/>
</pin_list>
<bind>
<opcode="alloca(26) " fcode="alloca"/>
<opset="col_pos/1 "/>
</bind>
</comp>

<comp id="52" class="1004" name="row_pos_fu_52">
<pin_list>
<pin id="53" dir="0" index="0" bw="1" slack="0"/>
<pin id="54" dir="1" index="1" bw="7" slack="0"/>
</pin_list>
<bind>
<opcode="alloca(26) " fcode="alloca"/>
<opset="row_pos/1 "/>
</bind>
</comp>

<comp id="56" class="1004" name="indvar_flatten25_fu_56">
<pin_list>
<pin id="57" dir="0" index="0" bw="1" slack="0"/>
<pin id="58" dir="1" index="1" bw="13" slack="0"/>
</pin_list>
<bind>
<opcode="alloca(26) " fcode="alloca"/>
<opset="indvar_flatten25/1 "/>
</bind>
</comp>

<comp id="60" class="1004" name="spillage_flag_addr_gep_fu_60">
<pin_list>
<pin id="61" dir="0" index="0" bw="32" slack="0"/>
<pin id="62" dir="0" index="1" bw="1" slack="0"/>
<pin id="63" dir="0" index="2" bw="13" slack="0"/>
<pin id="64" dir="1" index="3" bw="13" slack="0"/>
</pin_list>
<bind>
<opcode="getelementptr(29) " fcode="getelementptr"/>
<opset="spillage_flag_addr/4 "/>
</bind>
</comp>

<comp id="67" class="1004" name="spillage_level_addr_gep_fu_67">
<pin_list>
<pin id="68" dir="0" index="0" bw="32" slack="0"/>
<pin id="69" dir="0" index="1" bw="1" slack="0"/>
<pin id="70" dir="0" index="2" bw="13" slack="0"/>
<pin id="71" dir="1" index="3" bw="13" slack="0"/>
</pin_list>
<bind>
<opcode="getelementptr(29) " fcode="getelementptr"/>
<opset="spillage_level_addr/4 "/>
</bind>
</comp>

<comp id="74" class="1004" name="spillage_from_neigh_addr_gep_fu_74">
<pin_list>
<pin id="75" dir="0" index="0" bw="32" slack="0"/>
<pin id="76" dir="0" index="1" bw="1" slack="0"/>
<pin id="77" dir="0" index="2" bw="13" slack="0"/>
<pin id="78" dir="1" index="3" bw="13" slack="0"/>
</pin_list>
<bind>
<opcode="getelementptr(29) " fcode="getelementptr"/>
<opset="spillage_from_neigh_addr/4 "/>
</bind>
</comp>

<comp id="81" class="1004" name="spillage_from_neigh_1_addr_gep_fu_81">
<pin_list>
<pin id="82" dir="0" index="0" bw="32" slack="0"/>
<pin id="83" dir="0" index="1" bw="1" slack="0"/>
<pin id="84" dir="0" index="2" bw="13" slack="0"/>
<pin id="85" dir="1" index="3" bw="13" slack="0"/>
</pin_list>
<bind>
<opcode="getelementptr(29) " fcode="getelementptr"/>
<opset="spillage_from_neigh_1_addr/4 "/>
</bind>
</comp>

<comp id="88" class="1004" name="spillage_from_neigh_2_addr_gep_fu_88">
<pin_list>
<pin id="89" dir="0" index="0" bw="32" slack="0"/>
<pin id="90" dir="0" index="1" bw="1" slack="0"/>
<pin id="91" dir="0" index="2" bw="13" slack="0"/>
<pin id="92" dir="1" index="3" bw="13" slack="0"/>
</pin_list>
<bind>
<opcode="getelementptr(29) " fcode="getelementptr"/>
<opset="spillage_from_neigh_2_addr/4 "/>
</bind>
</comp>

<comp id="95" class="1004" name="spillage_from_neigh_3_addr_gep_fu_95">
<pin_list>
<pin id="96" dir="0" index="0" bw="32" slack="0"/>
<pin id="97" dir="0" index="1" bw="1" slack="0"/>
<pin id="98" dir="0" index="2" bw="13" slack="0"/>
<pin id="99" dir="1" index="3" bw="13" slack="0"/>
</pin_list>
<bind>
<opcode="getelementptr(29) " fcode="getelementptr"/>
<opset="spillage_from_neigh_3_addr/4 "/>
</bind>
</comp>

<comp id="102" class="1004" name="store_ln239_access_fu_102">
<pin_list>
<pin id="103" dir="0" index="0" bw="13" slack="0"/>
<pin id="104" dir="0" index="1" bw="32" slack="0"/>
<pin id="105" dir="0" index="2" bw="0" slack="2147483647"/>
<pin id="106" dir="1" index="3" bw="32" slack="2147483647"/>
</pin_list>
<bind>
<opcode="store(28) " fcode="store"/>
<opset="store_ln239/4 "/>
</bind>
</comp>

<comp id="109" class="1004" name="store_ln239_access_fu_109">
<pin_list>
<pin id="110" dir="0" index="0" bw="13" slack="0"/>
<pin id="111" dir="0" index="1" bw="32" slack="0"/>
<pin id="112" dir="0" index="2" bw="0" slack="2147483647"/>
<pin id="113" dir="1" index="3" bw="32" slack="2147483647"/>
</pin_list>
<bind>
<opcode="store(28) " fcode="store"/>
<opset="store_ln239/4 "/>
</bind>
</comp>

<comp id="116" class="1004" name="store_ln239_access_fu_116">
<pin_list>
<pin id="117" dir="0" index="0" bw="13" slack="0"/>
<pin id="118" dir="0" index="1" bw="32" slack="0"/>
<pin id="119" dir="0" index="2" bw="0" slack="2147483647"/>
<pin id="120" dir="1" index="3" bw="32" slack="2147483647"/>
</pin_list>
<bind>
<opcode="store(28) " fcode="store"/>
<opset="store_ln239/4 "/>
</bind>
</comp>

<comp id="123" class="1004" name="store_ln239_access_fu_123">
<pin_list>
<pin id="124" dir="0" index="0" bw="13" slack="0"/>
<pin id="125" dir="0" index="1" bw="32" slack="0"/>
<pin id="126" dir="0" index="2" bw="0" slack="2147483647"/>
<pin id="127" dir="1" index="3" bw="32" slack="2147483647"/>
</pin_list>
<bind>
<opcode="store(28) " fcode="store"/>
<opset="store_ln239/4 "/>
</bind>
</comp>

<comp id="130" class="1004" name="store_ln241_access_fu_130">
<pin_list>
<pin id="131" dir="0" index="0" bw="13" slack="0"/>
<pin id="132" dir="0" index="1" bw="32" slack="0"/>
<pin id="133" dir="0" index="2" bw="0" slack="2147483647"/>
<pin id="134" dir="1" index="3" bw="32" slack="2147483647"/>
</pin_list>
<bind>
<opcode="store(28) " fcode="store"/>
<opset="store_ln241/4 "/>
</bind>
</comp>

<comp id="137" class="1004" name="store_ln242_access_fu_137">
<pin_list>
<pin id="138" dir="0" index="0" bw="13" slack="0"/>
<pin id="139" dir="0" index="1" bw="32" slack="0"/>
<pin id="140" dir="0" index="2" bw="0" slack="2147483647"/>
<pin id="141" dir="1" index="3" bw="32" slack="2147483647"/>
</pin_list>
<bind>
<opcode="store(28) " fcode="store"/>
<opset="store_ln242/4 "/>
</bind>
</comp>

<comp id="144" class="1004" name="store_ln0_store_fu_144">
<pin_list>
<pin id="145" dir="0" index="0" bw="1" slack="0"/>
<pin id="146" dir="0" index="1" bw="13" slack="0"/>
<pin id="147" dir="1" index="2" bw="0" slack="2147483647"/>
</pin_list>
<bind>
<opcode="store(28) " fcode="store"/>
<opset="store_ln0/1 "/>
</bind>
</comp>

<comp id="149" class="1004" name="store_ln52_store_fu_149">
<pin_list>
<pin id="150" dir="0" index="0" bw="1" slack="0"/>
<pin id="151" dir="0" index="1" bw="7" slack="0"/>
<pin id="152" dir="1" index="2" bw="0" slack="2147483647"/>
</pin_list>
<bind>
<opcode="store(28) " fcode="store"/>
<opset="store_ln52/1 "/>
</bind>
</comp>

<comp id="154" class="1004" name="store_ln52_store_fu_154">
<pin_list>
<pin id="155" dir="0" index="0" bw="1" slack="0"/>
<pin id="156" dir="0" index="1" bw="7" slack="0"/>
<pin id="157" dir="1" index="2" bw="0" slack="2147483647"/>
</pin_list>
<bind>
<opcode="store(28) " fcode="store"/>
<opset="store_ln52/1 "/>
</bind>
</comp>

<comp id="159" class="1004" name="indvar_flatten25_load_load_fu_159">
<pin_list>
<pin id="160" dir="0" index="0" bw="13" slack="0"/>
<pin id="161" dir="1" index="1" bw="13" slack="0"/>
</pin_list>
<bind>
<opcode="load(27) " fcode="load"/>
<opset="indvar_flatten25_load/1 "/>
</bind>
</comp>

<comp id="162" class="1004" name="icmp_ln234_fu_162">
<pin_list>
<pin id="163" dir="0" index="0" bw="13" slack="0"/>
<pin id="164" dir="0" index="1" bw="13" slack="0"/>
<pin id="165" dir="1" index="2" bw="1" slack="2"/>
</pin_list>
<bind>
<opcode="icmp(45) " fcode="icmp"/>
<opset="icmp_ln234/1 "/>
</bind>
</comp>

<comp id="168" class="1004" name="add_ln234_1_fu_168">
<pin_list>
<pin id="169" dir="0" index="0" bw="13" slack="0"/>
<pin id="170" dir="0" index="1" bw="1" slack="0"/>
<pin id="171" dir="1" index="2" bw="13" slack="0"/>
</pin_list>
<bind>
<opcode="add(8) " fcode="add"/>
<opset="add_ln234_1/1 "/>
</bind>
</comp>

<comp id="174" class="1004" name="col_pos_load_load_fu_174">
<pin_list>
<pin id="175" dir="0" index="0" bw="7" slack="0"/>
<pin id="176" dir="1" index="1" bw="7" slack="0"/>
</pin_list>
<bind>
<opcode="load(27) " fcode="load"/>
<opset="col_pos_load/1 "/>
</bind>
</comp>

<comp id="177" class="1004" name="row_pos_load_load_fu_177">
<pin_list>
<pin id="178" dir="0" index="0" bw="7" slack="0"/>
<pin id="179" dir="1" index="1" bw="7" slack="0"/>
</pin_list>
<bind>
<opcode="load(27) " fcode="load"/>
<opset="row_pos_load/1 "/>
</bind>
</comp>

<comp id="180" class="1004" name="add_ln234_fu_180">
<pin_list>
<pin id="181" dir="0" index="0" bw="7" slack="0"/>
<pin id="182" dir="0" index="1" bw="1" slack="0"/>
<pin id="183" dir="1" index="2" bw="7" slack="0"/>
</pin_list>
<bind>
<opcode="add(8) " fcode="add"/>
<opset="add_ln234/1 "/>
</bind>
</comp>

<comp id="186" class="1004" name="icmp_ln235_fu_186">
<pin_list>
<pin id="187" dir="0" index="0" bw="7" slack="0"/>
<pin id="188" dir="0" index="1" bw="7" slack="0"/>
<pin id="189" dir="1" index="2" bw="1" slack="0"/>
</pin_list>
<bind>
<opcode="icmp(45) " fcode="icmp"/>
<opset="icmp_ln235/1 "/>
</bind>
</comp>

<comp id="192" class="1004" name="select_ln52_fu_192">
<pin_list>
<pin id="193" dir="0" index="0" bw="1" slack="0"/>
<pin id="194" dir="0" index="1" bw="7" slack="0"/>
<pin id="195" dir="0" index="2" bw="7" slack="0"/>
<pin id="196" dir="1" index="3" bw="7" slack="0"/>
</pin_list>
<bind>
<opcode="select(49) " fcode="select"/>
<opset="select_ln52/1 "/>
</bind>
</comp>

<comp id="200" class="1004" name="select_ln234_fu_200">
<pin_list>
<pin id="201" dir="0" index="0" bw="1" slack="0"/>
<pin id="202" dir="0" index="1" bw="7" slack="0"/>
<pin id="203" dir="0" index="2" bw="7" slack="0"/>
<pin id="204" dir="1" index="3" bw="7" slack="0"/>
</pin_list>
<bind>
<opcode="select(49) " fcode="select"/>
<opset="select_ln234/1 "/>
</bind>
</comp>

<comp id="208" class="1004" name="zext_ln235_fu_208">
<pin_list>
<pin id="209" dir="0" index="0" bw="7" slack="0"/>
<pin id="210" dir="1" index="1" bw="13" slack="0"/>
</pin_list>
<bind>
<opcode="zext(34) " fcode="zext"/>
<opset="zext_ln235/1 "/>
</bind>
</comp>

<comp id="212" class="1004" name="add_ln235_fu_212">
<pin_list>
<pin id="213" dir="0" index="0" bw="7" slack="0"/>
<pin id="214" dir="0" index="1" bw="1" slack="0"/>
<pin id="215" dir="1" index="2" bw="7" slack="0"/>
</pin_list>
<bind>
<opcode="add(8) " fcode="add"/>
<opset="add_ln235/1 "/>
</bind>
</comp>

<comp id="218" class="1004" name="store_ln234_store_fu_218">
<pin_list>
<pin id="219" dir="0" index="0" bw="13" slack="0"/>
<pin id="220" dir="0" index="1" bw="13" slack="0"/>
<pin id="221" dir="1" index="2" bw="0" slack="2147483647"/>
</pin_list>
<bind>
<opcode="store(28) " fcode="store"/>
<opset="store_ln234/1 "/>
</bind>
</comp>

<comp id="223" class="1004" name="store_ln52_store_fu_223">
<pin_list>
<pin id="224" dir="0" index="0" bw="7" slack="0"/>
<pin id="225" dir="0" index="1" bw="7" slack="0"/>
<pin id="226" dir="1" index="2" bw="0" slack="2147483647"/>
</pin_list>
<bind>
<opcode="store(28) " fcode="store"/>
<opset="store_ln52/1 "/>
</bind>
</comp>

<comp id="228" class="1004" name="store_ln52_store_fu_228">
<pin_list>
<pin id="229" dir="0" index="0" bw="7" slack="0"/>
<pin id="230" dir="0" index="1" bw="7" slack="0"/>
<pin id="231" dir="1" index="2" bw="0" slack="2147483647"/>
</pin_list>
<bind>
<opcode="store(28) " fcode="store"/>
<opset="store_ln52/1 "/>
</bind>
</comp>

<comp id="233" class="1004" name="zext_ln241_fu_233">
<pin_list>
<pin id="234" dir="0" index="0" bw="7" slack="2"/>
<pin id="235" dir="1" index="1" bw="13" slack="0"/>
</pin_list>
<bind>
<opcode="zext(34) " fcode="zext"/>
<opset="zext_ln241/3 "/>
</bind>
</comp>

<comp id="236" class="1004" name="zext_ln241_1_fu_236">
<pin_list>
<pin id="237" dir="0" index="0" bw="13" slack="0"/>
<pin id="238" dir="1" index="1" bw="64" slack="0"/>
</pin_list>
<bind>
<opcode="zext(34) " fcode="zext"/>
<opset="zext_ln241_1/4 "/>
</bind>
</comp>

<comp id="245" class="1007" name="grp_fu_245">
<pin_list>
<pin id="246" dir="0" index="0" bw="7" slack="0"/>
<pin id="247" dir="0" index="1" bw="7" slack="0"/>
<pin id="248" dir="0" index="2" bw="7" slack="0"/>
<pin id="249" dir="1" index="3" bw="13" slack="0"/>
</pin_list>
<bind>
<opcode="muladd(1172) " fcode="muladd"/>
<opset="mul_ln235/1 add_ln241/3 "/>
</bind>
</comp>

<comp id="254" class="1005" name="col_pos_reg_254">
<pin_list>
<pin id="255" dir="0" index="0" bw="7" slack="0"/>
<pin id="256" dir="1" index="1" bw="7" slack="0"/>
</pin_list>
<bind>
<opset="col_pos "/>
</bind>
</comp>

<comp id="261" class="1005" name="row_pos_reg_261">
<pin_list>
<pin id="262" dir="0" index="0" bw="7" slack="0"/>
<pin id="263" dir="1" index="1" bw="7" slack="0"/>
</pin_list>
<bind>
<opset="row_pos "/>
</bind>
</comp>

<comp id="268" class="1005" name="indvar_flatten25_reg_268">
<pin_list>
<pin id="269" dir="0" index="0" bw="13" slack="0"/>
<pin id="270" dir="1" index="1" bw="13" slack="0"/>
</pin_list>
<bind>
<opset="indvar_flatten25 "/>
</bind>
</comp>

<comp id="275" class="1005" name="icmp_ln234_reg_275">
<pin_list>
<pin id="276" dir="0" index="0" bw="1" slack="2"/>
<pin id="277" dir="1" index="1" bw="1" slack="2147483647"/>
</pin_list>
<bind>
<opset="icmp_ln234 "/>
</bind>
</comp>

<comp id="279" class="1005" name="select_ln52_reg_279">
<pin_list>
<pin id="280" dir="0" index="0" bw="7" slack="2"/>
<pin id="281" dir="1" index="1" bw="7" slack="2"/>
</pin_list>
<bind>
<opset="select_ln52 "/>
</bind>
</comp>

<comp id="284" class="1005" name="zext_ln235_reg_284">
<pin_list>
<pin id="285" dir="0" index="0" bw="13" slack="1"/>
<pin id="286" dir="1" index="1" bw="13" slack="1"/>
</pin_list>
<bind>
<opset="zext_ln235 "/>
</bind>
</comp>

<comp id="289" class="1005" name="zext_ln241_reg_289">
<pin_list>
<pin id="290" dir="0" index="0" bw="13" slack="1"/>
<pin id="291" dir="1" index="1" bw="13" slack="1"/>
</pin_list>
<bind>
<opset="zext_ln241 "/>
</bind>
</comp>

</comp_list>

<net_list>
<net id="51"><net_src comp="12" pin="0"/><net_sink comp="48" pin=0"/></net>

<net id="55"><net_src comp="12" pin="0"/><net_sink comp="52" pin=0"/></net>

<net id="59"><net_src comp="12" pin="0"/><net_sink comp="56" pin=0"/></net>

<net id="65"><net_src comp="0" pin="0"/><net_sink comp="60" pin=0"/></net>

<net id="66"><net_src comp="36" pin="0"/><net_sink comp="60" pin=1"/></net>

<net id="72"><net_src comp="2" pin="0"/><net_sink comp="67" pin=0"/></net>

<net id="73"><net_src comp="36" pin="0"/><net_sink comp="67" pin=1"/></net>

<net id="79"><net_src comp="4" pin="0"/><net_sink comp="74" pin=0"/></net>

<net id="80"><net_src comp="36" pin="0"/><net_sink comp="74" pin=1"/></net>

<net id="86"><net_src comp="6" pin="0"/><net_sink comp="81" pin=0"/></net>

<net id="87"><net_src comp="36" pin="0"/><net_sink comp="81" pin=1"/></net>

<net id="93"><net_src comp="8" pin="0"/><net_sink comp="88" pin=0"/></net>

<net id="94"><net_src comp="36" pin="0"/><net_sink comp="88" pin=1"/></net>

<net id="100"><net_src comp="10" pin="0"/><net_sink comp="95" pin=0"/></net>

<net id="101"><net_src comp="36" pin="0"/><net_sink comp="95" pin=1"/></net>

<net id="107"><net_src comp="46" pin="0"/><net_sink comp="102" pin=1"/></net>

<net id="108"><net_src comp="74" pin="3"/><net_sink comp="102" pin=0"/></net>

<net id="114"><net_src comp="46" pin="0"/><net_sink comp="109" pin=1"/></net>

<net id="115"><net_src comp="81" pin="3"/><net_sink comp="109" pin=0"/></net>

<net id="121"><net_src comp="46" pin="0"/><net_sink comp="116" pin=1"/></net>

<net id="122"><net_src comp="88" pin="3"/><net_sink comp="116" pin=0"/></net>

<net id="128"><net_src comp="46" pin="0"/><net_sink comp="123" pin=1"/></net>

<net id="129"><net_src comp="95" pin="3"/><net_sink comp="123" pin=0"/></net>

<net id="135"><net_src comp="46" pin="0"/><net_sink comp="130" pin=1"/></net>

<net id="136"><net_src comp="60" pin="3"/><net_sink comp="130" pin=0"/></net>

<net id="142"><net_src comp="46" pin="0"/><net_sink comp="137" pin=1"/></net>

<net id="143"><net_src comp="67" pin="3"/><net_sink comp="137" pin=0"/></net>

<net id="148"><net_src comp="14" pin="0"/><net_sink comp="144" pin=0"/></net>

<net id="153"><net_src comp="16" pin="0"/><net_sink comp="149" pin=0"/></net>

<net id="158"><net_src comp="16" pin="0"/><net_sink comp="154" pin=0"/></net>

<net id="166"><net_src comp="159" pin="1"/><net_sink comp="162" pin=0"/></net>

<net id="167"><net_src comp="18" pin="0"/><net_sink comp="162" pin=1"/></net>

<net id="172"><net_src comp="159" pin="1"/><net_sink comp="168" pin=0"/></net>

<net id="173"><net_src comp="20" pin="0"/><net_sink comp="168" pin=1"/></net>

<net id="184"><net_src comp="177" pin="1"/><net_sink comp="180" pin=0"/></net>

<net id="185"><net_src comp="22" pin="0"/><net_sink comp="180" pin=1"/></net>

<net id="190"><net_src comp="174" pin="1"/><net_sink comp="186" pin=0"/></net>

<net id="191"><net_src comp="24" pin="0"/><net_sink comp="186" pin=1"/></net>

<net id="197"><net_src comp="186" pin="2"/><net_sink comp="192" pin=0"/></net>

<net id="198"><net_src comp="16" pin="0"/><net_sink comp="192" pin=1"/></net>

<net id="199"><net_src comp="174" pin="1"/><net_sink comp="192" pin=2"/></net>

<net id="205"><net_src comp="186" pin="2"/><net_sink comp="200" pin=0"/></net>

<net id="206"><net_src comp="180" pin="2"/><net_sink comp="200" pin=1"/></net>

<net id="207"><net_src comp="177" pin="1"/><net_sink comp="200" pin=2"/></net>

<net id="211"><net_src comp="200" pin="3"/><net_sink comp="208" pin=0"/></net>

<net id="216"><net_src comp="192" pin="3"/><net_sink comp="212" pin=0"/></net>

<net id="217"><net_src comp="22" pin="0"/><net_sink comp="212" pin=1"/></net>

<net id="222"><net_src comp="168" pin="2"/><net_sink comp="218" pin=0"/></net>

<net id="227"><net_src comp="200" pin="3"/><net_sink comp="223" pin=0"/></net>

<net id="232"><net_src comp="212" pin="2"/><net_sink comp="228" pin=0"/></net>

<net id="239"><net_src comp="236" pin="1"/><net_sink comp="60" pin=2"/></net>

<net id="240"><net_src comp="236" pin="1"/><net_sink comp="67" pin=2"/></net>

<net id="241"><net_src comp="236" pin="1"/><net_sink comp="74" pin=2"/></net>

<net id="242"><net_src comp="236" pin="1"/><net_sink comp="81" pin=2"/></net>

<net id="243"><net_src comp="236" pin="1"/><net_sink comp="88" pin=2"/></net>

<net id="244"><net_src comp="236" pin="1"/><net_sink comp="95" pin=2"/></net>

<net id="250"><net_src comp="208" pin="1"/><net_sink comp="245" pin=0"/></net>

<net id="251"><net_src comp="26" pin="0"/><net_sink comp="245" pin=1"/></net>

<net id="252"><net_src comp="233" pin="1"/><net_sink comp="245" pin=2"/></net>

<net id="253"><net_src comp="245" pin="3"/><net_sink comp="236" pin=0"/></net>

<net id="257"><net_src comp="48" pin="1"/><net_sink comp="254" pin=0"/></net>

<net id="258"><net_src comp="254" pin="1"/><net_sink comp="154" pin=1"/></net>

<net id="259"><net_src comp="254" pin="1"/><net_sink comp="174" pin=0"/></net>

<net id="260"><net_src comp="254" pin="1"/><net_sink comp="228" pin=1"/></net>

<net id="264"><net_src comp="52" pin="1"/><net_sink comp="261" pin=0"/></net>

<net id="265"><net_src comp="261" pin="1"/><net_sink comp="149" pin=1"/></net>

<net id="266"><net_src comp="261" pin="1"/><net_sink comp="177" pin=0"/></net>

<net id="267"><net_src comp="261" pin="1"/><net_sink comp="223" pin=1"/></net>

<net id="271"><net_src comp="56" pin="1"/><net_sink comp="268" pin=0"/></net>

<net id="272"><net_src comp="268" pin="1"/><net_sink comp="144" pin=1"/></net>

<net id="273"><net_src comp="268" pin="1"/><net_sink comp="159" pin=0"/></net>

<net id="274"><net_src comp="268" pin="1"/><net_sink comp="218" pin=1"/></net>

<net id="278"><net_src comp="162" pin="2"/><net_sink comp="275" pin=0"/></net>

<net id="282"><net_src comp="192" pin="3"/><net_sink comp="279" pin=0"/></net>

<net id="283"><net_src comp="279" pin="1"/><net_sink comp="233" pin=0"/></net>

<net id="287"><net_src comp="208" pin="1"/><net_sink comp="284" pin=0"/></net>

<net id="288"><net_src comp="284" pin="1"/><net_sink comp="245" pin=0"/></net>

<net id="292"><net_src comp="233" pin="1"/><net_sink comp="289" pin=0"/></net>

<net id="293"><net_src comp="289" pin="1"/><net_sink comp="245" pin=1"/></net>

</net_list>

</model> 
---------------- Datapath Model END ------------------

* FSMD analyzer results:
  - Output states:
	Port: spillage_flag | {4 }
	Port: spillage_level | {4 }
	Port: spillage_from_neigh | {4 }
	Port: spillage_from_neigh_1 | {4 }
	Port: spillage_from_neigh_2 | {4 }
	Port: spillage_from_neigh_3 | {4 }
 - Input state : 
  - Chain level:
	State 1
		store_ln0 : 1
		store_ln52 : 1
		store_ln52 : 1
		indvar_flatten25_load : 1
		icmp_ln234 : 2
		add_ln234_1 : 2
		br_ln234 : 3
		col_pos_load : 1
		row_pos_load : 1
		add_ln234 : 2
		icmp_ln235 : 2
		select_ln52 : 3
		select_ln234 : 3
		zext_ln235 : 4
		mul_ln235 : 5
		add_ln235 : 4
		store_ln234 : 3
		store_ln52 : 4
		store_ln52 : 5
	State 2
	State 3
		add_ln241 : 1
	State 4
		zext_ln241_1 : 1
		spillage_flag_addr : 2
		spillage_level_addr : 2
		spillage_from_neigh_addr : 2
		spillage_from_neigh_1_addr : 2
		spillage_from_neigh_2_addr : 2
		spillage_from_neigh_3_addr : 2
		store_ln239 : 3
		store_ln239 : 3
		store_ln239 : 3
		store_ln239 : 3
		store_ln241 : 3
		store_ln242 : 3


============================================================
+ Verbose Summary: Datapath Resource usage 
============================================================

* Functional unit list:
|----------|---------------------|---------|---------|---------|
| Operation|   Functional Unit   |   DSP   |    FF   |   LUT   |
|----------|---------------------|---------|---------|---------|
|          |  add_ln234_1_fu_168 |    0    |    0    |    20   |
|    add   |   add_ln234_fu_180  |    0    |    0    |    14   |
|          |   add_ln235_fu_212  |    0    |    0    |    14   |
|----------|---------------------|---------|---------|---------|
|   icmp   |  icmp_ln234_fu_162  |    0    |    0    |    20   |
|          |  icmp_ln235_fu_186  |    0    |    0    |    14   |
|----------|---------------------|---------|---------|---------|
|  select  |  select_ln52_fu_192 |    0    |    0    |    7    |
|          | select_ln234_fu_200 |    0    |    0    |    7    |
|----------|---------------------|---------|---------|---------|
|  muladd  |      grp_fu_245     |    1    |    0    |    0    |
|----------|---------------------|---------|---------|---------|
|          |  zext_ln235_fu_208  |    0    |    0    |    0    |
|   zext   |  zext_ln241_fu_233  |    0    |    0    |    0    |
|          | zext_ln241_1_fu_236 |    0    |    0    |    0    |
|----------|---------------------|---------|---------|---------|
|   Total  |                     |    1    |    0    |    96   |
|----------|---------------------|---------|---------|---------|

Memories:
N/A

* Register list:
+------------------------+--------+
|                        |   FF   |
+------------------------+--------+
|     col_pos_reg_254    |    7   |
|   icmp_ln234_reg_275   |    1   |
|indvar_flatten25_reg_268|   13   |
|     row_pos_reg_261    |    7   |
|   select_ln52_reg_279  |    7   |
|   zext_ln235_reg_284   |   13   |
|   zext_ln241_reg_289   |   13   |
+------------------------+--------+
|          Total         |   61   |
+------------------------+--------+

* Multiplexer (MUX) list: 
|------------|------|------|------|--------||---------||---------||---------|
|    Comp    |  Pin | Size |  BW  | S x BW ||  Delay  ||    FF   ||   LUT   |
|------------|------|------|------|--------||---------||---------||---------|
| grp_fu_245 |  p0  |   2  |   7  |   14   ||    0    ||    9    |
| grp_fu_245 |  p1  |   2  |   7  |   14   ||    0    ||    9    |
|------------|------|------|------|--------||---------||---------||---------|
|    Total   |      |      |      |   28   ||  0.774  ||    0    ||    18   |
|------------|------|------|------|--------||---------||---------||---------|



* Summary:
+-----------+--------+--------+--------+--------+
|           |   DSP  |  Delay |   FF   |   LUT  |
+-----------+--------+--------+--------+--------+
|  Function |    1   |    -   |    0   |   96   |
|   Memory  |    -   |    -   |    -   |    -   |
|Multiplexer|    -   |    0   |    0   |   18   |
|  Register |    -   |    -   |   61   |    -   |
+-----------+--------+--------+--------+--------+
|   Total   |    1   |    0   |   61   |   114  |
+-----------+--------+--------+--------+--------+
