

================================================================
== Vitis HLS Report for 'do_compute_Pipeline_PROPAGATION_ROWS_PROPAGATION_COLS'
================================================================
* Date:           Sun May 17 15:55:04 2026

* Version:        2024.1 (Build 5069499 on May 21 2024)
* Project:        .tiny_dam_base_enabled
* Solution:       solution_FLOOD_HLS_base (Vivado IP Flow Target)
* Product family: virtexuplusHBM
* Target device:  xcu50-fsvh2104-2-e


================================================================
== Performance Estimates
================================================================
+ Timing: 
    * Summary: 
    +--------+---------+----------+------------+
    |  Clock |  Target | Estimated| Uncertainty|
    +--------+---------+----------+------------+
    |ap_clk  |  4.00 ns|  2.809 ns|     1.08 ns|
    +--------+---------+----------+------------+

+ Latency: 
    * Summary: 
    +---------+---------+-----------+-----------+------+------+-----------------------------------------------+
    |  Latency (cycles) |   Latency (absolute)  |   Interval  |                    Pipeline                   |
    |   min   |   max   |    min    |    max    |  min |  max |                      Type                     |
    +---------+---------+-----------+-----------+------+------+-----------------------------------------------+
    |     5019|     5019|  20.076 us|  20.076 us|  5002|  5002|  loop auto-rewind stp(delay=0 clock cycles(s))|
    +---------+---------+-----------+-----------+------+------+-----------------------------------------------+

    + Detail: 
        * Instance: 
        +-----------------------------------+------------------------+---------+---------+----------+----------+-----+-----+---------+
        |                                   |                        |  Latency (cycles) |  Latency (absolute) |  Interval | Pipeline|
        |              Instance             |         Module         |   min   |   max   |    min   |    max   | min | max |   Type  |
        +-----------------------------------+------------------------+---------+---------+----------+----------+-----+-----+---------+
        |grp_p_hls_fptosi_float_i32_fu_299  |p_hls_fptosi_float_i32  |        1|        1|  4.000 ns|  4.000 ns|    1|    1|      yes|
        |grp_p_hls_fptosi_float_i32_fu_304  |p_hls_fptosi_float_i32  |        1|        1|  4.000 ns|  4.000 ns|    1|    1|      yes|
        |grp_p_hls_fptosi_float_i32_fu_309  |p_hls_fptosi_float_i32  |        1|        1|  4.000 ns|  4.000 ns|    1|    1|      yes|
        +-----------------------------------+------------------------+---------+---------+----------+----------+-----+-----+---------+

        * Loop: 
        +-------------------------------------+---------+---------+----------+-----------+-----------+------+----------+
        |                                     |  Latency (cycles) | Iteration|  Initiation Interval  | Trip |          |
        |              Loop Name              |   min   |   max   |  Latency |  achieved |   target  | Count| Pipelined|
        +-------------------------------------+---------+---------+----------+-----------+-----------+------+----------+
        |- PROPAGATION_ROWS_PROPAGATION_COLS  |     5017|     5017|        20|          2|          1|  2500|       yes|
        +-------------------------------------+---------+---------+----------+-----------+-----------+------+----------+



================================================================
== Utilization Estimates
================================================================
* Summary: 
+---------------------+---------+------+---------+--------+-----+
|         Name        | BRAM_18K|  DSP |    FF   |   LUT  | URAM|
+---------------------+---------+------+---------+--------+-----+
|DSP                  |        -|     1|        -|       -|    -|
|Expression           |        -|     -|        0|     661|    -|
|FIFO                 |        -|     -|        -|       -|    -|
|Instance             |        -|     6|      449|     902|    -|
|Memory               |        -|     -|        -|       -|    -|
|Multiplexer          |        -|     -|        0|     332|    -|
|Register             |        -|     -|     3431|     352|    -|
+---------------------+---------+------+---------+--------+-----+
|Total                |        0|     7|     3880|    2247|    0|
+---------------------+---------+------+---------+--------+-----+
|Available SLR        |     1344|  2976|   871680|  435840|  320|
+---------------------+---------+------+---------+--------+-----+
|Utilization SLR (%)  |        0|    ~0|       ~0|      ~0|    0|
+---------------------+---------+------+---------+--------+-----+
|Available            |     2688|  5952|  1743360|  871680|  640|
+---------------------+---------+------+---------+--------+-----+
|Utilization (%)      |        0|    ~0|       ~0|      ~0|    0|
+---------------------+---------+------+---------+--------+-----+

+ Detail: 
    * Instance: 
    +------------------------------------+-------------------------------+---------+----+-----+-----+-----+
    |              Instance              |             Module            | BRAM_18K| DSP|  FF | LUT | URAM|
    +------------------------------------+-------------------------------+---------+----+-----+-----+-----+
    |fmul_32ns_32ns_32_4_max_dsp_1_U156  |fmul_32ns_32ns_32_4_max_dsp_1  |        0|   3|  143|   78|    0|
    |fmul_32ns_32ns_32_4_max_dsp_1_U157  |fmul_32ns_32ns_32_4_max_dsp_1  |        0|   3|  143|   78|    0|
    |mul_6ns_8ns_13_1_1_U162             |mul_6ns_8ns_13_1_1             |        0|   0|    0|   40|    0|
    |grp_p_hls_fptosi_float_i32_fu_309   |p_hls_fptosi_float_i32         |        0|   0|   35|  629|    0|
    |sparsemux_7_2_32_1_1_U163           |sparsemux_7_2_32_1_1           |        0|   0|    0|    9|    0|
    |urem_6ns_3ns_2_10_1_U161            |urem_6ns_3ns_2_10_1            |        0|   0|  128|   68|    0|
    +------------------------------------+-------------------------------+---------+----+-----+-----+-----+
    |Total                               |                               |        0|   6|  449|  902|    0|
    +------------------------------------+-------------------------------+---------+----+-----+-----+-----+

    * DSP: 
    +------------------------------------+-------------------------------+--------------+
    |              Instance              |             Module            |  Expression  |
    +------------------------------------+-------------------------------+--------------+
    |mac_muladd_6ns_6ns_6ns_12_4_1_U164  |mac_muladd_6ns_6ns_6ns_12_4_1  |  i0 * i1 + i2|
    +------------------------------------+-------------------------------+--------------+

    * Memory: 
    N/A

    * FIFO: 
    N/A

    * Expression: 
    +-----------------------------------------+----------+----+---+----+------------+------------+
    |              Variable Name              | Operation| DSP| FF| LUT| Bitwidth P0| Bitwidth P1|
    +-----------------------------------------+----------+----+---+----+------------+------------+
    |add_ln191_1_fu_389_p2                    |         +|   0|  0|  19|          12|           1|
    |add_ln191_fu_401_p2                      |         +|   0|  0|  13|           6|           1|
    |add_ln193_fu_439_p2                      |         +|   0|  0|  13|           6|           1|
    |add_ln196_fu_499_p2                      |         +|   0|  0|  18|          10|          10|
    |add_ln199_1_fu_470_p2                    |         +|   0|  0|  18|          10|          10|
    |add_ln226_1_fu_786_p2                    |         +|   0|  0|  32|          32|          32|
    |add_ln226_2_fu_790_p2                    |         +|   0|  0|  32|          32|          32|
    |add_ln226_fu_782_p2                      |         +|   0|  0|  32|          32|          32|
    |wl_3_fu_796_p2                           |         +|   0|  0|  32|          32|          32|
    |wl_1_fu_777_p2                           |         -|   0|  0|  39|          32|          32|
    |and_ln199_fu_556_p2                      |       and|   0|  0|   2|           1|           1|
    |and_ln207_1_fu_759_p2                    |       and|   0|  0|   2|           1|           1|
    |and_ln207_fu_754_p2                      |       and|   0|  0|   2|           1|           1|
    |and_ln211_1_fu_683_p2                    |       and|   0|  0|   2|           1|           1|
    |and_ln211_fu_677_p2                      |       and|   0|  0|   2|           1|           1|
    |ap_condition_1116                        |       and|   0|  0|   2|           1|           1|
    |ap_condition_486                         |       and|   0|  0|   2|           1|           1|
    |ap_condition_524                         |       and|   0|  0|   2|           1|           1|
    |ap_condition_529                         |       and|   0|  0|   2|           1|           1|
    |ap_predicate_op205_call_state18_state17  |       and|   0|  0|   2|           1|           1|
    |icmp_ln191_fu_383_p2                     |      icmp|   0|  0|  19|          12|          12|
    |icmp_ln193_fu_407_p2                     |      icmp|   0|  0|  13|           6|           5|
    |icmp_ln199_1_fu_546_p2                   |      icmp|   0|  0|  30|          23|           1|
    |icmp_ln199_fu_540_p2                     |      icmp|   0|  0|  15|           8|           2|
    |icmp_ln207_1_fu_661_p2                   |      icmp|   0|  0|  59|          52|           1|
    |icmp_ln207_2_fu_736_p2                   |      icmp|   0|  0|  18|          11|           2|
    |icmp_ln207_3_fu_742_p2                   |      icmp|   0|  0|  59|          52|           1|
    |icmp_ln207_fu_655_p2                     |      icmp|   0|  0|  18|          11|           2|
    |icmp_ln211_1_fu_627_p2                   |      icmp|   0|  0|  59|          52|           1|
    |icmp_ln211_fu_621_p2                     |      icmp|   0|  0|  18|          11|           2|
    |or_ln199_fu_552_p2                       |        or|   0|  0|   2|           1|           1|
    |or_ln207_1_fu_748_p2                     |        or|   0|  0|   2|           1|           1|
    |or_ln207_fu_667_p2                       |        or|   0|  0|   2|           1|           1|
    |or_ln211_fu_673_p2                       |        or|   0|  0|   2|           1|           1|
    |max_spillage_iter_1_fu_765_p3            |    select|   0|  0|  63|           1|          64|
    |select_ln191_fu_421_p3                   |    select|   0|  0|   6|           1|           6|
    |select_ln52_fu_413_p3                    |    select|   0|  0|   6|           1|           1|
    |ap_enable_pp0                            |       xor|   0|  0|   2|           1|           2|
    +-----------------------------------------+----------+----+---+----+------------+------------+
    |Total                                    |          |   0|  0| 661|         460|         299|
    +-----------------------------------------+----------+----+---+----+------------+------------+

    * Multiplexer: 
    +----------------------------------------+----+-----------+-----+-----------+
    |                  Name                  | LUT| Input Size| Bits| Total Bits|
    +----------------------------------------+----+-----------+-----+-----------+
    |ap_NS_fsm                               |  14|          3|    1|          3|
    |ap_done_int                             |   9|          2|    1|          2|
    |ap_enable_reg_pp0_iter0                 |   9|          2|    1|          2|
    |ap_enable_reg_pp0_iter7                 |   9|          2|    1|          2|
    |ap_phi_reg_pp0_iter5_wl_2_reg_288       |   9|          2|   32|         64|
    |ap_phi_reg_pp0_iter9_wl_2_reg_288       |   9|          2|   32|         64|
    |ap_sig_allocacmp_col_pos_load           |   9|          2|    6|         12|
    |ap_sig_allocacmp_indvar_flatten18_load  |   9|          2|   12|         24|
    |ap_sig_allocacmp_row_pos_load           |   9|          2|    6|         12|
    |col_pos_fu_144                          |   9|          2|    6|         12|
    |empty_79_fu_156                         |   9|          2|  416|        832|
    |grp_fu_314_p0                           |  14|          3|   32|         96|
    |grp_fu_319_p0                           |  14|          3|   32|         96|
    |grp_fu_319_p1                           |  14|          3|   32|         96|
    |grp_fu_324_p0                           |  14|          3|   32|         96|
    |grp_fu_324_p1                           |  14|          3|   32|         96|
    |grp_fu_329_p0                           |  14|          3|   32|         96|
    |grp_fu_329_p1                           |  14|          3|   32|         96|
    |grp_fu_334_p0                           |  14|          3|   32|         96|
    |grp_fu_350_p1                           |  14|          3|   64|        192|
    |grp_p_hls_fptosi_float_i32_fu_299_x     |  14|          3|   32|         96|
    |grp_p_hls_fptosi_float_i32_fu_304_x     |  14|          3|   32|         96|
    |indvar_flatten18_fu_152                 |   9|          2|   12|         24|
    |max_spillage_iter_3_out_o               |  14|          3|   64|        192|
    |row_pos_fu_148                          |   9|          2|    6|         12|
    |water_level_1_address0_local            |  14|          3|   10|         30|
    |water_level_2_address0_local            |  14|          3|   10|         30|
    |water_level_address0_local              |  14|          3|   10|         30|
    +----------------------------------------+----+-----------+-----+-----------+
    |Total                                   | 332|         72| 1010|       2499|
    +----------------------------------------+----+-----------+-----+-----------+

    * Register: 
    +------------------------------------------------+-----+----+-----+-----------+
    |                      Name                      |  FF | LUT| Bits| Const Bits|
    +------------------------------------------------+-----+----+-----+-----------+
    |add_ln196_reg_874                               |   10|   0|   10|          0|
    |and_ln199_reg_980                               |    1|   0|    1|          0|
    |and_ln211_1_reg_1096                            |    1|   0|    1|          0|
    |and_ln211_1_reg_1096_pp0_iter8_reg              |    1|   0|    1|          0|
    |ap_CS_fsm                                       |    2|   0|    2|          0|
    |ap_done_reg                                     |    1|   0|    1|          0|
    |ap_enable_reg_pp0_iter0_reg                     |    1|   0|    1|          0|
    |ap_enable_reg_pp0_iter1                         |    1|   0|    1|          0|
    |ap_enable_reg_pp0_iter2                         |    1|   0|    1|          0|
    |ap_enable_reg_pp0_iter3                         |    1|   0|    1|          0|
    |ap_enable_reg_pp0_iter4                         |    1|   0|    1|          0|
    |ap_enable_reg_pp0_iter5                         |    1|   0|    1|          0|
    |ap_enable_reg_pp0_iter6                         |    1|   0|    1|          0|
    |ap_enable_reg_pp0_iter7                         |    1|   0|    1|          0|
    |ap_enable_reg_pp0_iter8                         |    1|   0|    1|          0|
    |ap_enable_reg_pp0_iter9                         |    1|   0|    1|          0|
    |ap_loop_exit_ready_pp0_iter1_reg                |    1|   0|    1|          0|
    |ap_loop_exit_ready_pp0_iter2_reg                |    1|   0|    1|          0|
    |ap_loop_exit_ready_pp0_iter3_reg                |    1|   0|    1|          0|
    |ap_loop_exit_ready_pp0_iter4_reg                |    1|   0|    1|          0|
    |ap_loop_exit_ready_pp0_iter5_reg                |    1|   0|    1|          0|
    |ap_loop_exit_ready_pp0_iter6_reg                |    1|   0|    1|          0|
    |ap_loop_exit_ready_pp0_iter7_reg                |    1|   0|    1|          0|
    |ap_loop_exit_ready_pp0_iter8_reg                |    1|   0|    1|          0|
    |ap_phi_reg_pp0_iter1_wl_2_reg_288               |   32|   0|   32|          0|
    |ap_phi_reg_pp0_iter2_wl_2_reg_288               |   32|   0|   32|          0|
    |ap_phi_reg_pp0_iter3_wl_2_reg_288               |   32|   0|   32|          0|
    |ap_phi_reg_pp0_iter4_wl_2_reg_288               |   32|   0|   32|          0|
    |ap_phi_reg_pp0_iter5_wl_2_reg_288               |   32|   0|   32|          0|
    |ap_phi_reg_pp0_iter6_wl_2_reg_288               |   32|   0|   32|          0|
    |ap_phi_reg_pp0_iter7_wl_2_reg_288               |   32|   0|   32|          0|
    |ap_phi_reg_pp0_iter8_wl_2_reg_288               |   32|   0|   32|          0|
    |ap_phi_reg_pp0_iter9_wl_2_reg_288               |   32|   0|   32|          0|
    |col_pos_fu_144                                  |    6|   0|    6|          0|
    |div468_1_reg_994                                |   32|   0|   32|          0|
    |div468_2_reg_999                                |   32|   0|   32|          0|
    |div468_3_reg_1004                               |   32|   0|   32|          0|
    |div5_reg_989                                    |   32|   0|   32|          0|
    |empty_79_fu_156                                 |  416|   0|  416|          0|
    |grp_p_hls_fptosi_float_i32_fu_299_ap_start_reg  |    1|   0|    1|          0|
    |grp_p_hls_fptosi_float_i32_fu_304_ap_start_reg  |    1|   0|    1|          0|
    |grp_p_hls_fptosi_float_i32_fu_309_ap_start_reg  |    1|   0|    1|          0|
    |icmp_ln191_reg_852                              |    1|   0|    1|          0|
    |icmp_ln199_1_reg_975                            |    1|   0|    1|          0|
    |icmp_ln199_reg_970                              |    1|   0|    1|          0|
    |icmp_ln211_1_reg_1069                           |    1|   0|    1|          0|
    |icmp_ln211_reg_1064                             |    1|   0|    1|          0|
    |indvar_flatten18_fu_152                         |   12|   0|   12|          0|
    |max_spillage_iter_3_out_load_reg_1079           |   64|   0|   64|          0|
    |max_spillage_iter_reg_1030                      |   64|   0|   64|          0|
    |max_spillage_iter_reg_1030_pp0_iter7_reg        |   64|   0|   64|          0|
    |mul469_1_reg_1037                               |   32|   0|   32|          0|
    |mul469_2_reg_1042                               |   32|   0|   32|          0|
    |mul469_3_reg_1047                               |   32|   0|   32|          0|
    |mul5_reg_1086                                   |   32|   0|   32|          0|
    |mul6_reg_1025                                   |   32|   0|   32|          0|
    |or_ln207_reg_1091                               |    1|   0|    1|          0|
    |p_load_reg_1052                                 |  416|   0|  416|          0|
    |p_load_reg_1052_pp0_iter8_reg                   |  416|   0|  416|          0|
    |row_pos_fu_148                                  |    6|   0|    6|          0|
    |select_ln191_reg_863                            |    6|   0|    6|          0|
    |select_ln52_reg_856                             |    6|   0|    6|          0|
    |spill_acc_reg_1074                              |   32|   0|   32|          0|
    |spill_reg_1019                                  |   32|   0|   32|          0|
    |spillage_flag_load_reg_944                      |   32|   0|   32|          0|
    |spillage_from_neigh_1_load_reg_955              |   32|   0|   32|          0|
    |spillage_from_neigh_2_load_reg_960              |   32|   0|   32|          0|
    |spillage_from_neigh_3_load_reg_965              |   32|   0|   32|          0|
    |spillage_from_neigh_load_reg_950                |   32|   0|   32|          0|
    |spillage_level_addr_reg_904                     |   12|   0|   12|          0|
    |spillage_level_addr_reg_904_pp0_iter2_reg       |   12|   0|   12|          0|
    |spillage_level_load_reg_984                     |   32|   0|   32|          0|
    |tmp_17_reg_1100                                 |   32|   0|   32|          0|
    |tmp_17_reg_1100_pp0_iter8_reg                   |   32|   0|   32|          0|
    |tmp_18_reg_1105                                 |   32|   0|   32|          0|
    |tmp_18_reg_1105_pp0_iter8_reg                   |   32|   0|   32|          0|
    |tmp_19_reg_1110                                 |   32|   0|   32|          0|
    |tmp_19_reg_1110_pp0_iter8_reg                   |   32|   0|   32|          0|
    |trunc_ln52_reg_1009                             |    2|   0|    2|          0|
    |water_level_1_addr_4_reg_889                    |   10|   0|   10|          0|
    |water_level_1_load_3_reg_934                    |   32|   0|   32|          0|
    |water_level_2_addr_4_reg_894                    |   10|   0|   10|          0|
    |water_level_2_load_3_reg_939                    |   32|   0|   32|          0|
    |water_level_addr_4_reg_884                      |   10|   0|   10|          0|
    |water_level_load_3_reg_929                      |   32|   0|   32|          0|
    |wl_reg_1013                                     |   32|   0|   32|          0|
    |and_ln199_reg_980                               |   64|  32|    1|          0|
    |icmp_ln191_reg_852                              |   64|  32|    1|          0|
    |spill_acc_reg_1074                              |   64|  32|   32|          0|
    |trunc_ln52_reg_1009                             |   64|  32|    2|          0|
    |water_level_1_addr_4_reg_889                    |   64|  32|   10|          0|
    |water_level_1_load_3_reg_934                    |   64|  32|   32|          0|
    |water_level_2_addr_4_reg_894                    |   64|  32|   10|          0|
    |water_level_2_load_3_reg_939                    |   64|  32|   32|          0|
    |water_level_addr_4_reg_884                      |   64|  32|   10|          0|
    |water_level_load_3_reg_929                      |   64|  32|   32|          0|
    |wl_reg_1013                                     |   64|  32|   32|          0|
    +------------------------------------------------+-----+----+-----+-----------+
    |Total                                           | 3431| 352| 2921|          0|
    +------------------------------------------------+-----+----+-----+-----------+



================================================================
== Interface
================================================================
* Summary: 
+--------------------------------------------+-----+-----+------------+-------------------------------------------------------+--------------+
|                  RTL Ports                 | Dir | Bits|  Protocol  |                     Source Object                     |    C Type    |
+--------------------------------------------+-----+-----+------------+-------------------------------------------------------+--------------+
|ap_clk                                      |   in|    1|  ap_ctrl_hs|  do_compute_Pipeline_PROPAGATION_ROWS_PROPAGATION_COLS|  return value|
|ap_rst                                      |   in|    1|  ap_ctrl_hs|  do_compute_Pipeline_PROPAGATION_ROWS_PROPAGATION_COLS|  return value|
|ap_start                                    |   in|    1|  ap_ctrl_hs|  do_compute_Pipeline_PROPAGATION_ROWS_PROPAGATION_COLS|  return value|
|ap_done                                     |  out|    1|  ap_ctrl_hs|  do_compute_Pipeline_PROPAGATION_ROWS_PROPAGATION_COLS|  return value|
|ap_idle                                     |  out|    1|  ap_ctrl_hs|  do_compute_Pipeline_PROPAGATION_ROWS_PROPAGATION_COLS|  return value|
|ap_ready                                    |  out|    1|  ap_ctrl_hs|  do_compute_Pipeline_PROPAGATION_ROWS_PROPAGATION_COLS|  return value|
|grp_fu_464_p_din0                           |  out|   32|  ap_ctrl_hs|  do_compute_Pipeline_PROPAGATION_ROWS_PROPAGATION_COLS|  return value|
|grp_fu_464_p_din1                           |  out|   32|  ap_ctrl_hs|  do_compute_Pipeline_PROPAGATION_ROWS_PROPAGATION_COLS|  return value|
|grp_fu_464_p_dout0                          |   in|   32|  ap_ctrl_hs|  do_compute_Pipeline_PROPAGATION_ROWS_PROPAGATION_COLS|  return value|
|grp_fu_464_p_ce                             |  out|    1|  ap_ctrl_hs|  do_compute_Pipeline_PROPAGATION_ROWS_PROPAGATION_COLS|  return value|
|grp_fu_469_p_din0                           |  out|   32|  ap_ctrl_hs|  do_compute_Pipeline_PROPAGATION_ROWS_PROPAGATION_COLS|  return value|
|grp_fu_469_p_din1                           |  out|   32|  ap_ctrl_hs|  do_compute_Pipeline_PROPAGATION_ROWS_PROPAGATION_COLS|  return value|
|grp_fu_469_p_dout0                          |   in|   32|  ap_ctrl_hs|  do_compute_Pipeline_PROPAGATION_ROWS_PROPAGATION_COLS|  return value|
|grp_fu_469_p_ce                             |  out|    1|  ap_ctrl_hs|  do_compute_Pipeline_PROPAGATION_ROWS_PROPAGATION_COLS|  return value|
|grp_fu_474_p_din0                           |  out|   32|  ap_ctrl_hs|  do_compute_Pipeline_PROPAGATION_ROWS_PROPAGATION_COLS|  return value|
|grp_fu_474_p_din1                           |  out|   32|  ap_ctrl_hs|  do_compute_Pipeline_PROPAGATION_ROWS_PROPAGATION_COLS|  return value|
|grp_fu_474_p_dout0                          |   in|   32|  ap_ctrl_hs|  do_compute_Pipeline_PROPAGATION_ROWS_PROPAGATION_COLS|  return value|
|grp_fu_474_p_ce                             |  out|    1|  ap_ctrl_hs|  do_compute_Pipeline_PROPAGATION_ROWS_PROPAGATION_COLS|  return value|
|grp_fu_497_p_din0                           |  out|   32|  ap_ctrl_hs|  do_compute_Pipeline_PROPAGATION_ROWS_PROPAGATION_COLS|  return value|
|grp_fu_497_p_dout0                          |   in|   64|  ap_ctrl_hs|  do_compute_Pipeline_PROPAGATION_ROWS_PROPAGATION_COLS|  return value|
|grp_fu_497_p_ce                             |  out|    1|  ap_ctrl_hs|  do_compute_Pipeline_PROPAGATION_ROWS_PROPAGATION_COLS|  return value|
|grp_fu_503_p_din0                           |  out|   32|  ap_ctrl_hs|  do_compute_Pipeline_PROPAGATION_ROWS_PROPAGATION_COLS|  return value|
|grp_fu_503_p_din1                           |  out|   32|  ap_ctrl_hs|  do_compute_Pipeline_PROPAGATION_ROWS_PROPAGATION_COLS|  return value|
|grp_fu_503_p_opcode                         |  out|    5|  ap_ctrl_hs|  do_compute_Pipeline_PROPAGATION_ROWS_PROPAGATION_COLS|  return value|
|grp_fu_503_p_dout0                          |   in|    1|  ap_ctrl_hs|  do_compute_Pipeline_PROPAGATION_ROWS_PROPAGATION_COLS|  return value|
|grp_fu_503_p_ce                             |  out|    1|  ap_ctrl_hs|  do_compute_Pipeline_PROPAGATION_ROWS_PROPAGATION_COLS|  return value|
|grp_fu_520_p_din0                           |  out|   64|  ap_ctrl_hs|  do_compute_Pipeline_PROPAGATION_ROWS_PROPAGATION_COLS|  return value|
|grp_fu_520_p_din1                           |  out|   64|  ap_ctrl_hs|  do_compute_Pipeline_PROPAGATION_ROWS_PROPAGATION_COLS|  return value|
|grp_fu_520_p_opcode                         |  out|    5|  ap_ctrl_hs|  do_compute_Pipeline_PROPAGATION_ROWS_PROPAGATION_COLS|  return value|
|grp_fu_520_p_dout0                          |   in|    1|  ap_ctrl_hs|  do_compute_Pipeline_PROPAGATION_ROWS_PROPAGATION_COLS|  return value|
|grp_fu_520_p_ce                             |  out|    1|  ap_ctrl_hs|  do_compute_Pipeline_PROPAGATION_ROWS_PROPAGATION_COLS|  return value|
|grp_p_hls_fptosi_float_i32_fu_1437_p_din1   |  out|   32|  ap_ctrl_hs|  do_compute_Pipeline_PROPAGATION_ROWS_PROPAGATION_COLS|  return value|
|grp_p_hls_fptosi_float_i32_fu_1437_p_dout0  |   in|   32|  ap_ctrl_hs|  do_compute_Pipeline_PROPAGATION_ROWS_PROPAGATION_COLS|  return value|
|grp_p_hls_fptosi_float_i32_fu_1437_p_ce     |  out|    1|  ap_ctrl_hs|  do_compute_Pipeline_PROPAGATION_ROWS_PROPAGATION_COLS|  return value|
|grp_p_hls_fptosi_float_i32_fu_1437_p_start  |  out|    1|  ap_ctrl_hs|  do_compute_Pipeline_PROPAGATION_ROWS_PROPAGATION_COLS|  return value|
|grp_p_hls_fptosi_float_i32_fu_1437_p_ready  |   in|    1|  ap_ctrl_hs|  do_compute_Pipeline_PROPAGATION_ROWS_PROPAGATION_COLS|  return value|
|grp_p_hls_fptosi_float_i32_fu_1437_p_done   |   in|    1|  ap_ctrl_hs|  do_compute_Pipeline_PROPAGATION_ROWS_PROPAGATION_COLS|  return value|
|grp_p_hls_fptosi_float_i32_fu_1437_p_idle   |   in|    1|  ap_ctrl_hs|  do_compute_Pipeline_PROPAGATION_ROWS_PROPAGATION_COLS|  return value|
|grp_p_hls_fptosi_float_i32_fu_1444_p_din1   |  out|   32|  ap_ctrl_hs|  do_compute_Pipeline_PROPAGATION_ROWS_PROPAGATION_COLS|  return value|
|grp_p_hls_fptosi_float_i32_fu_1444_p_dout0  |   in|   32|  ap_ctrl_hs|  do_compute_Pipeline_PROPAGATION_ROWS_PROPAGATION_COLS|  return value|
|grp_p_hls_fptosi_float_i32_fu_1444_p_ce     |  out|    1|  ap_ctrl_hs|  do_compute_Pipeline_PROPAGATION_ROWS_PROPAGATION_COLS|  return value|
|grp_p_hls_fptosi_float_i32_fu_1444_p_start  |  out|    1|  ap_ctrl_hs|  do_compute_Pipeline_PROPAGATION_ROWS_PROPAGATION_COLS|  return value|
|grp_p_hls_fptosi_float_i32_fu_1444_p_ready  |   in|    1|  ap_ctrl_hs|  do_compute_Pipeline_PROPAGATION_ROWS_PROPAGATION_COLS|  return value|
|grp_p_hls_fptosi_float_i32_fu_1444_p_done   |   in|    1|  ap_ctrl_hs|  do_compute_Pipeline_PROPAGATION_ROWS_PROPAGATION_COLS|  return value|
|grp_p_hls_fptosi_float_i32_fu_1444_p_idle   |   in|    1|  ap_ctrl_hs|  do_compute_Pipeline_PROPAGATION_ROWS_PROPAGATION_COLS|  return value|
|p_reload44                                  |   in|  416|     ap_none|                                             p_reload44|        scalar|
|spillage_flag_address0                      |  out|   12|   ap_memory|                                          spillage_flag|         array|
|spillage_flag_ce0                           |  out|    1|   ap_memory|                                          spillage_flag|         array|
|spillage_flag_q0                            |   in|   32|   ap_memory|                                          spillage_flag|         array|
|spillage_level_address0                     |  out|   12|   ap_memory|                                         spillage_level|         array|
|spillage_level_ce0                          |  out|    1|   ap_memory|                                         spillage_level|         array|
|spillage_level_q0                           |   in|   32|   ap_memory|                                         spillage_level|         array|
|spillage_from_neigh_address0                |  out|   12|   ap_memory|                                    spillage_from_neigh|         array|
|spillage_from_neigh_ce0                     |  out|    1|   ap_memory|                                    spillage_from_neigh|         array|
|spillage_from_neigh_q0                      |   in|   32|   ap_memory|                                    spillage_from_neigh|         array|
|spillage_from_neigh_1_address0              |  out|   12|   ap_memory|                                  spillage_from_neigh_1|         array|
|spillage_from_neigh_1_ce0                   |  out|    1|   ap_memory|                                  spillage_from_neigh_1|         array|
|spillage_from_neigh_1_q0                    |   in|   32|   ap_memory|                                  spillage_from_neigh_1|         array|
|spillage_from_neigh_2_address0              |  out|   12|   ap_memory|                                  spillage_from_neigh_2|         array|
|spillage_from_neigh_2_ce0                   |  out|    1|   ap_memory|                                  spillage_from_neigh_2|         array|
|spillage_from_neigh_2_q0                    |   in|   32|   ap_memory|                                  spillage_from_neigh_2|         array|
|spillage_from_neigh_3_address0              |  out|   12|   ap_memory|                                  spillage_from_neigh_3|         array|
|spillage_from_neigh_3_ce0                   |  out|    1|   ap_memory|                                  spillage_from_neigh_3|         array|
|spillage_from_neigh_3_q0                    |   in|   32|   ap_memory|                                  spillage_from_neigh_3|         array|
|water_level_address0                        |  out|   10|   ap_memory|                                            water_level|         array|
|water_level_ce0                             |  out|    1|   ap_memory|                                            water_level|         array|
|water_level_we0                             |  out|    1|   ap_memory|                                            water_level|         array|
|water_level_d0                              |  out|   32|   ap_memory|                                            water_level|         array|
|water_level_q0                              |   in|   32|   ap_memory|                                            water_level|         array|
|water_level_1_address0                      |  out|   10|   ap_memory|                                          water_level_1|         array|
|water_level_1_ce0                           |  out|    1|   ap_memory|                                          water_level_1|         array|
|water_level_1_we0                           |  out|    1|   ap_memory|                                          water_level_1|         array|
|water_level_1_d0                            |  out|   32|   ap_memory|                                          water_level_1|         array|
|water_level_1_q0                            |   in|   32|   ap_memory|                                          water_level_1|         array|
|water_level_2_address0                      |  out|   10|   ap_memory|                                          water_level_2|         array|
|water_level_2_ce0                           |  out|    1|   ap_memory|                                          water_level_2|         array|
|water_level_2_we0                           |  out|    1|   ap_memory|                                          water_level_2|         array|
|water_level_2_d0                            |  out|   32|   ap_memory|                                          water_level_2|         array|
|water_level_2_q0                            |   in|   32|   ap_memory|                                          water_level_2|         array|
|empty                                       |   in|   31|     ap_none|                                                  empty|        scalar|
|p_out                                       |  out|  416|      ap_vld|                                                  p_out|       pointer|
|p_out_ap_vld                                |  out|    1|      ap_vld|                                                  p_out|       pointer|
|max_spillage_iter_3_out_i                   |   in|   64|     ap_ovld|                                max_spillage_iter_3_out|       pointer|
|max_spillage_iter_3_out_o                   |  out|   64|     ap_ovld|                                max_spillage_iter_3_out|       pointer|
|max_spillage_iter_3_out_o_ap_vld            |  out|    1|     ap_ovld|                                max_spillage_iter_3_out|       pointer|
+--------------------------------------------+-----+-----+------------+-------------------------------------------------------+--------------+

