

================================================================
== Vitis HLS Report for 'do_compute_Pipeline_VITIS_LOOP_109_9_VITIS_LOOP_110_10'
================================================================
* Date:           Sun May 17 15:55:04 2026

* Version:        2024.1 (Build 5069499 on May 21 2024)
* Project:        .tiny_dam_base_enabled
* Solution:       solution_FLOOD_HLS_base (Vivado IP Flow Target)
* Product family: virtexuplusHBM
* Target device:  xcu50-fsvh2104-2-e


================================================================
== Performance Estimates
================================================================
+ Timing: 
    * Summary: 
    +--------+---------+----------+------------+
    |  Clock |  Target | Estimated| Uncertainty|
    +--------+---------+----------+------------+
    |ap_clk  |  4.00 ns|  2.681 ns|     1.08 ns|
    +--------+---------+----------+------------+

+ Latency: 
    * Summary: 
    +---------+---------+-----------+-----------+------+------+-----------------------------------------------+
    |  Latency (cycles) |   Latency (absolute)  |   Interval  |                    Pipeline                   |
    |   min   |   max   |    min    |    max    |  min |  max |                      Type                     |
    +---------+---------+-----------+-----------+------+------+-----------------------------------------------+
    |     7608|     7608|  30.432 us|  30.432 us|  7503|  7503|  loop auto-rewind stp(delay=0 clock cycles(s))|
    +---------+---------+-----------+-----------+------+------+-----------------------------------------------+

    + Detail: 
        * Instance: 
        +-----------------------------------+------------------------+---------+---------+----------+----------+-----+-----+---------+
        |                                   |                        |  Latency (cycles) |  Latency (absolute) |  Interval | Pipeline|
        |              Instance             |         Module         |   min   |   max   |    min   |    max   | min | max |   Type  |
        +-----------------------------------+------------------------+---------+---------+----------+----------+-----+-----+---------+
        |grp_p_hls_fptosi_float_i32_fu_484  |p_hls_fptosi_float_i32  |        1|        1|  4.000 ns|  4.000 ns|    1|    1|      yes|
        |grp_p_hls_fptosi_float_i32_fu_489  |p_hls_fptosi_float_i32  |        1|        1|  4.000 ns|  4.000 ns|    1|    1|      yes|
        +-----------------------------------+------------------------+---------+---------+----------+----------+-----+-----+---------+

        * Loop: 
        +--------------------------------------+---------+---------+----------+-----------+-----------+------+----------+
        |                                      |  Latency (cycles) | Iteration|  Initiation Interval  | Trip |          |
        |               Loop Name              |   min   |   max   |  Latency |  achieved |   target  | Count| Pipelined|
        +--------------------------------------+---------+---------+----------+-----------+-----------+------+----------+
        |- VITIS_LOOP_109_9_VITIS_LOOP_110_10  |     7606|     7606|       109|          3|          1|  2500|       yes|
        +--------------------------------------+---------+---------+----------+-----------+-----------+------+----------+



================================================================
== Utilization Estimates
================================================================
* Summary: 
+---------------------+---------+------+---------+--------+-----+
|         Name        | BRAM_18K|  DSP |    FF   |   LUT  | URAM|
+---------------------+---------+------+---------+--------+-----+
|DSP                  |        -|     -|        -|       -|    -|
|Expression           |        -|     -|        0|    2418|    -|
|FIFO                 |        -|     -|        -|       -|    -|
|Instance             |        -|     6|     1082|     886|    -|
|Memory               |        -|     -|        -|       -|    -|
|Multiplexer          |        -|     -|        0|    1356|    -|
|Register             |        -|     -|    35788|    1568|    -|
+---------------------+---------+------+---------+--------+-----+
|Total                |        0|     6|    36870|    6228|    0|
+---------------------+---------+------+---------+--------+-----+
|Available SLR        |     1344|  2976|   871680|  435840|  320|
+---------------------+---------+------+---------+--------+-----+
|Utilization SLR (%)  |        0|    ~0|        4|       1|    0|
+---------------------+---------+------+---------+--------+-----+
|Available            |     2688|  5952|  1743360|  871680|  640|
+---------------------+---------+------+---------+--------+-----+
|Utilization (%)      |        0|    ~0|        2|      ~0|    0|
+---------------------+---------+------+---------+--------+-----+

+ Detail: 
    * Instance: 
    +-----------------------------------------+------------------------------------+---------+----+-----+-----+-----+
    |                 Instance                |               Module               | BRAM_18K| DSP|  FF | LUT | URAM|
    +-----------------------------------------+------------------------------------+---------+----+-----+-----+-----+
    |faddfsub_32ns_32ns_32_7_full_dsp_1_U106  |faddfsub_32ns_32ns_32_7_full_dsp_1  |        0|   2|  318|  198|    0|
    |faddfsub_32ns_32ns_32_7_full_dsp_1_U107  |faddfsub_32ns_32ns_32_7_full_dsp_1  |        0|   2|  318|  198|    0|
    |fcmp_32ns_32ns_1_2_no_dsp_1_U120         |fcmp_32ns_32ns_1_2_no_dsp_1         |        0|   0|    0|    0|    0|
    |fcmp_32ns_32ns_1_2_no_dsp_1_U121         |fcmp_32ns_32ns_1_2_no_dsp_1         |        0|   0|    0|    0|    0|
    |fsub_32ns_32ns_32_7_full_dsp_1_U108      |fsub_32ns_32ns_32_7_full_dsp_1      |        0|   2|  318|  198|    0|
    |mul_6ns_7ns_12_1_1_U132                  |mul_6ns_7ns_12_1_1                  |        0|   0|    0|   33|    0|
    |mul_6ns_7ns_12_1_1_U134                  |mul_6ns_7ns_12_1_1                  |        0|   0|    0|   33|    0|
    |mul_6ns_8ns_13_1_1_U125                  |mul_6ns_8ns_13_1_1                  |        0|   0|    0|   40|    0|
    |mul_6ns_8ns_13_1_1_U127                  |mul_6ns_8ns_13_1_1                  |        0|   0|    0|   40|    0|
    |mul_7ns_7ns_12_1_1_U133                  |mul_7ns_7ns_12_1_1                  |        0|   0|    0|   33|    0|
    |sitofp_32ns_32_4_no_dsp_1_U115           |sitofp_32ns_32_4_no_dsp_1           |        0|   0|    0|    0|    0|
    |sparsemux_7_2_32_1_1_U126                |sparsemux_7_2_32_1_1                |        0|   0|    0|    9|    0|
    |sparsemux_7_2_32_1_1_U128                |sparsemux_7_2_32_1_1                |        0|   0|    0|    9|    0|
    |sparsemux_7_2_32_1_1_U129                |sparsemux_7_2_32_1_1                |        0|   0|    0|    9|    0|
    |sparsemux_7_2_32_1_1_x_U130              |sparsemux_7_2_32_1_1_x              |        0|   0|    0|    9|    0|
    |sparsemux_7_2_32_1_1_x_U131              |sparsemux_7_2_32_1_1_x              |        0|   0|    0|    9|    0|
    |urem_6ns_3ns_2_10_1_U124                 |urem_6ns_3ns_2_10_1                 |        0|   0|  128|   68|    0|
    +-----------------------------------------+------------------------------------+---------+----+-----+-----+-----+
    |Total                                    |                                    |        0|   6| 1082|  886|    0|
    +-----------------------------------------+------------------------------------+---------+----+-----+-----+-----+

    * DSP: 
    N/A

    * Memory: 
    N/A

    * FIFO: 
    N/A

    * Expression: 
    +-------------------------------------------+----------+----+---+----+------------+------------+
    |               Variable Name               | Operation| DSP| FF| LUT| Bitwidth P0| Bitwidth P1|
    +-------------------------------------------+----------+----+---+----+------------+------------+
    |add_ln109_1_fu_634_p2                      |         +|   0|  0|  19|          12|           1|
    |add_ln109_fu_682_p2                        |         +|   0|  0|  13|           6|           1|
    |add_ln110_1_fu_795_p2                      |         +|   0|  0|  17|          10|          10|
    |add_ln110_fu_663_p2                        |         +|   0|  0|  13|           6|           1|
    |add_ln111_fu_738_p2                        |         +|   0|  0|  17|          10|          10|
    |add_ln117_fu_1045_p2                       |         +|   0|  0|  19|          12|          12|
    |add_ln134_1_fu_843_p2                      |         +|   0|  0|  17|          10|          10|
    |add_ln134_2_fu_1057_p2                     |         +|   0|  0|  19|          12|          12|
    |add_ln134_3_fu_1068_p2                     |         +|   0|  0|  19|          12|          12|
    |add_ln134_4_fu_976_p2                      |         +|   0|  0|  17|          10|          10|
    |add_ln134_5_fu_1108_p2                     |         +|   0|  0|  19|          12|          12|
    |add_ln134_6_fu_935_p2                      |         +|   0|  0|  17|          10|          10|
    |add_ln134_7_fu_1085_p2                     |         +|   0|  0|  19|          12|          12|
    |add_ln134_fu_831_p2                        |         +|   0|  0|  17|          10|          10|
    |add_ln168_1_fu_2198_p2                     |         +|   0|  0|  71|          64|          64|
    |add_ln168_2_fu_2243_p2                     |         +|   0|  0|  71|          64|          64|
    |add_ln168_3_fu_2297_p2                     |         +|   0|  0|  71|          64|          64|
    |add_ln168_fu_2154_p2                       |         +|   0|  0|  71|          64|          64|
    |mul_ln111_fu_729_p2                        |         +|   0|  0|  17|          10|          10|
    |mul_ln134_1_fu_779_p2                      |         +|   0|  0|  17|          10|          10|
    |new_col_1_fu_855_p2                        |         +|   0|  0|  14|           7|           2|
    |new_col_2_fu_861_p2                        |         +|   0|  0|  13|           6|           1|
    |new_row_1_fu_764_p2                        |         +|   0|  0|  13|           6|           1|
    |new_row_fu_754_p2                          |         +|   0|  0|  14|           7|           2|
    |and_ln139_1_fu_1252_p2                     |       and|   0|  0|   2|           1|           1|
    |and_ln139_2_fu_1262_p2                     |       and|   0|  0|   2|           1|           1|
    |and_ln139_3_fu_1268_p2                     |       and|   0|  0|   2|           1|           1|
    |and_ln139_4_fu_1372_p2                     |       and|   0|  0|   2|           1|           1|
    |and_ln139_5_fu_1377_p2                     |       and|   0|  0|   2|           1|           1|
    |and_ln139_6_fu_1315_p2                     |       and|   0|  0|   2|           1|           1|
    |and_ln139_7_fu_1320_p2                     |       and|   0|  0|   2|           1|           1|
    |and_ln139_fu_1246_p2                       |       and|   0|  0|   2|           1|           1|
    |and_ln142_1_fu_1508_p2                     |       and|   0|  0|   2|           1|           1|
    |and_ln142_2_fu_1514_p2                     |       and|   0|  0|   2|           1|           1|
    |and_ln142_3_fu_1602_p2                     |       and|   0|  0|   2|           1|           1|
    |and_ln142_4_fu_1608_p2                     |       and|   0|  0|   2|           1|           1|
    |and_ln142_5_fu_1703_p2                     |       and|   0|  0|   2|           1|           1|
    |and_ln142_6_fu_1709_p2                     |       and|   0|  0|   2|           1|           1|
    |and_ln142_fu_1418_p2                       |       and|   0|  0|   2|           1|           1|
    |and_ln145_1_fu_1803_p2                     |       and|   0|  0|   2|           1|           1|
    |and_ln145_fu_1797_p2                       |       and|   0|  0|   2|           1|           1|
    |and_ln148_fu_1868_p2                       |       and|   0|  0|   2|           1|           1|
    |and_ln151_fu_1907_p2                       |       and|   0|  0|   2|           1|           1|
    |and_ln175_1_fu_1977_p2                     |       and|   0|  0|   2|           1|           1|
    |and_ln175_2_fu_2018_p2                     |       and|   0|  0|   2|           1|           1|
    |and_ln175_3_fu_2023_p2                     |       and|   0|  0|   2|           1|           1|
    |and_ln175_4_fu_2064_p2                     |       and|   0|  0|   2|           1|           1|
    |and_ln175_5_fu_2069_p2                     |       and|   0|  0|   2|           1|           1|
    |and_ln175_6_fu_2110_p2                     |       and|   0|  0|   2|           1|           1|
    |and_ln175_7_fu_2115_p2                     |       and|   0|  0|   2|           1|           1|
    |and_ln175_fu_1972_p2                       |       and|   0|  0|   2|           1|           1|
    |ap_predicate_op763_call_state106_state105  |       and|   0|  0|   2|           1|           1|
    |ap_predicate_op764_call_state106_state105  |       and|   0|  0|   2|           1|           1|
    |ap_predicate_op777_call_state107_state106  |       and|   0|  0|   2|           1|           1|
    |ap_predicate_op778_call_state107_state106  |       and|   0|  0|   2|           1|           1|
    |ap_predicate_pred1588_state107             |       and|   0|  0|   2|           1|           1|
    |ap_predicate_pred1595_state107             |       and|   0|  0|   2|           1|           1|
    |ap_predicate_pred1600_state107             |       and|   0|  0|   2|           1|           1|
    |ap_predicate_pred1615_state108             |       and|   0|  0|   2|           1|           1|
    |ap_predicate_pred1626_state108             |       and|   0|  0|   2|           1|           1|
    |ap_predicate_pred1633_state108             |       and|   0|  0|   2|           1|           1|
    |ap_predicate_pred1680_state108             |       and|   0|  0|   2|           1|           1|
    |ap_predicate_pred1699_state108             |       and|   0|  0|   2|           1|           1|
    |ap_predicate_pred1887_state109             |       and|   0|  0|   2|           1|           1|
    |ap_predicate_pred1893_state109             |       and|   0|  0|   2|           1|           1|
    |ap_predicate_pred2006_state99              |       and|   0|  0|   2|           1|           1|
    |ap_predicate_pred2023_state100             |       and|   0|  0|   2|           1|           1|
    |ap_predicate_pred2041_state102             |       and|   0|  0|   2|           1|           1|
    |ap_predicate_pred2058_state103             |       and|   0|  0|   2|           1|           1|
    |ap_predicate_pred3056_state91              |       and|   0|  0|   2|           1|           1|
    |ap_predicate_pred3115_state89              |       and|   0|  0|   2|           1|           1|
    |ap_predicate_pred3130_state89              |       and|   0|  0|   2|           1|           1|
    |ap_predicate_pred3144_state89              |       and|   0|  0|   2|           1|           1|
    |empty_77_fu_2125_p2                        |       and|   0|  0|   2|           1|           1|
    |empty_78_fu_2130_p2                        |       and|   0|  0|   2|           1|           1|
    |empty_70_fu_1014_p2                        |      icmp|   0|  0|  14|           7|           6|
    |empty_71_fu_1028_p2                        |      icmp|   0|  0|  13|           6|           5|
    |icmp_ln109_fu_628_p2                       |      icmp|   0|  0|  19|          12|          12|
    |icmp_ln110_fu_643_p2                       |      icmp|   0|  0|  13|           6|           5|
    |icmp_ln111_fu_822_p2                       |      icmp|   0|  0|  39|          32|           1|
    |icmp_ln128_1_fu_1202_p2                    |      icmp|   0|  0|  13|           6|           5|
    |icmp_ln128_fu_1326_p2                      |      icmp|   0|  0|  14|           7|           6|
    |icmp_ln139_1_fu_1230_p2                    |      icmp|   0|  0|  30|          23|           1|
    |icmp_ln139_2_fu_1153_p2                    |      icmp|   0|  0|  15|           8|           2|
    |icmp_ln139_3_fu_1159_p2                    |      icmp|   0|  0|  30|          23|           1|
    |icmp_ln139_4_fu_1190_p2                    |      icmp|   0|  0|  15|           8|           2|
    |icmp_ln139_5_fu_1196_p2                    |      icmp|   0|  0|  30|          23|           1|
    |icmp_ln139_6_fu_1356_p2                    |      icmp|   0|  0|  15|           8|           2|
    |icmp_ln139_7_fu_1362_p2                    |      icmp|   0|  0|  30|          23|           1|
    |icmp_ln139_8_fu_1299_p2                    |      icmp|   0|  0|  15|           8|           2|
    |icmp_ln139_9_fu_1305_p2                    |      icmp|   0|  0|  30|          23|           1|
    |icmp_ln139_fu_1224_p2                      |      icmp|   0|  0|  15|           8|           2|
    |icmp_ln142_10_fu_1667_p2                   |      icmp|   0|  0|  15|           8|           2|
    |icmp_ln142_11_fu_1673_p2                   |      icmp|   0|  0|  30|          23|           1|
    |icmp_ln142_12_fu_1685_p2                   |      icmp|   0|  0|  15|           8|           2|
    |icmp_ln142_13_fu_1691_p2                   |      icmp|   0|  0|  30|          23|           1|
    |icmp_ln142_1_fu_1406_p2                    |      icmp|   0|  0|  30|          23|           1|
    |icmp_ln142_2_fu_1472_p2                    |      icmp|   0|  0|  15|           8|           2|
    |icmp_ln142_3_fu_1478_p2                    |      icmp|   0|  0|  30|          23|           1|
    |icmp_ln142_4_fu_1490_p2                    |      icmp|   0|  0|  15|           8|           2|
    |icmp_ln142_5_fu_1496_p2                    |      icmp|   0|  0|  30|          23|           1|
    |icmp_ln142_6_fu_1566_p2                    |      icmp|   0|  0|  15|           8|           2|
    |icmp_ln142_7_fu_1572_p2                    |      icmp|   0|  0|  30|          23|           1|
    |icmp_ln142_8_fu_1584_p2                    |      icmp|   0|  0|  15|           8|           2|
    |icmp_ln142_9_fu_1590_p2                    |      icmp|   0|  0|  30|          23|           1|
    |icmp_ln142_fu_1400_p2                      |      icmp|   0|  0|  15|           8|           2|
    |icmp_ln145_1_fu_1767_p2                    |      icmp|   0|  0|  30|          23|           1|
    |icmp_ln145_2_fu_1779_p2                    |      icmp|   0|  0|  15|           8|           2|
    |icmp_ln145_3_fu_1785_p2                    |      icmp|   0|  0|  30|          23|           1|
    |icmp_ln145_fu_1761_p2                      |      icmp|   0|  0|  15|           8|           2|
    |icmp_ln148_1_fu_1856_p2                    |      icmp|   0|  0|  30|          23|           1|
    |icmp_ln148_fu_1850_p2                      |      icmp|   0|  0|  15|           8|           2|
    |icmp_ln151_1_fu_1897_p2                    |      icmp|   0|  0|  59|          52|           1|
    |icmp_ln151_fu_1891_p2                      |      icmp|   0|  0|  18|          11|           2|
    |icmp_ln175_1_fu_1960_p2                    |      icmp|   0|  0|  30|          23|           1|
    |icmp_ln175_2_fu_2000_p2                    |      icmp|   0|  0|  15|           8|           2|
    |icmp_ln175_3_fu_2006_p2                    |      icmp|   0|  0|  30|          23|           1|
    |icmp_ln175_4_fu_2046_p2                    |      icmp|   0|  0|  15|           8|           2|
    |icmp_ln175_5_fu_2052_p2                    |      icmp|   0|  0|  30|          23|           1|
    |icmp_ln175_6_fu_2092_p2                    |      icmp|   0|  0|  15|           8|           2|
    |icmp_ln175_7_fu_2098_p2                    |      icmp|   0|  0|  30|          23|           1|
    |icmp_ln175_fu_1954_p2                      |      icmp|   0|  0|  15|           8|           2|
    |notlhs178_fu_1925_p2                       |      icmp|   0|  0|  15|           8|           2|
    |notrhs179_fu_1931_p2                       |      icmp|   0|  0|  30|          23|           1|
    |empty_76_fu_2121_p2                        |        or|   0|  0|   2|           1|           1|
    |or_ln139_1_fu_1242_p2                      |        or|   0|  0|   2|           1|           1|
    |or_ln139_2_fu_1258_p2                      |        or|   0|  0|   2|           1|           1|
    |or_ln139_3_fu_1368_p2                      |        or|   0|  0|   2|           1|           1|
    |or_ln139_4_fu_1311_p2                      |        or|   0|  0|   2|           1|           1|
    |or_ln139_fu_1236_p2                        |        or|   0|  0|   2|           1|           1|
    |or_ln142_1_fu_1484_p2                      |        or|   0|  0|   2|           1|           1|
    |or_ln142_2_fu_1502_p2                      |        or|   0|  0|   2|           1|           1|
    |or_ln142_3_fu_1578_p2                      |        or|   0|  0|   2|           1|           1|
    |or_ln142_4_fu_1596_p2                      |        or|   0|  0|   2|           1|           1|
    |or_ln142_5_fu_1679_p2                      |        or|   0|  0|   2|           1|           1|
    |or_ln142_6_fu_1697_p2                      |        or|   0|  0|   2|           1|           1|
    |or_ln142_fu_1412_p2                        |        or|   0|  0|   2|           1|           1|
    |or_ln145_1_fu_1791_p2                      |        or|   0|  0|   2|           1|           1|
    |or_ln145_fu_1773_p2                        |        or|   0|  0|   2|           1|           1|
    |or_ln148_fu_1862_p2                        |        or|   0|  0|   2|           1|           1|
    |or_ln151_fu_1903_p2                        |        or|   0|  0|   2|           1|           1|
    |or_ln175_1_fu_2012_p2                      |        or|   0|  0|   2|           1|           1|
    |or_ln175_2_fu_2058_p2                      |        or|   0|  0|   2|           1|           1|
    |or_ln175_3_fu_2104_p2                      |        or|   0|  0|   2|           1|           1|
    |or_ln175_fu_1966_p2                        |        or|   0|  0|   2|           1|           1|
    |my_spillage_level_1_fu_1431_p3             |    select|   0|  0|  32|           1|          32|
    |my_spillage_level_2_fu_1520_p3             |    select|   0|  0|  32|           1|          32|
    |my_spillage_level_3_fu_1526_p3             |    select|   0|  0|  32|           1|          32|
    |my_spillage_level_4_fu_1614_p3             |    select|   0|  0|  32|           1|          32|
    |my_spillage_level_5_fu_1620_p3             |    select|   0|  0|  32|           1|          32|
    |my_spillage_level_6_fu_1715_p3             |    select|   0|  0|  32|           1|          32|
    |my_spillage_level_7_fu_1721_p3             |    select|   0|  0|  32|           1|          32|
    |my_spillage_level_8_fu_1809_p3             |    select|   0|  0|  32|           1|          32|
    |my_spillage_level_fu_1424_p3               |    select|   0|  0|  32|           1|           1|
    |neighbor_height_1_fu_1128_p3               |    select|   0|  0|  32|           1|          32|
    |neighbor_height_3_fu_1165_p3               |    select|   0|  0|  32|           1|          32|
    |neighbor_height_5_fu_1331_p3               |    select|   0|  0|  32|           1|          32|
    |neighbor_height_7_fu_1274_p3               |    select|   0|  0|  32|           1|          32|
    |select_ln109_fu_688_p3                     |    select|   0|  0|   6|           1|           6|
    |select_ln52_fu_649_p3                      |    select|   0|  0|   6|           1|           1|
    |sum_diff_1_fu_1626_p3                      |    select|   0|  0|  32|           1|          32|
    |sum_diff_3_fu_1815_p3                      |    select|   0|  0|  32|           1|          32|
    |sum_diff_5_fu_1821_p3                      |    select|   0|  0|  32|           1|          32|
    |sum_diff_7_fu_1827_p3                      |    select|   0|  0|  32|           1|          32|
    |ap_enable_pp0                              |       xor|   0|  0|   2|           1|           2|
    +-------------------------------------------+----------+----+---+----+------------+------------+
    |Total                                      |          |   0|  0|2418|        1297|        1102|
    +-------------------------------------------+----------+----+---+----+------------+------------+

    * Multiplexer: 
    +----------------------------------------+----+-----------+-----+-----------+
    |                  Name                  | LUT| Input Size| Bits| Total Bits|
    +----------------------------------------+----+-----------+-----+-----------+
    |ap_NS_fsm                               |  20|          4|    1|          4|
    |ap_done_int                             |   9|          2|    1|          2|
    |ap_enable_reg_pp0_iter0                 |   9|          2|    1|          2|
    |ap_enable_reg_pp0_iter35                |   9|          2|    1|          2|
    |ap_enable_reg_pp0_iter36                |   9|          2|    1|          2|
    |ap_loop_exit_ready_pp0_iter10_reg       |   9|          2|    1|          2|
    |ap_loop_exit_ready_pp0_iter11_reg       |   9|          2|    1|          2|
    |ap_loop_exit_ready_pp0_iter12_reg       |   9|          2|    1|          2|
    |ap_loop_exit_ready_pp0_iter13_reg       |   9|          2|    1|          2|
    |ap_loop_exit_ready_pp0_iter14_reg       |   9|          2|    1|          2|
    |ap_loop_exit_ready_pp0_iter15_reg       |   9|          2|    1|          2|
    |ap_loop_exit_ready_pp0_iter16_reg       |   9|          2|    1|          2|
    |ap_loop_exit_ready_pp0_iter17_reg       |   9|          2|    1|          2|
    |ap_loop_exit_ready_pp0_iter18_reg       |   9|          2|    1|          2|
    |ap_loop_exit_ready_pp0_iter19_reg       |   9|          2|    1|          2|
    |ap_loop_exit_ready_pp0_iter1_reg        |   9|          2|    1|          2|
    |ap_loop_exit_ready_pp0_iter20_reg       |   9|          2|    1|          2|
    |ap_loop_exit_ready_pp0_iter21_reg       |   9|          2|    1|          2|
    |ap_loop_exit_ready_pp0_iter22_reg       |   9|          2|    1|          2|
    |ap_loop_exit_ready_pp0_iter23_reg       |   9|          2|    1|          2|
    |ap_loop_exit_ready_pp0_iter24_reg       |   9|          2|    1|          2|
    |ap_loop_exit_ready_pp0_iter25_reg       |   9|          2|    1|          2|
    |ap_loop_exit_ready_pp0_iter26_reg       |   9|          2|    1|          2|
    |ap_loop_exit_ready_pp0_iter27_reg       |   9|          2|    1|          2|
    |ap_loop_exit_ready_pp0_iter28_reg       |   9|          2|    1|          2|
    |ap_loop_exit_ready_pp0_iter29_reg       |   9|          2|    1|          2|
    |ap_loop_exit_ready_pp0_iter2_reg        |   9|          2|    1|          2|
    |ap_loop_exit_ready_pp0_iter30_reg       |   9|          2|    1|          2|
    |ap_loop_exit_ready_pp0_iter31_reg       |   9|          2|    1|          2|
    |ap_loop_exit_ready_pp0_iter32_reg       |   9|          2|    1|          2|
    |ap_loop_exit_ready_pp0_iter33_reg       |   9|          2|    1|          2|
    |ap_loop_exit_ready_pp0_iter34_reg       |   9|          2|    1|          2|
    |ap_loop_exit_ready_pp0_iter35_reg       |   9|          2|    1|          2|
    |ap_loop_exit_ready_pp0_iter3_reg        |   9|          2|    1|          2|
    |ap_loop_exit_ready_pp0_iter4_reg        |   9|          2|    1|          2|
    |ap_loop_exit_ready_pp0_iter5_reg        |   9|          2|    1|          2|
    |ap_loop_exit_ready_pp0_iter6_reg        |   9|          2|    1|          2|
    |ap_loop_exit_ready_pp0_iter7_reg        |   9|          2|    1|          2|
    |ap_loop_exit_ready_pp0_iter8_reg        |   9|          2|    1|          2|
    |ap_loop_exit_ready_pp0_iter9_reg        |   9|          2|    1|          2|
    |ap_phi_mux_empty_72_phi_fu_474_p6       |   9|          2|  416|        832|
    |ap_phi_mux_empty_73_phi_fu_460_p6       |  14|          3|  416|       1248|
    |ap_phi_reg_pp0_iter35_empty_74_reg_446  |  14|          3|  416|       1248|
    |ap_phi_reg_pp0_iter36_empty_72_reg_471  |   9|          2|  416|        832|
    |ap_sig_allocacmp_indvar_flatten9_load   |   9|          2|   12|         24|
    |ap_sig_allocacmp_new_col_load           |   9|          2|    6|         12|
    |empty_69_fu_160                         |  14|          3|  416|       1248|
    |empty_73_reg_457                        |  14|          3|  416|       1248|
    |grp_fu_494_p0                           |  20|          4|   32|        128|
    |grp_fu_494_p1                           |  20|          4|   32|        128|
    |grp_fu_498_opcode                       |  14|          3|    2|          6|
    |grp_fu_498_p0                           |  20|          4|   32|        128|
    |grp_fu_498_p1                           |  20|          4|   32|        128|
    |grp_fu_502_opcode                       |  14|          3|    2|          6|
    |grp_fu_502_p0                           |  20|          4|   32|        128|
    |grp_fu_502_p1                           |  20|          4|   32|        128|
    |grp_fu_506_opcode                       |  14|          3|    2|          6|
    |grp_fu_506_p0                           |  20|          4|   32|        128|
    |grp_fu_506_p1                           |  20|          4|   32|        128|
    |grp_fu_511_opcode                       |  14|          3|    2|          6|
    |grp_fu_511_p0                           |  20|          4|   32|        128|
    |grp_fu_511_p1                           |  20|          4|   32|        128|
    |grp_fu_515_p0                           |  20|          4|   32|        128|
    |grp_fu_515_p1                           |  20|          4|   32|        128|
    |grp_fu_519_p0                           |  14|          3|   32|         96|
    |grp_fu_519_p1                           |  20|          4|   32|        128|
    |grp_fu_523_p0                           |  14|          3|   32|         96|
    |grp_fu_523_p1                           |  14|          3|   32|         96|
    |grp_fu_528_p0                           |  14|          3|   32|         96|
    |grp_fu_528_p1                           |  14|          3|   32|         96|
    |grp_fu_533_p0                           |  20|          4|   32|        128|
    |grp_fu_538_p0                           |  20|          4|   32|        128|
    |grp_fu_538_p1                           |  14|          3|   32|         96|
    |grp_fu_543_p0                           |  20|          4|   32|        128|
    |grp_fu_546_p0                           |  14|          3|   32|         96|
    |grp_fu_552_opcode                       |  14|          3|    5|         15|
    |grp_fu_552_p0                           |  14|          3|   32|         96|
    |grp_fu_552_p1                           |  20|          4|   32|        128|
    |grp_fu_556_opcode                       |  14|          3|    5|         15|
    |grp_fu_556_p0                           |  20|          4|   32|        128|
    |grp_fu_556_p1                           |  20|          4|   32|        128|
    |grp_fu_560_opcode                       |  20|          4|    5|         20|
    |grp_fu_560_p0                           |  20|          4|   32|        128|
    |grp_fu_560_p1                           |  20|          4|   32|        128|
    |grp_fu_565_opcode                       |  20|          4|    5|         20|
    |grp_fu_565_p0                           |  20|          4|   32|        128|
    |grp_fu_565_p1                           |  20|          4|   32|        128|
    |grp_fu_570_p0                           |  14|          3|   32|         96|
    |grp_fu_570_p1                           |  20|          4|   32|        128|
    |indvar_flatten9_fu_156                  |   9|          2|   12|         24|
    |new_col_fu_148                          |   9|          2|    6|         12|
    |new_row_2_fu_152                        |   9|          2|    6|         12|
    |p_ground_address0_local                 |  20|          4|   12|         48|
    |p_ground_address1_local                 |  14|          3|   12|         36|
    |water_level_1_address0_local            |  20|          4|   10|         40|
    |water_level_1_address1_local            |  14|          3|   10|         30|
    |water_level_2_address0_local            |  20|          4|   10|         40|
    |water_level_2_address1_local            |  14|          3|   10|         30|
    |water_level_address0_local              |  20|          4|   10|         40|
    |water_level_address1_local              |  14|          3|   10|         30|
    +----------------------------------------+----+-----------+-----+-----------+
    |Total                                   |1356|        285| 3746|      11146|
    +----------------------------------------+----+-----------+-----+-----------+

    * Register: 
    +------------------------------------------------+-----+----+-----+-----------+
    |                      Name                      |  FF | LUT| Bits| Const Bits|
    +------------------------------------------------+-----+----+-----+-----------+
    |add_ln134_3_reg_2658                            |   12|   0|   12|          0|
    |add_ln134_4_reg_2561                            |   10|   0|   10|          0|
    |add_ln168_2_reg_3137                            |   64|   0|   64|          0|
    |and_ln139_1_reg_2861                            |    1|   0|    1|          0|
    |and_ln139_3_reg_2867                            |    1|   0|    1|          0|
    |and_ln139_5_reg_2924                            |    1|   0|    1|          0|
    |and_ln139_7_reg_2889                            |    1|   0|    1|          0|
    |and_ln148_reg_3024                              |    1|   0|    1|          0|
    |and_ln151_reg_3052                              |    1|   0|    1|          0|
    |and_ln175_1_reg_3066                            |    1|   0|    1|          0|
    |and_ln175_3_reg_3070                            |    1|   0|    1|          0|
    |and_ln175_5_reg_3074                            |    1|   0|    1|          0|
    |and_ln175_7_reg_3078                            |    1|   0|    1|          0|
    |ap_CS_fsm                                       |    3|   0|    3|          0|
    |ap_done_reg                                     |    1|   0|    1|          0|
    |ap_enable_reg_pp0_iter0_reg                     |    1|   0|    1|          0|
    |ap_enable_reg_pp0_iter1                         |    1|   0|    1|          0|
    |ap_enable_reg_pp0_iter10                        |    1|   0|    1|          0|
    |ap_enable_reg_pp0_iter11                        |    1|   0|    1|          0|
    |ap_enable_reg_pp0_iter12                        |    1|   0|    1|          0|
    |ap_enable_reg_pp0_iter13                        |    1|   0|    1|          0|
    |ap_enable_reg_pp0_iter14                        |    1|   0|    1|          0|
    |ap_enable_reg_pp0_iter15                        |    1|   0|    1|          0|
    |ap_enable_reg_pp0_iter16                        |    1|   0|    1|          0|
    |ap_enable_reg_pp0_iter17                        |    1|   0|    1|          0|
    |ap_enable_reg_pp0_iter18                        |    1|   0|    1|          0|
    |ap_enable_reg_pp0_iter19                        |    1|   0|    1|          0|
    |ap_enable_reg_pp0_iter2                         |    1|   0|    1|          0|
    |ap_enable_reg_pp0_iter20                        |    1|   0|    1|          0|
    |ap_enable_reg_pp0_iter21                        |    1|   0|    1|          0|
    |ap_enable_reg_pp0_iter22                        |    1|   0|    1|          0|
    |ap_enable_reg_pp0_iter23                        |    1|   0|    1|          0|
    |ap_enable_reg_pp0_iter24                        |    1|   0|    1|          0|
    |ap_enable_reg_pp0_iter25                        |    1|   0|    1|          0|
    |ap_enable_reg_pp0_iter26                        |    1|   0|    1|          0|
    |ap_enable_reg_pp0_iter27                        |    1|   0|    1|          0|
    |ap_enable_reg_pp0_iter28                        |    1|   0|    1|          0|
    |ap_enable_reg_pp0_iter29                        |    1|   0|    1|          0|
    |ap_enable_reg_pp0_iter3                         |    1|   0|    1|          0|
    |ap_enable_reg_pp0_iter30                        |    1|   0|    1|          0|
    |ap_enable_reg_pp0_iter31                        |    1|   0|    1|          0|
    |ap_enable_reg_pp0_iter32                        |    1|   0|    1|          0|
    |ap_enable_reg_pp0_iter33                        |    1|   0|    1|          0|
    |ap_enable_reg_pp0_iter34                        |    1|   0|    1|          0|
    |ap_enable_reg_pp0_iter35                        |    1|   0|    1|          0|
    |ap_enable_reg_pp0_iter36                        |    1|   0|    1|          0|
    |ap_enable_reg_pp0_iter4                         |    1|   0|    1|          0|
    |ap_enable_reg_pp0_iter5                         |    1|   0|    1|          0|
    |ap_enable_reg_pp0_iter6                         |    1|   0|    1|          0|
    |ap_enable_reg_pp0_iter7                         |    1|   0|    1|          0|
    |ap_enable_reg_pp0_iter8                         |    1|   0|    1|          0|
    |ap_enable_reg_pp0_iter9                         |    1|   0|    1|          0|
    |ap_loop_exit_ready_pp0_iter10_reg               |    1|   0|    1|          0|
    |ap_loop_exit_ready_pp0_iter11_reg               |    1|   0|    1|          0|
    |ap_loop_exit_ready_pp0_iter12_reg               |    1|   0|    1|          0|
    |ap_loop_exit_ready_pp0_iter13_reg               |    1|   0|    1|          0|
    |ap_loop_exit_ready_pp0_iter14_reg               |    1|   0|    1|          0|
    |ap_loop_exit_ready_pp0_iter15_reg               |    1|   0|    1|          0|
    |ap_loop_exit_ready_pp0_iter16_reg               |    1|   0|    1|          0|
    |ap_loop_exit_ready_pp0_iter17_reg               |    1|   0|    1|          0|
    |ap_loop_exit_ready_pp0_iter18_reg               |    1|   0|    1|          0|
    |ap_loop_exit_ready_pp0_iter19_reg               |    1|   0|    1|          0|
    |ap_loop_exit_ready_pp0_iter1_reg                |    1|   0|    1|          0|
    |ap_loop_exit_ready_pp0_iter20_reg               |    1|   0|    1|          0|
    |ap_loop_exit_ready_pp0_iter21_reg               |    1|   0|    1|          0|
    |ap_loop_exit_ready_pp0_iter22_reg               |    1|   0|    1|          0|
    |ap_loop_exit_ready_pp0_iter23_reg               |    1|   0|    1|          0|
    |ap_loop_exit_ready_pp0_iter24_reg               |    1|   0|    1|          0|
    |ap_loop_exit_ready_pp0_iter25_reg               |    1|   0|    1|          0|
    |ap_loop_exit_ready_pp0_iter26_reg               |    1|   0|    1|          0|
    |ap_loop_exit_ready_pp0_iter27_reg               |    1|   0|    1|          0|
    |ap_loop_exit_ready_pp0_iter28_reg               |    1|   0|    1|          0|
    |ap_loop_exit_ready_pp0_iter29_reg               |    1|   0|    1|          0|
    |ap_loop_exit_ready_pp0_iter2_reg                |    1|   0|    1|          0|
    |ap_loop_exit_ready_pp0_iter30_reg               |    1|   0|    1|          0|
    |ap_loop_exit_ready_pp0_iter31_reg               |    1|   0|    1|          0|
    |ap_loop_exit_ready_pp0_iter32_reg               |    1|   0|    1|          0|
    |ap_loop_exit_ready_pp0_iter33_reg               |    1|   0|    1|          0|
    |ap_loop_exit_ready_pp0_iter34_reg               |    1|   0|    1|          0|
    |ap_loop_exit_ready_pp0_iter35_reg               |    1|   0|    1|          0|
    |ap_loop_exit_ready_pp0_iter3_reg                |    1|   0|    1|          0|
    |ap_loop_exit_ready_pp0_iter4_reg                |    1|   0|    1|          0|
    |ap_loop_exit_ready_pp0_iter5_reg                |    1|   0|    1|          0|
    |ap_loop_exit_ready_pp0_iter6_reg                |    1|   0|    1|          0|
    |ap_loop_exit_ready_pp0_iter7_reg                |    1|   0|    1|          0|
    |ap_loop_exit_ready_pp0_iter8_reg                |    1|   0|    1|          0|
    |ap_loop_exit_ready_pp0_iter9_reg                |    1|   0|    1|          0|
    |ap_phi_reg_pp0_iter10_empty_72_reg_471          |  416|   0|  416|          0|
    |ap_phi_reg_pp0_iter10_empty_74_reg_446          |  416|   0|  416|          0|
    |ap_phi_reg_pp0_iter11_empty_72_reg_471          |  416|   0|  416|          0|
    |ap_phi_reg_pp0_iter11_empty_74_reg_446          |  416|   0|  416|          0|
    |ap_phi_reg_pp0_iter12_empty_72_reg_471          |  416|   0|  416|          0|
    |ap_phi_reg_pp0_iter12_empty_74_reg_446          |  416|   0|  416|          0|
    |ap_phi_reg_pp0_iter13_empty_72_reg_471          |  416|   0|  416|          0|
    |ap_phi_reg_pp0_iter13_empty_74_reg_446          |  416|   0|  416|          0|
    |ap_phi_reg_pp0_iter14_empty_72_reg_471          |  416|   0|  416|          0|
    |ap_phi_reg_pp0_iter14_empty_74_reg_446          |  416|   0|  416|          0|
    |ap_phi_reg_pp0_iter15_empty_72_reg_471          |  416|   0|  416|          0|
    |ap_phi_reg_pp0_iter15_empty_74_reg_446          |  416|   0|  416|          0|
    |ap_phi_reg_pp0_iter16_empty_72_reg_471          |  416|   0|  416|          0|
    |ap_phi_reg_pp0_iter16_empty_74_reg_446          |  416|   0|  416|          0|
    |ap_phi_reg_pp0_iter17_empty_72_reg_471          |  416|   0|  416|          0|
    |ap_phi_reg_pp0_iter17_empty_74_reg_446          |  416|   0|  416|          0|
    |ap_phi_reg_pp0_iter18_empty_72_reg_471          |  416|   0|  416|          0|
    |ap_phi_reg_pp0_iter18_empty_74_reg_446          |  416|   0|  416|          0|
    |ap_phi_reg_pp0_iter19_empty_72_reg_471          |  416|   0|  416|          0|
    |ap_phi_reg_pp0_iter19_empty_74_reg_446          |  416|   0|  416|          0|
    |ap_phi_reg_pp0_iter1_empty_72_reg_471           |  416|   0|  416|          0|
    |ap_phi_reg_pp0_iter1_empty_74_reg_446           |  416|   0|  416|          0|
    |ap_phi_reg_pp0_iter20_empty_72_reg_471          |  416|   0|  416|          0|
    |ap_phi_reg_pp0_iter20_empty_74_reg_446          |  416|   0|  416|          0|
    |ap_phi_reg_pp0_iter21_empty_72_reg_471          |  416|   0|  416|          0|
    |ap_phi_reg_pp0_iter21_empty_74_reg_446          |  416|   0|  416|          0|
    |ap_phi_reg_pp0_iter22_empty_72_reg_471          |  416|   0|  416|          0|
    |ap_phi_reg_pp0_iter22_empty_74_reg_446          |  416|   0|  416|          0|
    |ap_phi_reg_pp0_iter23_empty_72_reg_471          |  416|   0|  416|          0|
    |ap_phi_reg_pp0_iter23_empty_74_reg_446          |  416|   0|  416|          0|
    |ap_phi_reg_pp0_iter24_empty_72_reg_471          |  416|   0|  416|          0|
    |ap_phi_reg_pp0_iter24_empty_74_reg_446          |  416|   0|  416|          0|
    |ap_phi_reg_pp0_iter25_empty_72_reg_471          |  416|   0|  416|          0|
    |ap_phi_reg_pp0_iter25_empty_74_reg_446          |  416|   0|  416|          0|
    |ap_phi_reg_pp0_iter26_empty_72_reg_471          |  416|   0|  416|          0|
    |ap_phi_reg_pp0_iter26_empty_74_reg_446          |  416|   0|  416|          0|
    |ap_phi_reg_pp0_iter27_empty_72_reg_471          |  416|   0|  416|          0|
    |ap_phi_reg_pp0_iter27_empty_74_reg_446          |  416|   0|  416|          0|
    |ap_phi_reg_pp0_iter28_empty_72_reg_471          |  416|   0|  416|          0|
    |ap_phi_reg_pp0_iter28_empty_74_reg_446          |  416|   0|  416|          0|
    |ap_phi_reg_pp0_iter29_empty_72_reg_471          |  416|   0|  416|          0|
    |ap_phi_reg_pp0_iter29_empty_74_reg_446          |  416|   0|  416|          0|
    |ap_phi_reg_pp0_iter2_empty_72_reg_471           |  416|   0|  416|          0|
    |ap_phi_reg_pp0_iter2_empty_74_reg_446           |  416|   0|  416|          0|
    |ap_phi_reg_pp0_iter30_empty_72_reg_471          |  416|   0|  416|          0|
    |ap_phi_reg_pp0_iter30_empty_74_reg_446          |  416|   0|  416|          0|
    |ap_phi_reg_pp0_iter31_empty_72_reg_471          |  416|   0|  416|          0|
    |ap_phi_reg_pp0_iter31_empty_74_reg_446          |  416|   0|  416|          0|
    |ap_phi_reg_pp0_iter32_empty_72_reg_471          |  416|   0|  416|          0|
    |ap_phi_reg_pp0_iter32_empty_74_reg_446          |  416|   0|  416|          0|
    |ap_phi_reg_pp0_iter33_empty_72_reg_471          |  416|   0|  416|          0|
    |ap_phi_reg_pp0_iter33_empty_74_reg_446          |  416|   0|  416|          0|
    |ap_phi_reg_pp0_iter34_empty_72_reg_471          |  416|   0|  416|          0|
    |ap_phi_reg_pp0_iter34_empty_74_reg_446          |  416|   0|  416|          0|
    |ap_phi_reg_pp0_iter35_empty_72_reg_471          |  416|   0|  416|          0|
    |ap_phi_reg_pp0_iter35_empty_74_reg_446          |  416|   0|  416|          0|
    |ap_phi_reg_pp0_iter36_empty_72_reg_471          |  416|   0|  416|          0|
    |ap_phi_reg_pp0_iter3_empty_72_reg_471           |  416|   0|  416|          0|
    |ap_phi_reg_pp0_iter3_empty_74_reg_446           |  416|   0|  416|          0|
    |ap_phi_reg_pp0_iter4_empty_72_reg_471           |  416|   0|  416|          0|
    |ap_phi_reg_pp0_iter4_empty_74_reg_446           |  416|   0|  416|          0|
    |ap_phi_reg_pp0_iter5_empty_72_reg_471           |  416|   0|  416|          0|
    |ap_phi_reg_pp0_iter5_empty_74_reg_446           |  416|   0|  416|          0|
    |ap_phi_reg_pp0_iter6_empty_72_reg_471           |  416|   0|  416|          0|
    |ap_phi_reg_pp0_iter6_empty_74_reg_446           |  416|   0|  416|          0|
    |ap_phi_reg_pp0_iter7_empty_72_reg_471           |  416|   0|  416|          0|
    |ap_phi_reg_pp0_iter7_empty_74_reg_446           |  416|   0|  416|          0|
    |ap_phi_reg_pp0_iter8_empty_72_reg_471           |  416|   0|  416|          0|
    |ap_phi_reg_pp0_iter8_empty_74_reg_446           |  416|   0|  416|          0|
    |ap_phi_reg_pp0_iter9_empty_72_reg_471           |  416|   0|  416|          0|
    |ap_phi_reg_pp0_iter9_empty_74_reg_446           |  416|   0|  416|          0|
    |ap_predicate_pred1588_state107                  |    1|   0|    1|          0|
    |ap_predicate_pred1595_state107                  |    1|   0|    1|          0|
    |ap_predicate_pred1600_state107                  |    1|   0|    1|          0|
    |ap_predicate_pred1615_state108                  |    1|   0|    1|          0|
    |ap_predicate_pred1626_state108                  |    1|   0|    1|          0|
    |ap_predicate_pred1633_state108                  |    1|   0|    1|          0|
    |ap_predicate_pred1680_state108                  |    1|   0|    1|          0|
    |ap_predicate_pred1699_state108                  |    1|   0|    1|          0|
    |ap_predicate_pred1887_state109                  |    1|   0|    1|          0|
    |ap_predicate_pred1893_state109                  |    1|   0|    1|          0|
    |ap_predicate_pred2006_state99                   |    1|   0|    1|          0|
    |ap_predicate_pred2023_state100                  |    1|   0|    1|          0|
    |ap_predicate_pred2041_state102                  |    1|   0|    1|          0|
    |ap_predicate_pred2058_state103                  |    1|   0|    1|          0|
    |ap_predicate_pred3056_state91                   |    1|   0|    1|          0|
    |ap_predicate_pred3115_state89                   |    1|   0|    1|          0|
    |ap_predicate_pred3130_state89                   |    1|   0|    1|          0|
    |ap_predicate_pred3144_state89                   |    1|   0|    1|          0|
    |conv300_1_reg_2591                              |   32|   0|   32|          0|
    |conv300_2_reg_2606                              |   32|   0|   32|          0|
    |conv300_3_reg_2601                              |   32|   0|   32|          0|
    |conv3_reg_2566                                  |   32|   0|   32|          0|
    |conv4_reg_2586                                  |   32|   0|   32|          0|
    |conv6_reg_3036                                  |   64|   0|   64|          0|
    |current_height_reg_2774                         |   32|   0|   32|          0|
    |div301_1_reg_2714                               |   32|   0|   32|          0|
    |div301_2_reg_2764                               |   32|   0|   32|          0|
    |div301_3_reg_2739                               |   32|   0|   32|          0|
    |div4_reg_2704                                   |   32|   0|   32|          0|
    |div7_reg_3116                                   |   32|   0|   32|          0|
    |div9_reg_2675                                   |   32|   0|   32|          0|
    |empty_69_fu_160                                 |  416|   0|  416|          0|
    |empty_70_reg_2618                               |    1|   0|    1|          0|
    |empty_71_reg_2628                               |    1|   0|    1|          0|
    |empty_73_reg_457                                |  416|   0|  416|          0|
    |empty_78_reg_3082                               |    1|   0|    1|          0|
    |grp_p_hls_fptosi_float_i32_fu_484_ap_start_reg  |    1|   0|    1|          0|
    |grp_p_hls_fptosi_float_i32_fu_489_ap_start_reg  |    1|   0|    1|          0|
    |height_diff_1_reg_2938                          |   32|   0|   32|          0|
    |height_diff_2_reg_2970                          |   32|   0|   32|          0|
    |height_diff_3_reg_2946                          |   32|   0|   32|          0|
    |height_diff_reg_2930                            |   32|   0|   32|          0|
    |icmp_ln109_reg_2362                             |    1|   0|    1|          0|
    |icmp_ln110_reg_2366                             |    1|   0|    1|          0|
    |icmp_ln111_reg_2469                             |    1|   0|    1|          0|
    |icmp_ln128_1_reg_2837                           |    1|   0|    1|          0|
    |icmp_ln128_reg_2895                             |    1|   0|    1|          0|
    |icmp_ln139_2_reg_2811                           |    1|   0|    1|          0|
    |icmp_ln139_3_reg_2816                           |    1|   0|    1|          0|
    |icmp_ln139_4_reg_2827                           |    1|   0|    1|          0|
    |icmp_ln139_5_reg_2832                           |    1|   0|    1|          0|
    |icmp_ln139_6_reg_2914                           |    1|   0|    1|          0|
    |icmp_ln139_7_reg_2919                           |    1|   0|    1|          0|
    |icmp_ln139_8_reg_2879                           |    1|   0|    1|          0|
    |icmp_ln139_9_reg_2884                           |    1|   0|    1|          0|
    |icmp_ln151_1_reg_3047                           |    1|   0|    1|          0|
    |icmp_ln151_reg_3042                             |    1|   0|    1|          0|
    |indvar_flatten9_fu_156                          |   12|   0|   12|          0|
    |mul401_3_reg_3121                               |   32|   0|   32|          0|
    |mul7_reg_3101                                   |   32|   0|   32|          0|
    |mul_ln111_reg_2394                              |   10|   0|   10|          0|
    |mul_ln117_reg_2611                              |   12|   0|   12|          0|
    |mul_ln134_2_reg_2633                            |   12|   0|   12|          0|
    |mul_ln134_reg_2623                              |   12|   0|   12|          0|
    |my_spillage_level_1_reg_2954                    |   32|   0|   32|          0|
    |my_spillage_level_3_reg_2962                    |   32|   0|   32|          0|
    |my_spillage_level_5_reg_2978                    |   32|   0|   32|          0|
    |my_spillage_level_7_reg_2992                    |   32|   0|   32|          0|
    |my_spillage_level_8_reg_2999                    |   32|   0|   32|          0|
    |neighbor_height_2_reg_2797                      |   32|   0|   32|          0|
    |neighbor_height_4_reg_2900                      |   32|   0|   32|          0|
    |neighbor_height_6_reg_2842                      |   32|   0|   32|          0|
    |neighbor_height_8_reg_2693                      |   32|   0|   32|          0|
    |neighbor_height_reg_2789                        |   32|   0|   32|          0|
    |new_col_1_reg_2503                              |    7|   0|    7|          0|
    |new_col_2_reg_2510                              |    6|   0|    6|          0|
    |new_col_fu_148                                  |    6|   0|    6|          0|
    |new_row_1_reg_2448                              |    6|   0|    6|          0|
    |new_row_2_fu_152                                |    6|   0|    6|          0|
    |new_row_reg_2436                                |    7|   0|    7|          0|
    |notlhs178_reg_3056                              |    1|   0|    1|          0|
    |notrhs179_reg_3061                              |    1|   0|    1|          0|
    |or_ln139_reg_2850                               |    1|   0|    1|          0|
    |p_ground_load_2_reg_2709                        |   32|   0|   32|          0|
    |p_ground_load_3_reg_2759                        |   32|   0|   32|          0|
    |p_ground_load_reg_2668                          |   32|   0|   32|          0|
    |proportion_reg_3028                             |   32|   0|   32|          0|
    |reg_584                                         |   32|   0|   32|          0|
    |reg_588                                         |   32|   0|   32|          0|
    |reg_594                                         |   32|   0|   32|          0|
    |reg_601                                         |   32|   0|   32|          0|
    |select_ln109_reg_2380                           |    6|   0|    6|          0|
    |select_ln52_reg_2371                            |    6|   0|    6|          0|
    |spillage_flag_addr_reg_2643                     |   12|   0|   12|          0|
    |spillage_from_neigh_1_addr_reg_2688             |   12|   0|   12|          0|
    |spillage_from_neigh_2_addr_reg_2749             |   12|   0|   12|          0|
    |spillage_from_neigh_3_addr_reg_2724             |   12|   0|   12|          0|
    |spillage_from_neigh_addr_reg_2663               |   12|   0|   12|          0|
    |spillage_level_addr_reg_2648                    |   12|   0|   12|          0|
    |sub400_1_reg_3096                               |   32|   0|   32|          0|
    |sub400_2_reg_3106                               |   32|   0|   32|          0|
    |sub400_3_reg_3111                               |   32|   0|   32|          0|
    |sub6_reg_3086                                   |   32|   0|   32|          0|
    |sub7_reg_3091                                   |   32|   0|   32|          0|
    |sum_diff_1_reg_2986                             |   32|   0|   32|          0|
    |sum_diff_3_reg_3005                             |   32|   0|   32|          0|
    |sum_diff_5_reg_3011                             |   32|   0|   32|          0|
    |sum_diff_7_reg_3017                             |   32|   0|   32|          0|
    |tmp_11_reg_2556                                 |   32|   0|   32|          0|
    |tmp_49_reg_2389                                 |    5|   0|    5|          0|
    |tmp_4_reg_2521                                  |   32|   0|   32|          0|
    |tmp_50_reg_2516                                 |    5|   0|    5|          0|
    |tmp_5_reg_2526                                  |   32|   0|   32|          0|
    |tmp_6_reg_2596                                  |   32|   0|   32|          0|
    |tmp_s_reg_2464                                  |   32|   0|   32|          0|
    |trunc_ln134_reg_2443                            |    6|   0|    6|          0|
    |trunc_ln52_reg_2456                             |    2|   0|    2|          0|
    |trunc_ln52_reg_2456_pp0_iter4_reg               |    2|   0|    2|          0|
    |udiv_ln1_cast_reg_2551                          |   10|   0|   10|          0|
    |water_level_1_load_reg_2426                     |   32|   0|   32|          0|
    |water_level_1_load_reg_2426_pp0_iter2_reg       |   32|   0|   32|          0|
    |water_level_2_load_reg_2431                     |   32|   0|   32|          0|
    |water_level_2_load_reg_2431_pp0_iter2_reg       |   32|   0|   32|          0|
    |water_level_load_reg_2421                       |   32|   0|   32|          0|
    |water_level_load_reg_2421_pp0_iter2_reg         |   32|   0|   32|          0|
    |zext_ln111_reg_2400                             |    5|   0|   10|          5|
    |and_ln139_1_reg_2861                            |   64|  32|    1|          0|
    |and_ln139_3_reg_2867                            |   64|  32|    1|          0|
    |and_ln139_5_reg_2924                            |   64|  32|    1|          0|
    |and_ln139_7_reg_2889                            |   64|  32|    1|          0|
    |and_ln148_reg_3024                              |   64|  32|    1|          0|
    |and_ln151_reg_3052                              |   64|  32|    1|          0|
    |and_ln175_1_reg_3066                            |   64|  32|    1|          0|
    |and_ln175_3_reg_3070                            |   64|  32|    1|          0|
    |and_ln175_5_reg_3074                            |   64|  32|    1|          0|
    |and_ln175_7_reg_3078                            |   64|  32|    1|          0|
    |current_height_reg_2774                         |   64|  32|   32|          0|
    |div9_reg_2675                                   |   64|  32|   32|          0|
    |empty_70_reg_2618                               |   64|  32|    1|          0|
    |empty_71_reg_2628                               |   64|  32|    1|          0|
    |empty_78_reg_3082                               |   64|  32|    1|          0|
    |height_diff_1_reg_2938                          |   64|  32|   32|          0|
    |height_diff_2_reg_2970                          |   64|  32|   32|          0|
    |height_diff_3_reg_2946                          |   64|  32|   32|          0|
    |icmp_ln109_reg_2362                             |   64|  32|    1|          0|
    |icmp_ln111_reg_2469                             |   64|  32|    1|          0|
    |icmp_ln128_1_reg_2837                           |   64|  32|    1|          0|
    |icmp_ln128_reg_2895                             |   64|  32|    1|          0|
    |mul_ln111_reg_2394                              |   64|  32|   10|          0|
    |mul_ln117_reg_2611                              |   64|  32|   12|          0|
    |my_spillage_level_8_reg_2999                    |   64|  32|   32|          0|
    |neighbor_height_2_reg_2797                      |   64|  32|   32|          0|
    |neighbor_height_4_reg_2900                      |   64|  32|   32|          0|
    |neighbor_height_6_reg_2842                      |   64|  32|   32|          0|
    |neighbor_height_8_reg_2693                      |   64|  32|   32|          0|
    |neighbor_height_reg_2789                        |   64|  32|   32|          0|
    |new_col_1_reg_2503                              |   64|  32|    7|          0|
    |new_col_2_reg_2510                              |   64|  32|    6|          0|
    |new_row_1_reg_2448                              |   64|  32|    6|          0|
    |new_row_reg_2436                                |   64|  32|    7|          0|
    |or_ln139_reg_2850                               |   64|  32|    1|          0|
    |p_ground_load_reg_2668                          |   64|  32|   32|          0|
    |proportion_reg_3028                             |   64|  32|   32|          0|
    |select_ln109_reg_2380                           |   64|  32|    6|          0|
    |select_ln52_reg_2371                            |   64|  32|    6|          0|
    |spillage_flag_addr_reg_2643                     |   64|  32|   12|          0|
    |spillage_from_neigh_1_addr_reg_2688             |   64|  32|   12|          0|
    |spillage_from_neigh_2_addr_reg_2749             |   64|  32|   12|          0|
    |spillage_from_neigh_3_addr_reg_2724             |   64|  32|   12|          0|
    |spillage_from_neigh_addr_reg_2663               |   64|  32|   12|          0|
    |spillage_level_addr_reg_2648                    |   64|  32|   12|          0|
    |sum_diff_1_reg_2986                             |   64|  32|   32|          0|
    |sum_diff_3_reg_3005                             |   64|  32|   32|          0|
    |sum_diff_5_reg_3011                             |   64|  32|   32|          0|
    |zext_ln111_reg_2400                             |   64|  32|   10|          5|
    +------------------------------------------------+-----+----+-----+-----------+
    |Total                                           |35788|1568|33329|         10|
    +------------------------------------------------+-----+----+-----+-----------+



================================================================
== Interface
================================================================
* Summary: 
+--------------------------------------------+-----+-----+------------+--------------------------------------------------------+--------------+
|                  RTL Ports                 | Dir | Bits|  Protocol  |                      Source Object                     |    C Type    |
+--------------------------------------------+-----+-----+------------+--------------------------------------------------------+--------------+
|ap_clk                                      |   in|    1|  ap_ctrl_hs|  do_compute_Pipeline_VITIS_LOOP_109_9_VITIS_LOOP_110_10|  return value|
|ap_rst                                      |   in|    1|  ap_ctrl_hs|  do_compute_Pipeline_VITIS_LOOP_109_9_VITIS_LOOP_110_10|  return value|
|ap_start                                    |   in|    1|  ap_ctrl_hs|  do_compute_Pipeline_VITIS_LOOP_109_9_VITIS_LOOP_110_10|  return value|
|ap_done                                     |  out|    1|  ap_ctrl_hs|  do_compute_Pipeline_VITIS_LOOP_109_9_VITIS_LOOP_110_10|  return value|
|ap_idle                                     |  out|    1|  ap_ctrl_hs|  do_compute_Pipeline_VITIS_LOOP_109_9_VITIS_LOOP_110_10|  return value|
|ap_ready                                    |  out|    1|  ap_ctrl_hs|  do_compute_Pipeline_VITIS_LOOP_109_9_VITIS_LOOP_110_10|  return value|
|grp_fu_450_p_din0                           |  out|   32|  ap_ctrl_hs|  do_compute_Pipeline_VITIS_LOOP_109_9_VITIS_LOOP_110_10|  return value|
|grp_fu_450_p_din1                           |  out|   32|  ap_ctrl_hs|  do_compute_Pipeline_VITIS_LOOP_109_9_VITIS_LOOP_110_10|  return value|
|grp_fu_450_p_opcode                         |  out|    1|  ap_ctrl_hs|  do_compute_Pipeline_VITIS_LOOP_109_9_VITIS_LOOP_110_10|  return value|
|grp_fu_450_p_dout0                          |   in|   32|  ap_ctrl_hs|  do_compute_Pipeline_VITIS_LOOP_109_9_VITIS_LOOP_110_10|  return value|
|grp_fu_450_p_ce                             |  out|    1|  ap_ctrl_hs|  do_compute_Pipeline_VITIS_LOOP_109_9_VITIS_LOOP_110_10|  return value|
|grp_fu_455_p_din0                           |  out|   32|  ap_ctrl_hs|  do_compute_Pipeline_VITIS_LOOP_109_9_VITIS_LOOP_110_10|  return value|
|grp_fu_455_p_din1                           |  out|   32|  ap_ctrl_hs|  do_compute_Pipeline_VITIS_LOOP_109_9_VITIS_LOOP_110_10|  return value|
|grp_fu_455_p_opcode                         |  out|    2|  ap_ctrl_hs|  do_compute_Pipeline_VITIS_LOOP_109_9_VITIS_LOOP_110_10|  return value|
|grp_fu_455_p_dout0                          |   in|   32|  ap_ctrl_hs|  do_compute_Pipeline_VITIS_LOOP_109_9_VITIS_LOOP_110_10|  return value|
|grp_fu_455_p_ce                             |  out|    1|  ap_ctrl_hs|  do_compute_Pipeline_VITIS_LOOP_109_9_VITIS_LOOP_110_10|  return value|
|grp_fu_459_p_din0                           |  out|   32|  ap_ctrl_hs|  do_compute_Pipeline_VITIS_LOOP_109_9_VITIS_LOOP_110_10|  return value|
|grp_fu_459_p_din1                           |  out|   32|  ap_ctrl_hs|  do_compute_Pipeline_VITIS_LOOP_109_9_VITIS_LOOP_110_10|  return value|
|grp_fu_459_p_opcode                         |  out|    2|  ap_ctrl_hs|  do_compute_Pipeline_VITIS_LOOP_109_9_VITIS_LOOP_110_10|  return value|
|grp_fu_459_p_dout0                          |   in|   32|  ap_ctrl_hs|  do_compute_Pipeline_VITIS_LOOP_109_9_VITIS_LOOP_110_10|  return value|
|grp_fu_459_p_ce                             |  out|    1|  ap_ctrl_hs|  do_compute_Pipeline_VITIS_LOOP_109_9_VITIS_LOOP_110_10|  return value|
|grp_fu_464_p_din0                           |  out|   32|  ap_ctrl_hs|  do_compute_Pipeline_VITIS_LOOP_109_9_VITIS_LOOP_110_10|  return value|
|grp_fu_464_p_din1                           |  out|   32|  ap_ctrl_hs|  do_compute_Pipeline_VITIS_LOOP_109_9_VITIS_LOOP_110_10|  return value|
|grp_fu_464_p_dout0                          |   in|   32|  ap_ctrl_hs|  do_compute_Pipeline_VITIS_LOOP_109_9_VITIS_LOOP_110_10|  return value|
|grp_fu_464_p_ce                             |  out|    1|  ap_ctrl_hs|  do_compute_Pipeline_VITIS_LOOP_109_9_VITIS_LOOP_110_10|  return value|
|grp_fu_469_p_din0                           |  out|   32|  ap_ctrl_hs|  do_compute_Pipeline_VITIS_LOOP_109_9_VITIS_LOOP_110_10|  return value|
|grp_fu_469_p_din1                           |  out|   32|  ap_ctrl_hs|  do_compute_Pipeline_VITIS_LOOP_109_9_VITIS_LOOP_110_10|  return value|
|grp_fu_469_p_dout0                          |   in|   32|  ap_ctrl_hs|  do_compute_Pipeline_VITIS_LOOP_109_9_VITIS_LOOP_110_10|  return value|
|grp_fu_469_p_ce                             |  out|    1|  ap_ctrl_hs|  do_compute_Pipeline_VITIS_LOOP_109_9_VITIS_LOOP_110_10|  return value|
|grp_fu_474_p_din0                           |  out|   32|  ap_ctrl_hs|  do_compute_Pipeline_VITIS_LOOP_109_9_VITIS_LOOP_110_10|  return value|
|grp_fu_474_p_din1                           |  out|   32|  ap_ctrl_hs|  do_compute_Pipeline_VITIS_LOOP_109_9_VITIS_LOOP_110_10|  return value|
|grp_fu_474_p_dout0                          |   in|   32|  ap_ctrl_hs|  do_compute_Pipeline_VITIS_LOOP_109_9_VITIS_LOOP_110_10|  return value|
|grp_fu_474_p_ce                             |  out|    1|  ap_ctrl_hs|  do_compute_Pipeline_VITIS_LOOP_109_9_VITIS_LOOP_110_10|  return value|
|grp_fu_481_p_din0                           |  out|   32|  ap_ctrl_hs|  do_compute_Pipeline_VITIS_LOOP_109_9_VITIS_LOOP_110_10|  return value|
|grp_fu_481_p_din1                           |  out|   32|  ap_ctrl_hs|  do_compute_Pipeline_VITIS_LOOP_109_9_VITIS_LOOP_110_10|  return value|
|grp_fu_481_p_dout0                          |   in|   32|  ap_ctrl_hs|  do_compute_Pipeline_VITIS_LOOP_109_9_VITIS_LOOP_110_10|  return value|
|grp_fu_481_p_ce                             |  out|    1|  ap_ctrl_hs|  do_compute_Pipeline_VITIS_LOOP_109_9_VITIS_LOOP_110_10|  return value|
|grp_fu_486_p_din0                           |  out|   32|  ap_ctrl_hs|  do_compute_Pipeline_VITIS_LOOP_109_9_VITIS_LOOP_110_10|  return value|
|grp_fu_486_p_din1                           |  out|   32|  ap_ctrl_hs|  do_compute_Pipeline_VITIS_LOOP_109_9_VITIS_LOOP_110_10|  return value|
|grp_fu_486_p_dout0                          |   in|   32|  ap_ctrl_hs|  do_compute_Pipeline_VITIS_LOOP_109_9_VITIS_LOOP_110_10|  return value|
|grp_fu_486_p_ce                             |  out|    1|  ap_ctrl_hs|  do_compute_Pipeline_VITIS_LOOP_109_9_VITIS_LOOP_110_10|  return value|
|grp_fu_1441_p_din0                          |  out|   32|  ap_ctrl_hs|  do_compute_Pipeline_VITIS_LOOP_109_9_VITIS_LOOP_110_10|  return value|
|grp_fu_1441_p_dout0                         |   in|   32|  ap_ctrl_hs|  do_compute_Pipeline_VITIS_LOOP_109_9_VITIS_LOOP_110_10|  return value|
|grp_fu_1441_p_ce                            |  out|    1|  ap_ctrl_hs|  do_compute_Pipeline_VITIS_LOOP_109_9_VITIS_LOOP_110_10|  return value|
|grp_fu_497_p_din0                           |  out|   32|  ap_ctrl_hs|  do_compute_Pipeline_VITIS_LOOP_109_9_VITIS_LOOP_110_10|  return value|
|grp_fu_497_p_dout0                          |   in|   64|  ap_ctrl_hs|  do_compute_Pipeline_VITIS_LOOP_109_9_VITIS_LOOP_110_10|  return value|
|grp_fu_497_p_ce                             |  out|    1|  ap_ctrl_hs|  do_compute_Pipeline_VITIS_LOOP_109_9_VITIS_LOOP_110_10|  return value|
|grp_fu_503_p_din0                           |  out|   32|  ap_ctrl_hs|  do_compute_Pipeline_VITIS_LOOP_109_9_VITIS_LOOP_110_10|  return value|
|grp_fu_503_p_din1                           |  out|   32|  ap_ctrl_hs|  do_compute_Pipeline_VITIS_LOOP_109_9_VITIS_LOOP_110_10|  return value|
|grp_fu_503_p_opcode                         |  out|    5|  ap_ctrl_hs|  do_compute_Pipeline_VITIS_LOOP_109_9_VITIS_LOOP_110_10|  return value|
|grp_fu_503_p_dout0                          |   in|    1|  ap_ctrl_hs|  do_compute_Pipeline_VITIS_LOOP_109_9_VITIS_LOOP_110_10|  return value|
|grp_fu_503_p_ce                             |  out|    1|  ap_ctrl_hs|  do_compute_Pipeline_VITIS_LOOP_109_9_VITIS_LOOP_110_10|  return value|
|grp_fu_509_p_din0                           |  out|   32|  ap_ctrl_hs|  do_compute_Pipeline_VITIS_LOOP_109_9_VITIS_LOOP_110_10|  return value|
|grp_fu_509_p_din1                           |  out|   32|  ap_ctrl_hs|  do_compute_Pipeline_VITIS_LOOP_109_9_VITIS_LOOP_110_10|  return value|
|grp_fu_509_p_opcode                         |  out|    5|  ap_ctrl_hs|  do_compute_Pipeline_VITIS_LOOP_109_9_VITIS_LOOP_110_10|  return value|
|grp_fu_509_p_dout0                          |   in|    1|  ap_ctrl_hs|  do_compute_Pipeline_VITIS_LOOP_109_9_VITIS_LOOP_110_10|  return value|
|grp_fu_509_p_ce                             |  out|    1|  ap_ctrl_hs|  do_compute_Pipeline_VITIS_LOOP_109_9_VITIS_LOOP_110_10|  return value|
|grp_fu_514_p_din0                           |  out|   32|  ap_ctrl_hs|  do_compute_Pipeline_VITIS_LOOP_109_9_VITIS_LOOP_110_10|  return value|
|grp_fu_514_p_din1                           |  out|   32|  ap_ctrl_hs|  do_compute_Pipeline_VITIS_LOOP_109_9_VITIS_LOOP_110_10|  return value|
|grp_fu_514_p_opcode                         |  out|    5|  ap_ctrl_hs|  do_compute_Pipeline_VITIS_LOOP_109_9_VITIS_LOOP_110_10|  return value|
|grp_fu_514_p_dout0                          |   in|    1|  ap_ctrl_hs|  do_compute_Pipeline_VITIS_LOOP_109_9_VITIS_LOOP_110_10|  return value|
|grp_fu_514_p_ce                             |  out|    1|  ap_ctrl_hs|  do_compute_Pipeline_VITIS_LOOP_109_9_VITIS_LOOP_110_10|  return value|
|grp_fu_520_p_din0                           |  out|   64|  ap_ctrl_hs|  do_compute_Pipeline_VITIS_LOOP_109_9_VITIS_LOOP_110_10|  return value|
|grp_fu_520_p_din1                           |  out|   64|  ap_ctrl_hs|  do_compute_Pipeline_VITIS_LOOP_109_9_VITIS_LOOP_110_10|  return value|
|grp_fu_520_p_opcode                         |  out|    5|  ap_ctrl_hs|  do_compute_Pipeline_VITIS_LOOP_109_9_VITIS_LOOP_110_10|  return value|
|grp_fu_520_p_dout0                          |   in|    1|  ap_ctrl_hs|  do_compute_Pipeline_VITIS_LOOP_109_9_VITIS_LOOP_110_10|  return value|
|grp_fu_520_p_ce                             |  out|    1|  ap_ctrl_hs|  do_compute_Pipeline_VITIS_LOOP_109_9_VITIS_LOOP_110_10|  return value|
|grp_fu_1433_p_din0                          |  out|   32|  ap_ctrl_hs|  do_compute_Pipeline_VITIS_LOOP_109_9_VITIS_LOOP_110_10|  return value|
|grp_fu_1433_p_din1                          |  out|   34|  ap_ctrl_hs|  do_compute_Pipeline_VITIS_LOOP_109_9_VITIS_LOOP_110_10|  return value|
|grp_fu_1433_p_dout0                         |   in|   65|  ap_ctrl_hs|  do_compute_Pipeline_VITIS_LOOP_109_9_VITIS_LOOP_110_10|  return value|
|grp_fu_1433_p_ce                            |  out|    1|  ap_ctrl_hs|  do_compute_Pipeline_VITIS_LOOP_109_9_VITIS_LOOP_110_10|  return value|
|grp_p_hls_fptosi_float_i32_fu_1437_p_din1   |  out|   32|  ap_ctrl_hs|  do_compute_Pipeline_VITIS_LOOP_109_9_VITIS_LOOP_110_10|  return value|
|grp_p_hls_fptosi_float_i32_fu_1437_p_dout0  |   in|   32|  ap_ctrl_hs|  do_compute_Pipeline_VITIS_LOOP_109_9_VITIS_LOOP_110_10|  return value|
|grp_p_hls_fptosi_float_i32_fu_1437_p_ce     |  out|    1|  ap_ctrl_hs|  do_compute_Pipeline_VITIS_LOOP_109_9_VITIS_LOOP_110_10|  return value|
|grp_p_hls_fptosi_float_i32_fu_1437_p_start  |  out|    1|  ap_ctrl_hs|  do_compute_Pipeline_VITIS_LOOP_109_9_VITIS_LOOP_110_10|  return value|
|grp_p_hls_fptosi_float_i32_fu_1437_p_ready  |   in|    1|  ap_ctrl_hs|  do_compute_Pipeline_VITIS_LOOP_109_9_VITIS_LOOP_110_10|  return value|
|grp_p_hls_fptosi_float_i32_fu_1437_p_done   |   in|    1|  ap_ctrl_hs|  do_compute_Pipeline_VITIS_LOOP_109_9_VITIS_LOOP_110_10|  return value|
|grp_p_hls_fptosi_float_i32_fu_1437_p_idle   |   in|    1|  ap_ctrl_hs|  do_compute_Pipeline_VITIS_LOOP_109_9_VITIS_LOOP_110_10|  return value|
|grp_p_hls_fptosi_float_i32_fu_1444_p_din1   |  out|   32|  ap_ctrl_hs|  do_compute_Pipeline_VITIS_LOOP_109_9_VITIS_LOOP_110_10|  return value|
|grp_p_hls_fptosi_float_i32_fu_1444_p_dout0  |   in|   32|  ap_ctrl_hs|  do_compute_Pipeline_VITIS_LOOP_109_9_VITIS_LOOP_110_10|  return value|
|grp_p_hls_fptosi_float_i32_fu_1444_p_ce     |  out|    1|  ap_ctrl_hs|  do_compute_Pipeline_VITIS_LOOP_109_9_VITIS_LOOP_110_10|  return value|
|grp_p_hls_fptosi_float_i32_fu_1444_p_start  |  out|    1|  ap_ctrl_hs|  do_compute_Pipeline_VITIS_LOOP_109_9_VITIS_LOOP_110_10|  return value|
|grp_p_hls_fptosi_float_i32_fu_1444_p_ready  |   in|    1|  ap_ctrl_hs|  do_compute_Pipeline_VITIS_LOOP_109_9_VITIS_LOOP_110_10|  return value|
|grp_p_hls_fptosi_float_i32_fu_1444_p_done   |   in|    1|  ap_ctrl_hs|  do_compute_Pipeline_VITIS_LOOP_109_9_VITIS_LOOP_110_10|  return value|
|grp_p_hls_fptosi_float_i32_fu_1444_p_idle   |   in|    1|  ap_ctrl_hs|  do_compute_Pipeline_VITIS_LOOP_109_9_VITIS_LOOP_110_10|  return value|
|empty                                       |   in|  416|     ap_none|                                                   empty|        scalar|
|p_ground_address0                           |  out|   12|   ap_memory|                                                p_ground|         array|
|p_ground_ce0                                |  out|    1|   ap_memory|                                                p_ground|         array|
|p_ground_q0                                 |   in|   32|   ap_memory|                                                p_ground|         array|
|p_ground_address1                           |  out|   12|   ap_memory|                                                p_ground|         array|
|p_ground_ce1                                |  out|    1|   ap_memory|                                                p_ground|         array|
|p_ground_q1                                 |   in|   32|   ap_memory|                                                p_ground|         array|
|spillage_flag_address0                      |  out|   12|   ap_memory|                                           spillage_flag|         array|
|spillage_flag_ce0                           |  out|    1|   ap_memory|                                           spillage_flag|         array|
|spillage_flag_we0                           |  out|    1|   ap_memory|                                           spillage_flag|         array|
|spillage_flag_d0                            |  out|   32|   ap_memory|                                           spillage_flag|         array|
|spillage_level_address0                     |  out|   12|   ap_memory|                                          spillage_level|         array|
|spillage_level_ce0                          |  out|    1|   ap_memory|                                          spillage_level|         array|
|spillage_level_we0                          |  out|    1|   ap_memory|                                          spillage_level|         array|
|spillage_level_d0                           |  out|   32|   ap_memory|                                          spillage_level|         array|
|water_level_address0                        |  out|   10|   ap_memory|                                             water_level|         array|
|water_level_ce0                             |  out|    1|   ap_memory|                                             water_level|         array|
|water_level_q0                              |   in|   32|   ap_memory|                                             water_level|         array|
|water_level_address1                        |  out|   10|   ap_memory|                                             water_level|         array|
|water_level_ce1                             |  out|    1|   ap_memory|                                             water_level|         array|
|water_level_q1                              |   in|   32|   ap_memory|                                             water_level|         array|
|water_level_1_address0                      |  out|   10|   ap_memory|                                           water_level_1|         array|
|water_level_1_ce0                           |  out|    1|   ap_memory|                                           water_level_1|         array|
|water_level_1_q0                            |   in|   32|   ap_memory|                                           water_level_1|         array|
|water_level_1_address1                      |  out|   10|   ap_memory|                                           water_level_1|         array|
|water_level_1_ce1                           |  out|    1|   ap_memory|                                           water_level_1|         array|
|water_level_1_q1                            |   in|   32|   ap_memory|                                           water_level_1|         array|
|water_level_2_address0                      |  out|   10|   ap_memory|                                           water_level_2|         array|
|water_level_2_ce0                           |  out|    1|   ap_memory|                                           water_level_2|         array|
|water_level_2_q0                            |   in|   32|   ap_memory|                                           water_level_2|         array|
|water_level_2_address1                      |  out|   10|   ap_memory|                                           water_level_2|         array|
|water_level_2_ce1                           |  out|    1|   ap_memory|                                           water_level_2|         array|
|water_level_2_q1                            |   in|   32|   ap_memory|                                           water_level_2|         array|
|spillage_from_neigh_address0                |  out|   12|   ap_memory|                                     spillage_from_neigh|         array|
|spillage_from_neigh_ce0                     |  out|    1|   ap_memory|                                     spillage_from_neigh|         array|
|spillage_from_neigh_we0                     |  out|    1|   ap_memory|                                     spillage_from_neigh|         array|
|spillage_from_neigh_d0                      |  out|   32|   ap_memory|                                     spillage_from_neigh|         array|
|spillage_from_neigh_1_address0              |  out|   12|   ap_memory|                                   spillage_from_neigh_1|         array|
|spillage_from_neigh_1_ce0                   |  out|    1|   ap_memory|                                   spillage_from_neigh_1|         array|
|spillage_from_neigh_1_we0                   |  out|    1|   ap_memory|                                   spillage_from_neigh_1|         array|
|spillage_from_neigh_1_d0                    |  out|   32|   ap_memory|                                   spillage_from_neigh_1|         array|
|spillage_from_neigh_2_address0              |  out|   12|   ap_memory|                                   spillage_from_neigh_2|         array|
|spillage_from_neigh_2_ce0                   |  out|    1|   ap_memory|                                   spillage_from_neigh_2|         array|
|spillage_from_neigh_2_we0                   |  out|    1|   ap_memory|                                   spillage_from_neigh_2|         array|
|spillage_from_neigh_2_d0                    |  out|   32|   ap_memory|                                   spillage_from_neigh_2|         array|
|spillage_from_neigh_3_address0              |  out|   12|   ap_memory|                                   spillage_from_neigh_3|         array|
|spillage_from_neigh_3_ce0                   |  out|    1|   ap_memory|                                   spillage_from_neigh_3|         array|
|spillage_from_neigh_3_we0                   |  out|    1|   ap_memory|                                   spillage_from_neigh_3|         array|
|spillage_from_neigh_3_d0                    |  out|   32|   ap_memory|                                   spillage_from_neigh_3|         array|
|p_out                                       |  out|  416|      ap_vld|                                                   p_out|       pointer|
|p_out_ap_vld                                |  out|    1|      ap_vld|                                                   p_out|       pointer|
+--------------------------------------------+-----+-----+------------+--------------------------------------------------------+--------------+

