

================================================================
== Vitis HLS Report for 'do_compute_Pipeline_VITIS_LOOP_234_13_VITIS_LOOP_235_14'
================================================================
* Date:           Sun May 17 15:55:01 2026

* Version:        2024.1 (Build 5069499 on May 21 2024)
* Project:        .tiny_dam_base_enabled
* Solution:       solution_FLOOD_HLS_base (Vivado IP Flow Target)
* Product family: virtexuplusHBM
* Target device:  xcu50-fsvh2104-2-e


================================================================
== Performance Estimates
================================================================
+ Timing: 
    * Summary: 
    +--------+---------+----------+------------+
    |  Clock |  Target | Estimated| Uncertainty|
    +--------+---------+----------+------------+
    |ap_clk  |  4.00 ns|  2.480 ns|     1.08 ns|
    +--------+---------+----------+------------+

+ Latency: 
    * Summary: 
    +---------+---------+-----------+-----------+------+------+-----------------------------------------------+
    |  Latency (cycles) |   Latency (absolute)  |   Interval  |                    Pipeline                   |
    |   min   |   max   |    min    |    max    |  min |  max |                      Type                     |
    +---------+---------+-----------+-----------+------+------+-----------------------------------------------+
    |     2504|     2504|  10.016 us|  10.016 us|  2501|  2501|  loop auto-rewind stp(delay=0 clock cycles(s))|
    +---------+---------+-----------+-----------+------+------+-----------------------------------------------+

    + Detail: 
        * Instance: 
        N/A

        * Loop: 
        +---------------------------------------+---------+---------+----------+-----------+-----------+------+----------+
        |                                       |  Latency (cycles) | Iteration|  Initiation Interval  | Trip |          |
        |               Loop Name               |   min   |   max   |  Latency |  achieved |   target  | Count| Pipelined|
        +---------------------------------------+---------+---------+----------+-----------+-----------+------+----------+
        |- VITIS_LOOP_234_13_VITIS_LOOP_235_14  |     2502|     2502|         4|          1|          1|  2500|       yes|
        +---------------------------------------+---------+---------+----------+-----------+-----------+------+----------+

============================================================
+ Verbose Summary: Synthesis Manager
============================================================
InlineROM: 1
ExposeGlobal: 0
============================================================
+ Verbose Summary: CDFG Model
============================================================
IsTopModel: 0
ResetActiveHigh: 1
IsCombinational: 0
IsDatapathOnly: 0
HasWiredReturn: 1
HasMFsm: 2
HasVarLatency: 1
IsPipeline: 0
IsRtlPipelined: 0
IsInstanceOverlapped: 0
IsDontTouch: 0
HasImplIP: 0
IsGatedGlobalClock: 0

+ Individual pipeline summary: 
  * Pipeline-0: initiation interval (II) = 1, depth = 4


============================================================
+ Verbose Summary: Schedule
============================================================
* Number of FSM states : 4
* Pipeline : 1
  Pipeline-0 : II = 1, D = 4, States = { 1 2 3 4 }
* Dataflow Pipeline: 0

* FSM state transitions: 
1 --> 2 
2 --> 3 
3 --> 4 
4 --> 

* FSM state operations: 

State 1 <SV = 0> <Delay = 2.48>
ST_1 : Operation 7 [1/1] (0.00ns)   --->   "%col_pos = alloca i32 1" [flood_HLS_base.cpp:52]   --->   Operation 7 'alloca' 'col_pos' <Predicate = true> <Delay = 0.00>
ST_1 : Operation 8 [1/1] (0.00ns)   --->   "%row_pos = alloca i32 1" [flood_HLS_base.cpp:52]   --->   Operation 8 'alloca' 'row_pos' <Predicate = true> <Delay = 0.00>
ST_1 : Operation 9 [1/1] (0.00ns)   --->   "%indvar_flatten25 = alloca i32 1"   --->   Operation 9 'alloca' 'indvar_flatten25' <Predicate = true> <Delay = 0.00>
ST_1 : Operation 10 [1/1] (0.38ns)   --->   "%store_ln0 = store i12 0, i12 %indvar_flatten25"   --->   Operation 10 'store' 'store_ln0' <Predicate = true> <Delay = 0.38>
ST_1 : Operation 11 [1/1] (0.38ns)   --->   "%store_ln52 = store i6 0, i6 %row_pos" [flood_HLS_base.cpp:52]   --->   Operation 11 'store' 'store_ln52' <Predicate = true> <Delay = 0.38>
ST_1 : Operation 12 [1/1] (0.38ns)   --->   "%store_ln52 = store i6 0, i6 %col_pos" [flood_HLS_base.cpp:52]   --->   Operation 12 'store' 'store_ln52' <Predicate = true> <Delay = 0.38>
ST_1 : Operation 13 [1/1] (0.00ns)   --->   "%br_ln0 = br void %VITIS_LOOP_236_15"   --->   Operation 13 'br' 'br_ln0' <Predicate = true> <Delay = 0.00>
ST_1 : Operation 14 [1/1] (0.00ns)   --->   "%indvar_flatten25_load = load i12 %indvar_flatten25" [flood_HLS_base.cpp:234]   --->   Operation 14 'load' 'indvar_flatten25_load' <Predicate = true> <Delay = 0.00>
ST_1 : Operation 15 [1/1] (0.74ns)   --->   "%icmp_ln234 = icmp_eq  i12 %indvar_flatten25_load, i12 2500" [flood_HLS_base.cpp:234]   --->   Operation 15 'icmp' 'icmp_ln234' <Predicate = true> <Delay = 0.74> <CoreInst = "Cmp">   --->   Core 9 'Cmp' <Latency = 0> <II = 1> <Delay = 0.74> <FuncUnit> <Opcode : 'seteq' 'setne' 'setle' 'setge' 'setlt' 'setgt'> <InPorts = 2> <OutPorts = 1>
ST_1 : Operation 16 [1/1] (0.74ns)   --->   "%add_ln234_1 = add i12 %indvar_flatten25_load, i12 1" [flood_HLS_base.cpp:234]   --->   Operation 16 'add' 'add_ln234_1' <Predicate = true> <Delay = 0.74> <CoreInst = "Adder">   --->   Core 1 'Adder' <Latency = 0> <II = 1> <Delay = 0.74> <FuncUnit> <Opcode : 'add' 'sub'> <InPorts = 2> <OutPorts = 1>
ST_1 : Operation 17 [1/1] (0.00ns)   --->   "%br_ln234 = br i1 %icmp_ln234, void %for.inc516, void %for.inc519.exitStub" [flood_HLS_base.cpp:234]   --->   Operation 17 'br' 'br_ln234' <Predicate = true> <Delay = 0.00>
ST_1 : Operation 18 [1/1] (0.00ns)   --->   "%col_pos_load = load i6 %col_pos" [flood_HLS_base.cpp:235]   --->   Operation 18 'load' 'col_pos_load' <Predicate = (!icmp_ln234)> <Delay = 0.00>
ST_1 : Operation 19 [1/1] (0.00ns)   --->   "%row_pos_load = load i6 %row_pos" [flood_HLS_base.cpp:234]   --->   Operation 19 'load' 'row_pos_load' <Predicate = (!icmp_ln234)> <Delay = 0.00>
ST_1 : Operation 20 [1/1] (0.70ns)   --->   "%add_ln234 = add i6 %row_pos_load, i6 1" [flood_HLS_base.cpp:234]   --->   Operation 20 'add' 'add_ln234' <Predicate = (!icmp_ln234)> <Delay = 0.70> <CoreInst = "Adder">   --->   Core 1 'Adder' <Latency = 0> <II = 1> <Delay = 0.70> <FuncUnit> <Opcode : 'add' 'sub'> <InPorts = 2> <OutPorts = 1>
ST_1 : Operation 21 [1/1] (0.70ns)   --->   "%icmp_ln235 = icmp_eq  i6 %col_pos_load, i6 50" [flood_HLS_base.cpp:235]   --->   Operation 21 'icmp' 'icmp_ln235' <Predicate = (!icmp_ln234)> <Delay = 0.70> <CoreInst = "Cmp">   --->   Core 9 'Cmp' <Latency = 0> <II = 1> <Delay = 0.70> <FuncUnit> <Opcode : 'seteq' 'setne' 'setle' 'setge' 'setlt' 'setgt'> <InPorts = 2> <OutPorts = 1>
ST_1 : Operation 22 [1/1] (0.29ns)   --->   "%select_ln52 = select i1 %icmp_ln235, i6 0, i6 %col_pos_load" [flood_HLS_base.cpp:52]   --->   Operation 22 'select' 'select_ln52' <Predicate = (!icmp_ln234)> <Delay = 0.29> <CoreInst = "Sel">   --->   Core 73 'Sel' <Latency = 0> <II = 1> <Delay = 0.29> <FuncUnit> <Opcode : 'select'> <InPorts = 3> <OutPorts = 1>
ST_1 : Operation 23 [1/1] (0.29ns)   --->   "%select_ln234 = select i1 %icmp_ln235, i6 %add_ln234, i6 %row_pos_load" [flood_HLS_base.cpp:234]   --->   Operation 23 'select' 'select_ln234' <Predicate = (!icmp_ln234)> <Delay = 0.29> <CoreInst = "Sel">   --->   Core 73 'Sel' <Latency = 0> <II = 1> <Delay = 0.29> <FuncUnit> <Opcode : 'select'> <InPorts = 3> <OutPorts = 1>
ST_1 : Operation 24 [1/1] (0.00ns)   --->   "%zext_ln241 = zext i6 %select_ln234" [flood_HLS_base.cpp:241]   --->   Operation 24 'zext' 'zext_ln241' <Predicate = (!icmp_ln234)> <Delay = 0.00>
ST_1 : Operation 25 [3/3] (0.99ns) (grouped into DSP with root node add_ln241)   --->   "%mul_ln241 = mul i12 %zext_ln241, i12 50" [flood_HLS_base.cpp:241]   --->   Operation 25 'mul' 'mul_ln241' <Predicate = (!icmp_ln234)> <Delay = 0.99> <CoreInst = "DSP48">   --->   Core 124 'DSP48' <Latency = 3> <II = 1> <Delay = 0.53> <IPBlock> <Opcode : '' 'add' 'sub' 'mul' 'select'> <InPorts = 0> <OutPorts = 1> <Sync> <CReg>
ST_1 : Operation 26 [1/1] (0.70ns)   --->   "%add_ln235 = add i6 %select_ln52, i6 1" [flood_HLS_base.cpp:235]   --->   Operation 26 'add' 'add_ln235' <Predicate = (!icmp_ln234)> <Delay = 0.70> <CoreInst = "Adder">   --->   Core 1 'Adder' <Latency = 0> <II = 1> <Delay = 0.70> <FuncUnit> <Opcode : 'add' 'sub'> <InPorts = 2> <OutPorts = 1>
ST_1 : Operation 27 [1/1] (0.38ns)   --->   "%store_ln234 = store i12 %add_ln234_1, i12 %indvar_flatten25" [flood_HLS_base.cpp:234]   --->   Operation 27 'store' 'store_ln234' <Predicate = (!icmp_ln234)> <Delay = 0.38>
ST_1 : Operation 28 [1/1] (0.38ns)   --->   "%store_ln52 = store i6 %select_ln234, i6 %row_pos" [flood_HLS_base.cpp:52]   --->   Operation 28 'store' 'store_ln52' <Predicate = (!icmp_ln234)> <Delay = 0.38>
ST_1 : Operation 29 [1/1] (0.38ns)   --->   "%store_ln52 = store i6 %add_ln235, i6 %col_pos" [flood_HLS_base.cpp:52]   --->   Operation 29 'store' 'store_ln52' <Predicate = (!icmp_ln234)> <Delay = 0.38>

State 2 <SV = 1> <Delay = 0.99>
ST_2 : Operation 30 [2/3] (0.99ns) (grouped into DSP with root node add_ln241)   --->   "%mul_ln241 = mul i12 %zext_ln241, i12 50" [flood_HLS_base.cpp:241]   --->   Operation 30 'mul' 'mul_ln241' <Predicate = true> <Delay = 0.99> <CoreInst = "DSP48">   --->   Core 124 'DSP48' <Latency = 3> <II = 1> <Delay = 0.53> <IPBlock> <Opcode : '' 'add' 'sub' 'mul' 'select'> <InPorts = 0> <OutPorts = 1> <Sync> <CReg>

State 3 <SV = 2> <Delay = 0.64>
ST_3 : Operation 31 [1/3] (0.00ns) (grouped into DSP with root node add_ln241)   --->   "%mul_ln241 = mul i12 %zext_ln241, i12 50" [flood_HLS_base.cpp:241]   --->   Operation 31 'mul' 'mul_ln241' <Predicate = true> <Delay = 0.00> <CoreInst = "DSP48">   --->   Core 124 'DSP48' <Latency = 3> <II = 1> <Delay = 0.53> <IPBlock> <Opcode : '' 'add' 'sub' 'mul' 'select'> <InPorts = 0> <OutPorts = 1> <Sync> <CReg>
ST_3 : Operation 32 [1/1] (0.00ns)   --->   "%zext_ln241_1 = zext i6 %select_ln52" [flood_HLS_base.cpp:241]   --->   Operation 32 'zext' 'zext_ln241_1' <Predicate = true> <Delay = 0.00>
ST_3 : Operation 33 [2/2] (0.64ns) (root node of the DSP)   --->   "%add_ln241 = add i12 %mul_ln241, i12 %zext_ln241_1" [flood_HLS_base.cpp:241]   --->   Operation 33 'add' 'add_ln241' <Predicate = true> <Delay = 0.64> <CoreInst = "DSP48">   --->   Core 124 'DSP48' <Latency = 3> <II = 1> <Delay = 0.53> <IPBlock> <Opcode : '' 'add' 'sub' 'mul' 'select'> <InPorts = 0> <OutPorts = 1> <Sync> <CReg>
ST_3 : Operation 52 [1/1] (0.38ns)   --->   "%ret_ln0 = ret"   --->   Operation 52 'ret' 'ret_ln0' <Predicate = (icmp_ln234)> <Delay = 0.38>

State 4 <SV = 3> <Delay = 2.29>
ST_4 : Operation 34 [1/1] (0.00ns)   --->   "%specloopname_ln0 = specloopname void @_ssdm_op_SpecLoopName, void @VITIS_LOOP_234_13_VITIS_LOOP_235_14_str"   --->   Operation 34 'specloopname' 'specloopname_ln0' <Predicate = true> <Delay = 0.00>
ST_4 : Operation 35 [1/1] (0.00ns)   --->   "%speclooptripcount_ln0 = speclooptripcount void @_ssdm_op_SpecLoopTripCount, i64 2500, i64 2500, i64 2500"   --->   Operation 35 'speclooptripcount' 'speclooptripcount_ln0' <Predicate = true> <Delay = 0.00>
ST_4 : Operation 36 [1/2] (0.64ns) (root node of the DSP)   --->   "%add_ln241 = add i12 %mul_ln241, i12 %zext_ln241_1" [flood_HLS_base.cpp:241]   --->   Operation 36 'add' 'add_ln241' <Predicate = true> <Delay = 0.64> <CoreInst = "DSP48">   --->   Core 124 'DSP48' <Latency = 3> <II = 1> <Delay = 0.53> <IPBlock> <Opcode : '' 'add' 'sub' 'mul' 'select'> <InPorts = 0> <OutPorts = 1> <Sync> <CReg>
ST_4 : Operation 37 [1/1] (0.00ns)   --->   "%zext_ln241_2 = zext i12 %add_ln241" [flood_HLS_base.cpp:241]   --->   Operation 37 'zext' 'zext_ln241_2' <Predicate = true> <Delay = 0.00>
ST_4 : Operation 38 [1/1] (0.00ns)   --->   "%spillage_flag_addr = getelementptr i32 %spillage_flag, i64 0, i64 %zext_ln241_2" [flood_HLS_base.cpp:241]   --->   Operation 38 'getelementptr' 'spillage_flag_addr' <Predicate = true> <Delay = 0.00>
ST_4 : Operation 39 [1/1] (0.00ns)   --->   "%spillage_level_addr = getelementptr i32 %spillage_level, i64 0, i64 %zext_ln241_2" [flood_HLS_base.cpp:242]   --->   Operation 39 'getelementptr' 'spillage_level_addr' <Predicate = true> <Delay = 0.00>
ST_4 : Operation 40 [1/1] (0.00ns)   --->   "%spillage_from_neigh_addr = getelementptr i32 %spillage_from_neigh, i64 0, i64 %zext_ln241_2" [flood_HLS_base.cpp:239]   --->   Operation 40 'getelementptr' 'spillage_from_neigh_addr' <Predicate = true> <Delay = 0.00>
ST_4 : Operation 41 [1/1] (0.00ns)   --->   "%spillage_from_neigh_1_addr = getelementptr i32 %spillage_from_neigh_1, i64 0, i64 %zext_ln241_2" [flood_HLS_base.cpp:239]   --->   Operation 41 'getelementptr' 'spillage_from_neigh_1_addr' <Predicate = true> <Delay = 0.00>
ST_4 : Operation 42 [1/1] (0.00ns)   --->   "%spillage_from_neigh_2_addr = getelementptr i32 %spillage_from_neigh_2, i64 0, i64 %zext_ln241_2" [flood_HLS_base.cpp:239]   --->   Operation 42 'getelementptr' 'spillage_from_neigh_2_addr' <Predicate = true> <Delay = 0.00>
ST_4 : Operation 43 [1/1] (0.00ns)   --->   "%spillage_from_neigh_3_addr = getelementptr i32 %spillage_from_neigh_3, i64 0, i64 %zext_ln241_2" [flood_HLS_base.cpp:239]   --->   Operation 43 'getelementptr' 'spillage_from_neigh_3_addr' <Predicate = true> <Delay = 0.00>
ST_4 : Operation 44 [1/1] (0.00ns)   --->   "%specpipeline_ln52 = specpipeline void @_ssdm_op_SpecPipeline, i32 4294967295, i32 0, i32 0, i32 0, void @empty_3" [flood_HLS_base.cpp:52]   --->   Operation 44 'specpipeline' 'specpipeline_ln52' <Predicate = true> <Delay = 0.00>
ST_4 : Operation 45 [1/1] (1.64ns)   --->   "%store_ln239 = store i32 0, i12 %spillage_from_neigh_addr" [flood_HLS_base.cpp:239]   --->   Operation 45 'store' 'store_ln239' <Predicate = true> <Delay = 1.64> <CoreInst = "RAM">   --->   Core 82 'RAM' <Latency = 1> <II = 1> <Delay = 1.64> <Storage> <Opcode : 'load' 'store'> <Ports = 2> <Width = 32> <Depth = 2500> <RAM>
ST_4 : Operation 46 [1/1] (1.64ns)   --->   "%store_ln239 = store i32 0, i12 %spillage_from_neigh_1_addr" [flood_HLS_base.cpp:239]   --->   Operation 46 'store' 'store_ln239' <Predicate = true> <Delay = 1.64> <CoreInst = "RAM">   --->   Core 82 'RAM' <Latency = 1> <II = 1> <Delay = 1.64> <Storage> <Opcode : 'load' 'store'> <Ports = 2> <Width = 32> <Depth = 2500> <RAM>
ST_4 : Operation 47 [1/1] (1.64ns)   --->   "%store_ln239 = store i32 0, i12 %spillage_from_neigh_2_addr" [flood_HLS_base.cpp:239]   --->   Operation 47 'store' 'store_ln239' <Predicate = true> <Delay = 1.64> <CoreInst = "RAM">   --->   Core 82 'RAM' <Latency = 1> <II = 1> <Delay = 1.64> <Storage> <Opcode : 'load' 'store'> <Ports = 2> <Width = 32> <Depth = 2500> <RAM>
ST_4 : Operation 48 [1/1] (1.64ns)   --->   "%store_ln239 = store i32 0, i12 %spillage_from_neigh_3_addr" [flood_HLS_base.cpp:239]   --->   Operation 48 'store' 'store_ln239' <Predicate = true> <Delay = 1.64> <CoreInst = "RAM">   --->   Core 82 'RAM' <Latency = 1> <II = 1> <Delay = 1.64> <Storage> <Opcode : 'load' 'store'> <Ports = 2> <Width = 32> <Depth = 2500> <RAM>
ST_4 : Operation 49 [1/1] (1.64ns)   --->   "%store_ln241 = store i32 0, i12 %spillage_flag_addr" [flood_HLS_base.cpp:241]   --->   Operation 49 'store' 'store_ln241' <Predicate = true> <Delay = 1.64> <CoreInst = "RAM">   --->   Core 82 'RAM' <Latency = 1> <II = 1> <Delay = 1.64> <Storage> <Opcode : 'load' 'store'> <Ports = 2> <Width = 32> <Depth = 2500> <RAM>
ST_4 : Operation 50 [1/1] (1.64ns)   --->   "%store_ln242 = store i32 0, i12 %spillage_level_addr" [flood_HLS_base.cpp:242]   --->   Operation 50 'store' 'store_ln242' <Predicate = true> <Delay = 1.64> <CoreInst = "RAM">   --->   Core 82 'RAM' <Latency = 1> <II = 1> <Delay = 1.64> <Storage> <Opcode : 'load' 'store'> <Ports = 2> <Width = 32> <Depth = 2500> <RAM>
ST_4 : Operation 51 [1/1] (0.00ns)   --->   "%br_ln235 = br void %VITIS_LOOP_236_15" [flood_HLS_base.cpp:235]   --->   Operation 51 'br' 'br_ln235' <Predicate = true> <Delay = 0.00>


============================================================
+ Verbose Summary: Timing violations
============================================================
Target clock period: 4.000ns, clock uncertainty: 1.080ns.

 <State 1>: 2.480ns
The critical path consists of the following:
	'store' operation 0 bit ('store_ln52', flood_HLS_base.cpp:52) of constant 0 on local variable 'col_pos', flood_HLS_base.cpp:52 [12]  (0.387 ns)
	'load' operation 6 bit ('col_pos_load', flood_HLS_base.cpp:235) on local variable 'col_pos', flood_HLS_base.cpp:52 [20]  (0.000 ns)
	'icmp' operation 1 bit ('icmp_ln235', flood_HLS_base.cpp:235) [25]  (0.706 ns)
	'select' operation 6 bit ('select_ln52', flood_HLS_base.cpp:52) [26]  (0.293 ns)
	'add' operation 6 bit ('add_ln235', flood_HLS_base.cpp:235) [46]  (0.706 ns)
	'store' operation 0 bit ('store_ln52', flood_HLS_base.cpp:52) of variable 'add_ln235', flood_HLS_base.cpp:235 on local variable 'col_pos', flood_HLS_base.cpp:52 [49]  (0.387 ns)

 <State 2>: 0.996ns
The critical path consists of the following:
	'mul' operation 12 bit of DSP[31] ('mul_ln241', flood_HLS_base.cpp:241) [29]  (0.996 ns)

 <State 3>: 0.645ns
The critical path consists of the following:
	'mul' operation 12 bit of DSP[31] ('mul_ln241', flood_HLS_base.cpp:241) [29]  (0.000 ns)
	'add' operation 12 bit of DSP[31] ('add_ln241', flood_HLS_base.cpp:241) [31]  (0.645 ns)

 <State 4>: 2.290ns
The critical path consists of the following:
	'add' operation 12 bit of DSP[31] ('add_ln241', flood_HLS_base.cpp:241) [31]  (0.645 ns)
	'getelementptr' operation 12 bit ('spillage_from_neigh_addr', flood_HLS_base.cpp:239) [35]  (0.000 ns)
	'store' operation 0 bit ('store_ln239', flood_HLS_base.cpp:239) of constant 0 on array 'spillage_from_neigh' [40]  (1.645 ns)


============================================================
+ Verbose Summary: Binding
============================================================
N/A
* FSMD analyzer results:
  - Output states:
 - Input state : 
  - Chain level:
	State 1
	State 2
	State 3
	State 4


============================================================
+ Verbose Summary: Datapath Resource usage 
============================================================
N/A
