

================================================================
== Vitis HLS Report for 'do_compute_Pipeline_VITIS_LOOP_76_5'
================================================================
* Date:           Sun May 17 15:55:00 2026

* Version:        2024.1 (Build 5069499 on May 21 2024)
* Project:        .tiny_dam_base_enabled
* Solution:       solution_FLOOD_HLS_base (Vivado IP Flow Target)
* Product family: virtexuplusHBM
* Target device:  xcu50-fsvh2104-2-e


================================================================
== Performance Estimates
================================================================
+ Timing: 
    * Summary: 
    +--------+---------+----------+------------+
    |  Clock |  Target | Estimated| Uncertainty|
    +--------+---------+----------+------------+
    |ap_clk  |  4.00 ns|  2.342 ns|     1.08 ns|
    +--------+---------+----------+------------+

+ Latency: 
    * Summary: 
    +---------+---------+----------+----------+-----+-----+-----------------------------------------------+
    |  Latency (cycles) |  Latency (absolute) |  Interval |                    Pipeline                   |
    |   min   |   max   |    min   |    max   | min | max |                      Type                     |
    +---------+---------+----------+----------+-----+-----+-----------------------------------------------+
    |       29|       29|  0.116 us|  0.116 us|    8|    8|  loop auto-rewind stp(delay=0 clock cycles(s))|
    +---------+---------+----------+----------+-----+-----+-----------------------------------------------+

    + Detail: 
        * Instance: 
        N/A

        * Loop: 
        +-------------------+---------+---------+----------+-----------+-----------+------+----------+
        |                   |  Latency (cycles) | Iteration|  Initiation Interval  | Trip |          |
        |     Loop Name     |   min   |   max   |  Latency |  achieved |   target  | Count| Pipelined|
        +-------------------+---------+---------+----------+-----------+-----------+------+----------+
        |- VITIS_LOOP_76_5  |       27|       27|        22|          1|          1|     7|       yes|
        +-------------------+---------+---------+----------+-----------+-----------+------+----------+

============================================================
+ Verbose Summary: Synthesis Manager
============================================================
InlineROM: 1
ExposeGlobal: 0
============================================================
+ Verbose Summary: CDFG Model
============================================================
IsTopModel: 0
ResetActiveHigh: 1
IsCombinational: 0
IsDatapathOnly: 0
HasWiredReturn: 1
HasMFsm: 2
HasVarLatency: 1
IsPipeline: 0
IsRtlPipelined: 0
IsInstanceOverlapped: 0
IsDontTouch: 0
HasImplIP: 0
IsGatedGlobalClock: 0

+ Individual pipeline summary: 
  * Pipeline-0: initiation interval (II) = 1, depth = 22


============================================================
+ Verbose Summary: Schedule
============================================================
* Number of FSM states : 22
* Pipeline : 1
  Pipeline-0 : II = 1, D = 22, States = { 1 2 3 4 5 6 7 8 9 10 11 12 13 14 15 16 17 18 19 20 21 22 }
* Dataflow Pipeline: 0

* FSM state transitions: 
1 --> 2 
2 --> 3 
3 --> 4 
4 --> 5 
5 --> 6 
6 --> 7 
7 --> 8 
8 --> 9 
9 --> 10 
10 --> 11 
11 --> 12 
12 --> 13 
13 --> 14 
14 --> 15 
15 --> 16 
16 --> 17 
17 --> 18 
18 --> 19 
19 --> 20 
20 --> 21 
21 --> 22 
22 --> 

* FSM state operations: 

State 1 <SV = 0> <Delay = 1.34>
ST_1 : Operation 25 [1/1] (0.00ns)   --->   "%cloud = alloca i32 1" [flood_HLS_base.cpp:76]   --->   Operation 25 'alloca' 'cloud' <Predicate = true> <Delay = 0.00>
ST_1 : Operation 26 [1/1] (0.00ns)   --->   "%specinterface_ln0 = specinterface void @_ssdm_op_SpecInterface, i224 %p_clouds, void @empty_4, i32 0, i32 0, void @empty_3, i32 4294967295, i32 0, void @empty_3, void @empty_3, void @empty_3, i32 0, i32 0, i32 0, i32 0, void @empty_3, void @empty_3, i32 4294967295, i32 0, i32 0"   --->   Operation 26 'specinterface' 'specinterface_ln0' <Predicate = true> <Delay = 0.00>
ST_1 : Operation 27 [1/1] (0.38ns)   --->   "%store_ln76 = store i3 0, i3 %cloud" [flood_HLS_base.cpp:76]   --->   Operation 27 'store' 'store_ln76' <Predicate = true> <Delay = 0.38>
ST_1 : Operation 28 [1/1] (0.00ns)   --->   "%br_ln0 = br void %for.inc53"   --->   Operation 28 'br' 'br_ln0' <Predicate = true> <Delay = 0.00>
ST_1 : Operation 29 [1/1] (0.00ns)   --->   "%cloud_1 = load i3 %cloud" [flood_HLS_base.cpp:76]   --->   Operation 29 'load' 'cloud_1' <Predicate = true> <Delay = 0.00>
ST_1 : Operation 30 [1/1] (0.57ns)   --->   "%icmp_ln76 = icmp_eq  i3 %cloud_1, i3 7" [flood_HLS_base.cpp:76]   --->   Operation 30 'icmp' 'icmp_ln76' <Predicate = true> <Delay = 0.57> <CoreInst = "Cmp">   --->   Core 9 'Cmp' <Latency = 0> <II = 1> <Delay = 0.57> <FuncUnit> <Opcode : 'seteq' 'setne' 'setle' 'setge' 'setlt' 'setgt'> <InPorts = 2> <OutPorts = 1>
ST_1 : Operation 31 [1/1] (0.57ns)   --->   "%add_ln76 = add i3 %cloud_1, i3 1" [flood_HLS_base.cpp:76]   --->   Operation 31 'add' 'add_ln76' <Predicate = true> <Delay = 0.57> <CoreInst = "Adder">   --->   Core 1 'Adder' <Latency = 0> <II = 1> <Delay = 0.57> <FuncUnit> <Opcode : 'add' 'sub'> <InPorts = 2> <OutPorts = 1>
ST_1 : Operation 32 [1/1] (0.00ns)   --->   "%br_ln76 = br i1 %icmp_ln76, void %for.inc53.split, void %for.body60.preheader.exitStub" [flood_HLS_base.cpp:76]   --->   Operation 32 'br' 'br_ln76' <Predicate = true> <Delay = 0.00>
ST_1 : Operation 33 [1/1] (0.00ns)   --->   "%zext_ln76 = zext i3 %cloud_1" [flood_HLS_base.cpp:76]   --->   Operation 33 'zext' 'zext_ln76' <Predicate = (!icmp_ln76)> <Delay = 0.00>
ST_1 : Operation 34 [1/1] (0.00ns)   --->   "%p_clouds_addr = getelementptr i224 %p_clouds, i64 0, i64 %zext_ln76" [flood_HLS_base.cpp:78]   --->   Operation 34 'getelementptr' 'p_clouds_addr' <Predicate = (!icmp_ln76)> <Delay = 0.00>
ST_1 : Operation 35 [2/2] (0.74ns)   --->   "%p_clouds_load = load i3 %p_clouds_addr" [flood_HLS_base.cpp:78]   --->   Operation 35 'load' 'p_clouds_load' <Predicate = (!icmp_ln76)> <Delay = 0.74> <CoreInst = "RAM">   --->   Core 82 'RAM' <Latency = 1> <II = 1> <Delay = 0.74> <Storage> <Opcode : 'load' 'store'> <Ports = 2> <Width = 224> <Depth = 7> <RAM>
ST_1 : Operation 36 [1/1] (0.38ns)   --->   "%store_ln76 = store i3 %add_ln76, i3 %cloud" [flood_HLS_base.cpp:76]   --->   Operation 36 'store' 'store_ln76' <Predicate = (!icmp_ln76)> <Delay = 0.38>

State 2 <SV = 1> <Delay = 0.74>
ST_2 : Operation 37 [1/2] (0.74ns)   --->   "%p_clouds_load = load i3 %p_clouds_addr" [flood_HLS_base.cpp:78]   --->   Operation 37 'load' 'p_clouds_load' <Predicate = true> <Delay = 0.74> <CoreInst = "RAM">   --->   Core 82 'RAM' <Latency = 1> <II = 1> <Delay = 0.74> <Storage> <Opcode : 'load' 'store'> <Ports = 2> <Width = 224> <Depth = 7> <RAM>
ST_2 : Operation 38 [1/1] (0.00ns)   --->   "%trunc_ln3 = partselect i32 @_ssdm_op_PartSelect.i32.i224.i32.i32, i224 %p_clouds_load, i32 128, i32 159" [flood_HLS_base.cpp:78]   --->   Operation 38 'partselect' 'trunc_ln3' <Predicate = true> <Delay = 0.00>
ST_2 : Operation 39 [1/1] (0.00ns)   --->   "%trunc_ln78 = trunc i224 %p_clouds_load" [flood_HLS_base.cpp:78]   --->   Operation 39 'trunc' 'trunc_ln78' <Predicate = true> <Delay = 0.00>
ST_2 : Operation 40 [1/1] (0.00ns)   --->   "%trunc_ln4 = partselect i32 @_ssdm_op_PartSelect.i32.i224.i32.i32, i224 %p_clouds_load, i32 160, i32 191" [flood_HLS_base.cpp:79]   --->   Operation 40 'partselect' 'trunc_ln4' <Predicate = true> <Delay = 0.00>
ST_2 : Operation 41 [1/1] (0.00ns)   --->   "%trunc_ln79_1 = partselect i32 @_ssdm_op_PartSelect.i32.i224.i32.i32, i224 %p_clouds_load, i32 32, i32 63" [flood_HLS_base.cpp:79]   --->   Operation 41 'partselect' 'trunc_ln79_1' <Predicate = true> <Delay = 0.00>
ST_2 : Operation 42 [1/1] (0.00ns)   --->   "%tmp_s = partselect i160 @_ssdm_op_PartSelect.i160.i224.i32.i32, i224 %p_clouds_load, i32 64, i32 223" [flood_HLS_base.cpp:79]   --->   Operation 42 'partselect' 'tmp_s' <Predicate = true> <Delay = 0.00>

State 3 <SV = 2> <Delay = 2.32>
ST_3 : Operation 43 [1/1] (0.00ns)   --->   "%bitcast_ln78 = bitcast i32 %trunc_ln3" [flood_HLS_base.cpp:78]   --->   Operation 43 'bitcast' 'bitcast_ln78' <Predicate = true> <Delay = 0.00>
ST_3 : Operation 44 [12/12] (2.32ns)   --->   "%div = fdiv i32 %bitcast_ln78, i32 60" [flood_HLS_base.cpp:78]   --->   Operation 44 'fdiv' 'div' <Predicate = true> <Delay = 2.32> <CoreInst = "FDiv">   --->   Core 20 'FDiv' <Latency = 11> <II = 1> <Delay = 2.32> <FuncUnit> <Opcode : 'fdiv' 'frem'> <InPorts = 2> <OutPorts = 1>
ST_3 : Operation 45 [1/1] (0.00ns)   --->   "%bitcast_ln79 = bitcast i32 %trunc_ln4" [flood_HLS_base.cpp:79]   --->   Operation 45 'bitcast' 'bitcast_ln79' <Predicate = true> <Delay = 0.00>
ST_3 : Operation 46 [12/12] (2.32ns)   --->   "%div1 = fdiv i32 %bitcast_ln79, i32 60" [flood_HLS_base.cpp:79]   --->   Operation 46 'fdiv' 'div1' <Predicate = true> <Delay = 2.32> <CoreInst = "FDiv">   --->   Core 20 'FDiv' <Latency = 11> <II = 1> <Delay = 2.32> <FuncUnit> <Opcode : 'fdiv' 'frem'> <InPorts = 2> <OutPorts = 1>

State 4 <SV = 3> <Delay = 2.32>
ST_4 : Operation 47 [11/12] (2.32ns)   --->   "%div = fdiv i32 %bitcast_ln78, i32 60" [flood_HLS_base.cpp:78]   --->   Operation 47 'fdiv' 'div' <Predicate = true> <Delay = 2.32> <CoreInst = "FDiv">   --->   Core 20 'FDiv' <Latency = 11> <II = 1> <Delay = 2.32> <FuncUnit> <Opcode : 'fdiv' 'frem'> <InPorts = 2> <OutPorts = 1>
ST_4 : Operation 48 [11/12] (2.32ns)   --->   "%div1 = fdiv i32 %bitcast_ln79, i32 60" [flood_HLS_base.cpp:79]   --->   Operation 48 'fdiv' 'div1' <Predicate = true> <Delay = 2.32> <CoreInst = "FDiv">   --->   Core 20 'FDiv' <Latency = 11> <II = 1> <Delay = 2.32> <FuncUnit> <Opcode : 'fdiv' 'frem'> <InPorts = 2> <OutPorts = 1>

State 5 <SV = 4> <Delay = 2.32>
ST_5 : Operation 49 [10/12] (2.32ns)   --->   "%div = fdiv i32 %bitcast_ln78, i32 60" [flood_HLS_base.cpp:78]   --->   Operation 49 'fdiv' 'div' <Predicate = true> <Delay = 2.32> <CoreInst = "FDiv">   --->   Core 20 'FDiv' <Latency = 11> <II = 1> <Delay = 2.32> <FuncUnit> <Opcode : 'fdiv' 'frem'> <InPorts = 2> <OutPorts = 1>
ST_5 : Operation 50 [10/12] (2.32ns)   --->   "%div1 = fdiv i32 %bitcast_ln79, i32 60" [flood_HLS_base.cpp:79]   --->   Operation 50 'fdiv' 'div1' <Predicate = true> <Delay = 2.32> <CoreInst = "FDiv">   --->   Core 20 'FDiv' <Latency = 11> <II = 1> <Delay = 2.32> <FuncUnit> <Opcode : 'fdiv' 'frem'> <InPorts = 2> <OutPorts = 1>

State 6 <SV = 5> <Delay = 2.32>
ST_6 : Operation 51 [9/12] (2.32ns)   --->   "%div = fdiv i32 %bitcast_ln78, i32 60" [flood_HLS_base.cpp:78]   --->   Operation 51 'fdiv' 'div' <Predicate = true> <Delay = 2.32> <CoreInst = "FDiv">   --->   Core 20 'FDiv' <Latency = 11> <II = 1> <Delay = 2.32> <FuncUnit> <Opcode : 'fdiv' 'frem'> <InPorts = 2> <OutPorts = 1>
ST_6 : Operation 52 [9/12] (2.32ns)   --->   "%div1 = fdiv i32 %bitcast_ln79, i32 60" [flood_HLS_base.cpp:79]   --->   Operation 52 'fdiv' 'div1' <Predicate = true> <Delay = 2.32> <CoreInst = "FDiv">   --->   Core 20 'FDiv' <Latency = 11> <II = 1> <Delay = 2.32> <FuncUnit> <Opcode : 'fdiv' 'frem'> <InPorts = 2> <OutPorts = 1>

State 7 <SV = 6> <Delay = 2.32>
ST_7 : Operation 53 [8/12] (2.32ns)   --->   "%div = fdiv i32 %bitcast_ln78, i32 60" [flood_HLS_base.cpp:78]   --->   Operation 53 'fdiv' 'div' <Predicate = true> <Delay = 2.32> <CoreInst = "FDiv">   --->   Core 20 'FDiv' <Latency = 11> <II = 1> <Delay = 2.32> <FuncUnit> <Opcode : 'fdiv' 'frem'> <InPorts = 2> <OutPorts = 1>
ST_7 : Operation 54 [8/12] (2.32ns)   --->   "%div1 = fdiv i32 %bitcast_ln79, i32 60" [flood_HLS_base.cpp:79]   --->   Operation 54 'fdiv' 'div1' <Predicate = true> <Delay = 2.32> <CoreInst = "FDiv">   --->   Core 20 'FDiv' <Latency = 11> <II = 1> <Delay = 2.32> <FuncUnit> <Opcode : 'fdiv' 'frem'> <InPorts = 2> <OutPorts = 1>

State 8 <SV = 7> <Delay = 2.32>
ST_8 : Operation 55 [7/12] (2.32ns)   --->   "%div = fdiv i32 %bitcast_ln78, i32 60" [flood_HLS_base.cpp:78]   --->   Operation 55 'fdiv' 'div' <Predicate = true> <Delay = 2.32> <CoreInst = "FDiv">   --->   Core 20 'FDiv' <Latency = 11> <II = 1> <Delay = 2.32> <FuncUnit> <Opcode : 'fdiv' 'frem'> <InPorts = 2> <OutPorts = 1>
ST_8 : Operation 56 [7/12] (2.32ns)   --->   "%div1 = fdiv i32 %bitcast_ln79, i32 60" [flood_HLS_base.cpp:79]   --->   Operation 56 'fdiv' 'div1' <Predicate = true> <Delay = 2.32> <CoreInst = "FDiv">   --->   Core 20 'FDiv' <Latency = 11> <II = 1> <Delay = 2.32> <FuncUnit> <Opcode : 'fdiv' 'frem'> <InPorts = 2> <OutPorts = 1>

State 9 <SV = 8> <Delay = 2.32>
ST_9 : Operation 57 [6/12] (2.32ns)   --->   "%div = fdiv i32 %bitcast_ln78, i32 60" [flood_HLS_base.cpp:78]   --->   Operation 57 'fdiv' 'div' <Predicate = true> <Delay = 2.32> <CoreInst = "FDiv">   --->   Core 20 'FDiv' <Latency = 11> <II = 1> <Delay = 2.32> <FuncUnit> <Opcode : 'fdiv' 'frem'> <InPorts = 2> <OutPorts = 1>
ST_9 : Operation 58 [6/12] (2.32ns)   --->   "%div1 = fdiv i32 %bitcast_ln79, i32 60" [flood_HLS_base.cpp:79]   --->   Operation 58 'fdiv' 'div1' <Predicate = true> <Delay = 2.32> <CoreInst = "FDiv">   --->   Core 20 'FDiv' <Latency = 11> <II = 1> <Delay = 2.32> <FuncUnit> <Opcode : 'fdiv' 'frem'> <InPorts = 2> <OutPorts = 1>

State 10 <SV = 9> <Delay = 2.32>
ST_10 : Operation 59 [5/12] (2.32ns)   --->   "%div = fdiv i32 %bitcast_ln78, i32 60" [flood_HLS_base.cpp:78]   --->   Operation 59 'fdiv' 'div' <Predicate = true> <Delay = 2.32> <CoreInst = "FDiv">   --->   Core 20 'FDiv' <Latency = 11> <II = 1> <Delay = 2.32> <FuncUnit> <Opcode : 'fdiv' 'frem'> <InPorts = 2> <OutPorts = 1>
ST_10 : Operation 60 [5/12] (2.32ns)   --->   "%div1 = fdiv i32 %bitcast_ln79, i32 60" [flood_HLS_base.cpp:79]   --->   Operation 60 'fdiv' 'div1' <Predicate = true> <Delay = 2.32> <CoreInst = "FDiv">   --->   Core 20 'FDiv' <Latency = 11> <II = 1> <Delay = 2.32> <FuncUnit> <Opcode : 'fdiv' 'frem'> <InPorts = 2> <OutPorts = 1>

State 11 <SV = 10> <Delay = 2.32>
ST_11 : Operation 61 [4/12] (2.32ns)   --->   "%div = fdiv i32 %bitcast_ln78, i32 60" [flood_HLS_base.cpp:78]   --->   Operation 61 'fdiv' 'div' <Predicate = true> <Delay = 2.32> <CoreInst = "FDiv">   --->   Core 20 'FDiv' <Latency = 11> <II = 1> <Delay = 2.32> <FuncUnit> <Opcode : 'fdiv' 'frem'> <InPorts = 2> <OutPorts = 1>
ST_11 : Operation 62 [4/12] (2.32ns)   --->   "%div1 = fdiv i32 %bitcast_ln79, i32 60" [flood_HLS_base.cpp:79]   --->   Operation 62 'fdiv' 'div1' <Predicate = true> <Delay = 2.32> <CoreInst = "FDiv">   --->   Core 20 'FDiv' <Latency = 11> <II = 1> <Delay = 2.32> <FuncUnit> <Opcode : 'fdiv' 'frem'> <InPorts = 2> <OutPorts = 1>

State 12 <SV = 11> <Delay = 2.32>
ST_12 : Operation 63 [3/12] (2.32ns)   --->   "%div = fdiv i32 %bitcast_ln78, i32 60" [flood_HLS_base.cpp:78]   --->   Operation 63 'fdiv' 'div' <Predicate = true> <Delay = 2.32> <CoreInst = "FDiv">   --->   Core 20 'FDiv' <Latency = 11> <II = 1> <Delay = 2.32> <FuncUnit> <Opcode : 'fdiv' 'frem'> <InPorts = 2> <OutPorts = 1>
ST_12 : Operation 64 [3/12] (2.32ns)   --->   "%div1 = fdiv i32 %bitcast_ln79, i32 60" [flood_HLS_base.cpp:79]   --->   Operation 64 'fdiv' 'div1' <Predicate = true> <Delay = 2.32> <CoreInst = "FDiv">   --->   Core 20 'FDiv' <Latency = 11> <II = 1> <Delay = 2.32> <FuncUnit> <Opcode : 'fdiv' 'frem'> <InPorts = 2> <OutPorts = 1>

State 13 <SV = 12> <Delay = 2.32>
ST_13 : Operation 65 [2/12] (2.32ns)   --->   "%div = fdiv i32 %bitcast_ln78, i32 60" [flood_HLS_base.cpp:78]   --->   Operation 65 'fdiv' 'div' <Predicate = true> <Delay = 2.32> <CoreInst = "FDiv">   --->   Core 20 'FDiv' <Latency = 11> <II = 1> <Delay = 2.32> <FuncUnit> <Opcode : 'fdiv' 'frem'> <InPorts = 2> <OutPorts = 1>
ST_13 : Operation 66 [2/12] (2.32ns)   --->   "%div1 = fdiv i32 %bitcast_ln79, i32 60" [flood_HLS_base.cpp:79]   --->   Operation 66 'fdiv' 'div1' <Predicate = true> <Delay = 2.32> <CoreInst = "FDiv">   --->   Core 20 'FDiv' <Latency = 11> <II = 1> <Delay = 2.32> <FuncUnit> <Opcode : 'fdiv' 'frem'> <InPorts = 2> <OutPorts = 1>

State 14 <SV = 13> <Delay = 2.32>
ST_14 : Operation 67 [1/12] (2.32ns)   --->   "%div = fdiv i32 %bitcast_ln78, i32 60" [flood_HLS_base.cpp:78]   --->   Operation 67 'fdiv' 'div' <Predicate = true> <Delay = 2.32> <CoreInst = "FDiv">   --->   Core 20 'FDiv' <Latency = 11> <II = 1> <Delay = 2.32> <FuncUnit> <Opcode : 'fdiv' 'frem'> <InPorts = 2> <OutPorts = 1>
ST_14 : Operation 68 [1/12] (2.32ns)   --->   "%div1 = fdiv i32 %bitcast_ln79, i32 60" [flood_HLS_base.cpp:79]   --->   Operation 68 'fdiv' 'div1' <Predicate = true> <Delay = 2.32> <CoreInst = "FDiv">   --->   Core 20 'FDiv' <Latency = 11> <II = 1> <Delay = 2.32> <FuncUnit> <Opcode : 'fdiv' 'frem'> <InPorts = 2> <OutPorts = 1>

State 15 <SV = 14> <Delay = 2.34>
ST_15 : Operation 69 [1/1] (0.00ns)   --->   "%bitcast_ln78_1 = bitcast i32 %trunc_ln78" [flood_HLS_base.cpp:78]   --->   Operation 69 'bitcast' 'bitcast_ln78_1' <Predicate = true> <Delay = 0.00>
ST_15 : Operation 70 [7/7] (2.34ns)   --->   "%add1 = fadd i32 %bitcast_ln78_1, i32 %div" [flood_HLS_base.cpp:78]   --->   Operation 70 'fadd' 'add1' <Predicate = true> <Delay = 2.34> <CoreInst = "FAddSub_fulldsp">   --->   Core 18 'FAddSub_fulldsp' <Latency = 6> <II = 1> <Delay = 2.34> <FuncUnit> <Opcode : 'fadd' 'fsub'> <InPorts = 2> <OutPorts = 1>
ST_15 : Operation 71 [1/1] (0.00ns)   --->   "%bitcast_ln79_1 = bitcast i32 %trunc_ln79_1" [flood_HLS_base.cpp:79]   --->   Operation 71 'bitcast' 'bitcast_ln79_1' <Predicate = true> <Delay = 0.00>
ST_15 : Operation 72 [7/7] (2.34ns)   --->   "%add2 = fadd i32 %bitcast_ln79_1, i32 %div1" [flood_HLS_base.cpp:79]   --->   Operation 72 'fadd' 'add2' <Predicate = true> <Delay = 2.34> <CoreInst = "FAddSub_fulldsp">   --->   Core 18 'FAddSub_fulldsp' <Latency = 6> <II = 1> <Delay = 2.34> <FuncUnit> <Opcode : 'fadd' 'fsub'> <InPorts = 2> <OutPorts = 1>

State 16 <SV = 15> <Delay = 2.34>
ST_16 : Operation 73 [6/7] (2.34ns)   --->   "%add1 = fadd i32 %bitcast_ln78_1, i32 %div" [flood_HLS_base.cpp:78]   --->   Operation 73 'fadd' 'add1' <Predicate = true> <Delay = 2.34> <CoreInst = "FAddSub_fulldsp">   --->   Core 18 'FAddSub_fulldsp' <Latency = 6> <II = 1> <Delay = 2.34> <FuncUnit> <Opcode : 'fadd' 'fsub'> <InPorts = 2> <OutPorts = 1>
ST_16 : Operation 74 [6/7] (2.34ns)   --->   "%add2 = fadd i32 %bitcast_ln79_1, i32 %div1" [flood_HLS_base.cpp:79]   --->   Operation 74 'fadd' 'add2' <Predicate = true> <Delay = 2.34> <CoreInst = "FAddSub_fulldsp">   --->   Core 18 'FAddSub_fulldsp' <Latency = 6> <II = 1> <Delay = 2.34> <FuncUnit> <Opcode : 'fadd' 'fsub'> <InPorts = 2> <OutPorts = 1>

State 17 <SV = 16> <Delay = 2.34>
ST_17 : Operation 75 [5/7] (2.34ns)   --->   "%add1 = fadd i32 %bitcast_ln78_1, i32 %div" [flood_HLS_base.cpp:78]   --->   Operation 75 'fadd' 'add1' <Predicate = true> <Delay = 2.34> <CoreInst = "FAddSub_fulldsp">   --->   Core 18 'FAddSub_fulldsp' <Latency = 6> <II = 1> <Delay = 2.34> <FuncUnit> <Opcode : 'fadd' 'fsub'> <InPorts = 2> <OutPorts = 1>
ST_17 : Operation 76 [5/7] (2.34ns)   --->   "%add2 = fadd i32 %bitcast_ln79_1, i32 %div1" [flood_HLS_base.cpp:79]   --->   Operation 76 'fadd' 'add2' <Predicate = true> <Delay = 2.34> <CoreInst = "FAddSub_fulldsp">   --->   Core 18 'FAddSub_fulldsp' <Latency = 6> <II = 1> <Delay = 2.34> <FuncUnit> <Opcode : 'fadd' 'fsub'> <InPorts = 2> <OutPorts = 1>

State 18 <SV = 17> <Delay = 2.34>
ST_18 : Operation 77 [4/7] (2.34ns)   --->   "%add1 = fadd i32 %bitcast_ln78_1, i32 %div" [flood_HLS_base.cpp:78]   --->   Operation 77 'fadd' 'add1' <Predicate = true> <Delay = 2.34> <CoreInst = "FAddSub_fulldsp">   --->   Core 18 'FAddSub_fulldsp' <Latency = 6> <II = 1> <Delay = 2.34> <FuncUnit> <Opcode : 'fadd' 'fsub'> <InPorts = 2> <OutPorts = 1>
ST_18 : Operation 78 [4/7] (2.34ns)   --->   "%add2 = fadd i32 %bitcast_ln79_1, i32 %div1" [flood_HLS_base.cpp:79]   --->   Operation 78 'fadd' 'add2' <Predicate = true> <Delay = 2.34> <CoreInst = "FAddSub_fulldsp">   --->   Core 18 'FAddSub_fulldsp' <Latency = 6> <II = 1> <Delay = 2.34> <FuncUnit> <Opcode : 'fadd' 'fsub'> <InPorts = 2> <OutPorts = 1>

State 19 <SV = 18> <Delay = 2.34>
ST_19 : Operation 79 [3/7] (2.34ns)   --->   "%add1 = fadd i32 %bitcast_ln78_1, i32 %div" [flood_HLS_base.cpp:78]   --->   Operation 79 'fadd' 'add1' <Predicate = true> <Delay = 2.34> <CoreInst = "FAddSub_fulldsp">   --->   Core 18 'FAddSub_fulldsp' <Latency = 6> <II = 1> <Delay = 2.34> <FuncUnit> <Opcode : 'fadd' 'fsub'> <InPorts = 2> <OutPorts = 1>
ST_19 : Operation 80 [3/7] (2.34ns)   --->   "%add2 = fadd i32 %bitcast_ln79_1, i32 %div1" [flood_HLS_base.cpp:79]   --->   Operation 80 'fadd' 'add2' <Predicate = true> <Delay = 2.34> <CoreInst = "FAddSub_fulldsp">   --->   Core 18 'FAddSub_fulldsp' <Latency = 6> <II = 1> <Delay = 2.34> <FuncUnit> <Opcode : 'fadd' 'fsub'> <InPorts = 2> <OutPorts = 1>

State 20 <SV = 19> <Delay = 2.34>
ST_20 : Operation 81 [2/7] (2.34ns)   --->   "%add1 = fadd i32 %bitcast_ln78_1, i32 %div" [flood_HLS_base.cpp:78]   --->   Operation 81 'fadd' 'add1' <Predicate = true> <Delay = 2.34> <CoreInst = "FAddSub_fulldsp">   --->   Core 18 'FAddSub_fulldsp' <Latency = 6> <II = 1> <Delay = 2.34> <FuncUnit> <Opcode : 'fadd' 'fsub'> <InPorts = 2> <OutPorts = 1>
ST_20 : Operation 82 [2/7] (2.34ns)   --->   "%add2 = fadd i32 %bitcast_ln79_1, i32 %div1" [flood_HLS_base.cpp:79]   --->   Operation 82 'fadd' 'add2' <Predicate = true> <Delay = 2.34> <CoreInst = "FAddSub_fulldsp">   --->   Core 18 'FAddSub_fulldsp' <Latency = 6> <II = 1> <Delay = 2.34> <FuncUnit> <Opcode : 'fadd' 'fsub'> <InPorts = 2> <OutPorts = 1>

State 21 <SV = 20> <Delay = 2.34>
ST_21 : Operation 83 [1/7] (2.34ns)   --->   "%add1 = fadd i32 %bitcast_ln78_1, i32 %div" [flood_HLS_base.cpp:78]   --->   Operation 83 'fadd' 'add1' <Predicate = true> <Delay = 2.34> <CoreInst = "FAddSub_fulldsp">   --->   Core 18 'FAddSub_fulldsp' <Latency = 6> <II = 1> <Delay = 2.34> <FuncUnit> <Opcode : 'fadd' 'fsub'> <InPorts = 2> <OutPorts = 1>
ST_21 : Operation 84 [1/7] (2.34ns)   --->   "%add2 = fadd i32 %bitcast_ln79_1, i32 %div1" [flood_HLS_base.cpp:79]   --->   Operation 84 'fadd' 'add2' <Predicate = true> <Delay = 2.34> <CoreInst = "FAddSub_fulldsp">   --->   Core 18 'FAddSub_fulldsp' <Latency = 6> <II = 1> <Delay = 2.34> <FuncUnit> <Opcode : 'fadd' 'fsub'> <InPorts = 2> <OutPorts = 1>
ST_21 : Operation 93 [1/1] (0.38ns)   --->   "%ret_ln0 = ret"   --->   Operation 93 'ret' 'ret_ln0' <Predicate = (icmp_ln76)> <Delay = 0.38>

State 22 <SV = 21> <Delay = 0.74>
ST_22 : Operation 85 [1/1] (0.00ns)   --->   "%specpipeline_ln76 = specpipeline void @_ssdm_op_SpecPipeline, i32 4294967295, i32 0, i32 0, i32 0, void @empty_3" [flood_HLS_base.cpp:76]   --->   Operation 85 'specpipeline' 'specpipeline_ln76' <Predicate = true> <Delay = 0.00>
ST_22 : Operation 86 [1/1] (0.00ns)   --->   "%speclooptripcount_ln76 = speclooptripcount void @_ssdm_op_SpecLoopTripCount, i64 7, i64 7, i64 7" [flood_HLS_base.cpp:76]   --->   Operation 86 'speclooptripcount' 'speclooptripcount_ln76' <Predicate = true> <Delay = 0.00>
ST_22 : Operation 87 [1/1] (0.00ns)   --->   "%specloopname_ln76 = specloopname void @_ssdm_op_SpecLoopName, void @empty_2" [flood_HLS_base.cpp:76]   --->   Operation 87 'specloopname' 'specloopname_ln76' <Predicate = true> <Delay = 0.00>
ST_22 : Operation 88 [1/1] (0.00ns)   --->   "%bitcast_ln78_2 = bitcast i32 %add1" [flood_HLS_base.cpp:78]   --->   Operation 88 'bitcast' 'bitcast_ln78_2' <Predicate = true> <Delay = 0.00>
ST_22 : Operation 89 [1/1] (0.00ns)   --->   "%bitcast_ln79_2 = bitcast i32 %add2" [flood_HLS_base.cpp:79]   --->   Operation 89 'bitcast' 'bitcast_ln79_2' <Predicate = true> <Delay = 0.00>
ST_22 : Operation 90 [1/1] (0.00ns)   --->   "%or_ln = bitconcatenate i224 @_ssdm_op_BitConcatenate.i224.i160.i32.i32, i160 %tmp_s, i32 %bitcast_ln79_2, i32 %bitcast_ln78_2" [flood_HLS_base.cpp:79]   --->   Operation 90 'bitconcatenate' 'or_ln' <Predicate = true> <Delay = 0.00>
ST_22 : Operation 91 [1/1] (0.74ns)   --->   "%store_ln79 = store i224 %or_ln, i3 %p_clouds_addr" [flood_HLS_base.cpp:79]   --->   Operation 91 'store' 'store_ln79' <Predicate = true> <Delay = 0.74> <CoreInst = "RAM">   --->   Core 82 'RAM' <Latency = 1> <II = 1> <Delay = 0.74> <Storage> <Opcode : 'load' 'store'> <Ports = 2> <Width = 224> <Depth = 7> <RAM>
ST_22 : Operation 92 [1/1] (0.00ns)   --->   "%br_ln76 = br void %for.inc53" [flood_HLS_base.cpp:76]   --->   Operation 92 'br' 'br_ln76' <Predicate = true> <Delay = 0.00>


============================================================
+ Verbose Summary: Timing violations
============================================================
Target clock period: 4.000ns, clock uncertainty: 1.080ns.

 <State 1>: 1.346ns
The critical path consists of the following:
	'store' operation 0 bit ('store_ln76', flood_HLS_base.cpp:76) of constant 0 on local variable 'cloud', flood_HLS_base.cpp:76 [4]  (0.387 ns)
	'load' operation 3 bit ('cloud', flood_HLS_base.cpp:76) on local variable 'cloud', flood_HLS_base.cpp:76 [7]  (0.000 ns)
	'add' operation 3 bit ('add_ln76', flood_HLS_base.cpp:76) [9]  (0.572 ns)
	'store' operation 0 bit ('store_ln76', flood_HLS_base.cpp:76) of variable 'add_ln76', flood_HLS_base.cpp:76 on local variable 'cloud', flood_HLS_base.cpp:76 [35]  (0.387 ns)

 <State 2>: 0.746ns
The critical path consists of the following:
	'load' operation 224 bit ('p_clouds_load', flood_HLS_base.cpp:78) on array 'p_clouds' [17]  (0.746 ns)

 <State 3>: 2.327ns
The critical path consists of the following:
	'fdiv' operation 32 bit ('div', flood_HLS_base.cpp:78) [20]  (2.327 ns)

 <State 4>: 2.327ns
The critical path consists of the following:
	'fdiv' operation 32 bit ('div', flood_HLS_base.cpp:78) [20]  (2.327 ns)

 <State 5>: 2.327ns
The critical path consists of the following:
	'fdiv' operation 32 bit ('div', flood_HLS_base.cpp:78) [20]  (2.327 ns)

 <State 6>: 2.327ns
The critical path consists of the following:
	'fdiv' operation 32 bit ('div', flood_HLS_base.cpp:78) [20]  (2.327 ns)

 <State 7>: 2.327ns
The critical path consists of the following:
	'fdiv' operation 32 bit ('div', flood_HLS_base.cpp:78) [20]  (2.327 ns)

 <State 8>: 2.327ns
The critical path consists of the following:
	'fdiv' operation 32 bit ('div', flood_HLS_base.cpp:78) [20]  (2.327 ns)

 <State 9>: 2.327ns
The critical path consists of the following:
	'fdiv' operation 32 bit ('div', flood_HLS_base.cpp:78) [20]  (2.327 ns)

 <State 10>: 2.327ns
The critical path consists of the following:
	'fdiv' operation 32 bit ('div', flood_HLS_base.cpp:78) [20]  (2.327 ns)

 <State 11>: 2.327ns
The critical path consists of the following:
	'fdiv' operation 32 bit ('div', flood_HLS_base.cpp:78) [20]  (2.327 ns)

 <State 12>: 2.327ns
The critical path consists of the following:
	'fdiv' operation 32 bit ('div', flood_HLS_base.cpp:78) [20]  (2.327 ns)

 <State 13>: 2.327ns
The critical path consists of the following:
	'fdiv' operation 32 bit ('div', flood_HLS_base.cpp:78) [20]  (2.327 ns)

 <State 14>: 2.327ns
The critical path consists of the following:
	'fdiv' operation 32 bit ('div', flood_HLS_base.cpp:78) [20]  (2.327 ns)

 <State 15>: 2.342ns
The critical path consists of the following:
	'fadd' operation 32 bit ('add1', flood_HLS_base.cpp:78) [23]  (2.342 ns)

 <State 16>: 2.342ns
The critical path consists of the following:
	'fadd' operation 32 bit ('add1', flood_HLS_base.cpp:78) [23]  (2.342 ns)

 <State 17>: 2.342ns
The critical path consists of the following:
	'fadd' operation 32 bit ('add1', flood_HLS_base.cpp:78) [23]  (2.342 ns)

 <State 18>: 2.342ns
The critical path consists of the following:
	'fadd' operation 32 bit ('add1', flood_HLS_base.cpp:78) [23]  (2.342 ns)

 <State 19>: 2.342ns
The critical path consists of the following:
	'fadd' operation 32 bit ('add1', flood_HLS_base.cpp:78) [23]  (2.342 ns)

 <State 20>: 2.342ns
The critical path consists of the following:
	'fadd' operation 32 bit ('add1', flood_HLS_base.cpp:78) [23]  (2.342 ns)

 <State 21>: 2.342ns
The critical path consists of the following:
	'fadd' operation 32 bit ('add1', flood_HLS_base.cpp:78) [23]  (2.342 ns)

 <State 22>: 0.746ns
The critical path consists of the following:
	'store' operation 0 bit ('store_ln79', flood_HLS_base.cpp:79) of variable 'or_ln', flood_HLS_base.cpp:79 on array 'p_clouds' [34]  (0.746 ns)


============================================================
+ Verbose Summary: Binding
============================================================
N/A
* FSMD analyzer results:
  - Output states:
 - Input state : 
  - Chain level:
	State 1
	State 2
	State 3
	State 4
	State 5
	State 6
	State 7
	State 8
	State 9
	State 10
	State 11
	State 12
	State 13
	State 14
	State 15
	State 16
	State 17
	State 18
	State 19
	State 20
	State 21
	State 22


============================================================
+ Verbose Summary: Datapath Resource usage 
============================================================
N/A
