

================================================================
== Vitis HLS Report for 'do_compute_Pipeline_VITIS_LOOP_76_5'
================================================================
* Date:           Sun May 17 15:55:02 2026

* Version:        2024.1 (Build 5069499 on May 21 2024)
* Project:        .tiny_dam_base_enabled
* Solution:       solution_FLOOD_HLS_base (Vivado IP Flow Target)
* Product family: virtexuplusHBM
* Target device:  xcu50-fsvh2104-2-e


================================================================
== Performance Estimates
================================================================
+ Timing: 
    * Summary: 
    +--------+---------+----------+------------+
    |  Clock |  Target | Estimated| Uncertainty|
    +--------+---------+----------+------------+
    |ap_clk  |  4.00 ns|  2.342 ns|     1.08 ns|
    +--------+---------+----------+------------+

+ Latency: 
    * Summary: 
    +---------+---------+----------+----------+-----+-----+-----------------------------------------------+
    |  Latency (cycles) |  Latency (absolute) |  Interval |                    Pipeline                   |
    |   min   |   max   |    min   |    max   | min | max |                      Type                     |
    +---------+---------+----------+----------+-----+-----+-----------------------------------------------+
    |       29|       29|  0.116 us|  0.116 us|    8|    8|  loop auto-rewind stp(delay=0 clock cycles(s))|
    +---------+---------+----------+----------+-----+-----+-----------------------------------------------+

    + Detail: 
        * Instance: 
        N/A

        * Loop: 
        +-------------------+---------+---------+----------+-----------+-----------+------+----------+
        |                   |  Latency (cycles) | Iteration|  Initiation Interval  | Trip |          |
        |     Loop Name     |   min   |   max   |  Latency |  achieved |   target  | Count| Pipelined|
        +-------------------+---------+---------+----------+-----------+-----------+------+----------+
        |- VITIS_LOOP_76_5  |       27|       27|        22|          1|          1|     7|       yes|
        +-------------------+---------+---------+----------+-----------+-----------+------+----------+



================================================================
== Utilization Estimates
================================================================
* Summary: 
+---------------------+---------+------+---------+--------+-----+
|         Name        | BRAM_18K|  DSP |    FF   |   LUT  | URAM|
+---------------------+---------+------+---------+--------+-----+
|DSP                  |        -|     -|        -|       -|    -|
|Expression           |        -|     -|        0|      22|    -|
|FIFO                 |        -|     -|        -|       -|    -|
|Instance             |        -|     -|        -|       -|    -|
|Memory               |        -|     -|        -|       -|    -|
|Multiplexer          |        -|     -|        0|      36|    -|
|Register             |        -|     -|      721|     128|    -|
+---------------------+---------+------+---------+--------+-----+
|Total                |        0|     0|      721|     186|    0|
+---------------------+---------+------+---------+--------+-----+
|Available SLR        |     1344|  2976|   871680|  435840|  320|
+---------------------+---------+------+---------+--------+-----+
|Utilization SLR (%)  |        0|     0|       ~0|      ~0|    0|
+---------------------+---------+------+---------+--------+-----+
|Available            |     2688|  5952|  1743360|  871680|  640|
+---------------------+---------+------+---------+--------+-----+
|Utilization (%)      |        0|     0|       ~0|      ~0|    0|
+---------------------+---------+------+---------+--------+-----+

+ Detail: 
    * Instance: 
    N/A

    * DSP: 
    N/A

    * Memory: 
    N/A

    * FIFO: 
    N/A

    * Expression: 
    +---------------------+----------+----+---+----+------------+------------+
    |    Variable Name    | Operation| DSP| FF| LUT| Bitwidth P0| Bitwidth P1|
    +---------------------+----------+----+---+----+------------+------------+
    |add_ln76_fu_109_p2   |         +|   0|  0|  10|           3|           1|
    |icmp_ln76_fu_103_p2  |      icmp|   0|  0|  10|           3|           2|
    |ap_enable_pp0        |       xor|   0|  0|   2|           1|           2|
    +---------------------+----------+----+---+----+------------+------------+
    |Total                |          |   0|  0|  22|           7|           5|
    +---------------------+----------+----+---+----+------------+------------+

    * Multiplexer: 
    +--------------------------+----+-----------+-----+-----------+
    |           Name           | LUT| Input Size| Bits| Total Bits|
    +--------------------------+----+-----------+-----+-----------+
    |ap_done_int               |   9|          2|    1|          2|
    |ap_enable_reg_pp0_iter1   |   9|          2|    1|          2|
    |ap_sig_allocacmp_cloud_1  |   9|          2|    3|          6|
    |cloud_fu_56               |   9|          2|    3|          6|
    +--------------------------+----+-----------+-----+-----------+
    |Total                     |  36|          8|    8|         16|
    +--------------------------+----+-----------+-----+-----------+

    * Register: 
    +-----------------------------------+-----+----+-----+-----------+
    |                Name               |  FF | LUT| Bits| Const Bits|
    +-----------------------------------+-----+----+-----+-----------+
    |add1_reg_273                       |   32|   0|   32|          0|
    |add2_reg_278                       |   32|   0|   32|          0|
    |ap_CS_fsm                          |    1|   0|    1|          0|
    |ap_done_reg                        |    1|   0|    1|          0|
    |ap_enable_reg_pp0_iter1            |    1|   0|    1|          0|
    |ap_enable_reg_pp0_iter10           |    1|   0|    1|          0|
    |ap_enable_reg_pp0_iter11           |    1|   0|    1|          0|
    |ap_enable_reg_pp0_iter12           |    1|   0|    1|          0|
    |ap_enable_reg_pp0_iter13           |    1|   0|    1|          0|
    |ap_enable_reg_pp0_iter14           |    1|   0|    1|          0|
    |ap_enable_reg_pp0_iter15           |    1|   0|    1|          0|
    |ap_enable_reg_pp0_iter16           |    1|   0|    1|          0|
    |ap_enable_reg_pp0_iter17           |    1|   0|    1|          0|
    |ap_enable_reg_pp0_iter18           |    1|   0|    1|          0|
    |ap_enable_reg_pp0_iter19           |    1|   0|    1|          0|
    |ap_enable_reg_pp0_iter2            |    1|   0|    1|          0|
    |ap_enable_reg_pp0_iter20           |    1|   0|    1|          0|
    |ap_enable_reg_pp0_iter21           |    1|   0|    1|          0|
    |ap_enable_reg_pp0_iter3            |    1|   0|    1|          0|
    |ap_enable_reg_pp0_iter4            |    1|   0|    1|          0|
    |ap_enable_reg_pp0_iter5            |    1|   0|    1|          0|
    |ap_enable_reg_pp0_iter6            |    1|   0|    1|          0|
    |ap_enable_reg_pp0_iter7            |    1|   0|    1|          0|
    |ap_enable_reg_pp0_iter8            |    1|   0|    1|          0|
    |ap_enable_reg_pp0_iter9            |    1|   0|    1|          0|
    |ap_loop_exit_ready_pp0_iter10_reg  |    1|   0|    1|          0|
    |ap_loop_exit_ready_pp0_iter11_reg  |    1|   0|    1|          0|
    |ap_loop_exit_ready_pp0_iter12_reg  |    1|   0|    1|          0|
    |ap_loop_exit_ready_pp0_iter13_reg  |    1|   0|    1|          0|
    |ap_loop_exit_ready_pp0_iter14_reg  |    1|   0|    1|          0|
    |ap_loop_exit_ready_pp0_iter15_reg  |    1|   0|    1|          0|
    |ap_loop_exit_ready_pp0_iter16_reg  |    1|   0|    1|          0|
    |ap_loop_exit_ready_pp0_iter17_reg  |    1|   0|    1|          0|
    |ap_loop_exit_ready_pp0_iter18_reg  |    1|   0|    1|          0|
    |ap_loop_exit_ready_pp0_iter19_reg  |    1|   0|    1|          0|
    |ap_loop_exit_ready_pp0_iter1_reg   |    1|   0|    1|          0|
    |ap_loop_exit_ready_pp0_iter20_reg  |    1|   0|    1|          0|
    |ap_loop_exit_ready_pp0_iter2_reg   |    1|   0|    1|          0|
    |ap_loop_exit_ready_pp0_iter3_reg   |    1|   0|    1|          0|
    |ap_loop_exit_ready_pp0_iter4_reg   |    1|   0|    1|          0|
    |ap_loop_exit_ready_pp0_iter5_reg   |    1|   0|    1|          0|
    |ap_loop_exit_ready_pp0_iter6_reg   |    1|   0|    1|          0|
    |ap_loop_exit_ready_pp0_iter7_reg   |    1|   0|    1|          0|
    |ap_loop_exit_ready_pp0_iter8_reg   |    1|   0|    1|          0|
    |ap_loop_exit_ready_pp0_iter9_reg   |    1|   0|    1|          0|
    |cloud_fu_56                        |    3|   0|    3|          0|
    |div1_reg_258                       |   32|   0|   32|          0|
    |div_reg_253                        |   32|   0|   32|          0|
    |p_clouds_addr_reg_212              |    3|   0|    3|          0|
    |tmp_s_reg_238                      |  160|   0|  160|          0|
    |trunc_ln3_reg_218                  |   32|   0|   32|          0|
    |trunc_ln4_reg_228                  |   32|   0|   32|          0|
    |trunc_ln78_reg_223                 |   32|   0|   32|          0|
    |trunc_ln79_1_reg_233               |   32|   0|   32|          0|
    |p_clouds_addr_reg_212              |   64|  32|    3|          0|
    |tmp_s_reg_238                      |   64|  32|  160|          0|
    |trunc_ln78_reg_223                 |   64|  32|   32|          0|
    |trunc_ln79_1_reg_233               |   64|  32|   32|          0|
    +-----------------------------------+-----+----+-----+-----------+
    |Total                              |  721| 128|  692|          0|
    +-----------------------------------+-----+----+-----+-----------+



================================================================
== Interface
================================================================
* Summary: 
+---------------------+-----+-----+------------+-------------------------------------+--------------+
|      RTL Ports      | Dir | Bits|  Protocol  |            Source Object            |    C Type    |
+---------------------+-----+-----+------------+-------------------------------------+--------------+
|ap_clk               |   in|    1|  ap_ctrl_hs|  do_compute_Pipeline_VITIS_LOOP_76_5|  return value|
|ap_rst               |   in|    1|  ap_ctrl_hs|  do_compute_Pipeline_VITIS_LOOP_76_5|  return value|
|ap_start             |   in|    1|  ap_ctrl_hs|  do_compute_Pipeline_VITIS_LOOP_76_5|  return value|
|ap_done              |  out|    1|  ap_ctrl_hs|  do_compute_Pipeline_VITIS_LOOP_76_5|  return value|
|ap_idle              |  out|    1|  ap_ctrl_hs|  do_compute_Pipeline_VITIS_LOOP_76_5|  return value|
|ap_ready             |  out|    1|  ap_ctrl_hs|  do_compute_Pipeline_VITIS_LOOP_76_5|  return value|
|grp_fu_450_p_din0    |  out|   32|  ap_ctrl_hs|  do_compute_Pipeline_VITIS_LOOP_76_5|  return value|
|grp_fu_450_p_din1    |  out|   32|  ap_ctrl_hs|  do_compute_Pipeline_VITIS_LOOP_76_5|  return value|
|grp_fu_450_p_opcode  |  out|    1|  ap_ctrl_hs|  do_compute_Pipeline_VITIS_LOOP_76_5|  return value|
|grp_fu_450_p_dout0   |   in|   32|  ap_ctrl_hs|  do_compute_Pipeline_VITIS_LOOP_76_5|  return value|
|grp_fu_450_p_ce      |  out|    1|  ap_ctrl_hs|  do_compute_Pipeline_VITIS_LOOP_76_5|  return value|
|grp_fu_455_p_din0    |  out|   32|  ap_ctrl_hs|  do_compute_Pipeline_VITIS_LOOP_76_5|  return value|
|grp_fu_455_p_din1    |  out|   32|  ap_ctrl_hs|  do_compute_Pipeline_VITIS_LOOP_76_5|  return value|
|grp_fu_455_p_opcode  |  out|    1|  ap_ctrl_hs|  do_compute_Pipeline_VITIS_LOOP_76_5|  return value|
|grp_fu_455_p_dout0   |   in|   32|  ap_ctrl_hs|  do_compute_Pipeline_VITIS_LOOP_76_5|  return value|
|grp_fu_455_p_ce      |  out|    1|  ap_ctrl_hs|  do_compute_Pipeline_VITIS_LOOP_76_5|  return value|
|grp_fu_481_p_din0    |  out|   32|  ap_ctrl_hs|  do_compute_Pipeline_VITIS_LOOP_76_5|  return value|
|grp_fu_481_p_din1    |  out|   32|  ap_ctrl_hs|  do_compute_Pipeline_VITIS_LOOP_76_5|  return value|
|grp_fu_481_p_dout0   |   in|   32|  ap_ctrl_hs|  do_compute_Pipeline_VITIS_LOOP_76_5|  return value|
|grp_fu_481_p_ce      |  out|    1|  ap_ctrl_hs|  do_compute_Pipeline_VITIS_LOOP_76_5|  return value|
|grp_fu_486_p_din0    |  out|   32|  ap_ctrl_hs|  do_compute_Pipeline_VITIS_LOOP_76_5|  return value|
|grp_fu_486_p_din1    |  out|   32|  ap_ctrl_hs|  do_compute_Pipeline_VITIS_LOOP_76_5|  return value|
|grp_fu_486_p_dout0   |   in|   32|  ap_ctrl_hs|  do_compute_Pipeline_VITIS_LOOP_76_5|  return value|
|grp_fu_486_p_ce      |  out|    1|  ap_ctrl_hs|  do_compute_Pipeline_VITIS_LOOP_76_5|  return value|
|p_clouds_address0    |  out|    3|   ap_memory|                             p_clouds|         array|
|p_clouds_ce0         |  out|    1|   ap_memory|                             p_clouds|         array|
|p_clouds_we0         |  out|    1|   ap_memory|                             p_clouds|         array|
|p_clouds_d0          |  out|  224|   ap_memory|                             p_clouds|         array|
|p_clouds_address1    |  out|    3|   ap_memory|                             p_clouds|         array|
|p_clouds_ce1         |  out|    1|   ap_memory|                             p_clouds|         array|
|p_clouds_q1          |   in|  224|   ap_memory|                             p_clouds|         array|
+---------------------+-----+-----+------------+-------------------------------------+--------------+

============================================================
+ Verbose Summary: Synthesis Manager
============================================================
InlineROM: 1
ExposeGlobal: 0
============================================================
+ Verbose Summary: CDFG Model
============================================================
IsTopModel: 0
ResetActiveHigh: 1
IsCombinational: 2
IsDatapathOnly: 2
HasWiredReturn: 1
HasMFsm: 2
HasVarLatency: 1
IsPipeline: 0
IsRtlPipelined: 0
IsInstanceOverlapped: 0
IsDontTouch: 0
HasImplIP: 0
IsGatedGlobalClock: 0

+ Individual pipeline summary: 
  * Pipeline-0: initiation interval (II) = 1, depth = 22


============================================================
+ Verbose Summary: Schedule
============================================================
* Number of FSM states : 22
* Pipeline : 1
  Pipeline-0 : II = 1, D = 22, States = { 1 2 3 4 5 6 7 8 9 10 11 12 13 14 15 16 17 18 19 20 21 22 }
* Dataflow Pipeline: 0

* FSM state transitions: 
1 --> 2 
2 --> 3 
3 --> 4 
4 --> 5 
5 --> 6 
6 --> 7 
7 --> 8 
8 --> 9 
9 --> 10 
10 --> 11 
11 --> 12 
12 --> 13 
13 --> 14 
14 --> 15 
15 --> 16 
16 --> 17 
17 --> 18 
18 --> 19 
19 --> 20 
20 --> 21 
21 --> 22 
22 --> 

* FSM state operations: 

State 1 <SV = 0> <Delay = 1.34>
ST_1 : Operation 25 [1/1] (0.00ns)   --->   "%cloud = alloca i32 1" [flood_HLS_base.cpp:76]   --->   Operation 25 'alloca' 'cloud' <Predicate = true> <Delay = 0.00>
ST_1 : Operation 26 [1/1] (0.00ns)   --->   "%specinterface_ln0 = specinterface void @_ssdm_op_SpecInterface, i224 %p_clouds, void @empty_4, i32 0, i32 0, void @empty_3, i32 4294967295, i32 0, void @empty_3, void @empty_3, void @empty_3, i32 0, i32 0, i32 0, i32 0, void @empty_3, void @empty_3, i32 4294967295, i32 0, i32 0"   --->   Operation 26 'specinterface' 'specinterface_ln0' <Predicate = true> <Delay = 0.00>
ST_1 : Operation 27 [1/1] (0.38ns)   --->   "%store_ln76 = store i3 0, i3 %cloud" [flood_HLS_base.cpp:76]   --->   Operation 27 'store' 'store_ln76' <Predicate = true> <Delay = 0.38>
ST_1 : Operation 28 [1/1] (0.00ns)   --->   "%br_ln0 = br void %for.inc53"   --->   Operation 28 'br' 'br_ln0' <Predicate = true> <Delay = 0.00>
ST_1 : Operation 29 [1/1] (0.00ns)   --->   "%cloud_1 = load i3 %cloud" [flood_HLS_base.cpp:76]   --->   Operation 29 'load' 'cloud_1' <Predicate = true> <Delay = 0.00>
ST_1 : Operation 30 [1/1] (0.57ns)   --->   "%icmp_ln76 = icmp_eq  i3 %cloud_1, i3 7" [flood_HLS_base.cpp:76]   --->   Operation 30 'icmp' 'icmp_ln76' <Predicate = true> <Delay = 0.57> <CoreInst = "Cmp">   --->   Core 9 'Cmp' <Latency = 0> <II = 1> <Delay = 0.57> <FuncUnit> <Opcode : 'seteq' 'setne' 'setle' 'setge' 'setlt' 'setgt'> <InPorts = 2> <OutPorts = 1>
ST_1 : Operation 31 [1/1] (0.57ns)   --->   "%add_ln76 = add i3 %cloud_1, i3 1" [flood_HLS_base.cpp:76]   --->   Operation 31 'add' 'add_ln76' <Predicate = true> <Delay = 0.57> <CoreInst = "Adder">   --->   Core 1 'Adder' <Latency = 0> <II = 1> <Delay = 0.57> <FuncUnit> <Opcode : 'add' 'sub'> <InPorts = 2> <OutPorts = 1>
ST_1 : Operation 32 [1/1] (0.00ns)   --->   "%br_ln76 = br i1 %icmp_ln76, void %for.inc53.split, void %for.body60.preheader.exitStub" [flood_HLS_base.cpp:76]   --->   Operation 32 'br' 'br_ln76' <Predicate = true> <Delay = 0.00>
ST_1 : Operation 33 [1/1] (0.00ns)   --->   "%zext_ln76 = zext i3 %cloud_1" [flood_HLS_base.cpp:76]   --->   Operation 33 'zext' 'zext_ln76' <Predicate = (!icmp_ln76)> <Delay = 0.00>
ST_1 : Operation 34 [1/1] (0.00ns)   --->   "%p_clouds_addr = getelementptr i224 %p_clouds, i64 0, i64 %zext_ln76" [flood_HLS_base.cpp:78]   --->   Operation 34 'getelementptr' 'p_clouds_addr' <Predicate = (!icmp_ln76)> <Delay = 0.00>
ST_1 : Operation 35 [2/2] (0.74ns)   --->   "%p_clouds_load = load i3 %p_clouds_addr" [flood_HLS_base.cpp:78]   --->   Operation 35 'load' 'p_clouds_load' <Predicate = (!icmp_ln76)> <Delay = 0.74> <CoreInst = "RAM">   --->   Core 82 'RAM' <Latency = 1> <II = 1> <Delay = 0.74> <Storage> <Opcode : 'load' 'store'> <Ports = 2> <Width = 224> <Depth = 7> <RAM>
ST_1 : Operation 36 [1/1] (0.38ns)   --->   "%store_ln76 = store i3 %add_ln76, i3 %cloud" [flood_HLS_base.cpp:76]   --->   Operation 36 'store' 'store_ln76' <Predicate = (!icmp_ln76)> <Delay = 0.38>

State 2 <SV = 1> <Delay = 0.74>
ST_2 : Operation 37 [1/2] (0.74ns)   --->   "%p_clouds_load = load i3 %p_clouds_addr" [flood_HLS_base.cpp:78]   --->   Operation 37 'load' 'p_clouds_load' <Predicate = true> <Delay = 0.74> <CoreInst = "RAM">   --->   Core 82 'RAM' <Latency = 1> <II = 1> <Delay = 0.74> <Storage> <Opcode : 'load' 'store'> <Ports = 2> <Width = 224> <Depth = 7> <RAM>
ST_2 : Operation 38 [1/1] (0.00ns)   --->   "%trunc_ln3 = partselect i32 @_ssdm_op_PartSelect.i32.i224.i32.i32, i224 %p_clouds_load, i32 128, i32 159" [flood_HLS_base.cpp:78]   --->   Operation 38 'partselect' 'trunc_ln3' <Predicate = true> <Delay = 0.00>
ST_2 : Operation 39 [1/1] (0.00ns)   --->   "%trunc_ln78 = trunc i224 %p_clouds_load" [flood_HLS_base.cpp:78]   --->   Operation 39 'trunc' 'trunc_ln78' <Predicate = true> <Delay = 0.00>
ST_2 : Operation 40 [1/1] (0.00ns)   --->   "%trunc_ln4 = partselect i32 @_ssdm_op_PartSelect.i32.i224.i32.i32, i224 %p_clouds_load, i32 160, i32 191" [flood_HLS_base.cpp:79]   --->   Operation 40 'partselect' 'trunc_ln4' <Predicate = true> <Delay = 0.00>
ST_2 : Operation 41 [1/1] (0.00ns)   --->   "%trunc_ln79_1 = partselect i32 @_ssdm_op_PartSelect.i32.i224.i32.i32, i224 %p_clouds_load, i32 32, i32 63" [flood_HLS_base.cpp:79]   --->   Operation 41 'partselect' 'trunc_ln79_1' <Predicate = true> <Delay = 0.00>
ST_2 : Operation 42 [1/1] (0.00ns)   --->   "%tmp_s = partselect i160 @_ssdm_op_PartSelect.i160.i224.i32.i32, i224 %p_clouds_load, i32 64, i32 223" [flood_HLS_base.cpp:79]   --->   Operation 42 'partselect' 'tmp_s' <Predicate = true> <Delay = 0.00>

State 3 <SV = 2> <Delay = 2.32>
ST_3 : Operation 43 [1/1] (0.00ns)   --->   "%bitcast_ln78 = bitcast i32 %trunc_ln3" [flood_HLS_base.cpp:78]   --->   Operation 43 'bitcast' 'bitcast_ln78' <Predicate = true> <Delay = 0.00>
ST_3 : Operation 44 [12/12] (2.32ns)   --->   "%div = fdiv i32 %bitcast_ln78, i32 60" [flood_HLS_base.cpp:78]   --->   Operation 44 'fdiv' 'div' <Predicate = true> <Delay = 2.32> <CoreInst = "FDiv">   --->   Core 20 'FDiv' <Latency = 11> <II = 1> <Delay = 2.32> <FuncUnit> <Opcode : 'fdiv' 'frem'> <InPorts = 2> <OutPorts = 1>
ST_3 : Operation 45 [1/1] (0.00ns)   --->   "%bitcast_ln79 = bitcast i32 %trunc_ln4" [flood_HLS_base.cpp:79]   --->   Operation 45 'bitcast' 'bitcast_ln79' <Predicate = true> <Delay = 0.00>
ST_3 : Operation 46 [12/12] (2.32ns)   --->   "%div1 = fdiv i32 %bitcast_ln79, i32 60" [flood_HLS_base.cpp:79]   --->   Operation 46 'fdiv' 'div1' <Predicate = true> <Delay = 2.32> <CoreInst = "FDiv">   --->   Core 20 'FDiv' <Latency = 11> <II = 1> <Delay = 2.32> <FuncUnit> <Opcode : 'fdiv' 'frem'> <InPorts = 2> <OutPorts = 1>

State 4 <SV = 3> <Delay = 2.32>
ST_4 : Operation 47 [11/12] (2.32ns)   --->   "%div = fdiv i32 %bitcast_ln78, i32 60" [flood_HLS_base.cpp:78]   --->   Operation 47 'fdiv' 'div' <Predicate = true> <Delay = 2.32> <CoreInst = "FDiv">   --->   Core 20 'FDiv' <Latency = 11> <II = 1> <Delay = 2.32> <FuncUnit> <Opcode : 'fdiv' 'frem'> <InPorts = 2> <OutPorts = 1>
ST_4 : Operation 48 [11/12] (2.32ns)   --->   "%div1 = fdiv i32 %bitcast_ln79, i32 60" [flood_HLS_base.cpp:79]   --->   Operation 48 'fdiv' 'div1' <Predicate = true> <Delay = 2.32> <CoreInst = "FDiv">   --->   Core 20 'FDiv' <Latency = 11> <II = 1> <Delay = 2.32> <FuncUnit> <Opcode : 'fdiv' 'frem'> <InPorts = 2> <OutPorts = 1>

State 5 <SV = 4> <Delay = 2.32>
ST_5 : Operation 49 [10/12] (2.32ns)   --->   "%div = fdiv i32 %bitcast_ln78, i32 60" [flood_HLS_base.cpp:78]   --->   Operation 49 'fdiv' 'div' <Predicate = true> <Delay = 2.32> <CoreInst = "FDiv">   --->   Core 20 'FDiv' <Latency = 11> <II = 1> <Delay = 2.32> <FuncUnit> <Opcode : 'fdiv' 'frem'> <InPorts = 2> <OutPorts = 1>
ST_5 : Operation 50 [10/12] (2.32ns)   --->   "%div1 = fdiv i32 %bitcast_ln79, i32 60" [flood_HLS_base.cpp:79]   --->   Operation 50 'fdiv' 'div1' <Predicate = true> <Delay = 2.32> <CoreInst = "FDiv">   --->   Core 20 'FDiv' <Latency = 11> <II = 1> <Delay = 2.32> <FuncUnit> <Opcode : 'fdiv' 'frem'> <InPorts = 2> <OutPorts = 1>

State 6 <SV = 5> <Delay = 2.32>
ST_6 : Operation 51 [9/12] (2.32ns)   --->   "%div = fdiv i32 %bitcast_ln78, i32 60" [flood_HLS_base.cpp:78]   --->   Operation 51 'fdiv' 'div' <Predicate = true> <Delay = 2.32> <CoreInst = "FDiv">   --->   Core 20 'FDiv' <Latency = 11> <II = 1> <Delay = 2.32> <FuncUnit> <Opcode : 'fdiv' 'frem'> <InPorts = 2> <OutPorts = 1>
ST_6 : Operation 52 [9/12] (2.32ns)   --->   "%div1 = fdiv i32 %bitcast_ln79, i32 60" [flood_HLS_base.cpp:79]   --->   Operation 52 'fdiv' 'div1' <Predicate = true> <Delay = 2.32> <CoreInst = "FDiv">   --->   Core 20 'FDiv' <Latency = 11> <II = 1> <Delay = 2.32> <FuncUnit> <Opcode : 'fdiv' 'frem'> <InPorts = 2> <OutPorts = 1>

State 7 <SV = 6> <Delay = 2.32>
ST_7 : Operation 53 [8/12] (2.32ns)   --->   "%div = fdiv i32 %bitcast_ln78, i32 60" [flood_HLS_base.cpp:78]   --->   Operation 53 'fdiv' 'div' <Predicate = true> <Delay = 2.32> <CoreInst = "FDiv">   --->   Core 20 'FDiv' <Latency = 11> <II = 1> <Delay = 2.32> <FuncUnit> <Opcode : 'fdiv' 'frem'> <InPorts = 2> <OutPorts = 1>
ST_7 : Operation 54 [8/12] (2.32ns)   --->   "%div1 = fdiv i32 %bitcast_ln79, i32 60" [flood_HLS_base.cpp:79]   --->   Operation 54 'fdiv' 'div1' <Predicate = true> <Delay = 2.32> <CoreInst = "FDiv">   --->   Core 20 'FDiv' <Latency = 11> <II = 1> <Delay = 2.32> <FuncUnit> <Opcode : 'fdiv' 'frem'> <InPorts = 2> <OutPorts = 1>

State 8 <SV = 7> <Delay = 2.32>
ST_8 : Operation 55 [7/12] (2.32ns)   --->   "%div = fdiv i32 %bitcast_ln78, i32 60" [flood_HLS_base.cpp:78]   --->   Operation 55 'fdiv' 'div' <Predicate = true> <Delay = 2.32> <CoreInst = "FDiv">   --->   Core 20 'FDiv' <Latency = 11> <II = 1> <Delay = 2.32> <FuncUnit> <Opcode : 'fdiv' 'frem'> <InPorts = 2> <OutPorts = 1>
ST_8 : Operation 56 [7/12] (2.32ns)   --->   "%div1 = fdiv i32 %bitcast_ln79, i32 60" [flood_HLS_base.cpp:79]   --->   Operation 56 'fdiv' 'div1' <Predicate = true> <Delay = 2.32> <CoreInst = "FDiv">   --->   Core 20 'FDiv' <Latency = 11> <II = 1> <Delay = 2.32> <FuncUnit> <Opcode : 'fdiv' 'frem'> <InPorts = 2> <OutPorts = 1>

State 9 <SV = 8> <Delay = 2.32>
ST_9 : Operation 57 [6/12] (2.32ns)   --->   "%div = fdiv i32 %bitcast_ln78, i32 60" [flood_HLS_base.cpp:78]   --->   Operation 57 'fdiv' 'div' <Predicate = true> <Delay = 2.32> <CoreInst = "FDiv">   --->   Core 20 'FDiv' <Latency = 11> <II = 1> <Delay = 2.32> <FuncUnit> <Opcode : 'fdiv' 'frem'> <InPorts = 2> <OutPorts = 1>
ST_9 : Operation 58 [6/12] (2.32ns)   --->   "%div1 = fdiv i32 %bitcast_ln79, i32 60" [flood_HLS_base.cpp:79]   --->   Operation 58 'fdiv' 'div1' <Predicate = true> <Delay = 2.32> <CoreInst = "FDiv">   --->   Core 20 'FDiv' <Latency = 11> <II = 1> <Delay = 2.32> <FuncUnit> <Opcode : 'fdiv' 'frem'> <InPorts = 2> <OutPorts = 1>

State 10 <SV = 9> <Delay = 2.32>
ST_10 : Operation 59 [5/12] (2.32ns)   --->   "%div = fdiv i32 %bitcast_ln78, i32 60" [flood_HLS_base.cpp:78]   --->   Operation 59 'fdiv' 'div' <Predicate = true> <Delay = 2.32> <CoreInst = "FDiv">   --->   Core 20 'FDiv' <Latency = 11> <II = 1> <Delay = 2.32> <FuncUnit> <Opcode : 'fdiv' 'frem'> <InPorts = 2> <OutPorts = 1>
ST_10 : Operation 60 [5/12] (2.32ns)   --->   "%div1 = fdiv i32 %bitcast_ln79, i32 60" [flood_HLS_base.cpp:79]   --->   Operation 60 'fdiv' 'div1' <Predicate = true> <Delay = 2.32> <CoreInst = "FDiv">   --->   Core 20 'FDiv' <Latency = 11> <II = 1> <Delay = 2.32> <FuncUnit> <Opcode : 'fdiv' 'frem'> <InPorts = 2> <OutPorts = 1>

State 11 <SV = 10> <Delay = 2.32>
ST_11 : Operation 61 [4/12] (2.32ns)   --->   "%div = fdiv i32 %bitcast_ln78, i32 60" [flood_HLS_base.cpp:78]   --->   Operation 61 'fdiv' 'div' <Predicate = true> <Delay = 2.32> <CoreInst = "FDiv">   --->   Core 20 'FDiv' <Latency = 11> <II = 1> <Delay = 2.32> <FuncUnit> <Opcode : 'fdiv' 'frem'> <InPorts = 2> <OutPorts = 1>
ST_11 : Operation 62 [4/12] (2.32ns)   --->   "%div1 = fdiv i32 %bitcast_ln79, i32 60" [flood_HLS_base.cpp:79]   --->   Operation 62 'fdiv' 'div1' <Predicate = true> <Delay = 2.32> <CoreInst = "FDiv">   --->   Core 20 'FDiv' <Latency = 11> <II = 1> <Delay = 2.32> <FuncUnit> <Opcode : 'fdiv' 'frem'> <InPorts = 2> <OutPorts = 1>

State 12 <SV = 11> <Delay = 2.32>
ST_12 : Operation 63 [3/12] (2.32ns)   --->   "%div = fdiv i32 %bitcast_ln78, i32 60" [flood_HLS_base.cpp:78]   --->   Operation 63 'fdiv' 'div' <Predicate = true> <Delay = 2.32> <CoreInst = "FDiv">   --->   Core 20 'FDiv' <Latency = 11> <II = 1> <Delay = 2.32> <FuncUnit> <Opcode : 'fdiv' 'frem'> <InPorts = 2> <OutPorts = 1>
ST_12 : Operation 64 [3/12] (2.32ns)   --->   "%div1 = fdiv i32 %bitcast_ln79, i32 60" [flood_HLS_base.cpp:79]   --->   Operation 64 'fdiv' 'div1' <Predicate = true> <Delay = 2.32> <CoreInst = "FDiv">   --->   Core 20 'FDiv' <Latency = 11> <II = 1> <Delay = 2.32> <FuncUnit> <Opcode : 'fdiv' 'frem'> <InPorts = 2> <OutPorts = 1>

State 13 <SV = 12> <Delay = 2.32>
ST_13 : Operation 65 [2/12] (2.32ns)   --->   "%div = fdiv i32 %bitcast_ln78, i32 60" [flood_HLS_base.cpp:78]   --->   Operation 65 'fdiv' 'div' <Predicate = true> <Delay = 2.32> <CoreInst = "FDiv">   --->   Core 20 'FDiv' <Latency = 11> <II = 1> <Delay = 2.32> <FuncUnit> <Opcode : 'fdiv' 'frem'> <InPorts = 2> <OutPorts = 1>
ST_13 : Operation 66 [2/12] (2.32ns)   --->   "%div1 = fdiv i32 %bitcast_ln79, i32 60" [flood_HLS_base.cpp:79]   --->   Operation 66 'fdiv' 'div1' <Predicate = true> <Delay = 2.32> <CoreInst = "FDiv">   --->   Core 20 'FDiv' <Latency = 11> <II = 1> <Delay = 2.32> <FuncUnit> <Opcode : 'fdiv' 'frem'> <InPorts = 2> <OutPorts = 1>

State 14 <SV = 13> <Delay = 2.32>
ST_14 : Operation 67 [1/12] (2.32ns)   --->   "%div = fdiv i32 %bitcast_ln78, i32 60" [flood_HLS_base.cpp:78]   --->   Operation 67 'fdiv' 'div' <Predicate = true> <Delay = 2.32> <CoreInst = "FDiv">   --->   Core 20 'FDiv' <Latency = 11> <II = 1> <Delay = 2.32> <FuncUnit> <Opcode : 'fdiv' 'frem'> <InPorts = 2> <OutPorts = 1>
ST_14 : Operation 68 [1/12] (2.32ns)   --->   "%div1 = fdiv i32 %bitcast_ln79, i32 60" [flood_HLS_base.cpp:79]   --->   Operation 68 'fdiv' 'div1' <Predicate = true> <Delay = 2.32> <CoreInst = "FDiv">   --->   Core 20 'FDiv' <Latency = 11> <II = 1> <Delay = 2.32> <FuncUnit> <Opcode : 'fdiv' 'frem'> <InPorts = 2> <OutPorts = 1>

State 15 <SV = 14> <Delay = 2.34>
ST_15 : Operation 69 [1/1] (0.00ns)   --->   "%bitcast_ln78_1 = bitcast i32 %trunc_ln78" [flood_HLS_base.cpp:78]   --->   Operation 69 'bitcast' 'bitcast_ln78_1' <Predicate = true> <Delay = 0.00>
ST_15 : Operation 70 [7/7] (2.34ns)   --->   "%add1 = fadd i32 %bitcast_ln78_1, i32 %div" [flood_HLS_base.cpp:78]   --->   Operation 70 'fadd' 'add1' <Predicate = true> <Delay = 2.34> <CoreInst = "FAddSub_fulldsp">   --->   Core 18 'FAddSub_fulldsp' <Latency = 6> <II = 1> <Delay = 2.34> <FuncUnit> <Opcode : 'fadd' 'fsub'> <InPorts = 2> <OutPorts = 1>
ST_15 : Operation 71 [1/1] (0.00ns)   --->   "%bitcast_ln79_1 = bitcast i32 %trunc_ln79_1" [flood_HLS_base.cpp:79]   --->   Operation 71 'bitcast' 'bitcast_ln79_1' <Predicate = true> <Delay = 0.00>
ST_15 : Operation 72 [7/7] (2.34ns)   --->   "%add2 = fadd i32 %bitcast_ln79_1, i32 %div1" [flood_HLS_base.cpp:79]   --->   Operation 72 'fadd' 'add2' <Predicate = true> <Delay = 2.34> <CoreInst = "FAddSub_fulldsp">   --->   Core 18 'FAddSub_fulldsp' <Latency = 6> <II = 1> <Delay = 2.34> <FuncUnit> <Opcode : 'fadd' 'fsub'> <InPorts = 2> <OutPorts = 1>

State 16 <SV = 15> <Delay = 2.34>
ST_16 : Operation 73 [6/7] (2.34ns)   --->   "%add1 = fadd i32 %bitcast_ln78_1, i32 %div" [flood_HLS_base.cpp:78]   --->   Operation 73 'fadd' 'add1' <Predicate = true> <Delay = 2.34> <CoreInst = "FAddSub_fulldsp">   --->   Core 18 'FAddSub_fulldsp' <Latency = 6> <II = 1> <Delay = 2.34> <FuncUnit> <Opcode : 'fadd' 'fsub'> <InPorts = 2> <OutPorts = 1>
ST_16 : Operation 74 [6/7] (2.34ns)   --->   "%add2 = fadd i32 %bitcast_ln79_1, i32 %div1" [flood_HLS_base.cpp:79]   --->   Operation 74 'fadd' 'add2' <Predicate = true> <Delay = 2.34> <CoreInst = "FAddSub_fulldsp">   --->   Core 18 'FAddSub_fulldsp' <Latency = 6> <II = 1> <Delay = 2.34> <FuncUnit> <Opcode : 'fadd' 'fsub'> <InPorts = 2> <OutPorts = 1>

State 17 <SV = 16> <Delay = 2.34>
ST_17 : Operation 75 [5/7] (2.34ns)   --->   "%add1 = fadd i32 %bitcast_ln78_1, i32 %div" [flood_HLS_base.cpp:78]   --->   Operation 75 'fadd' 'add1' <Predicate = true> <Delay = 2.34> <CoreInst = "FAddSub_fulldsp">   --->   Core 18 'FAddSub_fulldsp' <Latency = 6> <II = 1> <Delay = 2.34> <FuncUnit> <Opcode : 'fadd' 'fsub'> <InPorts = 2> <OutPorts = 1>
ST_17 : Operation 76 [5/7] (2.34ns)   --->   "%add2 = fadd i32 %bitcast_ln79_1, i32 %div1" [flood_HLS_base.cpp:79]   --->   Operation 76 'fadd' 'add2' <Predicate = true> <Delay = 2.34> <CoreInst = "FAddSub_fulldsp">   --->   Core 18 'FAddSub_fulldsp' <Latency = 6> <II = 1> <Delay = 2.34> <FuncUnit> <Opcode : 'fadd' 'fsub'> <InPorts = 2> <OutPorts = 1>

State 18 <SV = 17> <Delay = 2.34>
ST_18 : Operation 77 [4/7] (2.34ns)   --->   "%add1 = fadd i32 %bitcast_ln78_1, i32 %div" [flood_HLS_base.cpp:78]   --->   Operation 77 'fadd' 'add1' <Predicate = true> <Delay = 2.34> <CoreInst = "FAddSub_fulldsp">   --->   Core 18 'FAddSub_fulldsp' <Latency = 6> <II = 1> <Delay = 2.34> <FuncUnit> <Opcode : 'fadd' 'fsub'> <InPorts = 2> <OutPorts = 1>
ST_18 : Operation 78 [4/7] (2.34ns)   --->   "%add2 = fadd i32 %bitcast_ln79_1, i32 %div1" [flood_HLS_base.cpp:79]   --->   Operation 78 'fadd' 'add2' <Predicate = true> <Delay = 2.34> <CoreInst = "FAddSub_fulldsp">   --->   Core 18 'FAddSub_fulldsp' <Latency = 6> <II = 1> <Delay = 2.34> <FuncUnit> <Opcode : 'fadd' 'fsub'> <InPorts = 2> <OutPorts = 1>

State 19 <SV = 18> <Delay = 2.34>
ST_19 : Operation 79 [3/7] (2.34ns)   --->   "%add1 = fadd i32 %bitcast_ln78_1, i32 %div" [flood_HLS_base.cpp:78]   --->   Operation 79 'fadd' 'add1' <Predicate = true> <Delay = 2.34> <CoreInst = "FAddSub_fulldsp">   --->   Core 18 'FAddSub_fulldsp' <Latency = 6> <II = 1> <Delay = 2.34> <FuncUnit> <Opcode : 'fadd' 'fsub'> <InPorts = 2> <OutPorts = 1>
ST_19 : Operation 80 [3/7] (2.34ns)   --->   "%add2 = fadd i32 %bitcast_ln79_1, i32 %div1" [flood_HLS_base.cpp:79]   --->   Operation 80 'fadd' 'add2' <Predicate = true> <Delay = 2.34> <CoreInst = "FAddSub_fulldsp">   --->   Core 18 'FAddSub_fulldsp' <Latency = 6> <II = 1> <Delay = 2.34> <FuncUnit> <Opcode : 'fadd' 'fsub'> <InPorts = 2> <OutPorts = 1>

State 20 <SV = 19> <Delay = 2.34>
ST_20 : Operation 81 [2/7] (2.34ns)   --->   "%add1 = fadd i32 %bitcast_ln78_1, i32 %div" [flood_HLS_base.cpp:78]   --->   Operation 81 'fadd' 'add1' <Predicate = true> <Delay = 2.34> <CoreInst = "FAddSub_fulldsp">   --->   Core 18 'FAddSub_fulldsp' <Latency = 6> <II = 1> <Delay = 2.34> <FuncUnit> <Opcode : 'fadd' 'fsub'> <InPorts = 2> <OutPorts = 1>
ST_20 : Operation 82 [2/7] (2.34ns)   --->   "%add2 = fadd i32 %bitcast_ln79_1, i32 %div1" [flood_HLS_base.cpp:79]   --->   Operation 82 'fadd' 'add2' <Predicate = true> <Delay = 2.34> <CoreInst = "FAddSub_fulldsp">   --->   Core 18 'FAddSub_fulldsp' <Latency = 6> <II = 1> <Delay = 2.34> <FuncUnit> <Opcode : 'fadd' 'fsub'> <InPorts = 2> <OutPorts = 1>

State 21 <SV = 20> <Delay = 2.34>
ST_21 : Operation 83 [1/7] (2.34ns)   --->   "%add1 = fadd i32 %bitcast_ln78_1, i32 %div" [flood_HLS_base.cpp:78]   --->   Operation 83 'fadd' 'add1' <Predicate = true> <Delay = 2.34> <CoreInst = "FAddSub_fulldsp">   --->   Core 18 'FAddSub_fulldsp' <Latency = 6> <II = 1> <Delay = 2.34> <FuncUnit> <Opcode : 'fadd' 'fsub'> <InPorts = 2> <OutPorts = 1>
ST_21 : Operation 84 [1/7] (2.34ns)   --->   "%add2 = fadd i32 %bitcast_ln79_1, i32 %div1" [flood_HLS_base.cpp:79]   --->   Operation 84 'fadd' 'add2' <Predicate = true> <Delay = 2.34> <CoreInst = "FAddSub_fulldsp">   --->   Core 18 'FAddSub_fulldsp' <Latency = 6> <II = 1> <Delay = 2.34> <FuncUnit> <Opcode : 'fadd' 'fsub'> <InPorts = 2> <OutPorts = 1>
ST_21 : Operation 93 [1/1] (0.38ns)   --->   "%ret_ln0 = ret"   --->   Operation 93 'ret' 'ret_ln0' <Predicate = (icmp_ln76)> <Delay = 0.38>

State 22 <SV = 21> <Delay = 0.74>
ST_22 : Operation 85 [1/1] (0.00ns)   --->   "%specpipeline_ln76 = specpipeline void @_ssdm_op_SpecPipeline, i32 4294967295, i32 0, i32 0, i32 0, void @empty_3" [flood_HLS_base.cpp:76]   --->   Operation 85 'specpipeline' 'specpipeline_ln76' <Predicate = true> <Delay = 0.00>
ST_22 : Operation 86 [1/1] (0.00ns)   --->   "%speclooptripcount_ln76 = speclooptripcount void @_ssdm_op_SpecLoopTripCount, i64 7, i64 7, i64 7" [flood_HLS_base.cpp:76]   --->   Operation 86 'speclooptripcount' 'speclooptripcount_ln76' <Predicate = true> <Delay = 0.00>
ST_22 : Operation 87 [1/1] (0.00ns)   --->   "%specloopname_ln76 = specloopname void @_ssdm_op_SpecLoopName, void @empty_2" [flood_HLS_base.cpp:76]   --->   Operation 87 'specloopname' 'specloopname_ln76' <Predicate = true> <Delay = 0.00>
ST_22 : Operation 88 [1/1] (0.00ns)   --->   "%bitcast_ln78_2 = bitcast i32 %add1" [flood_HLS_base.cpp:78]   --->   Operation 88 'bitcast' 'bitcast_ln78_2' <Predicate = true> <Delay = 0.00>
ST_22 : Operation 89 [1/1] (0.00ns)   --->   "%bitcast_ln79_2 = bitcast i32 %add2" [flood_HLS_base.cpp:79]   --->   Operation 89 'bitcast' 'bitcast_ln79_2' <Predicate = true> <Delay = 0.00>
ST_22 : Operation 90 [1/1] (0.00ns)   --->   "%or_ln = bitconcatenate i224 @_ssdm_op_BitConcatenate.i224.i160.i32.i32, i160 %tmp_s, i32 %bitcast_ln79_2, i32 %bitcast_ln78_2" [flood_HLS_base.cpp:79]   --->   Operation 90 'bitconcatenate' 'or_ln' <Predicate = true> <Delay = 0.00>
ST_22 : Operation 91 [1/1] (0.74ns)   --->   "%store_ln79 = store i224 %or_ln, i3 %p_clouds_addr" [flood_HLS_base.cpp:79]   --->   Operation 91 'store' 'store_ln79' <Predicate = true> <Delay = 0.74> <CoreInst = "RAM">   --->   Core 82 'RAM' <Latency = 1> <II = 1> <Delay = 0.74> <Storage> <Opcode : 'load' 'store'> <Ports = 2> <Width = 224> <Depth = 7> <RAM>
ST_22 : Operation 92 [1/1] (0.00ns)   --->   "%br_ln76 = br void %for.inc53" [flood_HLS_base.cpp:76]   --->   Operation 92 'br' 'br_ln76' <Predicate = true> <Delay = 0.00>


============================================================
+ Verbose Summary: Binding
============================================================
STG Binding: 
---------------- STG Properties BEGIN ----------------
- Is combinational: 0
- Is one-state seq: 0
- Is datapath-only: 0
- Is pipelined: 0
- Is top level: 0
Port [ Return ] is wired: 1; IO mode=ap_ctrl_hs:ce=0
Port [ p_clouds]:  wired=1; compound=1; hidden=0; nouse=0; global=0; static=0; extern=0; dir=2; type=1; pingpong=0; private_global=0; MemPort=[01]; IO mode=ap_memory:ce=0
---------------- STG Properties END ------------------

---------------- Datapath Model BEGIN ----------------

<LifeTime>
<method=bitvector/>
cloud                  (alloca           ) [ 01000000000000000000000]
specinterface_ln0      (specinterface    ) [ 00000000000000000000000]
store_ln76             (store            ) [ 00000000000000000000000]
br_ln0                 (br               ) [ 00000000000000000000000]
cloud_1                (load             ) [ 00000000000000000000000]
icmp_ln76              (icmp             ) [ 01111111111111111111110]
add_ln76               (add              ) [ 00000000000000000000000]
br_ln76                (br               ) [ 00000000000000000000000]
zext_ln76              (zext             ) [ 00000000000000000000000]
p_clouds_addr          (getelementptr    ) [ 01111111111111111111111]
store_ln76             (store            ) [ 00000000000000000000000]
p_clouds_load          (load             ) [ 00000000000000000000000]
trunc_ln3              (partselect       ) [ 01010000000000000000000]
trunc_ln78             (trunc            ) [ 01011111111111110000000]
trunc_ln4              (partselect       ) [ 01010000000000000000000]
trunc_ln79_1           (partselect       ) [ 01011111111111110000000]
tmp_s                  (partselect       ) [ 01011111111111111111111]
bitcast_ln78           (bitcast          ) [ 01001111111111100000000]
bitcast_ln79           (bitcast          ) [ 01001111111111100000000]
div                    (fdiv             ) [ 01000000000000011111110]
div1                   (fdiv             ) [ 01000000000000011111110]
bitcast_ln78_1         (bitcast          ) [ 01000000000000001111110]
bitcast_ln79_1         (bitcast          ) [ 01000000000000001111110]
add1                   (fadd             ) [ 01000000000000000000001]
add2                   (fadd             ) [ 01000000000000000000001]
specpipeline_ln76      (specpipeline     ) [ 00000000000000000000000]
speclooptripcount_ln76 (speclooptripcount) [ 00000000000000000000000]
specloopname_ln76      (specloopname     ) [ 00000000000000000000000]
bitcast_ln78_2         (bitcast          ) [ 00000000000000000000000]
bitcast_ln79_2         (bitcast          ) [ 00000000000000000000000]
or_ln                  (bitconcatenate   ) [ 00000000000000000000000]
store_ln79             (store            ) [ 00000000000000000000000]
br_ln76                (br               ) [ 00000000000000000000000]
ret_ln0                (ret              ) [ 00000000000000000000000]
</LifeTime>

<model>

<comp_list>
<comp id="0" class="1000" name="p_clouds">
<pin_list>
<pin id="1" dir="1" index="0" bw="1" slack="0"/>
</pin_list>
<bind>
<StgValue><ssdm name="p_clouds"/><MemPortTyVec>0 1 </MemPortTyVec>
</StgValue>
</bind>
</comp>

<comp id="2" class="1001" name="const_2">
<pin_list>
<pin id="3" dir="1" index="0" bw="1" slack="0"/>
</pin_list>
<bind>
<StgValue><ssdm name=""/></StgValue>
</bind>
</comp>

<comp id="4" class="1001" name="const_4">
<pin_list>
<pin id="5" dir="1" index="0" bw="1" slack="2147483647"/>
</pin_list>
<bind>
<StgValue><ssdm name="_ssdm_op_SpecInterface"/></StgValue>
</bind>
</comp>

<comp id="6" class="1001" name="const_6">
<pin_list>
<pin id="7" dir="1" index="0" bw="1" slack="2147483647"/>
</pin_list>
<bind>
<StgValue><ssdm name="empty_4"/></StgValue>
</bind>
</comp>

<comp id="8" class="1001" name="const_8">
<pin_list>
<pin id="9" dir="1" index="0" bw="1" slack="2147483647"/>
</pin_list>
<bind>
<StgValue><ssdm name=""/></StgValue>
</bind>
</comp>

<comp id="10" class="1001" name="const_10">
<pin_list>
<pin id="11" dir="1" index="0" bw="1" slack="2147483647"/>
</pin_list>
<bind>
<StgValue><ssdm name="empty_3"/></StgValue>
</bind>
</comp>

<comp id="12" class="1001" name="const_12">
<pin_list>
<pin id="13" dir="1" index="0" bw="1" slack="2147483647"/>
</pin_list>
<bind>
<StgValue><ssdm name=""/></StgValue>
</bind>
</comp>

<comp id="14" class="1001" name="const_14">
<pin_list>
<pin id="15" dir="1" index="0" bw="1" slack="0"/>
</pin_list>
<bind>
<StgValue><ssdm name=""/></StgValue>
</bind>
</comp>

<comp id="16" class="1001" name="const_16">
<pin_list>
<pin id="17" dir="1" index="0" bw="1" slack="0"/>
</pin_list>
<bind>
<StgValue><ssdm name=""/></StgValue>
</bind>
</comp>

<comp id="18" class="1001" name="const_18">
<pin_list>
<pin id="19" dir="1" index="0" bw="1" slack="0"/>
</pin_list>
<bind>
<StgValue><ssdm name=""/></StgValue>
</bind>
</comp>

<comp id="20" class="1001" name="const_20">
<pin_list>
<pin id="21" dir="1" index="0" bw="1" slack="0"/>
</pin_list>
<bind>
<StgValue><ssdm name=""/></StgValue>
</bind>
</comp>

<comp id="22" class="1001" name="const_22">
<pin_list>
<pin id="23" dir="1" index="0" bw="1" slack="0"/>
</pin_list>
<bind>
<StgValue><ssdm name="_ssdm_op_PartSelect.i32.i224.i32.i32"/></StgValue>
</bind>
</comp>

<comp id="24" class="1001" name="const_24">
<pin_list>
<pin id="25" dir="1" index="0" bw="1" slack="0"/>
</pin_list>
<bind>
<StgValue><ssdm name=""/></StgValue>
</bind>
</comp>

<comp id="26" class="1001" name="const_26">
<pin_list>
<pin id="27" dir="1" index="0" bw="1" slack="0"/>
</pin_list>
<bind>
<StgValue><ssdm name=""/></StgValue>
</bind>
</comp>

<comp id="28" class="1001" name="const_28">
<pin_list>
<pin id="29" dir="1" index="0" bw="1" slack="0"/>
</pin_list>
<bind>
<StgValue><ssdm name=""/></StgValue>
</bind>
</comp>

<comp id="30" class="1001" name="const_30">
<pin_list>
<pin id="31" dir="1" index="0" bw="1" slack="0"/>
</pin_list>
<bind>
<StgValue><ssdm name=""/></StgValue>
</bind>
</comp>

<comp id="32" class="1001" name="const_32">
<pin_list>
<pin id="33" dir="1" index="0" bw="1" slack="0"/>
</pin_list>
<bind>
<StgValue><ssdm name=""/></StgValue>
</bind>
</comp>

<comp id="34" class="1001" name="const_34">
<pin_list>
<pin id="35" dir="1" index="0" bw="1" slack="0"/>
</pin_list>
<bind>
<StgValue><ssdm name=""/></StgValue>
</bind>
</comp>

<comp id="36" class="1001" name="const_36">
<pin_list>
<pin id="37" dir="1" index="0" bw="1" slack="0"/>
</pin_list>
<bind>
<StgValue><ssdm name="_ssdm_op_PartSelect.i160.i224.i32.i32"/></StgValue>
</bind>
</comp>

<comp id="38" class="1001" name="const_38">
<pin_list>
<pin id="39" dir="1" index="0" bw="1" slack="0"/>
</pin_list>
<bind>
<StgValue><ssdm name=""/></StgValue>
</bind>
</comp>

<comp id="40" class="1001" name="const_40">
<pin_list>
<pin id="41" dir="1" index="0" bw="1" slack="0"/>
</pin_list>
<bind>
<StgValue><ssdm name=""/></StgValue>
</bind>
</comp>

<comp id="42" class="1001" name="const_42">
<pin_list>
<pin id="43" dir="1" index="0" bw="1" slack="0"/>
</pin_list>
<bind>
<StgValue><ssdm name=""/></StgValue>
</bind>
</comp>

<comp id="44" class="1001" name="const_44">
<pin_list>
<pin id="45" dir="1" index="0" bw="1" slack="2147483647"/>
</pin_list>
<bind>
<StgValue><ssdm name="_ssdm_op_SpecPipeline"/></StgValue>
</bind>
</comp>

<comp id="46" class="1001" name="const_46">
<pin_list>
<pin id="47" dir="1" index="0" bw="1" slack="2147483647"/>
</pin_list>
<bind>
<StgValue><ssdm name="_ssdm_op_SpecLoopTripCount"/></StgValue>
</bind>
</comp>

<comp id="48" class="1001" name="const_48">
<pin_list>
<pin id="49" dir="1" index="0" bw="1" slack="2147483647"/>
</pin_list>
<bind>
<StgValue><ssdm name=""/></StgValue>
</bind>
</comp>

<comp id="50" class="1001" name="const_50">
<pin_list>
<pin id="51" dir="1" index="0" bw="1" slack="2147483647"/>
</pin_list>
<bind>
<StgValue><ssdm name="_ssdm_op_SpecLoopName"/></StgValue>
</bind>
</comp>

<comp id="52" class="1001" name="const_52">
<pin_list>
<pin id="53" dir="1" index="0" bw="1" slack="2147483647"/>
</pin_list>
<bind>
<StgValue><ssdm name="empty_2"/></StgValue>
</bind>
</comp>

<comp id="54" class="1001" name="const_54">
<pin_list>
<pin id="55" dir="1" index="0" bw="1" slack="0"/>
</pin_list>
<bind>
<StgValue><ssdm name="_ssdm_op_BitConcatenate.i224.i160.i32.i32"/></StgValue>
</bind>
</comp>

<comp id="56" class="1004" name="cloud_fu_56">
<pin_list>
<pin id="57" dir="0" index="0" bw="1" slack="0"/>
<pin id="58" dir="1" index="1" bw="3" slack="0"/>
</pin_list>
<bind>
<opcode="alloca(26) " fcode="alloca"/>
<opset="cloud/1 "/>
</bind>
</comp>

<comp id="60" class="1004" name="p_clouds_addr_gep_fu_60">
<pin_list>
<pin id="61" dir="0" index="0" bw="224" slack="0"/>
<pin id="62" dir="0" index="1" bw="1" slack="0"/>
<pin id="63" dir="0" index="2" bw="3" slack="0"/>
<pin id="64" dir="1" index="3" bw="3" slack="0"/>
</pin_list>
<bind>
<opcode="getelementptr(29) " fcode="getelementptr"/>
<opset="p_clouds_addr/1 "/>
</bind>
</comp>

<comp id="67" class="1004" name="grp_access_fu_67">
<pin_list>
<pin id="68" dir="0" index="0" bw="3" slack="21"/>
<pin id="69" dir="0" index="1" bw="224" slack="0"/>
<pin id="70" dir="0" index="2" bw="0" slack="0"/>
<pin id="72" dir="0" index="4" bw="3" slack="2147483647"/>
<pin id="73" dir="0" index="5" bw="224" slack="2147483647"/>
<pin id="74" dir="0" index="6" bw="0" slack="2147483647"/>
<pin id="71" dir="1" index="3" bw="224" slack="2147483647"/>
<pin id="75" dir="1" index="7" bw="224" slack="0"/>
</pin_list>
<bind>
<opcode="load(27) store(28) " fcode="store"/>
<opset="p_clouds_load/1 store_ln79/22 "/>
</bind>
</comp>

<comp id="77" class="1004" name="grp_fu_77">
<pin_list>
<pin id="78" dir="0" index="0" bw="32" slack="0"/>
<pin id="79" dir="0" index="1" bw="32" slack="1"/>
<pin id="80" dir="1" index="2" bw="32" slack="1"/>
</pin_list>
<bind>
<opcode="fadd(9) " fcode="fadd"/>
<opset="add1/15 "/>
</bind>
</comp>

<comp id="81" class="1004" name="grp_fu_81">
<pin_list>
<pin id="82" dir="0" index="0" bw="32" slack="0"/>
<pin id="83" dir="0" index="1" bw="32" slack="1"/>
<pin id="84" dir="1" index="2" bw="32" slack="1"/>
</pin_list>
<bind>
<opcode="fadd(9) " fcode="fadd"/>
<opset="add2/15 "/>
</bind>
</comp>

<comp id="85" class="1004" name="grp_fu_85">
<pin_list>
<pin id="86" dir="0" index="0" bw="32" slack="0"/>
<pin id="87" dir="0" index="1" bw="32" slack="0"/>
<pin id="88" dir="1" index="2" bw="32" slack="1"/>
</pin_list>
<bind>
<opcode="fdiv(16) " fcode="fdiv"/>
<opset="div/3 "/>
</bind>
</comp>

<comp id="90" class="1004" name="grp_fu_90">
<pin_list>
<pin id="91" dir="0" index="0" bw="32" slack="0"/>
<pin id="92" dir="0" index="1" bw="32" slack="0"/>
<pin id="93" dir="1" index="2" bw="32" slack="1"/>
</pin_list>
<bind>
<opcode="fdiv(16) " fcode="fdiv"/>
<opset="div1/3 "/>
</bind>
</comp>

<comp id="95" class="1004" name="store_ln76_store_fu_95">
<pin_list>
<pin id="96" dir="0" index="0" bw="1" slack="0"/>
<pin id="97" dir="0" index="1" bw="3" slack="0"/>
<pin id="98" dir="1" index="2" bw="0" slack="2147483647"/>
</pin_list>
<bind>
<opcode="store(28) " fcode="store"/>
<opset="store_ln76/1 "/>
</bind>
</comp>

<comp id="100" class="1004" name="cloud_1_load_fu_100">
<pin_list>
<pin id="101" dir="0" index="0" bw="3" slack="0"/>
<pin id="102" dir="1" index="1" bw="3" slack="0"/>
</pin_list>
<bind>
<opcode="load(27) " fcode="load"/>
<opset="cloud_1/1 "/>
</bind>
</comp>

<comp id="103" class="1004" name="icmp_ln76_fu_103">
<pin_list>
<pin id="104" dir="0" index="0" bw="3" slack="0"/>
<pin id="105" dir="0" index="1" bw="3" slack="0"/>
<pin id="106" dir="1" index="2" bw="1" slack="20"/>
</pin_list>
<bind>
<opcode="icmp(45) " fcode="icmp"/>
<opset="icmp_ln76/1 "/>
</bind>
</comp>

<comp id="109" class="1004" name="add_ln76_fu_109">
<pin_list>
<pin id="110" dir="0" index="0" bw="3" slack="0"/>
<pin id="111" dir="0" index="1" bw="1" slack="0"/>
<pin id="112" dir="1" index="2" bw="3" slack="0"/>
</pin_list>
<bind>
<opcode="add(8) " fcode="add"/>
<opset="add_ln76/1 "/>
</bind>
</comp>

<comp id="115" class="1004" name="zext_ln76_fu_115">
<pin_list>
<pin id="116" dir="0" index="0" bw="3" slack="0"/>
<pin id="117" dir="1" index="1" bw="64" slack="0"/>
</pin_list>
<bind>
<opcode="zext(34) " fcode="zext"/>
<opset="zext_ln76/1 "/>
</bind>
</comp>

<comp id="120" class="1004" name="store_ln76_store_fu_120">
<pin_list>
<pin id="121" dir="0" index="0" bw="3" slack="0"/>
<pin id="122" dir="0" index="1" bw="3" slack="0"/>
<pin id="123" dir="1" index="2" bw="0" slack="2147483647"/>
</pin_list>
<bind>
<opcode="store(28) " fcode="store"/>
<opset="store_ln76/1 "/>
</bind>
</comp>

<comp id="125" class="1004" name="trunc_ln3_fu_125">
<pin_list>
<pin id="126" dir="0" index="0" bw="32" slack="0"/>
<pin id="127" dir="0" index="1" bw="224" slack="0"/>
<pin id="128" dir="0" index="2" bw="9" slack="0"/>
<pin id="129" dir="0" index="3" bw="9" slack="0"/>
<pin id="130" dir="1" index="4" bw="32" slack="1"/>
</pin_list>
<bind>
<opcode="partselect(1002) " fcode="partselect"/>
<opset="trunc_ln3/2 "/>
</bind>
</comp>

<comp id="135" class="1004" name="trunc_ln78_fu_135">
<pin_list>
<pin id="136" dir="0" index="0" bw="224" slack="0"/>
<pin id="137" dir="1" index="1" bw="32" slack="13"/>
</pin_list>
<bind>
<opcode="trunc(33) " fcode="trunc"/>
<opset="trunc_ln78/2 "/>
</bind>
</comp>

<comp id="139" class="1004" name="trunc_ln4_fu_139">
<pin_list>
<pin id="140" dir="0" index="0" bw="32" slack="0"/>
<pin id="141" dir="0" index="1" bw="224" slack="0"/>
<pin id="142" dir="0" index="2" bw="9" slack="0"/>
<pin id="143" dir="0" index="3" bw="9" slack="0"/>
<pin id="144" dir="1" index="4" bw="32" slack="1"/>
</pin_list>
<bind>
<opcode="partselect(1002) " fcode="partselect"/>
<opset="trunc_ln4/2 "/>
</bind>
</comp>

<comp id="149" class="1004" name="trunc_ln79_1_fu_149">
<pin_list>
<pin id="150" dir="0" index="0" bw="32" slack="0"/>
<pin id="151" dir="0" index="1" bw="224" slack="0"/>
<pin id="152" dir="0" index="2" bw="7" slack="0"/>
<pin id="153" dir="0" index="3" bw="7" slack="0"/>
<pin id="154" dir="1" index="4" bw="32" slack="13"/>
</pin_list>
<bind>
<opcode="partselect(1002) " fcode="partselect"/>
<opset="trunc_ln79_1/2 "/>
</bind>
</comp>

<comp id="159" class="1004" name="tmp_s_fu_159">
<pin_list>
<pin id="160" dir="0" index="0" bw="160" slack="0"/>
<pin id="161" dir="0" index="1" bw="224" slack="0"/>
<pin id="162" dir="0" index="2" bw="8" slack="0"/>
<pin id="163" dir="0" index="3" bw="9" slack="0"/>
<pin id="164" dir="1" index="4" bw="160" slack="20"/>
</pin_list>
<bind>
<opcode="partselect(1002) " fcode="partselect"/>
<opset="tmp_s/2 "/>
</bind>
</comp>

<comp id="169" class="1004" name="bitcast_ln78_fu_169">
<pin_list>
<pin id="170" dir="0" index="0" bw="32" slack="1"/>
<pin id="171" dir="1" index="1" bw="32" slack="0"/>
</pin_list>
<bind>
<opcode="bitcast(44) " fcode="bitcast"/>
<opset="bitcast_ln78/3 "/>
</bind>
</comp>

<comp id="173" class="1004" name="bitcast_ln79_fu_173">
<pin_list>
<pin id="174" dir="0" index="0" bw="32" slack="1"/>
<pin id="175" dir="1" index="1" bw="32" slack="0"/>
</pin_list>
<bind>
<opcode="bitcast(44) " fcode="bitcast"/>
<opset="bitcast_ln79/3 "/>
</bind>
</comp>

<comp id="177" class="1004" name="bitcast_ln78_1_fu_177">
<pin_list>
<pin id="178" dir="0" index="0" bw="32" slack="13"/>
<pin id="179" dir="1" index="1" bw="32" slack="0"/>
</pin_list>
<bind>
<opcode="bitcast(44) " fcode="bitcast"/>
<opset="bitcast_ln78_1/15 "/>
</bind>
</comp>

<comp id="181" class="1004" name="bitcast_ln79_1_fu_181">
<pin_list>
<pin id="182" dir="0" index="0" bw="32" slack="13"/>
<pin id="183" dir="1" index="1" bw="32" slack="0"/>
</pin_list>
<bind>
<opcode="bitcast(44) " fcode="bitcast"/>
<opset="bitcast_ln79_1/15 "/>
</bind>
</comp>

<comp id="185" class="1004" name="bitcast_ln78_2_fu_185">
<pin_list>
<pin id="186" dir="0" index="0" bw="32" slack="1"/>
<pin id="187" dir="1" index="1" bw="32" slack="0"/>
</pin_list>
<bind>
<opcode="bitcast(44) " fcode="bitcast"/>
<opset="bitcast_ln78_2/22 "/>
</bind>
</comp>

<comp id="188" class="1004" name="bitcast_ln79_2_fu_188">
<pin_list>
<pin id="189" dir="0" index="0" bw="32" slack="1"/>
<pin id="190" dir="1" index="1" bw="32" slack="0"/>
</pin_list>
<bind>
<opcode="bitcast(44) " fcode="bitcast"/>
<opset="bitcast_ln79_2/22 "/>
</bind>
</comp>

<comp id="191" class="1004" name="or_ln_fu_191">
<pin_list>
<pin id="192" dir="0" index="0" bw="224" slack="0"/>
<pin id="193" dir="0" index="1" bw="160" slack="20"/>
<pin id="194" dir="0" index="2" bw="32" slack="0"/>
<pin id="195" dir="0" index="3" bw="32" slack="0"/>
<pin id="196" dir="1" index="4" bw="224" slack="0"/>
</pin_list>
<bind>
<opcode="bitconcatenate(1004) " fcode="bitconcatenate"/>
<opset="or_ln/22 "/>
</bind>
</comp>

<comp id="201" class="1005" name="cloud_reg_201">
<pin_list>
<pin id="202" dir="0" index="0" bw="3" slack="0"/>
<pin id="203" dir="1" index="1" bw="3" slack="0"/>
</pin_list>
<bind>
<opset="cloud "/>
</bind>
</comp>

<comp id="208" class="1005" name="icmp_ln76_reg_208">
<pin_list>
<pin id="209" dir="0" index="0" bw="1" slack="20"/>
<pin id="210" dir="1" index="1" bw="1" slack="2147483647"/>
</pin_list>
<bind>
<opset="icmp_ln76 "/>
</bind>
</comp>

<comp id="212" class="1005" name="p_clouds_addr_reg_212">
<pin_list>
<pin id="213" dir="0" index="0" bw="3" slack="1"/>
<pin id="214" dir="1" index="1" bw="3" slack="1"/>
</pin_list>
<bind>
<opset="p_clouds_addr "/>
</bind>
</comp>

<comp id="218" class="1005" name="trunc_ln3_reg_218">
<pin_list>
<pin id="219" dir="0" index="0" bw="32" slack="1"/>
<pin id="220" dir="1" index="1" bw="32" slack="1"/>
</pin_list>
<bind>
<opset="trunc_ln3 "/>
</bind>
</comp>

<comp id="223" class="1005" name="trunc_ln78_reg_223">
<pin_list>
<pin id="224" dir="0" index="0" bw="32" slack="13"/>
<pin id="225" dir="1" index="1" bw="32" slack="13"/>
</pin_list>
<bind>
<opset="trunc_ln78 "/>
</bind>
</comp>

<comp id="228" class="1005" name="trunc_ln4_reg_228">
<pin_list>
<pin id="229" dir="0" index="0" bw="32" slack="1"/>
<pin id="230" dir="1" index="1" bw="32" slack="1"/>
</pin_list>
<bind>
<opset="trunc_ln4 "/>
</bind>
</comp>

<comp id="233" class="1005" name="trunc_ln79_1_reg_233">
<pin_list>
<pin id="234" dir="0" index="0" bw="32" slack="13"/>
<pin id="235" dir="1" index="1" bw="32" slack="13"/>
</pin_list>
<bind>
<opset="trunc_ln79_1 "/>
</bind>
</comp>

<comp id="238" class="1005" name="tmp_s_reg_238">
<pin_list>
<pin id="239" dir="0" index="0" bw="160" slack="20"/>
<pin id="240" dir="1" index="1" bw="160" slack="20"/>
</pin_list>
<bind>
<opset="tmp_s "/>
</bind>
</comp>

<comp id="243" class="1005" name="bitcast_ln78_reg_243">
<pin_list>
<pin id="244" dir="0" index="0" bw="32" slack="1"/>
<pin id="245" dir="1" index="1" bw="32" slack="1"/>
</pin_list>
<bind>
<opset="bitcast_ln78 "/>
</bind>
</comp>

<comp id="248" class="1005" name="bitcast_ln79_reg_248">
<pin_list>
<pin id="249" dir="0" index="0" bw="32" slack="1"/>
<pin id="250" dir="1" index="1" bw="32" slack="1"/>
</pin_list>
<bind>
<opset="bitcast_ln79 "/>
</bind>
</comp>

<comp id="253" class="1005" name="div_reg_253">
<pin_list>
<pin id="254" dir="0" index="0" bw="32" slack="1"/>
<pin id="255" dir="1" index="1" bw="32" slack="1"/>
</pin_list>
<bind>
<opset="div "/>
</bind>
</comp>

<comp id="258" class="1005" name="div1_reg_258">
<pin_list>
<pin id="259" dir="0" index="0" bw="32" slack="1"/>
<pin id="260" dir="1" index="1" bw="32" slack="1"/>
</pin_list>
<bind>
<opset="div1 "/>
</bind>
</comp>

<comp id="263" class="1005" name="bitcast_ln78_1_reg_263">
<pin_list>
<pin id="264" dir="0" index="0" bw="32" slack="1"/>
<pin id="265" dir="1" index="1" bw="32" slack="1"/>
</pin_list>
<bind>
<opset="bitcast_ln78_1 "/>
</bind>
</comp>

<comp id="268" class="1005" name="bitcast_ln79_1_reg_268">
<pin_list>
<pin id="269" dir="0" index="0" bw="32" slack="1"/>
<pin id="270" dir="1" index="1" bw="32" slack="1"/>
</pin_list>
<bind>
<opset="bitcast_ln79_1 "/>
</bind>
</comp>

<comp id="273" class="1005" name="add1_reg_273">
<pin_list>
<pin id="274" dir="0" index="0" bw="32" slack="1"/>
<pin id="275" dir="1" index="1" bw="32" slack="1"/>
</pin_list>
<bind>
<opset="add1 "/>
</bind>
</comp>

<comp id="278" class="1005" name="add2_reg_278">
<pin_list>
<pin id="279" dir="0" index="0" bw="32" slack="1"/>
<pin id="280" dir="1" index="1" bw="32" slack="1"/>
</pin_list>
<bind>
<opset="add2 "/>
</bind>
</comp>

</comp_list>

<net_list>
<net id="59"><net_src comp="2" pin="0"/><net_sink comp="56" pin=0"/></net>

<net id="65"><net_src comp="0" pin="0"/><net_sink comp="60" pin=0"/></net>

<net id="66"><net_src comp="20" pin="0"/><net_sink comp="60" pin=1"/></net>

<net id="76"><net_src comp="60" pin="3"/><net_sink comp="67" pin=2"/></net>

<net id="89"><net_src comp="42" pin="0"/><net_sink comp="85" pin=1"/></net>

<net id="94"><net_src comp="42" pin="0"/><net_sink comp="90" pin=1"/></net>

<net id="99"><net_src comp="14" pin="0"/><net_sink comp="95" pin=0"/></net>

<net id="107"><net_src comp="100" pin="1"/><net_sink comp="103" pin=0"/></net>

<net id="108"><net_src comp="16" pin="0"/><net_sink comp="103" pin=1"/></net>

<net id="113"><net_src comp="100" pin="1"/><net_sink comp="109" pin=0"/></net>

<net id="114"><net_src comp="18" pin="0"/><net_sink comp="109" pin=1"/></net>

<net id="118"><net_src comp="100" pin="1"/><net_sink comp="115" pin=0"/></net>

<net id="119"><net_src comp="115" pin="1"/><net_sink comp="60" pin=2"/></net>

<net id="124"><net_src comp="109" pin="2"/><net_sink comp="120" pin=0"/></net>

<net id="131"><net_src comp="22" pin="0"/><net_sink comp="125" pin=0"/></net>

<net id="132"><net_src comp="67" pin="7"/><net_sink comp="125" pin=1"/></net>

<net id="133"><net_src comp="24" pin="0"/><net_sink comp="125" pin=2"/></net>

<net id="134"><net_src comp="26" pin="0"/><net_sink comp="125" pin=3"/></net>

<net id="138"><net_src comp="67" pin="7"/><net_sink comp="135" pin=0"/></net>

<net id="145"><net_src comp="22" pin="0"/><net_sink comp="139" pin=0"/></net>

<net id="146"><net_src comp="67" pin="7"/><net_sink comp="139" pin=1"/></net>

<net id="147"><net_src comp="28" pin="0"/><net_sink comp="139" pin=2"/></net>

<net id="148"><net_src comp="30" pin="0"/><net_sink comp="139" pin=3"/></net>

<net id="155"><net_src comp="22" pin="0"/><net_sink comp="149" pin=0"/></net>

<net id="156"><net_src comp="67" pin="7"/><net_sink comp="149" pin=1"/></net>

<net id="157"><net_src comp="32" pin="0"/><net_sink comp="149" pin=2"/></net>

<net id="158"><net_src comp="34" pin="0"/><net_sink comp="149" pin=3"/></net>

<net id="165"><net_src comp="36" pin="0"/><net_sink comp="159" pin=0"/></net>

<net id="166"><net_src comp="67" pin="7"/><net_sink comp="159" pin=1"/></net>

<net id="167"><net_src comp="38" pin="0"/><net_sink comp="159" pin=2"/></net>

<net id="168"><net_src comp="40" pin="0"/><net_sink comp="159" pin=3"/></net>

<net id="172"><net_src comp="169" pin="1"/><net_sink comp="85" pin=0"/></net>

<net id="176"><net_src comp="173" pin="1"/><net_sink comp="90" pin=0"/></net>

<net id="180"><net_src comp="177" pin="1"/><net_sink comp="77" pin=0"/></net>

<net id="184"><net_src comp="181" pin="1"/><net_sink comp="81" pin=0"/></net>

<net id="197"><net_src comp="54" pin="0"/><net_sink comp="191" pin=0"/></net>

<net id="198"><net_src comp="188" pin="1"/><net_sink comp="191" pin=2"/></net>

<net id="199"><net_src comp="185" pin="1"/><net_sink comp="191" pin=3"/></net>

<net id="200"><net_src comp="191" pin="4"/><net_sink comp="67" pin=1"/></net>

<net id="204"><net_src comp="56" pin="1"/><net_sink comp="201" pin=0"/></net>

<net id="205"><net_src comp="201" pin="1"/><net_sink comp="95" pin=1"/></net>

<net id="206"><net_src comp="201" pin="1"/><net_sink comp="100" pin=0"/></net>

<net id="207"><net_src comp="201" pin="1"/><net_sink comp="120" pin=1"/></net>

<net id="211"><net_src comp="103" pin="2"/><net_sink comp="208" pin=0"/></net>

<net id="215"><net_src comp="60" pin="3"/><net_sink comp="212" pin=0"/></net>

<net id="216"><net_src comp="212" pin="1"/><net_sink comp="67" pin=2"/></net>

<net id="217"><net_src comp="212" pin="1"/><net_sink comp="67" pin=0"/></net>

<net id="221"><net_src comp="125" pin="4"/><net_sink comp="218" pin=0"/></net>

<net id="222"><net_src comp="218" pin="1"/><net_sink comp="169" pin=0"/></net>

<net id="226"><net_src comp="135" pin="1"/><net_sink comp="223" pin=0"/></net>

<net id="227"><net_src comp="223" pin="1"/><net_sink comp="177" pin=0"/></net>

<net id="231"><net_src comp="139" pin="4"/><net_sink comp="228" pin=0"/></net>

<net id="232"><net_src comp="228" pin="1"/><net_sink comp="173" pin=0"/></net>

<net id="236"><net_src comp="149" pin="4"/><net_sink comp="233" pin=0"/></net>

<net id="237"><net_src comp="233" pin="1"/><net_sink comp="181" pin=0"/></net>

<net id="241"><net_src comp="159" pin="4"/><net_sink comp="238" pin=0"/></net>

<net id="242"><net_src comp="238" pin="1"/><net_sink comp="191" pin=1"/></net>

<net id="246"><net_src comp="169" pin="1"/><net_sink comp="243" pin=0"/></net>

<net id="247"><net_src comp="243" pin="1"/><net_sink comp="85" pin=0"/></net>

<net id="251"><net_src comp="173" pin="1"/><net_sink comp="248" pin=0"/></net>

<net id="252"><net_src comp="248" pin="1"/><net_sink comp="90" pin=0"/></net>

<net id="256"><net_src comp="85" pin="2"/><net_sink comp="253" pin=0"/></net>

<net id="257"><net_src comp="253" pin="1"/><net_sink comp="77" pin=1"/></net>

<net id="261"><net_src comp="90" pin="2"/><net_sink comp="258" pin=0"/></net>

<net id="262"><net_src comp="258" pin="1"/><net_sink comp="81" pin=1"/></net>

<net id="266"><net_src comp="177" pin="1"/><net_sink comp="263" pin=0"/></net>

<net id="267"><net_src comp="263" pin="1"/><net_sink comp="77" pin=0"/></net>

<net id="271"><net_src comp="181" pin="1"/><net_sink comp="268" pin=0"/></net>

<net id="272"><net_src comp="268" pin="1"/><net_sink comp="81" pin=0"/></net>

<net id="276"><net_src comp="77" pin="2"/><net_sink comp="273" pin=0"/></net>

<net id="277"><net_src comp="273" pin="1"/><net_sink comp="185" pin=0"/></net>

<net id="281"><net_src comp="81" pin="2"/><net_sink comp="278" pin=0"/></net>

<net id="282"><net_src comp="278" pin="1"/><net_sink comp="188" pin=0"/></net>

</net_list>

</model> 
---------------- Datapath Model END ------------------

* FSMD analyzer results:
  - Output states:
	Port: p_clouds | {22 }
 - Input state : 
	Port: do_compute_Pipeline_VITIS_LOOP_76_5 : p_clouds | {1 2 }
  - Chain level:
	State 1
		store_ln76 : 1
		cloud_1 : 1
		icmp_ln76 : 2
		add_ln76 : 2
		br_ln76 : 3
		zext_ln76 : 2
		p_clouds_addr : 3
		p_clouds_load : 4
		store_ln76 : 3
	State 2
		trunc_ln3 : 1
		trunc_ln78 : 1
		trunc_ln4 : 1
		trunc_ln79_1 : 1
		tmp_s : 1
	State 3
		div : 1
		div1 : 1
	State 4
	State 5
	State 6
	State 7
	State 8
	State 9
	State 10
	State 11
	State 12
	State 13
	State 14
	State 15
		add1 : 1
		add2 : 1
	State 16
	State 17
	State 18
	State 19
	State 20
	State 21
	State 22
		or_ln : 1
		store_ln79 : 2


============================================================
+ Verbose Summary: Datapath Resource usage 
============================================================

* Functional unit list:
|----------|---------------------|---------|---------|---------|
| Operation|   Functional Unit   |   DSP   |    FF   |   LUT   |
|----------|---------------------|---------|---------|---------|
|   fadd   |      grp_fu_77      |    2    |   318   |   198   |
|          |      grp_fu_81      |    2    |   318   |   198   |
|----------|---------------------|---------|---------|---------|
|   icmp   |   icmp_ln76_fu_103  |    0    |    0    |    10   |
|----------|---------------------|---------|---------|---------|
|    add   |   add_ln76_fu_109   |    0    |    0    |    10   |
|----------|---------------------|---------|---------|---------|
|   fdiv   |      grp_fu_85      |    0    |    0    |    0    |
|          |      grp_fu_90      |    0    |    0    |    0    |
|----------|---------------------|---------|---------|---------|
|   zext   |   zext_ln76_fu_115  |    0    |    0    |    0    |
|----------|---------------------|---------|---------|---------|
|          |   trunc_ln3_fu_125  |    0    |    0    |    0    |
|partselect|   trunc_ln4_fu_139  |    0    |    0    |    0    |
|          | trunc_ln79_1_fu_149 |    0    |    0    |    0    |
|          |     tmp_s_fu_159    |    0    |    0    |    0    |
|----------|---------------------|---------|---------|---------|
|   trunc  |  trunc_ln78_fu_135  |    0    |    0    |    0    |
|----------|---------------------|---------|---------|---------|
|bitconcatenate|     or_ln_fu_191    |    0    |    0    |    0    |
|----------|---------------------|---------|---------|---------|
|   Total  |                     |    4    |   636   |   416   |
|----------|---------------------|---------|---------|---------|

Memories:
N/A

* Register list:
+----------------------+--------+
|                      |   FF   |
+----------------------+--------+
|     add1_reg_273     |   32   |
|     add2_reg_278     |   32   |
|bitcast_ln78_1_reg_263|   32   |
| bitcast_ln78_reg_243 |   32   |
|bitcast_ln79_1_reg_268|   32   |
| bitcast_ln79_reg_248 |   32   |
|     cloud_reg_201    |    3   |
|     div1_reg_258     |   32   |
|      div_reg_253     |   32   |
|   icmp_ln76_reg_208  |    1   |
| p_clouds_addr_reg_212|    3   |
|     tmp_s_reg_238    |   160  |
|   trunc_ln3_reg_218  |   32   |
|   trunc_ln4_reg_228  |   32   |
|  trunc_ln78_reg_223  |   32   |
| trunc_ln79_1_reg_233 |   32   |
+----------------------+--------+
|         Total        |   551  |
+----------------------+--------+

* Multiplexer (MUX) list: 
|------------------|------|------|------|--------||---------||---------||---------|
|       Comp       |  Pin | Size |  BW  | S x BW ||  Delay  ||    FF   ||   LUT   |
|------------------|------|------|------|--------||---------||---------||---------|
| grp_access_fu_67 |  p2  |   2  |   0  |    0   ||    0    ||    9    |
|     grp_fu_77    |  p0  |   2  |  32  |   64   ||    0    ||    9    |
|     grp_fu_81    |  p0  |   2  |  32  |   64   ||    0    ||    9    |
|     grp_fu_85    |  p0  |   2  |  32  |   64   ||    0    ||    9    |
|     grp_fu_90    |  p0  |   2  |  32  |   64   ||    0    ||    9    |
|------------------|------|------|------|--------||---------||---------||---------|
|       Total      |      |      |      |   256  ||  1.935  ||    0    ||    45   |
|------------------|------|------|------|--------||---------||---------||---------|



* Summary:
+-----------+--------+--------+--------+--------+
|           |   DSP  |  Delay |   FF   |   LUT  |
+-----------+--------+--------+--------+--------+
|  Function |    4   |    -   |   636  |   416  |
|   Memory  |    -   |    -   |    -   |    -   |
|Multiplexer|    -   |    1   |    0   |   45   |
|  Register |    -   |    -   |   551  |    -   |
+-----------+--------+--------+--------+--------+
|   Total   |    4   |    1   |  1187  |   461  |
+-----------+--------+--------+--------+--------+
