

================================================================
== Vitis HLS Report for 'do_compute_Pipeline_VITIS_LOOP_53_1_VITIS_LOOP_54_2'
================================================================
* Date:           Sun May 17 15:54:59 2026

* Version:        2024.1 (Build 5069499 on May 21 2024)
* Project:        .tiny_dam_base_enabled
* Solution:       solution_FLOOD_HLS_base (Vivado IP Flow Target)
* Product family: virtexuplusHBM
* Target device:  xcu50-fsvh2104-2-e


================================================================
== Performance Estimates
================================================================
+ Timing: 
    * Summary: 
    +--------+---------+----------+------------+
    |  Clock |  Target | Estimated| Uncertainty|
    +--------+---------+----------+------------+
    |ap_clk  |  4.00 ns|  2.892 ns|     1.08 ns|
    +--------+---------+----------+------------+

+ Latency: 
    * Summary: 
    +---------+---------+-----------+-----------+------+------+-----------------------------------------------+
    |  Latency (cycles) |   Latency (absolute)  |   Interval  |                    Pipeline                   |
    |   min   |   max   |    min    |    max    |  min |  max |                      Type                     |
    +---------+---------+-----------+-----------+------+------+-----------------------------------------------+
    |     2510|     2510|  10.040 us|  10.040 us|  2501|  2501|  loop auto-rewind stp(delay=0 clock cycles(s))|
    +---------+---------+-----------+-----------+------+------+-----------------------------------------------+

    + Detail: 
        * Instance: 
        N/A

        * Loop: 
        +-----------------------------------+---------+---------+----------+-----------+-----------+------+----------+
        |                                   |  Latency (cycles) | Iteration|  Initiation Interval  | Trip |          |
        |             Loop Name             |   min   |   max   |  Latency |  achieved |   target  | Count| Pipelined|
        +-----------------------------------+---------+---------+----------+-----------+-----------+------+----------+
        |- VITIS_LOOP_53_1_VITIS_LOOP_54_2  |     2508|     2508|        10|          1|          1|  2500|       yes|
        +-----------------------------------+---------+---------+----------+-----------+-----------+------+----------+

============================================================
+ Verbose Summary: Synthesis Manager
============================================================
InlineROM: 1
ExposeGlobal: 0
============================================================
+ Verbose Summary: CDFG Model
============================================================
IsTopModel: 0
ResetActiveHigh: 1
IsCombinational: 0
IsDatapathOnly: 0
HasWiredReturn: 1
HasMFsm: 2
HasVarLatency: 1
IsPipeline: 0
IsRtlPipelined: 0
IsInstanceOverlapped: 0
IsDontTouch: 0
HasImplIP: 0
IsGatedGlobalClock: 0

+ Individual pipeline summary: 
  * Pipeline-0: initiation interval (II) = 1, depth = 10


============================================================
+ Verbose Summary: Schedule
============================================================
* Number of FSM states : 10
* Pipeline : 1
  Pipeline-0 : II = 1, D = 10, States = { 1 2 3 4 5 6 7 8 9 10 }
* Dataflow Pipeline: 0

* FSM state transitions: 
1 --> 2 
2 --> 3 
3 --> 4 
4 --> 5 
5 --> 6 
6 --> 7 
7 --> 8 
8 --> 9 
9 --> 10 
10 --> 

* FSM state operations: 

State 1 <SV = 0> <Delay = 2.48>
ST_1 : Operation 13 [1/1] (0.00ns)   --->   "%col_pos = alloca i32 1" [flood_HLS_base.cpp:52]   --->   Operation 13 'alloca' 'col_pos' <Predicate = true> <Delay = 0.00>
ST_1 : Operation 14 [1/1] (0.00ns)   --->   "%row_pos = alloca i32 1" [flood_HLS_base.cpp:52]   --->   Operation 14 'alloca' 'row_pos' <Predicate = true> <Delay = 0.00>
ST_1 : Operation 15 [1/1] (0.00ns)   --->   "%indvar_flatten = alloca i32 1"   --->   Operation 15 'alloca' 'indvar_flatten' <Predicate = true> <Delay = 0.00>
ST_1 : Operation 16 [1/1] (0.38ns)   --->   "%store_ln0 = store i12 0, i12 %indvar_flatten"   --->   Operation 16 'store' 'store_ln0' <Predicate = true> <Delay = 0.38>
ST_1 : Operation 17 [1/1] (0.38ns)   --->   "%store_ln52 = store i6 0, i6 %row_pos" [flood_HLS_base.cpp:52]   --->   Operation 17 'store' 'store_ln52' <Predicate = true> <Delay = 0.38>
ST_1 : Operation 18 [1/1] (0.38ns)   --->   "%store_ln52 = store i6 0, i6 %col_pos" [flood_HLS_base.cpp:52]   --->   Operation 18 'store' 'store_ln52' <Predicate = true> <Delay = 0.38>
ST_1 : Operation 19 [1/1] (0.00ns)   --->   "%br_ln0 = br void %VITIS_LOOP_63_3"   --->   Operation 19 'br' 'br_ln0' <Predicate = true> <Delay = 0.00>
ST_1 : Operation 20 [1/1] (0.00ns)   --->   "%indvar_flatten_load = load i12 %indvar_flatten" [flood_HLS_base.cpp:53]   --->   Operation 20 'load' 'indvar_flatten_load' <Predicate = true> <Delay = 0.00>
ST_1 : Operation 21 [1/1] (0.74ns)   --->   "%icmp_ln53 = icmp_eq  i12 %indvar_flatten_load, i12 2500" [flood_HLS_base.cpp:53]   --->   Operation 21 'icmp' 'icmp_ln53' <Predicate = true> <Delay = 0.74> <CoreInst = "Cmp">   --->   Core 9 'Cmp' <Latency = 0> <II = 1> <Delay = 0.74> <FuncUnit> <Opcode : 'seteq' 'setne' 'setle' 'setge' 'setlt' 'setgt'> <InPorts = 2> <OutPorts = 1>
ST_1 : Operation 22 [1/1] (0.74ns)   --->   "%add_ln53_1 = add i12 %indvar_flatten_load, i12 1" [flood_HLS_base.cpp:53]   --->   Operation 22 'add' 'add_ln53_1' <Predicate = true> <Delay = 0.74> <CoreInst = "Adder">   --->   Core 1 'Adder' <Latency = 0> <II = 1> <Delay = 0.74> <FuncUnit> <Opcode : 'add' 'sub'> <InPorts = 2> <OutPorts = 1>
ST_1 : Operation 23 [1/1] (0.00ns)   --->   "%br_ln53 = br i1 %icmp_ln53, void %for.inc26, void %VITIS_LOOP_70_4.exitStub" [flood_HLS_base.cpp:53]   --->   Operation 23 'br' 'br_ln53' <Predicate = true> <Delay = 0.00>
ST_1 : Operation 24 [1/1] (0.00ns)   --->   "%col_pos_load = load i6 %col_pos" [flood_HLS_base.cpp:54]   --->   Operation 24 'load' 'col_pos_load' <Predicate = (!icmp_ln53)> <Delay = 0.00>
ST_1 : Operation 25 [1/1] (0.00ns)   --->   "%row_pos_load = load i6 %row_pos" [flood_HLS_base.cpp:53]   --->   Operation 25 'load' 'row_pos_load' <Predicate = (!icmp_ln53)> <Delay = 0.00>
ST_1 : Operation 26 [1/1] (0.70ns)   --->   "%add_ln53 = add i6 %row_pos_load, i6 1" [flood_HLS_base.cpp:53]   --->   Operation 26 'add' 'add_ln53' <Predicate = (!icmp_ln53)> <Delay = 0.70> <CoreInst = "Adder">   --->   Core 1 'Adder' <Latency = 0> <II = 1> <Delay = 0.70> <FuncUnit> <Opcode : 'add' 'sub'> <InPorts = 2> <OutPorts = 1>
ST_1 : Operation 27 [1/1] (0.70ns)   --->   "%icmp_ln54 = icmp_eq  i6 %col_pos_load, i6 50" [flood_HLS_base.cpp:54]   --->   Operation 27 'icmp' 'icmp_ln54' <Predicate = (!icmp_ln53)> <Delay = 0.70> <CoreInst = "Cmp">   --->   Core 9 'Cmp' <Latency = 0> <II = 1> <Delay = 0.70> <FuncUnit> <Opcode : 'seteq' 'setne' 'setle' 'setge' 'setlt' 'setgt'> <InPorts = 2> <OutPorts = 1>
ST_1 : Operation 28 [1/1] (0.29ns)   --->   "%select_ln52 = select i1 %icmp_ln54, i6 0, i6 %col_pos_load" [flood_HLS_base.cpp:52]   --->   Operation 28 'select' 'select_ln52' <Predicate = (!icmp_ln53)> <Delay = 0.29> <CoreInst = "Sel">   --->   Core 73 'Sel' <Latency = 0> <II = 1> <Delay = 0.29> <FuncUnit> <Opcode : 'select'> <InPorts = 3> <OutPorts = 1>
ST_1 : Operation 29 [1/1] (0.29ns)   --->   "%select_ln53 = select i1 %icmp_ln54, i6 %add_ln53, i6 %row_pos_load" [flood_HLS_base.cpp:53]   --->   Operation 29 'select' 'select_ln53' <Predicate = (!icmp_ln53)> <Delay = 0.29> <CoreInst = "Sel">   --->   Core 73 'Sel' <Latency = 0> <II = 1> <Delay = 0.29> <FuncUnit> <Opcode : 'select'> <InPorts = 3> <OutPorts = 1>
ST_1 : Operation 30 [1/1] (0.00ns)   --->   "%zext_ln58 = zext i6 %select_ln53" [flood_HLS_base.cpp:58]   --->   Operation 30 'zext' 'zext_ln58' <Predicate = (!icmp_ln53)> <Delay = 0.00>
ST_1 : Operation 31 [3/3] (0.99ns) (grouped into DSP with root node add_ln59)   --->   "%mul_ln59 = mul i12 %zext_ln58, i12 50" [flood_HLS_base.cpp:59]   --->   Operation 31 'mul' 'mul_ln59' <Predicate = (!icmp_ln53)> <Delay = 0.99> <CoreInst = "DSP48">   --->   Core 124 'DSP48' <Latency = 3> <II = 1> <Delay = 0.53> <IPBlock> <Opcode : '' 'add' 'sub' 'mul' 'select'> <InPorts = 0> <OutPorts = 1> <Sync> <CReg>
ST_1 : Operation 32 [10/10] (1.02ns)   --->   "%urem_ln52 = urem i6 %select_ln52, i6 3" [flood_HLS_base.cpp:52]   --->   Operation 32 'urem' 'urem_ln52' <Predicate = (!icmp_ln53)> <Delay = 1.02> <CoreInst = "Divider">   --->   Core 6 'Divider' <Latency = 9> <II = 1> <Delay = 1.02> <FuncUnit> <Opcode : 'udiv' 'sdiv' 'urem' 'srem'> <InPorts = 2> <OutPorts = 1>
ST_1 : Operation 33 [1/1] (0.70ns)   --->   "%add_ln54 = add i6 %select_ln52, i6 1" [flood_HLS_base.cpp:54]   --->   Operation 33 'add' 'add_ln54' <Predicate = (!icmp_ln53)> <Delay = 0.70> <CoreInst = "Adder">   --->   Core 1 'Adder' <Latency = 0> <II = 1> <Delay = 0.70> <FuncUnit> <Opcode : 'add' 'sub'> <InPorts = 2> <OutPorts = 1>
ST_1 : Operation 34 [1/1] (0.38ns)   --->   "%store_ln53 = store i12 %add_ln53_1, i12 %indvar_flatten" [flood_HLS_base.cpp:53]   --->   Operation 34 'store' 'store_ln53' <Predicate = (!icmp_ln53)> <Delay = 0.38>
ST_1 : Operation 35 [1/1] (0.38ns)   --->   "%store_ln52 = store i6 %select_ln53, i6 %row_pos" [flood_HLS_base.cpp:52]   --->   Operation 35 'store' 'store_ln52' <Predicate = (!icmp_ln53)> <Delay = 0.38>
ST_1 : Operation 36 [1/1] (0.38ns)   --->   "%store_ln52 = store i6 %add_ln54, i6 %col_pos" [flood_HLS_base.cpp:52]   --->   Operation 36 'store' 'store_ln52' <Predicate = (!icmp_ln53)> <Delay = 0.38>

State 2 <SV = 1> <Delay = 1.02>
ST_2 : Operation 37 [2/3] (0.99ns) (grouped into DSP with root node add_ln59)   --->   "%mul_ln59 = mul i12 %zext_ln58, i12 50" [flood_HLS_base.cpp:59]   --->   Operation 37 'mul' 'mul_ln59' <Predicate = true> <Delay = 0.99> <CoreInst = "DSP48">   --->   Core 124 'DSP48' <Latency = 3> <II = 1> <Delay = 0.53> <IPBlock> <Opcode : '' 'add' 'sub' 'mul' 'select'> <InPorts = 0> <OutPorts = 1> <Sync> <CReg>
ST_2 : Operation 38 [9/10] (1.02ns)   --->   "%urem_ln52 = urem i6 %select_ln52, i6 3" [flood_HLS_base.cpp:52]   --->   Operation 38 'urem' 'urem_ln52' <Predicate = true> <Delay = 1.02> <CoreInst = "Divider">   --->   Core 6 'Divider' <Latency = 9> <II = 1> <Delay = 1.02> <FuncUnit> <Opcode : 'udiv' 'sdiv' 'urem' 'srem'> <InPorts = 2> <OutPorts = 1>

State 3 <SV = 2> <Delay = 2.34>
ST_3 : Operation 39 [1/1] (0.00ns)   --->   "%zext_ln59 = zext i6 %select_ln53" [flood_HLS_base.cpp:59]   --->   Operation 39 'zext' 'zext_ln59' <Predicate = true> <Delay = 0.00>
ST_3 : Operation 40 [1/1] (0.00ns)   --->   "%tmp = bitconcatenate i10 @_ssdm_op_BitConcatenate.i10.i6.i4, i6 %select_ln53, i4 0" [flood_HLS_base.cpp:58]   --->   Operation 40 'bitconcatenate' 'tmp' <Predicate = true> <Delay = 0.00>
ST_3 : Operation 41 [1/1] (0.00ns) (grouped into TernaryAdder)   --->   "%add_ln59_1 = add i10 %tmp, i10 %zext_ln59" [flood_HLS_base.cpp:59]   --->   Operation 41 'add' 'add_ln59_1' <Predicate = true> <Delay = 0.00> <CoreInst = "TAddSub">   --->   Core 10 'TAddSub' <Latency = 0> <II = 1> <Delay = 0.39> <IPBlock> <Opcode : '' 'add' 'sub'> <InPorts = 3> <OutPorts = 1> <Sync> <CReg>
ST_3 : Operation 42 [1/3] (0.00ns) (grouped into DSP with root node add_ln59)   --->   "%mul_ln59 = mul i12 %zext_ln58, i12 50" [flood_HLS_base.cpp:59]   --->   Operation 42 'mul' 'mul_ln59' <Predicate = true> <Delay = 0.00> <CoreInst = "DSP48">   --->   Core 124 'DSP48' <Latency = 3> <II = 1> <Delay = 0.53> <IPBlock> <Opcode : '' 'add' 'sub' 'mul' 'select'> <InPorts = 0> <OutPorts = 1> <Sync> <CReg>
ST_3 : Operation 43 [1/1] (0.00ns)   --->   "%zext_ln59_1 = zext i6 %select_ln52" [flood_HLS_base.cpp:59]   --->   Operation 43 'zext' 'zext_ln59_1' <Predicate = true> <Delay = 0.00>
ST_3 : Operation 44 [2/2] (0.64ns) (root node of the DSP)   --->   "%add_ln59 = add i12 %mul_ln59, i12 %zext_ln59_1" [flood_HLS_base.cpp:59]   --->   Operation 44 'add' 'add_ln59' <Predicate = true> <Delay = 0.64> <CoreInst = "DSP48">   --->   Core 124 'DSP48' <Latency = 3> <II = 1> <Delay = 0.53> <IPBlock> <Opcode : '' 'add' 'sub' 'mul' 'select'> <InPorts = 0> <OutPorts = 1> <Sync> <CReg>
ST_3 : Operation 45 [1/1] (0.00ns)   --->   "%zext_ln52 = zext i6 %select_ln52" [flood_HLS_base.cpp:52]   --->   Operation 45 'zext' 'zext_ln52' <Predicate = true> <Delay = 0.00>
ST_3 : Operation 46 [1/1] (1.55ns)   --->   "%mul_ln52 = mul i13 %zext_ln52, i13 86" [flood_HLS_base.cpp:52]   --->   Operation 46 'mul' 'mul_ln52' <Predicate = true> <Delay = 1.55> <CoreInst = "Multiplier">   --->   Core 3 'Multiplier' <Latency = 0> <II = 1> <Delay = 1.55> <FuncUnit> <Opcode : 'mul'> <InPorts = 2> <OutPorts = 1>
ST_3 : Operation 47 [1/1] (0.00ns)   --->   "%tmp_33 = partselect i5 @_ssdm_op_PartSelect.i5.i13.i32.i32, i13 %mul_ln52, i32 8, i32 12" [flood_HLS_base.cpp:52]   --->   Operation 47 'partselect' 'tmp_33' <Predicate = true> <Delay = 0.00>
ST_3 : Operation 48 [1/1] (0.00ns)   --->   "%zext_ln58_1 = zext i5 %tmp_33" [flood_HLS_base.cpp:58]   --->   Operation 48 'zext' 'zext_ln58_1' <Predicate = true> <Delay = 0.00>
ST_3 : Operation 49 [1/1] (0.79ns) (root node of TernaryAdder)   --->   "%add_ln58 = add i10 %add_ln59_1, i10 %zext_ln58_1" [flood_HLS_base.cpp:58]   --->   Operation 49 'add' 'add_ln58' <Predicate = true> <Delay = 0.79> <CoreInst = "TAddSub">   --->   Core 10 'TAddSub' <Latency = 0> <II = 1> <Delay = 0.39> <IPBlock> <Opcode : '' 'add' 'sub'> <InPorts = 3> <OutPorts = 1> <Sync> <CReg>
ST_3 : Operation 50 [8/10] (1.02ns)   --->   "%urem_ln52 = urem i6 %select_ln52, i6 3" [flood_HLS_base.cpp:52]   --->   Operation 50 'urem' 'urem_ln52' <Predicate = true> <Delay = 1.02> <CoreInst = "Divider">   --->   Core 6 'Divider' <Latency = 9> <II = 1> <Delay = 1.02> <FuncUnit> <Opcode : 'udiv' 'sdiv' 'urem' 'srem'> <InPorts = 2> <OutPorts = 1>

State 4 <SV = 3> <Delay = 2.29>
ST_4 : Operation 51 [1/2] (0.64ns) (root node of the DSP)   --->   "%add_ln59 = add i12 %mul_ln59, i12 %zext_ln59_1" [flood_HLS_base.cpp:59]   --->   Operation 51 'add' 'add_ln59' <Predicate = true> <Delay = 0.64> <CoreInst = "DSP48">   --->   Core 124 'DSP48' <Latency = 3> <II = 1> <Delay = 0.53> <IPBlock> <Opcode : '' 'add' 'sub' 'mul' 'select'> <InPorts = 0> <OutPorts = 1> <Sync> <CReg>
ST_4 : Operation 52 [1/1] (0.00ns)   --->   "%zext_ln59_2 = zext i12 %add_ln59" [flood_HLS_base.cpp:59]   --->   Operation 52 'zext' 'zext_ln59_2' <Predicate = true> <Delay = 0.00>
ST_4 : Operation 53 [1/1] (0.00ns)   --->   "%spillage_flag_addr = getelementptr i32 %spillage_flag, i64 0, i64 %zext_ln59_2" [flood_HLS_base.cpp:59]   --->   Operation 53 'getelementptr' 'spillage_flag_addr' <Predicate = true> <Delay = 0.00>
ST_4 : Operation 54 [1/1] (0.00ns)   --->   "%spillage_level_addr = getelementptr i32 %spillage_level, i64 0, i64 %zext_ln59_2" [flood_HLS_base.cpp:60]   --->   Operation 54 'getelementptr' 'spillage_level_addr' <Predicate = true> <Delay = 0.00>
ST_4 : Operation 55 [1/1] (0.00ns)   --->   "%spillage_from_neigh_addr = getelementptr i32 %spillage_from_neigh, i64 0, i64 %zext_ln59_2" [flood_HLS_base.cpp:64]   --->   Operation 55 'getelementptr' 'spillage_from_neigh_addr' <Predicate = true> <Delay = 0.00>
ST_4 : Operation 56 [1/1] (0.00ns)   --->   "%spillage_from_neigh_1_addr = getelementptr i32 %spillage_from_neigh_1, i64 0, i64 %zext_ln59_2" [flood_HLS_base.cpp:64]   --->   Operation 56 'getelementptr' 'spillage_from_neigh_1_addr' <Predicate = true> <Delay = 0.00>
ST_4 : Operation 57 [1/1] (0.00ns)   --->   "%spillage_from_neigh_2_addr = getelementptr i32 %spillage_from_neigh_2, i64 0, i64 %zext_ln59_2" [flood_HLS_base.cpp:64]   --->   Operation 57 'getelementptr' 'spillage_from_neigh_2_addr' <Predicate = true> <Delay = 0.00>
ST_4 : Operation 58 [1/1] (0.00ns)   --->   "%spillage_from_neigh_3_addr = getelementptr i32 %spillage_from_neigh_3, i64 0, i64 %zext_ln59_2" [flood_HLS_base.cpp:64]   --->   Operation 58 'getelementptr' 'spillage_from_neigh_3_addr' <Predicate = true> <Delay = 0.00>
ST_4 : Operation 59 [7/10] (1.02ns)   --->   "%urem_ln52 = urem i6 %select_ln52, i6 3" [flood_HLS_base.cpp:52]   --->   Operation 59 'urem' 'urem_ln52' <Predicate = true> <Delay = 1.02> <CoreInst = "Divider">   --->   Core 6 'Divider' <Latency = 9> <II = 1> <Delay = 1.02> <FuncUnit> <Opcode : 'udiv' 'sdiv' 'urem' 'srem'> <InPorts = 2> <OutPorts = 1>
ST_4 : Operation 60 [1/1] (1.64ns)   --->   "%store_ln59 = store i32 0, i12 %spillage_flag_addr" [flood_HLS_base.cpp:59]   --->   Operation 60 'store' 'store_ln59' <Predicate = true> <Delay = 1.64> <CoreInst = "RAM">   --->   Core 82 'RAM' <Latency = 1> <II = 1> <Delay = 1.64> <Storage> <Opcode : 'load' 'store'> <Ports = 2> <Width = 32> <Depth = 2500> <RAM>
ST_4 : Operation 61 [1/1] (1.64ns)   --->   "%store_ln60 = store i32 0, i12 %spillage_level_addr" [flood_HLS_base.cpp:60]   --->   Operation 61 'store' 'store_ln60' <Predicate = true> <Delay = 1.64> <CoreInst = "RAM">   --->   Core 82 'RAM' <Latency = 1> <II = 1> <Delay = 1.64> <Storage> <Opcode : 'load' 'store'> <Ports = 2> <Width = 32> <Depth = 2500> <RAM>
ST_4 : Operation 62 [1/1] (1.64ns)   --->   "%store_ln64 = store i32 0, i12 %spillage_from_neigh_addr" [flood_HLS_base.cpp:64]   --->   Operation 62 'store' 'store_ln64' <Predicate = true> <Delay = 1.64> <CoreInst = "RAM">   --->   Core 82 'RAM' <Latency = 1> <II = 1> <Delay = 1.64> <Storage> <Opcode : 'load' 'store'> <Ports = 2> <Width = 32> <Depth = 2500> <RAM>
ST_4 : Operation 63 [1/1] (1.64ns)   --->   "%store_ln64 = store i32 0, i12 %spillage_from_neigh_1_addr" [flood_HLS_base.cpp:64]   --->   Operation 63 'store' 'store_ln64' <Predicate = true> <Delay = 1.64> <CoreInst = "RAM">   --->   Core 82 'RAM' <Latency = 1> <II = 1> <Delay = 1.64> <Storage> <Opcode : 'load' 'store'> <Ports = 2> <Width = 32> <Depth = 2500> <RAM>
ST_4 : Operation 64 [1/1] (1.64ns)   --->   "%store_ln64 = store i32 0, i12 %spillage_from_neigh_2_addr" [flood_HLS_base.cpp:64]   --->   Operation 64 'store' 'store_ln64' <Predicate = true> <Delay = 1.64> <CoreInst = "RAM">   --->   Core 82 'RAM' <Latency = 1> <II = 1> <Delay = 1.64> <Storage> <Opcode : 'load' 'store'> <Ports = 2> <Width = 32> <Depth = 2500> <RAM>
ST_4 : Operation 65 [1/1] (1.64ns)   --->   "%store_ln64 = store i32 0, i12 %spillage_from_neigh_3_addr" [flood_HLS_base.cpp:64]   --->   Operation 65 'store' 'store_ln64' <Predicate = true> <Delay = 1.64> <CoreInst = "RAM">   --->   Core 82 'RAM' <Latency = 1> <II = 1> <Delay = 1.64> <Storage> <Opcode : 'load' 'store'> <Ports = 2> <Width = 32> <Depth = 2500> <RAM>
ST_4 : Operation 66 [1/1] (0.00ns)   --->   "%br_ln54 = br void %VITIS_LOOP_63_3" [flood_HLS_base.cpp:54]   --->   Operation 66 'br' 'br_ln54' <Predicate = true> <Delay = 0.00>

State 5 <SV = 4> <Delay = 1.02>
ST_5 : Operation 67 [6/10] (1.02ns)   --->   "%urem_ln52 = urem i6 %select_ln52, i6 3" [flood_HLS_base.cpp:52]   --->   Operation 67 'urem' 'urem_ln52' <Predicate = true> <Delay = 1.02> <CoreInst = "Divider">   --->   Core 6 'Divider' <Latency = 9> <II = 1> <Delay = 1.02> <FuncUnit> <Opcode : 'udiv' 'sdiv' 'urem' 'srem'> <InPorts = 2> <OutPorts = 1>

State 6 <SV = 5> <Delay = 1.02>
ST_6 : Operation 68 [5/10] (1.02ns)   --->   "%urem_ln52 = urem i6 %select_ln52, i6 3" [flood_HLS_base.cpp:52]   --->   Operation 68 'urem' 'urem_ln52' <Predicate = true> <Delay = 1.02> <CoreInst = "Divider">   --->   Core 6 'Divider' <Latency = 9> <II = 1> <Delay = 1.02> <FuncUnit> <Opcode : 'udiv' 'sdiv' 'urem' 'srem'> <InPorts = 2> <OutPorts = 1>

State 7 <SV = 6> <Delay = 1.02>
ST_7 : Operation 69 [4/10] (1.02ns)   --->   "%urem_ln52 = urem i6 %select_ln52, i6 3" [flood_HLS_base.cpp:52]   --->   Operation 69 'urem' 'urem_ln52' <Predicate = true> <Delay = 1.02> <CoreInst = "Divider">   --->   Core 6 'Divider' <Latency = 9> <II = 1> <Delay = 1.02> <FuncUnit> <Opcode : 'udiv' 'sdiv' 'urem' 'srem'> <InPorts = 2> <OutPorts = 1>

State 8 <SV = 7> <Delay = 1.02>
ST_8 : Operation 70 [3/10] (1.02ns)   --->   "%urem_ln52 = urem i6 %select_ln52, i6 3" [flood_HLS_base.cpp:52]   --->   Operation 70 'urem' 'urem_ln52' <Predicate = true> <Delay = 1.02> <CoreInst = "Divider">   --->   Core 6 'Divider' <Latency = 9> <II = 1> <Delay = 1.02> <FuncUnit> <Opcode : 'udiv' 'sdiv' 'urem' 'srem'> <InPorts = 2> <OutPorts = 1>

State 9 <SV = 8> <Delay = 1.02>
ST_9 : Operation 71 [2/10] (1.02ns)   --->   "%urem_ln52 = urem i6 %select_ln52, i6 3" [flood_HLS_base.cpp:52]   --->   Operation 71 'urem' 'urem_ln52' <Predicate = true> <Delay = 1.02> <CoreInst = "Divider">   --->   Core 6 'Divider' <Latency = 9> <II = 1> <Delay = 1.02> <FuncUnit> <Opcode : 'udiv' 'sdiv' 'urem' 'srem'> <InPorts = 2> <OutPorts = 1>
ST_9 : Operation 88 [1/1] (0.38ns)   --->   "%ret_ln0 = ret"   --->   Operation 88 'ret' 'ret_ln0' <Predicate = (icmp_ln53)> <Delay = 0.38>

State 10 <SV = 9> <Delay = 2.89>
ST_10 : Operation 72 [1/1] (0.00ns)   --->   "%specloopname_ln0 = specloopname void @_ssdm_op_SpecLoopName, void @VITIS_LOOP_53_1_VITIS_LOOP_54_2_str"   --->   Operation 72 'specloopname' 'specloopname_ln0' <Predicate = true> <Delay = 0.00>
ST_10 : Operation 73 [1/1] (0.00ns)   --->   "%speclooptripcount_ln0 = speclooptripcount void @_ssdm_op_SpecLoopTripCount, i64 2500, i64 2500, i64 2500"   --->   Operation 73 'speclooptripcount' 'speclooptripcount_ln0' <Predicate = true> <Delay = 0.00>
ST_10 : Operation 74 [1/1] (0.00ns)   --->   "%specpipeline_ln52 = specpipeline void @_ssdm_op_SpecPipeline, i32 4294967295, i32 0, i32 0, i32 0, void @empty_3" [flood_HLS_base.cpp:52]   --->   Operation 74 'specpipeline' 'specpipeline_ln52' <Predicate = true> <Delay = 0.00>
ST_10 : Operation 75 [1/1] (0.00ns)   --->   "%zext_ln58_2 = zext i10 %add_ln58" [flood_HLS_base.cpp:58]   --->   Operation 75 'zext' 'zext_ln58_2' <Predicate = true> <Delay = 0.00>
ST_10 : Operation 76 [1/1] (0.00ns)   --->   "%water_level_addr = getelementptr i32 %water_level, i64 0, i64 %zext_ln58_2" [flood_HLS_base.cpp:58]   --->   Operation 76 'getelementptr' 'water_level_addr' <Predicate = true> <Delay = 0.00>
ST_10 : Operation 77 [1/1] (0.00ns)   --->   "%water_level_1_addr = getelementptr i32 %water_level_1, i64 0, i64 %zext_ln58_2" [flood_HLS_base.cpp:58]   --->   Operation 77 'getelementptr' 'water_level_1_addr' <Predicate = true> <Delay = 0.00>
ST_10 : Operation 78 [1/1] (0.00ns)   --->   "%water_level_2_addr = getelementptr i32 %water_level_2, i64 0, i64 %zext_ln58_2" [flood_HLS_base.cpp:58]   --->   Operation 78 'getelementptr' 'water_level_2_addr' <Predicate = true> <Delay = 0.00>
ST_10 : Operation 79 [1/10] (1.02ns)   --->   "%urem_ln52 = urem i6 %select_ln52, i6 3" [flood_HLS_base.cpp:52]   --->   Operation 79 'urem' 'urem_ln52' <Predicate = true> <Delay = 1.02> <CoreInst = "Divider">   --->   Core 6 'Divider' <Latency = 9> <II = 1> <Delay = 1.02> <FuncUnit> <Opcode : 'udiv' 'sdiv' 'urem' 'srem'> <InPorts = 2> <OutPorts = 1>
ST_10 : Operation 80 [1/1] (0.00ns)   --->   "%trunc_ln52 = trunc i2 %urem_ln52" [flood_HLS_base.cpp:52]   --->   Operation 80 'trunc' 'trunc_ln52' <Predicate = true> <Delay = 0.00>
ST_10 : Operation 81 [1/1] (0.66ns)   --->   "%switch_ln58 = switch i2 %trunc_ln52, void %arrayidx597.case.2, i2 0, void %arrayidx597.case.0, i2 1, void %arrayidx597.case.1" [flood_HLS_base.cpp:58]   --->   Operation 81 'switch' 'switch_ln58' <Predicate = true> <Delay = 0.66>
ST_10 : Operation 82 [1/1] (1.20ns)   --->   "%store_ln58 = store i32 0, i10 %water_level_1_addr" [flood_HLS_base.cpp:58]   --->   Operation 82 'store' 'store_ln58' <Predicate = (trunc_ln52 == 1)> <Delay = 1.20> <CoreInst = "RAM_1WnR">   --->   Core 83 'RAM_1WnR' <Latency = 1> <II = 1> <Delay = 1.20> <Storage> <Opcode : 'load' 'store'> <Ports = 17> <Width = 32> <Depth = 850> <RAM>
ST_10 : Operation 83 [1/1] (0.00ns)   --->   "%br_ln58 = br void %arrayidx597.exit" [flood_HLS_base.cpp:58]   --->   Operation 83 'br' 'br_ln58' <Predicate = (trunc_ln52 == 1)> <Delay = 0.00>
ST_10 : Operation 84 [1/1] (1.20ns)   --->   "%store_ln58 = store i32 0, i10 %water_level_addr" [flood_HLS_base.cpp:58]   --->   Operation 84 'store' 'store_ln58' <Predicate = (trunc_ln52 == 0)> <Delay = 1.20> <CoreInst = "RAM_1WnR">   --->   Core 83 'RAM_1WnR' <Latency = 1> <II = 1> <Delay = 1.20> <Storage> <Opcode : 'load' 'store'> <Ports = 17> <Width = 32> <Depth = 850> <RAM>
ST_10 : Operation 85 [1/1] (0.00ns)   --->   "%br_ln58 = br void %arrayidx597.exit" [flood_HLS_base.cpp:58]   --->   Operation 85 'br' 'br_ln58' <Predicate = (trunc_ln52 == 0)> <Delay = 0.00>
ST_10 : Operation 86 [1/1] (1.20ns)   --->   "%store_ln58 = store i32 0, i10 %water_level_2_addr" [flood_HLS_base.cpp:58]   --->   Operation 86 'store' 'store_ln58' <Predicate = (trunc_ln52 != 0 & trunc_ln52 != 1)> <Delay = 1.20> <CoreInst = "RAM_1WnR">   --->   Core 83 'RAM_1WnR' <Latency = 1> <II = 1> <Delay = 1.20> <Storage> <Opcode : 'load' 'store'> <Ports = 17> <Width = 32> <Depth = 850> <RAM>
ST_10 : Operation 87 [1/1] (0.00ns)   --->   "%br_ln58 = br void %arrayidx597.exit" [flood_HLS_base.cpp:58]   --->   Operation 87 'br' 'br_ln58' <Predicate = (trunc_ln52 != 0 & trunc_ln52 != 1)> <Delay = 0.00>


============================================================
+ Verbose Summary: Binding
============================================================
STG Binding: 
---------------- STG Properties BEGIN ----------------
- Is combinational: 0
- Is one-state seq: 0
- Is datapath-only: 0
- Is pipelined: 0
- Is top level: 0
Port [ Return ] is wired: 1; IO mode=ap_ctrl_hs:ce=0
Port [ spillage_flag]:  wired=1; compound=1; hidden=0; nouse=0; global=0; static=0; extern=0; dir=1; type=1; pingpong=0; private_global=0; MemPort=[03]; IO mode=ap_memory:ce=0
Port [ spillage_level]:  wired=1; compound=1; hidden=0; nouse=0; global=0; static=0; extern=0; dir=1; type=1; pingpong=0; private_global=0; MemPort=[03]; IO mode=ap_memory:ce=0
Port [ spillage_from_neigh]:  wired=1; compound=1; hidden=0; nouse=0; global=0; static=0; extern=0; dir=1; type=1; pingpong=0; private_global=0; MemPort=[03]; IO mode=ap_memory:ce=0
Port [ spillage_from_neigh_1]:  wired=1; compound=1; hidden=0; nouse=0; global=0; static=0; extern=0; dir=1; type=1; pingpong=0; private_global=0; MemPort=[03]; IO mode=ap_memory:ce=0
Port [ spillage_from_neigh_2]:  wired=1; compound=1; hidden=0; nouse=0; global=0; static=0; extern=0; dir=1; type=1; pingpong=0; private_global=0; MemPort=[03]; IO mode=ap_memory:ce=0
Port [ spillage_from_neigh_3]:  wired=1; compound=1; hidden=0; nouse=0; global=0; static=0; extern=0; dir=1; type=1; pingpong=0; private_global=0; MemPort=[03]; IO mode=ap_memory:ce=0
Port [ water_level]:  wired=1; compound=1; hidden=0; nouse=0; global=0; static=0; extern=0; dir=1; type=1; pingpong=0; private_global=0; MemPort=[03333333333333333]; IO mode=ap_memory:ce=0
Port [ water_level_1]:  wired=1; compound=1; hidden=0; nouse=0; global=0; static=0; extern=0; dir=1; type=1; pingpong=0; private_global=0; MemPort=[03333333333333333]; IO mode=ap_memory:ce=0
Port [ water_level_2]:  wired=1; compound=1; hidden=0; nouse=0; global=0; static=0; extern=0; dir=1; type=1; pingpong=0; private_global=0; MemPort=[03333333333333333]; IO mode=ap_memory:ce=0
---------------- STG Properties END ------------------

---------------- Datapath Model BEGIN ----------------

<LifeTime>
<method=bitvector/>
col_pos                    (alloca           ) [ 01000000000]
row_pos                    (alloca           ) [ 01000000000]
indvar_flatten             (alloca           ) [ 01000000000]
store_ln0                  (store            ) [ 00000000000]
store_ln52                 (store            ) [ 00000000000]
store_ln52                 (store            ) [ 00000000000]
br_ln0                     (br               ) [ 00000000000]
indvar_flatten_load        (load             ) [ 00000000000]
icmp_ln53                  (icmp             ) [ 01111111110]
add_ln53_1                 (add              ) [ 00000000000]
br_ln53                    (br               ) [ 00000000000]
col_pos_load               (load             ) [ 00000000000]
row_pos_load               (load             ) [ 00000000000]
add_ln53                   (add              ) [ 00000000000]
icmp_ln54                  (icmp             ) [ 00000000000]
select_ln52                (select           ) [ 01111111111]
select_ln53                (select           ) [ 01110000000]
zext_ln58                  (zext             ) [ 01110000000]
add_ln54                   (add              ) [ 00000000000]
store_ln53                 (store            ) [ 00000000000]
store_ln52                 (store            ) [ 00000000000]
store_ln52                 (store            ) [ 00000000000]
zext_ln59                  (zext             ) [ 00000000000]
tmp                        (bitconcatenate   ) [ 00000000000]
add_ln59_1                 (add              ) [ 00000000000]
mul_ln59                   (mul              ) [ 01001000000]
zext_ln59_1                (zext             ) [ 01001000000]
zext_ln52                  (zext             ) [ 00000000000]
mul_ln52                   (mul              ) [ 00000000000]
tmp_33                     (partselect       ) [ 00000000000]
zext_ln58_1                (zext             ) [ 00000000000]
add_ln58                   (add              ) [ 01001111111]
add_ln59                   (add              ) [ 00000000000]
zext_ln59_2                (zext             ) [ 00000000000]
spillage_flag_addr         (getelementptr    ) [ 00000000000]
spillage_level_addr        (getelementptr    ) [ 00000000000]
spillage_from_neigh_addr   (getelementptr    ) [ 00000000000]
spillage_from_neigh_1_addr (getelementptr    ) [ 00000000000]
spillage_from_neigh_2_addr (getelementptr    ) [ 00000000000]
spillage_from_neigh_3_addr (getelementptr    ) [ 00000000000]
store_ln59                 (store            ) [ 00000000000]
store_ln60                 (store            ) [ 00000000000]
store_ln64                 (store            ) [ 00000000000]
store_ln64                 (store            ) [ 00000000000]
store_ln64                 (store            ) [ 00000000000]
store_ln64                 (store            ) [ 00000000000]
br_ln54                    (br               ) [ 00000000000]
specloopname_ln0           (specloopname     ) [ 00000000000]
speclooptripcount_ln0      (speclooptripcount) [ 00000000000]
specpipeline_ln52          (specpipeline     ) [ 00000000000]
zext_ln58_2                (zext             ) [ 00000000000]
water_level_addr           (getelementptr    ) [ 00000000000]
water_level_1_addr         (getelementptr    ) [ 00000000000]
water_level_2_addr         (getelementptr    ) [ 00000000000]
urem_ln52                  (urem             ) [ 00000000000]
trunc_ln52                 (trunc            ) [ 01000000001]
switch_ln58                (switch           ) [ 00000000000]
store_ln58                 (store            ) [ 00000000000]
br_ln58                    (br               ) [ 00000000000]
store_ln58                 (store            ) [ 00000000000]
br_ln58                    (br               ) [ 00000000000]
store_ln58                 (store            ) [ 00000000000]
br_ln58                    (br               ) [ 00000000000]
ret_ln0                    (ret              ) [ 00000000000]
</LifeTime>

<model>

<comp_list>
<comp id="0" class="1000" name="spillage_flag">
<pin_list>
<pin id="1" dir="1" index="0" bw="1" slack="0"/>
</pin_list>
<bind>
<StgValue><ssdm name="spillage_flag"/><MemPortTyVec>0 3 </MemPortTyVec>
</StgValue>
</bind>
</comp>

<comp id="2" class="1000" name="spillage_level">
<pin_list>
<pin id="3" dir="1" index="0" bw="1" slack="0"/>
</pin_list>
<bind>
<StgValue><ssdm name="spillage_level"/><MemPortTyVec>0 3 </MemPortTyVec>
</StgValue>
</bind>
</comp>

<comp id="4" class="1000" name="spillage_from_neigh">
<pin_list>
<pin id="5" dir="1" index="0" bw="1" slack="0"/>
</pin_list>
<bind>
<StgValue><ssdm name="spillage_from_neigh"/><MemPortTyVec>0 3 </MemPortTyVec>
</StgValue>
</bind>
</comp>

<comp id="6" class="1000" name="spillage_from_neigh_1">
<pin_list>
<pin id="7" dir="1" index="0" bw="1" slack="0"/>
</pin_list>
<bind>
<StgValue><ssdm name="spillage_from_neigh_1"/><MemPortTyVec>0 3 </MemPortTyVec>
</StgValue>
</bind>
</comp>

<comp id="8" class="1000" name="spillage_from_neigh_2">
<pin_list>
<pin id="9" dir="1" index="0" bw="1" slack="0"/>
</pin_list>
<bind>
<StgValue><ssdm name="spillage_from_neigh_2"/><MemPortTyVec>0 3 </MemPortTyVec>
</StgValue>
</bind>
</comp>

<comp id="10" class="1000" name="spillage_from_neigh_3">
<pin_list>
<pin id="11" dir="1" index="0" bw="1" slack="0"/>
</pin_list>
<bind>
<StgValue><ssdm name="spillage_from_neigh_3"/><MemPortTyVec>0 3 </MemPortTyVec>
</StgValue>
</bind>
</comp>

<comp id="12" class="1000" name="water_level">
<pin_list>
<pin id="13" dir="1" index="0" bw="1" slack="0"/>
</pin_list>
<bind>
<StgValue><ssdm name="water_level"/><MemPortTyVec>0 3 3 3 3 3 3 3 3 3 3 3 3 3 3 3 3 </MemPortTyVec>
</StgValue>
</bind>
</comp>

<comp id="14" class="1000" name="water_level_1">
<pin_list>
<pin id="15" dir="1" index="0" bw="1" slack="0"/>
</pin_list>
<bind>
<StgValue><ssdm name="water_level_1"/><MemPortTyVec>0 3 3 3 3 3 3 3 3 3 3 3 3 3 3 3 3 </MemPortTyVec>
</StgValue>
</bind>
</comp>

<comp id="16" class="1000" name="water_level_2">
<pin_list>
<pin id="17" dir="1" index="0" bw="1" slack="0"/>
</pin_list>
<bind>
<StgValue><ssdm name="water_level_2"/><MemPortTyVec>0 3 3 3 3 3 3 3 3 3 3 3 3 3 3 3 3 </MemPortTyVec>
</StgValue>
</bind>
</comp>

<comp id="18" class="1001" name="const_18">
<pin_list>
<pin id="19" dir="1" index="0" bw="1" slack="0"/>
</pin_list>
<bind>
<StgValue><ssdm name=""/></StgValue>
</bind>
</comp>

<comp id="20" class="1001" name="const_20">
<pin_list>
<pin id="21" dir="1" index="0" bw="1" slack="0"/>
</pin_list>
<bind>
<StgValue><ssdm name=""/></StgValue>
</bind>
</comp>

<comp id="22" class="1001" name="const_22">
<pin_list>
<pin id="23" dir="1" index="0" bw="1" slack="0"/>
</pin_list>
<bind>
<StgValue><ssdm name=""/></StgValue>
</bind>
</comp>

<comp id="24" class="1001" name="const_24">
<pin_list>
<pin id="25" dir="1" index="0" bw="1" slack="0"/>
</pin_list>
<bind>
<StgValue><ssdm name=""/></StgValue>
</bind>
</comp>

<comp id="26" class="1001" name="const_26">
<pin_list>
<pin id="27" dir="1" index="0" bw="1" slack="0"/>
</pin_list>
<bind>
<StgValue><ssdm name=""/></StgValue>
</bind>
</comp>

<comp id="28" class="1001" name="const_28">
<pin_list>
<pin id="29" dir="1" index="0" bw="1" slack="0"/>
</pin_list>
<bind>
<StgValue><ssdm name=""/></StgValue>
</bind>
</comp>

<comp id="30" class="1001" name="const_30">
<pin_list>
<pin id="31" dir="1" index="0" bw="1" slack="0"/>
</pin_list>
<bind>
<StgValue><ssdm name=""/></StgValue>
</bind>
</comp>

<comp id="32" class="1001" name="const_32">
<pin_list>
<pin id="33" dir="1" index="0" bw="1" slack="0"/>
</pin_list>
<bind>
<StgValue><ssdm name=""/></StgValue>
</bind>
</comp>

<comp id="34" class="1001" name="const_34">
<pin_list>
<pin id="35" dir="1" index="0" bw="1" slack="0"/>
</pin_list>
<bind>
<StgValue><ssdm name=""/></StgValue>
</bind>
</comp>

<comp id="36" class="1001" name="const_36">
<pin_list>
<pin id="37" dir="1" index="0" bw="1" slack="0"/>
</pin_list>
<bind>
<StgValue><ssdm name="_ssdm_op_BitConcatenate.i10.i6.i4"/></StgValue>
</bind>
</comp>

<comp id="38" class="1001" name="const_38">
<pin_list>
<pin id="39" dir="1" index="0" bw="1" slack="0"/>
</pin_list>
<bind>
<StgValue><ssdm name=""/></StgValue>
</bind>
</comp>

<comp id="40" class="1001" name="const_40">
<pin_list>
<pin id="41" dir="1" index="0" bw="1" slack="0"/>
</pin_list>
<bind>
<StgValue><ssdm name=""/></StgValue>
</bind>
</comp>

<comp id="42" class="1001" name="const_42">
<pin_list>
<pin id="43" dir="1" index="0" bw="1" slack="0"/>
</pin_list>
<bind>
<StgValue><ssdm name="_ssdm_op_PartSelect.i5.i13.i32.i32"/></StgValue>
</bind>
</comp>

<comp id="44" class="1001" name="const_44">
<pin_list>
<pin id="45" dir="1" index="0" bw="1" slack="0"/>
</pin_list>
<bind>
<StgValue><ssdm name=""/></StgValue>
</bind>
</comp>

<comp id="46" class="1001" name="const_46">
<pin_list>
<pin id="47" dir="1" index="0" bw="1" slack="0"/>
</pin_list>
<bind>
<StgValue><ssdm name=""/></StgValue>
</bind>
</comp>

<comp id="48" class="1001" name="const_48">
<pin_list>
<pin id="49" dir="1" index="0" bw="1" slack="0"/>
</pin_list>
<bind>
<StgValue><ssdm name=""/></StgValue>
</bind>
</comp>

<comp id="50" class="1001" name="const_50">
<pin_list>
<pin id="51" dir="1" index="0" bw="1" slack="0"/>
</pin_list>
<bind>
<StgValue><ssdm name=""/></StgValue>
</bind>
</comp>

<comp id="52" class="1001" name="const_52">
<pin_list>
<pin id="53" dir="1" index="0" bw="1" slack="2147483647"/>
</pin_list>
<bind>
<StgValue><ssdm name="_ssdm_op_SpecLoopName"/></StgValue>
</bind>
</comp>

<comp id="54" class="1001" name="const_54">
<pin_list>
<pin id="55" dir="1" index="0" bw="1" slack="2147483647"/>
</pin_list>
<bind>
<StgValue><ssdm name="VITIS_LOOP_53_1_VITIS_LOOP_54_2_str"/></StgValue>
</bind>
</comp>

<comp id="56" class="1001" name="const_56">
<pin_list>
<pin id="57" dir="1" index="0" bw="1" slack="2147483647"/>
</pin_list>
<bind>
<StgValue><ssdm name="_ssdm_op_SpecLoopTripCount"/></StgValue>
</bind>
</comp>

<comp id="58" class="1001" name="const_58">
<pin_list>
<pin id="59" dir="1" index="0" bw="1" slack="2147483647"/>
</pin_list>
<bind>
<StgValue><ssdm name=""/></StgValue>
</bind>
</comp>

<comp id="60" class="1001" name="const_60">
<pin_list>
<pin id="61" dir="1" index="0" bw="1" slack="2147483647"/>
</pin_list>
<bind>
<StgValue><ssdm name="_ssdm_op_SpecPipeline"/></StgValue>
</bind>
</comp>

<comp id="62" class="1001" name="const_62">
<pin_list>
<pin id="63" dir="1" index="0" bw="1" slack="2147483647"/>
</pin_list>
<bind>
<StgValue><ssdm name=""/></StgValue>
</bind>
</comp>

<comp id="64" class="1001" name="const_64">
<pin_list>
<pin id="65" dir="1" index="0" bw="1" slack="0"/>
</pin_list>
<bind>
<StgValue><ssdm name=""/></StgValue>
</bind>
</comp>

<comp id="66" class="1001" name="const_66">
<pin_list>
<pin id="67" dir="1" index="0" bw="1" slack="2147483647"/>
</pin_list>
<bind>
<StgValue><ssdm name="empty_3"/></StgValue>
</bind>
</comp>

<comp id="68" class="1001" name="const_68">
<pin_list>
<pin id="69" dir="1" index="0" bw="1" slack="2147483647"/>
</pin_list>
<bind>
<StgValue><ssdm name=""/></StgValue>
</bind>
</comp>

<comp id="70" class="1001" name="const_70">
<pin_list>
<pin id="71" dir="1" index="0" bw="1" slack="2147483647"/>
</pin_list>
<bind>
<StgValue><ssdm name=""/></StgValue>
</bind>
</comp>

<comp id="72" class="1004" name="col_pos_fu_72">
<pin_list>
<pin id="73" dir="0" index="0" bw="1" slack="0"/>
<pin id="74" dir="1" index="1" bw="6" slack="0"/>
</pin_list>
<bind>
<opcode="alloca(26) " fcode="alloca"/>
<opset="col_pos/1 "/>
</bind>
</comp>

<comp id="76" class="1004" name="row_pos_fu_76">
<pin_list>
<pin id="77" dir="0" index="0" bw="1" slack="0"/>
<pin id="78" dir="1" index="1" bw="6" slack="0"/>
</pin_list>
<bind>
<opcode="alloca(26) " fcode="alloca"/>
<opset="row_pos/1 "/>
</bind>
</comp>

<comp id="80" class="1004" name="indvar_flatten_fu_80">
<pin_list>
<pin id="81" dir="0" index="0" bw="1" slack="0"/>
<pin id="82" dir="1" index="1" bw="12" slack="0"/>
</pin_list>
<bind>
<opcode="alloca(26) " fcode="alloca"/>
<opset="indvar_flatten/1 "/>
</bind>
</comp>

<comp id="84" class="1004" name="spillage_flag_addr_gep_fu_84">
<pin_list>
<pin id="85" dir="0" index="0" bw="32" slack="0"/>
<pin id="86" dir="0" index="1" bw="1" slack="0"/>
<pin id="87" dir="0" index="2" bw="12" slack="0"/>
<pin id="88" dir="1" index="3" bw="12" slack="0"/>
</pin_list>
<bind>
<opcode="getelementptr(29) " fcode="getelementptr"/>
<opset="spillage_flag_addr/4 "/>
</bind>
</comp>

<comp id="91" class="1004" name="spillage_level_addr_gep_fu_91">
<pin_list>
<pin id="92" dir="0" index="0" bw="32" slack="0"/>
<pin id="93" dir="0" index="1" bw="1" slack="0"/>
<pin id="94" dir="0" index="2" bw="12" slack="0"/>
<pin id="95" dir="1" index="3" bw="12" slack="0"/>
</pin_list>
<bind>
<opcode="getelementptr(29) " fcode="getelementptr"/>
<opset="spillage_level_addr/4 "/>
</bind>
</comp>

<comp id="98" class="1004" name="spillage_from_neigh_addr_gep_fu_98">
<pin_list>
<pin id="99" dir="0" index="0" bw="32" slack="0"/>
<pin id="100" dir="0" index="1" bw="1" slack="0"/>
<pin id="101" dir="0" index="2" bw="12" slack="0"/>
<pin id="102" dir="1" index="3" bw="12" slack="0"/>
</pin_list>
<bind>
<opcode="getelementptr(29) " fcode="getelementptr"/>
<opset="spillage_from_neigh_addr/4 "/>
</bind>
</comp>

<comp id="105" class="1004" name="spillage_from_neigh_1_addr_gep_fu_105">
<pin_list>
<pin id="106" dir="0" index="0" bw="32" slack="0"/>
<pin id="107" dir="0" index="1" bw="1" slack="0"/>
<pin id="108" dir="0" index="2" bw="12" slack="0"/>
<pin id="109" dir="1" index="3" bw="12" slack="0"/>
</pin_list>
<bind>
<opcode="getelementptr(29) " fcode="getelementptr"/>
<opset="spillage_from_neigh_1_addr/4 "/>
</bind>
</comp>

<comp id="112" class="1004" name="spillage_from_neigh_2_addr_gep_fu_112">
<pin_list>
<pin id="113" dir="0" index="0" bw="32" slack="0"/>
<pin id="114" dir="0" index="1" bw="1" slack="0"/>
<pin id="115" dir="0" index="2" bw="12" slack="0"/>
<pin id="116" dir="1" index="3" bw="12" slack="0"/>
</pin_list>
<bind>
<opcode="getelementptr(29) " fcode="getelementptr"/>
<opset="spillage_from_neigh_2_addr/4 "/>
</bind>
</comp>

<comp id="119" class="1004" name="spillage_from_neigh_3_addr_gep_fu_119">
<pin_list>
<pin id="120" dir="0" index="0" bw="32" slack="0"/>
<pin id="121" dir="0" index="1" bw="1" slack="0"/>
<pin id="122" dir="0" index="2" bw="12" slack="0"/>
<pin id="123" dir="1" index="3" bw="12" slack="0"/>
</pin_list>
<bind>
<opcode="getelementptr(29) " fcode="getelementptr"/>
<opset="spillage_from_neigh_3_addr/4 "/>
</bind>
</comp>

<comp id="126" class="1004" name="store_ln59_access_fu_126">
<pin_list>
<pin id="127" dir="0" index="0" bw="12" slack="0"/>
<pin id="128" dir="0" index="1" bw="32" slack="0"/>
<pin id="129" dir="0" index="2" bw="0" slack="2147483647"/>
<pin id="130" dir="1" index="3" bw="32" slack="2147483647"/>
</pin_list>
<bind>
<opcode="store(28) " fcode="store"/>
<opset="store_ln59/4 "/>
</bind>
</comp>

<comp id="133" class="1004" name="store_ln60_access_fu_133">
<pin_list>
<pin id="134" dir="0" index="0" bw="12" slack="0"/>
<pin id="135" dir="0" index="1" bw="32" slack="0"/>
<pin id="136" dir="0" index="2" bw="0" slack="2147483647"/>
<pin id="137" dir="1" index="3" bw="32" slack="2147483647"/>
</pin_list>
<bind>
<opcode="store(28) " fcode="store"/>
<opset="store_ln60/4 "/>
</bind>
</comp>

<comp id="140" class="1004" name="store_ln64_access_fu_140">
<pin_list>
<pin id="141" dir="0" index="0" bw="12" slack="0"/>
<pin id="142" dir="0" index="1" bw="32" slack="0"/>
<pin id="143" dir="0" index="2" bw="0" slack="2147483647"/>
<pin id="144" dir="1" index="3" bw="32" slack="2147483647"/>
</pin_list>
<bind>
<opcode="store(28) " fcode="store"/>
<opset="store_ln64/4 "/>
</bind>
</comp>

<comp id="147" class="1004" name="store_ln64_access_fu_147">
<pin_list>
<pin id="148" dir="0" index="0" bw="12" slack="0"/>
<pin id="149" dir="0" index="1" bw="32" slack="0"/>
<pin id="150" dir="0" index="2" bw="0" slack="2147483647"/>
<pin id="151" dir="1" index="3" bw="32" slack="2147483647"/>
</pin_list>
<bind>
<opcode="store(28) " fcode="store"/>
<opset="store_ln64/4 "/>
</bind>
</comp>

<comp id="154" class="1004" name="store_ln64_access_fu_154">
<pin_list>
<pin id="155" dir="0" index="0" bw="12" slack="0"/>
<pin id="156" dir="0" index="1" bw="32" slack="0"/>
<pin id="157" dir="0" index="2" bw="0" slack="2147483647"/>
<pin id="158" dir="1" index="3" bw="32" slack="2147483647"/>
</pin_list>
<bind>
<opcode="store(28) " fcode="store"/>
<opset="store_ln64/4 "/>
</bind>
</comp>

<comp id="161" class="1004" name="store_ln64_access_fu_161">
<pin_list>
<pin id="162" dir="0" index="0" bw="12" slack="0"/>
<pin id="163" dir="0" index="1" bw="32" slack="0"/>
<pin id="164" dir="0" index="2" bw="0" slack="2147483647"/>
<pin id="165" dir="1" index="3" bw="32" slack="2147483647"/>
</pin_list>
<bind>
<opcode="store(28) " fcode="store"/>
<opset="store_ln64/4 "/>
</bind>
</comp>

<comp id="168" class="1004" name="water_level_addr_gep_fu_168">
<pin_list>
<pin id="169" dir="0" index="0" bw="32" slack="0"/>
<pin id="170" dir="0" index="1" bw="1" slack="0"/>
<pin id="171" dir="0" index="2" bw="10" slack="0"/>
<pin id="172" dir="1" index="3" bw="10" slack="0"/>
</pin_list>
<bind>
<opcode="getelementptr(29) " fcode="getelementptr"/>
<opset="water_level_addr/10 "/>
</bind>
</comp>

<comp id="175" class="1004" name="water_level_1_addr_gep_fu_175">
<pin_list>
<pin id="176" dir="0" index="0" bw="32" slack="0"/>
<pin id="177" dir="0" index="1" bw="1" slack="0"/>
<pin id="178" dir="0" index="2" bw="10" slack="0"/>
<pin id="179" dir="1" index="3" bw="10" slack="0"/>
</pin_list>
<bind>
<opcode="getelementptr(29) " fcode="getelementptr"/>
<opset="water_level_1_addr/10 "/>
</bind>
</comp>

<comp id="182" class="1004" name="water_level_2_addr_gep_fu_182">
<pin_list>
<pin id="183" dir="0" index="0" bw="32" slack="0"/>
<pin id="184" dir="0" index="1" bw="1" slack="0"/>
<pin id="185" dir="0" index="2" bw="10" slack="0"/>
<pin id="186" dir="1" index="3" bw="10" slack="0"/>
</pin_list>
<bind>
<opcode="getelementptr(29) " fcode="getelementptr"/>
<opset="water_level_2_addr/10 "/>
</bind>
</comp>

<comp id="189" class="1004" name="store_ln58_access_fu_189">
<pin_list>
<pin id="190" dir="0" index="0" bw="10" slack="0"/>
<pin id="191" dir="0" index="1" bw="32" slack="0"/>
<pin id="192" dir="0" index="2" bw="0" slack="2147483647"/>
<pin id="193" dir="1" index="3" bw="32" slack="2147483647"/>
</pin_list>
<bind>
<opcode="store(28) " fcode="store"/>
<opset="store_ln58/10 "/>
</bind>
</comp>

<comp id="196" class="1004" name="store_ln58_access_fu_196">
<pin_list>
<pin id="197" dir="0" index="0" bw="10" slack="0"/>
<pin id="198" dir="0" index="1" bw="32" slack="0"/>
<pin id="199" dir="0" index="2" bw="0" slack="2147483647"/>
<pin id="200" dir="1" index="3" bw="32" slack="2147483647"/>
</pin_list>
<bind>
<opcode="store(28) " fcode="store"/>
<opset="store_ln58/10 "/>
</bind>
</comp>

<comp id="203" class="1004" name="store_ln58_access_fu_203">
<pin_list>
<pin id="204" dir="0" index="0" bw="10" slack="0"/>
<pin id="205" dir="0" index="1" bw="32" slack="0"/>
<pin id="206" dir="0" index="2" bw="0" slack="2147483647"/>
<pin id="207" dir="1" index="3" bw="32" slack="2147483647"/>
</pin_list>
<bind>
<opcode="store(28) " fcode="store"/>
<opset="store_ln58/10 "/>
</bind>
</comp>

<comp id="210" class="1004" name="store_ln0_store_fu_210">
<pin_list>
<pin id="211" dir="0" index="0" bw="1" slack="0"/>
<pin id="212" dir="0" index="1" bw="12" slack="0"/>
<pin id="213" dir="1" index="2" bw="0" slack="2147483647"/>
</pin_list>
<bind>
<opcode="store(28) " fcode="store"/>
<opset="store_ln0/1 "/>
</bind>
</comp>

<comp id="215" class="1004" name="store_ln52_store_fu_215">
<pin_list>
<pin id="216" dir="0" index="0" bw="1" slack="0"/>
<pin id="217" dir="0" index="1" bw="6" slack="0"/>
<pin id="218" dir="1" index="2" bw="0" slack="2147483647"/>
</pin_list>
<bind>
<opcode="store(28) " fcode="store"/>
<opset="store_ln52/1 "/>
</bind>
</comp>

<comp id="220" class="1004" name="store_ln52_store_fu_220">
<pin_list>
<pin id="221" dir="0" index="0" bw="1" slack="0"/>
<pin id="222" dir="0" index="1" bw="6" slack="0"/>
<pin id="223" dir="1" index="2" bw="0" slack="2147483647"/>
</pin_list>
<bind>
<opcode="store(28) " fcode="store"/>
<opset="store_ln52/1 "/>
</bind>
</comp>

<comp id="225" class="1004" name="indvar_flatten_load_load_fu_225">
<pin_list>
<pin id="226" dir="0" index="0" bw="12" slack="0"/>
<pin id="227" dir="1" index="1" bw="12" slack="0"/>
</pin_list>
<bind>
<opcode="load(27) " fcode="load"/>
<opset="indvar_flatten_load/1 "/>
</bind>
</comp>

<comp id="228" class="1004" name="icmp_ln53_fu_228">
<pin_list>
<pin id="229" dir="0" index="0" bw="12" slack="0"/>
<pin id="230" dir="0" index="1" bw="12" slack="0"/>
<pin id="231" dir="1" index="2" bw="1" slack="8"/>
</pin_list>
<bind>
<opcode="icmp(45) " fcode="icmp"/>
<opset="icmp_ln53/1 "/>
</bind>
</comp>

<comp id="234" class="1004" name="add_ln53_1_fu_234">
<pin_list>
<pin id="235" dir="0" index="0" bw="12" slack="0"/>
<pin id="236" dir="0" index="1" bw="1" slack="0"/>
<pin id="237" dir="1" index="2" bw="12" slack="0"/>
</pin_list>
<bind>
<opcode="add(8) " fcode="add"/>
<opset="add_ln53_1/1 "/>
</bind>
</comp>

<comp id="240" class="1004" name="col_pos_load_load_fu_240">
<pin_list>
<pin id="241" dir="0" index="0" bw="6" slack="0"/>
<pin id="242" dir="1" index="1" bw="6" slack="0"/>
</pin_list>
<bind>
<opcode="load(27) " fcode="load"/>
<opset="col_pos_load/1 "/>
</bind>
</comp>

<comp id="243" class="1004" name="row_pos_load_load_fu_243">
<pin_list>
<pin id="244" dir="0" index="0" bw="6" slack="0"/>
<pin id="245" dir="1" index="1" bw="6" slack="0"/>
</pin_list>
<bind>
<opcode="load(27) " fcode="load"/>
<opset="row_pos_load/1 "/>
</bind>
</comp>

<comp id="246" class="1004" name="add_ln53_fu_246">
<pin_list>
<pin id="247" dir="0" index="0" bw="6" slack="0"/>
<pin id="248" dir="0" index="1" bw="1" slack="0"/>
<pin id="249" dir="1" index="2" bw="6" slack="0"/>
</pin_list>
<bind>
<opcode="add(8) " fcode="add"/>
<opset="add_ln53/1 "/>
</bind>
</comp>

<comp id="252" class="1004" name="icmp_ln54_fu_252">
<pin_list>
<pin id="253" dir="0" index="0" bw="6" slack="0"/>
<pin id="254" dir="0" index="1" bw="5" slack="0"/>
<pin id="255" dir="1" index="2" bw="1" slack="0"/>
</pin_list>
<bind>
<opcode="icmp(45) " fcode="icmp"/>
<opset="icmp_ln54/1 "/>
</bind>
</comp>

<comp id="258" class="1004" name="select_ln52_fu_258">
<pin_list>
<pin id="259" dir="0" index="0" bw="1" slack="0"/>
<pin id="260" dir="0" index="1" bw="1" slack="0"/>
<pin id="261" dir="0" index="2" bw="6" slack="0"/>
<pin id="262" dir="1" index="3" bw="6" slack="0"/>
</pin_list>
<bind>
<opcode="select(49) " fcode="select"/>
<opset="select_ln52/1 "/>
</bind>
</comp>

<comp id="266" class="1004" name="select_ln53_fu_266">
<pin_list>
<pin id="267" dir="0" index="0" bw="1" slack="0"/>
<pin id="268" dir="0" index="1" bw="6" slack="0"/>
<pin id="269" dir="0" index="2" bw="6" slack="0"/>
<pin id="270" dir="1" index="3" bw="6" slack="0"/>
</pin_list>
<bind>
<opcode="select(49) " fcode="select"/>
<opset="select_ln53/1 "/>
</bind>
</comp>

<comp id="274" class="1004" name="zext_ln58_fu_274">
<pin_list>
<pin id="275" dir="0" index="0" bw="6" slack="0"/>
<pin id="276" dir="1" index="1" bw="12" slack="0"/>
</pin_list>
<bind>
<opcode="zext(34) " fcode="zext"/>
<opset="zext_ln58/1 "/>
</bind>
</comp>

<comp id="278" class="1004" name="grp_fu_278">
<pin_list>
<pin id="279" dir="0" index="0" bw="6" slack="0"/>
<pin id="280" dir="0" index="1" bw="3" slack="0"/>
<pin id="281" dir="1" index="2" bw="2" slack="0"/>
</pin_list>
<bind>
<opcode="urem(17) " fcode="urem"/>
<opset="urem_ln52/1 "/>
</bind>
</comp>

<comp id="284" class="1004" name="add_ln54_fu_284">
<pin_list>
<pin id="285" dir="0" index="0" bw="6" slack="0"/>
<pin id="286" dir="0" index="1" bw="1" slack="0"/>
<pin id="287" dir="1" index="2" bw="6" slack="0"/>
</pin_list>
<bind>
<opcode="add(8) " fcode="add"/>
<opset="add_ln54/1 "/>
</bind>
</comp>

<comp id="290" class="1004" name="store_ln53_store_fu_290">
<pin_list>
<pin id="291" dir="0" index="0" bw="12" slack="0"/>
<pin id="292" dir="0" index="1" bw="12" slack="0"/>
<pin id="293" dir="1" index="2" bw="0" slack="2147483647"/>
</pin_list>
<bind>
<opcode="store(28) " fcode="store"/>
<opset="store_ln53/1 "/>
</bind>
</comp>

<comp id="295" class="1004" name="store_ln52_store_fu_295">
<pin_list>
<pin id="296" dir="0" index="0" bw="6" slack="0"/>
<pin id="297" dir="0" index="1" bw="6" slack="0"/>
<pin id="298" dir="1" index="2" bw="0" slack="2147483647"/>
</pin_list>
<bind>
<opcode="store(28) " fcode="store"/>
<opset="store_ln52/1 "/>
</bind>
</comp>

<comp id="300" class="1004" name="store_ln52_store_fu_300">
<pin_list>
<pin id="301" dir="0" index="0" bw="6" slack="0"/>
<pin id="302" dir="0" index="1" bw="6" slack="0"/>
<pin id="303" dir="1" index="2" bw="0" slack="2147483647"/>
</pin_list>
<bind>
<opcode="store(28) " fcode="store"/>
<opset="store_ln52/1 "/>
</bind>
</comp>

<comp id="305" class="1004" name="zext_ln59_fu_305">
<pin_list>
<pin id="306" dir="0" index="0" bw="6" slack="2"/>
<pin id="307" dir="1" index="1" bw="10" slack="0"/>
</pin_list>
<bind>
<opcode="zext(34) " fcode="zext"/>
<opset="zext_ln59/3 "/>
</bind>
</comp>

<comp id="308" class="1004" name="tmp_fu_308">
<pin_list>
<pin id="309" dir="0" index="0" bw="10" slack="0"/>
<pin id="310" dir="0" index="1" bw="6" slack="2"/>
<pin id="311" dir="0" index="2" bw="1" slack="0"/>
<pin id="312" dir="1" index="3" bw="10" slack="0"/>
</pin_list>
<bind>
<opcode="bitconcatenate(1004) " fcode="bitconcatenate"/>
<opset="tmp/3 "/>
</bind>
</comp>

<comp id="315" class="1004" name="add_ln59_1_fu_315">
<pin_list>
<pin id="316" dir="0" index="0" bw="10" slack="0"/>
<pin id="317" dir="0" index="1" bw="6" slack="0"/>
<pin id="318" dir="1" index="2" bw="10" slack="0"/>
</pin_list>
<bind>
<opcode="add(8) " fcode="add"/>
<opset="add_ln59_1/3 "/>
</bind>
</comp>

<comp id="321" class="1004" name="zext_ln59_1_fu_321">
<pin_list>
<pin id="322" dir="0" index="0" bw="6" slack="2"/>
<pin id="323" dir="1" index="1" bw="12" slack="0"/>
</pin_list>
<bind>
<opcode="zext(34) " fcode="zext"/>
<opset="zext_ln59_1/3 "/>
</bind>
</comp>

<comp id="324" class="1004" name="zext_ln52_fu_324">
<pin_list>
<pin id="325" dir="0" index="0" bw="6" slack="2"/>
<pin id="326" dir="1" index="1" bw="13" slack="0"/>
</pin_list>
<bind>
<opcode="zext(34) " fcode="zext"/>
<opset="zext_ln52/3 "/>
</bind>
</comp>

<comp id="327" class="1004" name="mul_ln52_fu_327">
<pin_list>
<pin id="328" dir="0" index="0" bw="6" slack="0"/>
<pin id="329" dir="0" index="1" bw="8" slack="0"/>
<pin id="330" dir="1" index="2" bw="13" slack="0"/>
</pin_list>
<bind>
<opcode="mul(12) " fcode="mul"/>
<opset="mul_ln52/3 "/>
</bind>
</comp>

<comp id="333" class="1004" name="tmp_33_fu_333">
<pin_list>
<pin id="334" dir="0" index="0" bw="5" slack="0"/>
<pin id="335" dir="0" index="1" bw="13" slack="0"/>
<pin id="336" dir="0" index="2" bw="5" slack="0"/>
<pin id="337" dir="0" index="3" bw="5" slack="0"/>
<pin id="338" dir="1" index="4" bw="5" slack="0"/>
</pin_list>
<bind>
<opcode="partselect(1002) " fcode="partselect"/>
<opset="tmp_33/3 "/>
</bind>
</comp>

<comp id="343" class="1004" name="zext_ln58_1_fu_343">
<pin_list>
<pin id="344" dir="0" index="0" bw="5" slack="0"/>
<pin id="345" dir="1" index="1" bw="10" slack="0"/>
</pin_list>
<bind>
<opcode="zext(34) " fcode="zext"/>
<opset="zext_ln58_1/3 "/>
</bind>
</comp>

<comp id="347" class="1004" name="add_ln58_fu_347">
<pin_list>
<pin id="348" dir="0" index="0" bw="10" slack="0"/>
<pin id="349" dir="0" index="1" bw="5" slack="0"/>
<pin id="350" dir="1" index="2" bw="10" slack="7"/>
</pin_list>
<bind>
<opcode="add(8) " fcode="add"/>
<opset="add_ln58/3 "/>
</bind>
</comp>

<comp id="353" class="1004" name="zext_ln59_2_fu_353">
<pin_list>
<pin id="354" dir="0" index="0" bw="12" slack="0"/>
<pin id="355" dir="1" index="1" bw="64" slack="0"/>
</pin_list>
<bind>
<opcode="zext(34) " fcode="zext"/>
<opset="zext_ln59_2/4 "/>
</bind>
</comp>

<comp id="362" class="1004" name="zext_ln58_2_fu_362">
<pin_list>
<pin id="363" dir="0" index="0" bw="10" slack="7"/>
<pin id="364" dir="1" index="1" bw="64" slack="0"/>
</pin_list>
<bind>
<opcode="zext(34) " fcode="zext"/>
<opset="zext_ln58_2/10 "/>
</bind>
</comp>

<comp id="368" class="1004" name="trunc_ln52_fu_368">
<pin_list>
<pin id="369" dir="0" index="0" bw="2" slack="0"/>
<pin id="370" dir="1" index="1" bw="2" slack="2147483647"/>
</pin_list>
<bind>
<opcode="trunc(33) " fcode="trunc"/>
<opset="trunc_ln52/10 "/>
</bind>
</comp>

<comp id="372" class="1007" name="grp_fu_372">
<pin_list>
<pin id="373" dir="0" index="0" bw="6" slack="0"/>
<pin id="374" dir="0" index="1" bw="6" slack="0"/>
<pin id="375" dir="0" index="2" bw="6" slack="0"/>
<pin id="376" dir="1" index="3" bw="12" slack="0"/>
</pin_list>
<bind>
<opcode="muladd(1172) " fcode="muladd"/>
<opset="mul_ln59/1 add_ln59/3 "/>
</bind>
</comp>

<comp id="381" class="1005" name="col_pos_reg_381">
<pin_list>
<pin id="382" dir="0" index="0" bw="6" slack="0"/>
<pin id="383" dir="1" index="1" bw="6" slack="0"/>
</pin_list>
<bind>
<opset="col_pos "/>
</bind>
</comp>

<comp id="388" class="1005" name="row_pos_reg_388">
<pin_list>
<pin id="389" dir="0" index="0" bw="6" slack="0"/>
<pin id="390" dir="1" index="1" bw="6" slack="0"/>
</pin_list>
<bind>
<opset="row_pos "/>
</bind>
</comp>

<comp id="395" class="1005" name="indvar_flatten_reg_395">
<pin_list>
<pin id="396" dir="0" index="0" bw="12" slack="0"/>
<pin id="397" dir="1" index="1" bw="12" slack="0"/>
</pin_list>
<bind>
<opset="indvar_flatten "/>
</bind>
</comp>

<comp id="402" class="1005" name="icmp_ln53_reg_402">
<pin_list>
<pin id="403" dir="0" index="0" bw="1" slack="8"/>
<pin id="404" dir="1" index="1" bw="1" slack="2147483647"/>
</pin_list>
<bind>
<opset="icmp_ln53 "/>
</bind>
</comp>

<comp id="406" class="1005" name="select_ln52_reg_406">
<pin_list>
<pin id="407" dir="0" index="0" bw="6" slack="1"/>
<pin id="408" dir="1" index="1" bw="6" slack="1"/>
</pin_list>
<bind>
<opset="select_ln52 "/>
</bind>
</comp>

<comp id="413" class="1005" name="select_ln53_reg_413">
<pin_list>
<pin id="414" dir="0" index="0" bw="6" slack="2"/>
<pin id="415" dir="1" index="1" bw="6" slack="2"/>
</pin_list>
<bind>
<opset="select_ln53 "/>
</bind>
</comp>

<comp id="419" class="1005" name="zext_ln58_reg_419">
<pin_list>
<pin id="420" dir="0" index="0" bw="12" slack="1"/>
<pin id="421" dir="1" index="1" bw="12" slack="1"/>
</pin_list>
<bind>
<opset="zext_ln58 "/>
</bind>
</comp>

<comp id="424" class="1005" name="zext_ln59_1_reg_424">
<pin_list>
<pin id="425" dir="0" index="0" bw="12" slack="1"/>
<pin id="426" dir="1" index="1" bw="12" slack="1"/>
</pin_list>
<bind>
<opset="zext_ln59_1 "/>
</bind>
</comp>

<comp id="429" class="1005" name="add_ln58_reg_429">
<pin_list>
<pin id="430" dir="0" index="0" bw="10" slack="7"/>
<pin id="431" dir="1" index="1" bw="10" slack="7"/>
</pin_list>
<bind>
<opset="add_ln58 "/>
</bind>
</comp>

</comp_list>

<net_list>
<net id="75"><net_src comp="18" pin="0"/><net_sink comp="72" pin=0"/></net>

<net id="79"><net_src comp="18" pin="0"/><net_sink comp="76" pin=0"/></net>

<net id="83"><net_src comp="18" pin="0"/><net_sink comp="80" pin=0"/></net>

<net id="89"><net_src comp="0" pin="0"/><net_sink comp="84" pin=0"/></net>

<net id="90"><net_src comp="48" pin="0"/><net_sink comp="84" pin=1"/></net>

<net id="96"><net_src comp="2" pin="0"/><net_sink comp="91" pin=0"/></net>

<net id="97"><net_src comp="48" pin="0"/><net_sink comp="91" pin=1"/></net>

<net id="103"><net_src comp="4" pin="0"/><net_sink comp="98" pin=0"/></net>

<net id="104"><net_src comp="48" pin="0"/><net_sink comp="98" pin=1"/></net>

<net id="110"><net_src comp="6" pin="0"/><net_sink comp="105" pin=0"/></net>

<net id="111"><net_src comp="48" pin="0"/><net_sink comp="105" pin=1"/></net>

<net id="117"><net_src comp="8" pin="0"/><net_sink comp="112" pin=0"/></net>

<net id="118"><net_src comp="48" pin="0"/><net_sink comp="112" pin=1"/></net>

<net id="124"><net_src comp="10" pin="0"/><net_sink comp="119" pin=0"/></net>

<net id="125"><net_src comp="48" pin="0"/><net_sink comp="119" pin=1"/></net>

<net id="131"><net_src comp="50" pin="0"/><net_sink comp="126" pin=1"/></net>

<net id="132"><net_src comp="84" pin="3"/><net_sink comp="126" pin=0"/></net>

<net id="138"><net_src comp="50" pin="0"/><net_sink comp="133" pin=1"/></net>

<net id="139"><net_src comp="91" pin="3"/><net_sink comp="133" pin=0"/></net>

<net id="145"><net_src comp="50" pin="0"/><net_sink comp="140" pin=1"/></net>

<net id="146"><net_src comp="98" pin="3"/><net_sink comp="140" pin=0"/></net>

<net id="152"><net_src comp="50" pin="0"/><net_sink comp="147" pin=1"/></net>

<net id="153"><net_src comp="105" pin="3"/><net_sink comp="147" pin=0"/></net>

<net id="159"><net_src comp="50" pin="0"/><net_sink comp="154" pin=1"/></net>

<net id="160"><net_src comp="112" pin="3"/><net_sink comp="154" pin=0"/></net>

<net id="166"><net_src comp="50" pin="0"/><net_sink comp="161" pin=1"/></net>

<net id="167"><net_src comp="119" pin="3"/><net_sink comp="161" pin=0"/></net>

<net id="173"><net_src comp="12" pin="0"/><net_sink comp="168" pin=0"/></net>

<net id="174"><net_src comp="48" pin="0"/><net_sink comp="168" pin=1"/></net>

<net id="180"><net_src comp="14" pin="0"/><net_sink comp="175" pin=0"/></net>

<net id="181"><net_src comp="48" pin="0"/><net_sink comp="175" pin=1"/></net>

<net id="187"><net_src comp="16" pin="0"/><net_sink comp="182" pin=0"/></net>

<net id="188"><net_src comp="48" pin="0"/><net_sink comp="182" pin=1"/></net>

<net id="194"><net_src comp="64" pin="0"/><net_sink comp="189" pin=1"/></net>

<net id="195"><net_src comp="175" pin="3"/><net_sink comp="189" pin=0"/></net>

<net id="201"><net_src comp="64" pin="0"/><net_sink comp="196" pin=1"/></net>

<net id="202"><net_src comp="168" pin="3"/><net_sink comp="196" pin=0"/></net>

<net id="208"><net_src comp="64" pin="0"/><net_sink comp="203" pin=1"/></net>

<net id="209"><net_src comp="182" pin="3"/><net_sink comp="203" pin=0"/></net>

<net id="214"><net_src comp="20" pin="0"/><net_sink comp="210" pin=0"/></net>

<net id="219"><net_src comp="22" pin="0"/><net_sink comp="215" pin=0"/></net>

<net id="224"><net_src comp="22" pin="0"/><net_sink comp="220" pin=0"/></net>

<net id="232"><net_src comp="225" pin="1"/><net_sink comp="228" pin=0"/></net>

<net id="233"><net_src comp="24" pin="0"/><net_sink comp="228" pin=1"/></net>

<net id="238"><net_src comp="225" pin="1"/><net_sink comp="234" pin=0"/></net>

<net id="239"><net_src comp="26" pin="0"/><net_sink comp="234" pin=1"/></net>

<net id="250"><net_src comp="243" pin="1"/><net_sink comp="246" pin=0"/></net>

<net id="251"><net_src comp="28" pin="0"/><net_sink comp="246" pin=1"/></net>

<net id="256"><net_src comp="240" pin="1"/><net_sink comp="252" pin=0"/></net>

<net id="257"><net_src comp="30" pin="0"/><net_sink comp="252" pin=1"/></net>

<net id="263"><net_src comp="252" pin="2"/><net_sink comp="258" pin=0"/></net>

<net id="264"><net_src comp="22" pin="0"/><net_sink comp="258" pin=1"/></net>

<net id="265"><net_src comp="240" pin="1"/><net_sink comp="258" pin=2"/></net>

<net id="271"><net_src comp="252" pin="2"/><net_sink comp="266" pin=0"/></net>

<net id="272"><net_src comp="246" pin="2"/><net_sink comp="266" pin=1"/></net>

<net id="273"><net_src comp="243" pin="1"/><net_sink comp="266" pin=2"/></net>

<net id="277"><net_src comp="266" pin="3"/><net_sink comp="274" pin=0"/></net>

<net id="282"><net_src comp="258" pin="3"/><net_sink comp="278" pin=0"/></net>

<net id="283"><net_src comp="34" pin="0"/><net_sink comp="278" pin=1"/></net>

<net id="288"><net_src comp="258" pin="3"/><net_sink comp="284" pin=0"/></net>

<net id="289"><net_src comp="28" pin="0"/><net_sink comp="284" pin=1"/></net>

<net id="294"><net_src comp="234" pin="2"/><net_sink comp="290" pin=0"/></net>

<net id="299"><net_src comp="266" pin="3"/><net_sink comp="295" pin=0"/></net>

<net id="304"><net_src comp="284" pin="2"/><net_sink comp="300" pin=0"/></net>

<net id="313"><net_src comp="36" pin="0"/><net_sink comp="308" pin=0"/></net>

<net id="314"><net_src comp="38" pin="0"/><net_sink comp="308" pin=2"/></net>

<net id="319"><net_src comp="308" pin="3"/><net_sink comp="315" pin=0"/></net>

<net id="320"><net_src comp="305" pin="1"/><net_sink comp="315" pin=1"/></net>

<net id="331"><net_src comp="324" pin="1"/><net_sink comp="327" pin=0"/></net>

<net id="332"><net_src comp="40" pin="0"/><net_sink comp="327" pin=1"/></net>

<net id="339"><net_src comp="42" pin="0"/><net_sink comp="333" pin=0"/></net>

<net id="340"><net_src comp="327" pin="2"/><net_sink comp="333" pin=1"/></net>

<net id="341"><net_src comp="44" pin="0"/><net_sink comp="333" pin=2"/></net>

<net id="342"><net_src comp="46" pin="0"/><net_sink comp="333" pin=3"/></net>

<net id="346"><net_src comp="333" pin="4"/><net_sink comp="343" pin=0"/></net>

<net id="351"><net_src comp="315" pin="2"/><net_sink comp="347" pin=0"/></net>

<net id="352"><net_src comp="343" pin="1"/><net_sink comp="347" pin=1"/></net>

<net id="356"><net_src comp="353" pin="1"/><net_sink comp="84" pin=2"/></net>

<net id="357"><net_src comp="353" pin="1"/><net_sink comp="91" pin=2"/></net>

<net id="358"><net_src comp="353" pin="1"/><net_sink comp="98" pin=2"/></net>

<net id="359"><net_src comp="353" pin="1"/><net_sink comp="105" pin=2"/></net>

<net id="360"><net_src comp="353" pin="1"/><net_sink comp="112" pin=2"/></net>

<net id="361"><net_src comp="353" pin="1"/><net_sink comp="119" pin=2"/></net>

<net id="365"><net_src comp="362" pin="1"/><net_sink comp="168" pin=2"/></net>

<net id="366"><net_src comp="362" pin="1"/><net_sink comp="175" pin=2"/></net>

<net id="367"><net_src comp="362" pin="1"/><net_sink comp="182" pin=2"/></net>

<net id="371"><net_src comp="278" pin="2"/><net_sink comp="368" pin=0"/></net>

<net id="377"><net_src comp="274" pin="1"/><net_sink comp="372" pin=0"/></net>

<net id="378"><net_src comp="32" pin="0"/><net_sink comp="372" pin=1"/></net>

<net id="379"><net_src comp="321" pin="1"/><net_sink comp="372" pin=2"/></net>

<net id="380"><net_src comp="372" pin="3"/><net_sink comp="353" pin=0"/></net>

<net id="384"><net_src comp="72" pin="1"/><net_sink comp="381" pin=0"/></net>

<net id="385"><net_src comp="381" pin="1"/><net_sink comp="220" pin=1"/></net>

<net id="386"><net_src comp="381" pin="1"/><net_sink comp="240" pin=0"/></net>

<net id="387"><net_src comp="381" pin="1"/><net_sink comp="300" pin=1"/></net>

<net id="391"><net_src comp="76" pin="1"/><net_sink comp="388" pin=0"/></net>

<net id="392"><net_src comp="388" pin="1"/><net_sink comp="215" pin=1"/></net>

<net id="393"><net_src comp="388" pin="1"/><net_sink comp="243" pin=0"/></net>

<net id="394"><net_src comp="388" pin="1"/><net_sink comp="295" pin=1"/></net>

<net id="398"><net_src comp="80" pin="1"/><net_sink comp="395" pin=0"/></net>

<net id="399"><net_src comp="395" pin="1"/><net_sink comp="210" pin=1"/></net>

<net id="400"><net_src comp="395" pin="1"/><net_sink comp="225" pin=0"/></net>

<net id="401"><net_src comp="395" pin="1"/><net_sink comp="290" pin=1"/></net>

<net id="405"><net_src comp="228" pin="2"/><net_sink comp="402" pin=0"/></net>

<net id="409"><net_src comp="258" pin="3"/><net_sink comp="406" pin=0"/></net>

<net id="410"><net_src comp="406" pin="1"/><net_sink comp="278" pin=0"/></net>

<net id="411"><net_src comp="406" pin="1"/><net_sink comp="321" pin=0"/></net>

<net id="412"><net_src comp="406" pin="1"/><net_sink comp="324" pin=0"/></net>

<net id="416"><net_src comp="266" pin="3"/><net_sink comp="413" pin=0"/></net>

<net id="417"><net_src comp="413" pin="1"/><net_sink comp="305" pin=0"/></net>

<net id="418"><net_src comp="413" pin="1"/><net_sink comp="308" pin=1"/></net>

<net id="422"><net_src comp="274" pin="1"/><net_sink comp="419" pin=0"/></net>

<net id="423"><net_src comp="419" pin="1"/><net_sink comp="372" pin=0"/></net>

<net id="427"><net_src comp="321" pin="1"/><net_sink comp="424" pin=0"/></net>

<net id="428"><net_src comp="424" pin="1"/><net_sink comp="372" pin=1"/></net>

<net id="432"><net_src comp="347" pin="2"/><net_sink comp="429" pin=0"/></net>

<net id="433"><net_src comp="429" pin="1"/><net_sink comp="362" pin=0"/></net>

</net_list>

</model> 
---------------- Datapath Model END ------------------

* FSMD analyzer results:
  - Output states:
	Port: spillage_flag | {4 }
	Port: spillage_level | {4 }
	Port: spillage_from_neigh | {4 }
	Port: spillage_from_neigh_1 | {4 }
	Port: spillage_from_neigh_2 | {4 }
	Port: spillage_from_neigh_3 | {4 }
	Port: water_level | {10 }
	Port: water_level_1 | {10 }
	Port: water_level_2 | {10 }
 - Input state : 
  - Chain level:
	State 1
		store_ln0 : 1
		store_ln52 : 1
		store_ln52 : 1
		indvar_flatten_load : 1
		icmp_ln53 : 2
		add_ln53_1 : 2
		br_ln53 : 3
		col_pos_load : 1
		row_pos_load : 1
		add_ln53 : 2
		icmp_ln54 : 2
		select_ln52 : 3
		select_ln53 : 3
		zext_ln58 : 4
		mul_ln59 : 5
		urem_ln52 : 4
		add_ln54 : 4
		store_ln53 : 3
		store_ln52 : 4
		store_ln52 : 5
	State 2
	State 3
		add_ln59_1 : 1
		add_ln59 : 1
		mul_ln52 : 1
		tmp_33 : 2
		zext_ln58_1 : 3
		add_ln58 : 4
	State 4
		zext_ln59_2 : 1
		spillage_flag_addr : 2
		spillage_level_addr : 2
		spillage_from_neigh_addr : 2
		spillage_from_neigh_1_addr : 2
		spillage_from_neigh_2_addr : 2
		spillage_from_neigh_3_addr : 2
		store_ln59 : 3
		store_ln60 : 3
		store_ln64 : 3
		store_ln64 : 3
		store_ln64 : 3
		store_ln64 : 3
	State 5
	State 6
	State 7
	State 8
	State 9
	State 10
		water_level_addr : 1
		water_level_1_addr : 1
		water_level_2_addr : 1
		trunc_ln52 : 1
		switch_ln58 : 2
		store_ln58 : 2
		store_ln58 : 2
		store_ln58 : 2


============================================================
+ Verbose Summary: Datapath Resource usage 
============================================================

* Functional unit list:
|----------|--------------------|---------|---------|---------|
| Operation|   Functional Unit  |   DSP   |    FF   |   LUT   |
|----------|--------------------|---------|---------|---------|
|   urem   |     grp_fu_278     |    0    |   128   |    68   |
|----------|--------------------|---------|---------|---------|
|          |  add_ln53_1_fu_234 |    0    |    0    |    19   |
|          |   add_ln53_fu_246  |    0    |    0    |    13   |
|    add   |   add_ln54_fu_284  |    0    |    0    |    13   |
|          |  add_ln59_1_fu_315 |    0    |    0    |    18   |
|          |   add_ln58_fu_347  |    0    |    0    |    18   |
|----------|--------------------|---------|---------|---------|
|    mul   |   mul_ln52_fu_327  |    0    |    0    |    40   |
|----------|--------------------|---------|---------|---------|
|   icmp   |  icmp_ln53_fu_228  |    0    |    0    |    19   |
|          |  icmp_ln54_fu_252  |    0    |    0    |    13   |
|----------|--------------------|---------|---------|---------|
|  select  | select_ln52_fu_258 |    0    |    0    |    6    |
|          | select_ln53_fu_266 |    0    |    0    |    6    |
|----------|--------------------|---------|---------|---------|
|  muladd  |     grp_fu_372     |    1    |    0    |    0    |
|----------|--------------------|---------|---------|---------|
|          |  zext_ln58_fu_274  |    0    |    0    |    0    |
|          |  zext_ln59_fu_305  |    0    |    0    |    0    |
|          | zext_ln59_1_fu_321 |    0    |    0    |    0    |
|   zext   |  zext_ln52_fu_324  |    0    |    0    |    0    |
|          | zext_ln58_1_fu_343 |    0    |    0    |    0    |
|          | zext_ln59_2_fu_353 |    0    |    0    |    0    |
|          | zext_ln58_2_fu_362 |    0    |    0    |    0    |
|----------|--------------------|---------|---------|---------|
|bitconcatenate|     tmp_fu_308     |    0    |    0    |    0    |
|----------|--------------------|---------|---------|---------|
|partselect|    tmp_33_fu_333   |    0    |    0    |    0    |
|----------|--------------------|---------|---------|---------|
|   trunc  |  trunc_ln52_fu_368 |    0    |    0    |    0    |
|----------|--------------------|---------|---------|---------|
|   Total  |                    |    1    |   128   |   233   |
|----------|--------------------|---------|---------|---------|

Memories:
N/A

* Register list:
+----------------------+--------+
|                      |   FF   |
+----------------------+--------+
|   add_ln58_reg_429   |   10   |
|    col_pos_reg_381   |    6   |
|   icmp_ln53_reg_402  |    1   |
|indvar_flatten_reg_395|   12   |
|    row_pos_reg_388   |    6   |
|  select_ln52_reg_406 |    6   |
|  select_ln53_reg_413 |    6   |
|   zext_ln58_reg_419  |   12   |
|  zext_ln59_1_reg_424 |   12   |
+----------------------+--------+
|         Total        |   71   |
+----------------------+--------+

* Multiplexer (MUX) list: 
|------------|------|------|------|--------||---------||---------||---------|
|    Comp    |  Pin | Size |  BW  | S x BW ||  Delay  ||    FF   ||   LUT   |
|------------|------|------|------|--------||---------||---------||---------|
| grp_fu_278 |  p0  |   2  |   6  |   12   ||    0    ||    9    |
| grp_fu_372 |  p0  |   2  |   6  |   12   ||    0    ||    9    |
| grp_fu_372 |  p1  |   2  |   6  |   12   ||    0    ||    9    |
|------------|------|------|------|--------||---------||---------||---------|
|    Total   |      |      |      |   36   ||  1.161  ||    0    ||    27   |
|------------|------|------|------|--------||---------||---------||---------|



* Summary:
+-----------+--------+--------+--------+--------+
|           |   DSP  |  Delay |   FF   |   LUT  |
+-----------+--------+--------+--------+--------+
|  Function |    1   |    -   |   128  |   233  |
|   Memory  |    -   |    -   |    -   |    -   |
|Multiplexer|    -   |    1   |    0   |   27   |
|  Register |    -   |    -   |   71   |    -   |
+-----------+--------+--------+--------+--------+
|   Total   |    1   |    1   |   199  |   260  |
+-----------+--------+--------+--------+--------+
