

================================================================
== Vitis HLS Report for 'do_compute_Pipeline_VITIS_LOOP_249_16_VITIS_LOOP_250_17'
================================================================
* Date:           Sun May 17 15:55:02 2026

* Version:        2024.1 (Build 5069499 on May 21 2024)
* Project:        .tiny_dam_base_enabled
* Solution:       solution_FLOOD_HLS_base (Vivado IP Flow Target)
* Product family: virtexuplusHBM
* Target device:  xcu50-fsvh2104-2-e


================================================================
== Performance Estimates
================================================================
+ Timing: 
    * Summary: 
    +--------+---------+----------+------------+
    |  Clock |  Target | Estimated| Uncertainty|
    +--------+---------+----------+------------+
    |ap_clk  |  4.00 ns|  2.662 ns|     1.08 ns|
    +--------+---------+----------+------------+

+ Latency: 
    * Summary: 
    +---------+---------+-----------+-----------+------+------+-----------------------------------------------+
    |  Latency (cycles) |   Latency (absolute)  |   Interval  |                    Pipeline                   |
    |   min   |   max   |    min    |    max    |  min |  max |                      Type                     |
    +---------+---------+-----------+-----------+------+------+-----------------------------------------------+
    |     5027|     5027|  20.108 us|  20.108 us|  5002|  5002|  loop auto-rewind stp(delay=0 clock cycles(s))|
    +---------+---------+-----------+-----------+------+------+-----------------------------------------------+

    + Detail: 
        * Instance: 
        N/A

        * Loop: 
        +---------------------------------------+---------+---------+----------+-----------+-----------+------+----------+
        |                                       |  Latency (cycles) | Iteration|  Initiation Interval  | Trip |          |
        |               Loop Name               |   min   |   max   |  Latency |  achieved |   target  | Count| Pipelined|
        +---------------------------------------+---------+---------+----------+-----------+-----------+------+----------+
        |- VITIS_LOOP_249_16_VITIS_LOOP_250_17  |     5025|     5025|        28|          2|          1|  2500|       yes|
        +---------------------------------------+---------+---------+----------+-----------+-----------+------+----------+

============================================================
+ Verbose Summary: Synthesis Manager
============================================================
InlineROM: 1
ExposeGlobal: 0
============================================================
+ Verbose Summary: CDFG Model
============================================================
IsTopModel: 0
ResetActiveHigh: 1
IsCombinational: 0
IsDatapathOnly: 0
HasWiredReturn: 1
HasMFsm: 2
HasVarLatency: 1
IsPipeline: 0
IsRtlPipelined: 0
IsInstanceOverlapped: 0
IsDontTouch: 0
HasImplIP: 0
IsGatedGlobalClock: 0

+ Individual pipeline summary: 
  * Pipeline-0: initiation interval (II) = 2, depth = 28


============================================================
+ Verbose Summary: Schedule
============================================================
* Number of FSM states : 28
* Pipeline : 1
  Pipeline-0 : II = 2, D = 28, States = { 1 2 3 4 5 6 7 8 9 10 11 12 13 14 15 16 17 18 19 20 21 22 23 24 25 26 27 28 }
* Dataflow Pipeline: 0

* FSM state transitions: 
1 --> 2 
2 --> 3 
3 --> 4 
4 --> 5 
5 --> 6 
6 --> 7 
7 --> 8 
8 --> 9 
9 --> 10 
10 --> 11 
11 --> 12 
12 --> 13 
13 --> 14 
14 --> 15 
15 --> 16 
16 --> 17 
17 --> 18 
18 --> 19 
19 --> 20 
20 --> 21 
21 --> 22 
22 --> 23 
23 --> 24 
24 --> 25 
25 --> 26 
26 --> 27 
27 --> 28 
28 --> 

* FSM state operations: 

State 1 <SV = 0> <Delay = 2.48>
ST_1 : Operation 31 [1/1] (0.00ns)   --->   "%add55123 = alloca i32 1"   --->   Operation 31 'alloca' 'add55123' <Predicate = true> <Delay = 0.00>
ST_1 : Operation 32 [1/1] (0.00ns)   --->   "%empty = alloca i32 1"   --->   Operation 32 'alloca' 'empty' <Predicate = true> <Delay = 0.00>
ST_1 : Operation 33 [1/1] (0.00ns)   --->   "%col_pos_1 = alloca i32 1" [flood_HLS_base.cpp:52]   --->   Operation 33 'alloca' 'col_pos_1' <Predicate = true> <Delay = 0.00>
ST_1 : Operation 34 [1/1] (0.00ns)   --->   "%row_pos = alloca i32 1" [flood_HLS_base.cpp:52]   --->   Operation 34 'alloca' 'row_pos' <Predicate = true> <Delay = 0.00>
ST_1 : Operation 35 [1/1] (0.00ns)   --->   "%indvar_flatten34 = alloca i32 1"   --->   Operation 35 'alloca' 'indvar_flatten34' <Predicate = true> <Delay = 0.00>
ST_1 : Operation 36 [1/1] (0.00ns)   --->   "%trunc_ln2_read = read i64 @_ssdm_op_Read.ap_auto.i64, i64 %trunc_ln2"   --->   Operation 36 'read' 'trunc_ln2_read' <Predicate = true> <Delay = 0.00>
ST_1 : Operation 37 [1/1] (0.38ns)   --->   "%store_ln0 = store i12 0, i12 %indvar_flatten34"   --->   Operation 37 'store' 'store_ln0' <Predicate = true> <Delay = 0.38>
ST_1 : Operation 38 [1/1] (0.38ns)   --->   "%store_ln52 = store i6 0, i6 %row_pos" [flood_HLS_base.cpp:52]   --->   Operation 38 'store' 'store_ln52' <Predicate = true> <Delay = 0.38>
ST_1 : Operation 39 [1/1] (0.38ns)   --->   "%store_ln52 = store i6 0, i6 %col_pos_1" [flood_HLS_base.cpp:52]   --->   Operation 39 'store' 'store_ln52' <Predicate = true> <Delay = 0.38>
ST_1 : Operation 40 [1/1] (0.38ns)   --->   "%store_ln0 = store i32 0, i32 %empty"   --->   Operation 40 'store' 'store_ln0' <Predicate = true> <Delay = 0.38>
ST_1 : Operation 41 [1/1] (0.38ns)   --->   "%store_ln0 = store i64 %trunc_ln2_read, i64 %add55123"   --->   Operation 41 'store' 'store_ln0' <Predicate = true> <Delay = 0.38>
ST_1 : Operation 42 [1/1] (0.00ns)   --->   "%br_ln0 = br void %for.body528"   --->   Operation 42 'br' 'br_ln0' <Predicate = true> <Delay = 0.00>
ST_1 : Operation 43 [1/1] (0.00ns)   --->   "%indvar_flatten34_load = load i12 %indvar_flatten34" [flood_HLS_base.cpp:249]   --->   Operation 43 'load' 'indvar_flatten34_load' <Predicate = true> <Delay = 0.00>
ST_1 : Operation 44 [1/1] (0.74ns)   --->   "%icmp_ln249 = icmp_eq  i12 %indvar_flatten34_load, i12 2500" [flood_HLS_base.cpp:249]   --->   Operation 44 'icmp' 'icmp_ln249' <Predicate = true> <Delay = 0.74> <CoreInst = "Cmp">   --->   Core 9 'Cmp' <Latency = 0> <II = 1> <Delay = 0.74> <FuncUnit> <Opcode : 'seteq' 'setne' 'setle' 'setge' 'setlt' 'setgt'> <InPorts = 2> <OutPorts = 1>
ST_1 : Operation 45 [1/1] (0.74ns)   --->   "%add_ln249_1 = add i12 %indvar_flatten34_load, i12 1" [flood_HLS_base.cpp:249]   --->   Operation 45 'add' 'add_ln249_1' <Predicate = true> <Delay = 0.74> <CoreInst = "Adder">   --->   Core 1 'Adder' <Latency = 0> <II = 1> <Delay = 0.74> <FuncUnit> <Opcode : 'add' 'sub'> <InPorts = 2> <OutPorts = 1>
ST_1 : Operation 46 [1/1] (0.00ns)   --->   "%br_ln249 = br i1 %icmp_ln249, void %for.inc555, void %for.end557.exitStub" [flood_HLS_base.cpp:249]   --->   Operation 46 'br' 'br_ln249' <Predicate = true> <Delay = 0.00>
ST_1 : Operation 47 [1/1] (0.00ns)   --->   "%col_pos_1_load = load i6 %col_pos_1" [flood_HLS_base.cpp:250]   --->   Operation 47 'load' 'col_pos_1_load' <Predicate = (!icmp_ln249)> <Delay = 0.00>
ST_1 : Operation 48 [1/1] (0.70ns)   --->   "%icmp_ln250 = icmp_eq  i6 %col_pos_1_load, i6 50" [flood_HLS_base.cpp:250]   --->   Operation 48 'icmp' 'icmp_ln250' <Predicate = (!icmp_ln249)> <Delay = 0.70> <CoreInst = "Cmp">   --->   Core 9 'Cmp' <Latency = 0> <II = 1> <Delay = 0.70> <FuncUnit> <Opcode : 'seteq' 'setne' 'setle' 'setge' 'setlt' 'setgt'> <InPorts = 2> <OutPorts = 1>
ST_1 : Operation 49 [1/1] (0.29ns)   --->   "%select_ln52 = select i1 %icmp_ln250, i6 0, i6 %col_pos_1_load" [flood_HLS_base.cpp:52]   --->   Operation 49 'select' 'select_ln52' <Predicate = (!icmp_ln249)> <Delay = 0.29> <CoreInst = "Sel">   --->   Core 73 'Sel' <Latency = 0> <II = 1> <Delay = 0.29> <FuncUnit> <Opcode : 'select'> <InPorts = 3> <OutPorts = 1>
ST_1 : Operation 50 [10/10] (1.02ns)   --->   "%urem_ln52 = urem i6 %select_ln52, i6 3" [flood_HLS_base.cpp:52]   --->   Operation 50 'urem' 'urem_ln52' <Predicate = (!icmp_ln249)> <Delay = 1.02> <CoreInst = "Divider">   --->   Core 6 'Divider' <Latency = 9> <II = 1> <Delay = 1.02> <FuncUnit> <Opcode : 'udiv' 'sdiv' 'urem' 'srem'> <InPorts = 2> <OutPorts = 1>
ST_1 : Operation 51 [1/1] (0.70ns)   --->   "%add_ln250 = add i6 %select_ln52, i6 1" [flood_HLS_base.cpp:250]   --->   Operation 51 'add' 'add_ln250' <Predicate = (!icmp_ln249)> <Delay = 0.70> <CoreInst = "Adder">   --->   Core 1 'Adder' <Latency = 0> <II = 1> <Delay = 0.70> <FuncUnit> <Opcode : 'add' 'sub'> <InPorts = 2> <OutPorts = 1>
ST_1 : Operation 52 [1/1] (0.38ns)   --->   "%store_ln249 = store i12 %add_ln249_1, i12 %indvar_flatten34" [flood_HLS_base.cpp:249]   --->   Operation 52 'store' 'store_ln249' <Predicate = (!icmp_ln249)> <Delay = 0.38>
ST_1 : Operation 53 [1/1] (0.38ns)   --->   "%store_ln52 = store i6 %add_ln250, i6 %col_pos_1" [flood_HLS_base.cpp:52]   --->   Operation 53 'store' 'store_ln52' <Predicate = (!icmp_ln249)> <Delay = 0.38>

State 2 <SV = 1> <Delay = 2.34>
ST_2 : Operation 54 [1/1] (0.00ns)   --->   "%row_pos_load = load i6 %row_pos" [flood_HLS_base.cpp:249]   --->   Operation 54 'load' 'row_pos_load' <Predicate = (!icmp_ln249)> <Delay = 0.00>
ST_2 : Operation 55 [1/1] (0.70ns)   --->   "%add_ln249 = add i6 %row_pos_load, i6 1" [flood_HLS_base.cpp:249]   --->   Operation 55 'add' 'add_ln249' <Predicate = (!icmp_ln249 & icmp_ln250)> <Delay = 0.70> <CoreInst = "Adder">   --->   Core 1 'Adder' <Latency = 0> <II = 1> <Delay = 0.70> <FuncUnit> <Opcode : 'add' 'sub'> <InPorts = 2> <OutPorts = 1>
ST_2 : Operation 56 [1/1] (0.29ns)   --->   "%select_ln249 = select i1 %icmp_ln250, i6 %add_ln249, i6 %row_pos_load" [flood_HLS_base.cpp:249]   --->   Operation 56 'select' 'select_ln249' <Predicate = (!icmp_ln249)> <Delay = 0.29> <CoreInst = "Sel">   --->   Core 73 'Sel' <Latency = 0> <II = 1> <Delay = 0.29> <FuncUnit> <Opcode : 'select'> <InPorts = 3> <OutPorts = 1>
ST_2 : Operation 57 [1/1] (0.00ns)   --->   "%zext_ln52 = zext i6 %select_ln249" [flood_HLS_base.cpp:52]   --->   Operation 57 'zext' 'zext_ln52' <Predicate = (!icmp_ln249)> <Delay = 0.00>
ST_2 : Operation 58 [1/1] (0.00ns)   --->   "%tmp_34 = bitconcatenate i10 @_ssdm_op_BitConcatenate.i10.i6.i4, i6 %select_ln249, i4 0" [flood_HLS_base.cpp:251]   --->   Operation 58 'bitconcatenate' 'tmp_34' <Predicate = (!icmp_ln249)> <Delay = 0.00>
ST_2 : Operation 59 [1/1] (0.00ns) (grouped into TernaryAdder)   --->   "%add_ln52 = add i10 %tmp_34, i10 %zext_ln52" [flood_HLS_base.cpp:52]   --->   Operation 59 'add' 'add_ln52' <Predicate = (!icmp_ln249)> <Delay = 0.00> <CoreInst = "TAddSub">   --->   Core 10 'TAddSub' <Latency = 0> <II = 1> <Delay = 0.39> <IPBlock> <Opcode : '' 'add' 'sub'> <InPorts = 3> <OutPorts = 1> <Sync> <CReg>
ST_2 : Operation 60 [1/1] (0.00ns)   --->   "%zext_ln52_1 = zext i6 %select_ln52" [flood_HLS_base.cpp:52]   --->   Operation 60 'zext' 'zext_ln52_1' <Predicate = (!icmp_ln249)> <Delay = 0.00>
ST_2 : Operation 61 [1/1] (1.55ns)   --->   "%mul_ln52 = mul i13 %zext_ln52_1, i13 86" [flood_HLS_base.cpp:52]   --->   Operation 61 'mul' 'mul_ln52' <Predicate = (!icmp_ln249)> <Delay = 1.55> <CoreInst = "Multiplier">   --->   Core 3 'Multiplier' <Latency = 0> <II = 1> <Delay = 1.55> <FuncUnit> <Opcode : 'mul'> <InPorts = 2> <OutPorts = 1>
ST_2 : Operation 62 [1/1] (0.00ns)   --->   "%tmp_35 = partselect i5 @_ssdm_op_PartSelect.i5.i13.i32.i32, i13 %mul_ln52, i32 8, i32 12" [flood_HLS_base.cpp:52]   --->   Operation 62 'partselect' 'tmp_35' <Predicate = (!icmp_ln249)> <Delay = 0.00>
ST_2 : Operation 63 [1/1] (0.00ns)   --->   "%zext_ln251 = zext i5 %tmp_35" [flood_HLS_base.cpp:251]   --->   Operation 63 'zext' 'zext_ln251' <Predicate = (!icmp_ln249)> <Delay = 0.00>
ST_2 : Operation 64 [1/1] (0.79ns) (root node of TernaryAdder)   --->   "%add_ln251 = add i10 %add_ln52, i10 %zext_ln251" [flood_HLS_base.cpp:251]   --->   Operation 64 'add' 'add_ln251' <Predicate = (!icmp_ln249)> <Delay = 0.79> <CoreInst = "TAddSub">   --->   Core 10 'TAddSub' <Latency = 0> <II = 1> <Delay = 0.39> <IPBlock> <Opcode : '' 'add' 'sub'> <InPorts = 3> <OutPorts = 1> <Sync> <CReg>
ST_2 : Operation 65 [9/10] (1.02ns)   --->   "%urem_ln52 = urem i6 %select_ln52, i6 3" [flood_HLS_base.cpp:52]   --->   Operation 65 'urem' 'urem_ln52' <Predicate = (!icmp_ln249)> <Delay = 1.02> <CoreInst = "Divider">   --->   Core 6 'Divider' <Latency = 9> <II = 1> <Delay = 1.02> <FuncUnit> <Opcode : 'udiv' 'sdiv' 'urem' 'srem'> <InPorts = 2> <OutPorts = 1>
ST_2 : Operation 66 [1/1] (0.38ns)   --->   "%store_ln52 = store i6 %select_ln249, i6 %row_pos" [flood_HLS_base.cpp:52]   --->   Operation 66 'store' 'store_ln52' <Predicate = (!icmp_ln249)> <Delay = 0.38>

State 3 <SV = 2> <Delay = 1.20>
ST_3 : Operation 67 [1/1] (0.00ns)   --->   "%zext_ln251_1 = zext i10 %add_ln251" [flood_HLS_base.cpp:251]   --->   Operation 67 'zext' 'zext_ln251_1' <Predicate = true> <Delay = 0.00>
ST_3 : Operation 68 [1/1] (0.00ns)   --->   "%water_level_addr = getelementptr i32 %water_level, i64 0, i64 %zext_ln251_1" [flood_HLS_base.cpp:251]   --->   Operation 68 'getelementptr' 'water_level_addr' <Predicate = true> <Delay = 0.00>
ST_3 : Operation 69 [1/1] (0.00ns)   --->   "%water_level_1_addr = getelementptr i32 %water_level_1, i64 0, i64 %zext_ln251_1" [flood_HLS_base.cpp:251]   --->   Operation 69 'getelementptr' 'water_level_1_addr' <Predicate = true> <Delay = 0.00>
ST_3 : Operation 70 [1/1] (0.00ns)   --->   "%water_level_2_addr = getelementptr i32 %water_level_2, i64 0, i64 %zext_ln251_1" [flood_HLS_base.cpp:251]   --->   Operation 70 'getelementptr' 'water_level_2_addr' <Predicate = true> <Delay = 0.00>
ST_3 : Operation 71 [8/10] (1.02ns)   --->   "%urem_ln52 = urem i6 %select_ln52, i6 3" [flood_HLS_base.cpp:52]   --->   Operation 71 'urem' 'urem_ln52' <Predicate = true> <Delay = 1.02> <CoreInst = "Divider">   --->   Core 6 'Divider' <Latency = 9> <II = 1> <Delay = 1.02> <FuncUnit> <Opcode : 'udiv' 'sdiv' 'urem' 'srem'> <InPorts = 2> <OutPorts = 1>
ST_3 : Operation 72 [2/2] (1.20ns)   --->   "%water_level_load = load i10 %water_level_addr" [flood_HLS_base.cpp:251]   --->   Operation 72 'load' 'water_level_load' <Predicate = true> <Delay = 1.20> <CoreInst = "RAM_1WnR">   --->   Core 83 'RAM_1WnR' <Latency = 1> <II = 1> <Delay = 1.20> <Storage> <Opcode : 'load' 'store'> <Ports = 17> <Width = 32> <Depth = 850> <RAM>
ST_3 : Operation 73 [2/2] (1.20ns)   --->   "%water_level_1_load = load i10 %water_level_1_addr" [flood_HLS_base.cpp:251]   --->   Operation 73 'load' 'water_level_1_load' <Predicate = true> <Delay = 1.20> <CoreInst = "RAM_1WnR">   --->   Core 83 'RAM_1WnR' <Latency = 1> <II = 1> <Delay = 1.20> <Storage> <Opcode : 'load' 'store'> <Ports = 17> <Width = 32> <Depth = 850> <RAM>
ST_3 : Operation 74 [2/2] (1.20ns)   --->   "%water_level_2_load = load i10 %water_level_2_addr" [flood_HLS_base.cpp:251]   --->   Operation 74 'load' 'water_level_2_load' <Predicate = true> <Delay = 1.20> <CoreInst = "RAM_1WnR">   --->   Core 83 'RAM_1WnR' <Latency = 1> <II = 1> <Delay = 1.20> <Storage> <Opcode : 'load' 'store'> <Ports = 17> <Width = 32> <Depth = 850> <RAM>

State 4 <SV = 3> <Delay = 1.20>
ST_4 : Operation 75 [7/10] (1.02ns)   --->   "%urem_ln52 = urem i6 %select_ln52, i6 3" [flood_HLS_base.cpp:52]   --->   Operation 75 'urem' 'urem_ln52' <Predicate = true> <Delay = 1.02> <CoreInst = "Divider">   --->   Core 6 'Divider' <Latency = 9> <II = 1> <Delay = 1.02> <FuncUnit> <Opcode : 'udiv' 'sdiv' 'urem' 'srem'> <InPorts = 2> <OutPorts = 1>
ST_4 : Operation 76 [1/2] (1.20ns)   --->   "%water_level_load = load i10 %water_level_addr" [flood_HLS_base.cpp:251]   --->   Operation 76 'load' 'water_level_load' <Predicate = true> <Delay = 1.20> <CoreInst = "RAM_1WnR">   --->   Core 83 'RAM_1WnR' <Latency = 1> <II = 1> <Delay = 1.20> <Storage> <Opcode : 'load' 'store'> <Ports = 17> <Width = 32> <Depth = 850> <RAM>
ST_4 : Operation 77 [1/2] (1.20ns)   --->   "%water_level_1_load = load i10 %water_level_1_addr" [flood_HLS_base.cpp:251]   --->   Operation 77 'load' 'water_level_1_load' <Predicate = true> <Delay = 1.20> <CoreInst = "RAM_1WnR">   --->   Core 83 'RAM_1WnR' <Latency = 1> <II = 1> <Delay = 1.20> <Storage> <Opcode : 'load' 'store'> <Ports = 17> <Width = 32> <Depth = 850> <RAM>
ST_4 : Operation 78 [1/2] (1.20ns)   --->   "%water_level_2_load = load i10 %water_level_2_addr" [flood_HLS_base.cpp:251]   --->   Operation 78 'load' 'water_level_2_load' <Predicate = true> <Delay = 1.20> <CoreInst = "RAM_1WnR">   --->   Core 83 'RAM_1WnR' <Latency = 1> <II = 1> <Delay = 1.20> <Storage> <Opcode : 'load' 'store'> <Ports = 17> <Width = 32> <Depth = 850> <RAM>

State 5 <SV = 4> <Delay = 1.02>
ST_5 : Operation 79 [6/10] (1.02ns)   --->   "%urem_ln52 = urem i6 %select_ln52, i6 3" [flood_HLS_base.cpp:52]   --->   Operation 79 'urem' 'urem_ln52' <Predicate = true> <Delay = 1.02> <CoreInst = "Divider">   --->   Core 6 'Divider' <Latency = 9> <II = 1> <Delay = 1.02> <FuncUnit> <Opcode : 'udiv' 'sdiv' 'urem' 'srem'> <InPorts = 2> <OutPorts = 1>

State 6 <SV = 5> <Delay = 1.02>
ST_6 : Operation 80 [5/10] (1.02ns)   --->   "%urem_ln52 = urem i6 %select_ln52, i6 3" [flood_HLS_base.cpp:52]   --->   Operation 80 'urem' 'urem_ln52' <Predicate = true> <Delay = 1.02> <CoreInst = "Divider">   --->   Core 6 'Divider' <Latency = 9> <II = 1> <Delay = 1.02> <FuncUnit> <Opcode : 'udiv' 'sdiv' 'urem' 'srem'> <InPorts = 2> <OutPorts = 1>

State 7 <SV = 6> <Delay = 1.02>
ST_7 : Operation 81 [4/10] (1.02ns)   --->   "%urem_ln52 = urem i6 %select_ln52, i6 3" [flood_HLS_base.cpp:52]   --->   Operation 81 'urem' 'urem_ln52' <Predicate = true> <Delay = 1.02> <CoreInst = "Divider">   --->   Core 6 'Divider' <Latency = 9> <II = 1> <Delay = 1.02> <FuncUnit> <Opcode : 'udiv' 'sdiv' 'urem' 'srem'> <InPorts = 2> <OutPorts = 1>

State 8 <SV = 7> <Delay = 1.02>
ST_8 : Operation 82 [3/10] (1.02ns)   --->   "%urem_ln52 = urem i6 %select_ln52, i6 3" [flood_HLS_base.cpp:52]   --->   Operation 82 'urem' 'urem_ln52' <Predicate = true> <Delay = 1.02> <CoreInst = "Divider">   --->   Core 6 'Divider' <Latency = 9> <II = 1> <Delay = 1.02> <FuncUnit> <Opcode : 'udiv' 'sdiv' 'urem' 'srem'> <InPorts = 2> <OutPorts = 1>

State 9 <SV = 8> <Delay = 1.02>
ST_9 : Operation 83 [2/10] (1.02ns)   --->   "%urem_ln52 = urem i6 %select_ln52, i6 3" [flood_HLS_base.cpp:52]   --->   Operation 83 'urem' 'urem_ln52' <Predicate = true> <Delay = 1.02> <CoreInst = "Divider">   --->   Core 6 'Divider' <Latency = 9> <II = 1> <Delay = 1.02> <FuncUnit> <Opcode : 'udiv' 'sdiv' 'urem' 'srem'> <InPorts = 2> <OutPorts = 1>

State 10 <SV = 9> <Delay = 1.41>
ST_10 : Operation 84 [1/10] (1.02ns)   --->   "%urem_ln52 = urem i6 %select_ln52, i6 3" [flood_HLS_base.cpp:52]   --->   Operation 84 'urem' 'urem_ln52' <Predicate = true> <Delay = 1.02> <CoreInst = "Divider">   --->   Core 6 'Divider' <Latency = 9> <II = 1> <Delay = 1.02> <FuncUnit> <Opcode : 'udiv' 'sdiv' 'urem' 'srem'> <InPorts = 2> <OutPorts = 1>
ST_10 : Operation 85 [1/1] (0.00ns)   --->   "%trunc_ln52 = trunc i2 %urem_ln52" [flood_HLS_base.cpp:52]   --->   Operation 85 'trunc' 'trunc_ln52' <Predicate = true> <Delay = 0.00>
ST_10 : Operation 86 [1/1] (0.38ns)   --->   "%tmp = sparsemux i32 @_ssdm_op_SparseMux.ap_auto.3i32.i32.i2, i2 0, i32 %water_level_load, i2 1, i32 %water_level_1_load, i2 2, i32 %water_level_2_load, i32 0, i2 %trunc_ln52" [flood_HLS_base.cpp:251]   --->   Operation 86 'sparsemux' 'tmp' <Predicate = true> <Delay = 0.38> <CoreInst = "SparseMux">   --->   Core 144 'SparseMux' <Latency = 0> <II = 1> <Delay = 0.38> <FuncUnit> <Opcode : 'sparsemux'> <InPorts = 2> <OutPorts = 1>

State 11 <SV = 10> <Delay = 2.66>
ST_11 : Operation 87 [1/1] (0.00ns)   --->   "%add55123_load = load i64 %add55123" [flood_HLS_base.cpp:253]   --->   Operation 87 'load' 'add55123_load' <Predicate = true> <Delay = 0.00>
ST_11 : Operation 88 [4/4] (2.66ns)   --->   "%conv1 = sitofp i32 %tmp" [flood_HLS_base.cpp:251]   --->   Operation 88 'sitofp' 'conv1' <Predicate = true> <Delay = 2.66> <CoreInst = "Int2Float">   --->   Core 62 'Int2Float' <Latency = 3> <II = 1> <Delay = 2.66> <FuncUnit> <Opcode : 'uitofp' 'sitofp'> <InPorts = 1> <OutPorts = 1>
ST_11 : Operation 89 [1/1] (0.00ns)   --->   "%sext_ln253 = sext i32 %tmp" [flood_HLS_base.cpp:253]   --->   Operation 89 'sext' 'sext_ln253' <Predicate = true> <Delay = 0.00>
ST_11 : Operation 90 [1/1] (1.14ns)   --->   "%add_ln253 = add i64 %sext_ln253, i64 %add55123_load" [flood_HLS_base.cpp:253]   --->   Operation 90 'add' 'add_ln253' <Predicate = true> <Delay = 1.14> <CoreInst = "Adder">   --->   Core 1 'Adder' <Latency = 0> <II = 1> <Delay = 1.14> <FuncUnit> <Opcode : 'add' 'sub'> <InPorts = 2> <OutPorts = 1>
ST_11 : Operation 91 [1/1] (0.38ns)   --->   "%store_ln253 = store i64 %add_ln253, i64 %add55123" [flood_HLS_base.cpp:253]   --->   Operation 91 'store' 'store_ln253' <Predicate = true> <Delay = 0.38>

State 12 <SV = 11> <Delay = 2.66>
ST_12 : Operation 92 [3/4] (2.66ns)   --->   "%conv1 = sitofp i32 %tmp" [flood_HLS_base.cpp:251]   --->   Operation 92 'sitofp' 'conv1' <Predicate = true> <Delay = 2.66> <CoreInst = "Int2Float">   --->   Core 62 'Int2Float' <Latency = 3> <II = 1> <Delay = 2.66> <FuncUnit> <Opcode : 'uitofp' 'sitofp'> <InPorts = 1> <OutPorts = 1>

State 13 <SV = 12> <Delay = 2.66>
ST_13 : Operation 93 [2/4] (2.66ns)   --->   "%conv1 = sitofp i32 %tmp" [flood_HLS_base.cpp:251]   --->   Operation 93 'sitofp' 'conv1' <Predicate = true> <Delay = 2.66> <CoreInst = "Int2Float">   --->   Core 62 'Int2Float' <Latency = 3> <II = 1> <Delay = 2.66> <FuncUnit> <Opcode : 'uitofp' 'sitofp'> <InPorts = 1> <OutPorts = 1>

State 14 <SV = 13> <Delay = 2.66>
ST_14 : Operation 94 [1/4] (2.66ns)   --->   "%conv1 = sitofp i32 %tmp" [flood_HLS_base.cpp:251]   --->   Operation 94 'sitofp' 'conv1' <Predicate = true> <Delay = 2.66> <CoreInst = "Int2Float">   --->   Core 62 'Int2Float' <Latency = 3> <II = 1> <Delay = 2.66> <FuncUnit> <Opcode : 'uitofp' 'sitofp'> <InPorts = 1> <OutPorts = 1>

State 15 <SV = 14> <Delay = 2.32>
ST_15 : Operation 95 [12/12] (2.32ns)   --->   "%div6 = fdiv i32 %conv1, i32 1e+06" [flood_HLS_base.cpp:251]   --->   Operation 95 'fdiv' 'div6' <Predicate = true> <Delay = 2.32> <CoreInst = "FDiv">   --->   Core 20 'FDiv' <Latency = 11> <II = 1> <Delay = 2.32> <FuncUnit> <Opcode : 'fdiv' 'frem'> <InPorts = 2> <OutPorts = 1>

State 16 <SV = 15> <Delay = 2.32>
ST_16 : Operation 96 [11/12] (2.32ns)   --->   "%div6 = fdiv i32 %conv1, i32 1e+06" [flood_HLS_base.cpp:251]   --->   Operation 96 'fdiv' 'div6' <Predicate = true> <Delay = 2.32> <CoreInst = "FDiv">   --->   Core 20 'FDiv' <Latency = 11> <II = 1> <Delay = 2.32> <FuncUnit> <Opcode : 'fdiv' 'frem'> <InPorts = 2> <OutPorts = 1>

State 17 <SV = 16> <Delay = 2.32>
ST_17 : Operation 97 [10/12] (2.32ns)   --->   "%div6 = fdiv i32 %conv1, i32 1e+06" [flood_HLS_base.cpp:251]   --->   Operation 97 'fdiv' 'div6' <Predicate = true> <Delay = 2.32> <CoreInst = "FDiv">   --->   Core 20 'FDiv' <Latency = 11> <II = 1> <Delay = 2.32> <FuncUnit> <Opcode : 'fdiv' 'frem'> <InPorts = 2> <OutPorts = 1>

State 18 <SV = 17> <Delay = 2.32>
ST_18 : Operation 98 [9/12] (2.32ns)   --->   "%div6 = fdiv i32 %conv1, i32 1e+06" [flood_HLS_base.cpp:251]   --->   Operation 98 'fdiv' 'div6' <Predicate = true> <Delay = 2.32> <CoreInst = "FDiv">   --->   Core 20 'FDiv' <Latency = 11> <II = 1> <Delay = 2.32> <FuncUnit> <Opcode : 'fdiv' 'frem'> <InPorts = 2> <OutPorts = 1>

State 19 <SV = 18> <Delay = 2.32>
ST_19 : Operation 99 [8/12] (2.32ns)   --->   "%div6 = fdiv i32 %conv1, i32 1e+06" [flood_HLS_base.cpp:251]   --->   Operation 99 'fdiv' 'div6' <Predicate = true> <Delay = 2.32> <CoreInst = "FDiv">   --->   Core 20 'FDiv' <Latency = 11> <II = 1> <Delay = 2.32> <FuncUnit> <Opcode : 'fdiv' 'frem'> <InPorts = 2> <OutPorts = 1>

State 20 <SV = 19> <Delay = 2.32>
ST_20 : Operation 100 [7/12] (2.32ns)   --->   "%div6 = fdiv i32 %conv1, i32 1e+06" [flood_HLS_base.cpp:251]   --->   Operation 100 'fdiv' 'div6' <Predicate = true> <Delay = 2.32> <CoreInst = "FDiv">   --->   Core 20 'FDiv' <Latency = 11> <II = 1> <Delay = 2.32> <FuncUnit> <Opcode : 'fdiv' 'frem'> <InPorts = 2> <OutPorts = 1>

State 21 <SV = 20> <Delay = 2.32>
ST_21 : Operation 101 [6/12] (2.32ns)   --->   "%div6 = fdiv i32 %conv1, i32 1e+06" [flood_HLS_base.cpp:251]   --->   Operation 101 'fdiv' 'div6' <Predicate = true> <Delay = 2.32> <CoreInst = "FDiv">   --->   Core 20 'FDiv' <Latency = 11> <II = 1> <Delay = 2.32> <FuncUnit> <Opcode : 'fdiv' 'frem'> <InPorts = 2> <OutPorts = 1>

State 22 <SV = 21> <Delay = 2.32>
ST_22 : Operation 102 [5/12] (2.32ns)   --->   "%div6 = fdiv i32 %conv1, i32 1e+06" [flood_HLS_base.cpp:251]   --->   Operation 102 'fdiv' 'div6' <Predicate = true> <Delay = 2.32> <CoreInst = "FDiv">   --->   Core 20 'FDiv' <Latency = 11> <II = 1> <Delay = 2.32> <FuncUnit> <Opcode : 'fdiv' 'frem'> <InPorts = 2> <OutPorts = 1>

State 23 <SV = 22> <Delay = 2.32>
ST_23 : Operation 103 [4/12] (2.32ns)   --->   "%div6 = fdiv i32 %conv1, i32 1e+06" [flood_HLS_base.cpp:251]   --->   Operation 103 'fdiv' 'div6' <Predicate = true> <Delay = 2.32> <CoreInst = "FDiv">   --->   Core 20 'FDiv' <Latency = 11> <II = 1> <Delay = 2.32> <FuncUnit> <Opcode : 'fdiv' 'frem'> <InPorts = 2> <OutPorts = 1>

State 24 <SV = 23> <Delay = 2.32>
ST_24 : Operation 104 [3/12] (2.32ns)   --->   "%div6 = fdiv i32 %conv1, i32 1e+06" [flood_HLS_base.cpp:251]   --->   Operation 104 'fdiv' 'div6' <Predicate = true> <Delay = 2.32> <CoreInst = "FDiv">   --->   Core 20 'FDiv' <Latency = 11> <II = 1> <Delay = 2.32> <FuncUnit> <Opcode : 'fdiv' 'frem'> <InPorts = 2> <OutPorts = 1>

State 25 <SV = 24> <Delay = 2.32>
ST_25 : Operation 105 [2/12] (2.32ns)   --->   "%div6 = fdiv i32 %conv1, i32 1e+06" [flood_HLS_base.cpp:251]   --->   Operation 105 'fdiv' 'div6' <Predicate = true> <Delay = 2.32> <CoreInst = "FDiv">   --->   Core 20 'FDiv' <Latency = 11> <II = 1> <Delay = 2.32> <FuncUnit> <Opcode : 'fdiv' 'frem'> <InPorts = 2> <OutPorts = 1>

State 26 <SV = 25> <Delay = 2.32>
ST_26 : Operation 106 [1/12] (2.32ns)   --->   "%div6 = fdiv i32 %conv1, i32 1e+06" [flood_HLS_base.cpp:251]   --->   Operation 106 'fdiv' 'div6' <Predicate = true> <Delay = 2.32> <CoreInst = "FDiv">   --->   Core 20 'FDiv' <Latency = 11> <II = 1> <Delay = 2.32> <FuncUnit> <Opcode : 'fdiv' 'frem'> <InPorts = 2> <OutPorts = 1>
ST_26 : Operation 130 [1/1] (0.00ns)   --->   "%add55123_load_1 = load i64 %add55123"   --->   Operation 130 'load' 'add55123_load_1' <Predicate = (icmp_ln249)> <Delay = 0.00>
ST_26 : Operation 131 [1/1] (0.00ns)   --->   "%p_load = load i32 %empty"   --->   Operation 131 'load' 'p_load' <Predicate = (icmp_ln249)> <Delay = 0.00>
ST_26 : Operation 132 [1/1] (0.00ns)   --->   "%write_ln0 = write void @_ssdm_op_Write.ap_auto.floatP0A, i32 %p_out, i32 %p_load"   --->   Operation 132 'write' 'write_ln0' <Predicate = (icmp_ln249)> <Delay = 0.00>
ST_26 : Operation 133 [1/1] (0.00ns)   --->   "%write_ln0 = write void @_ssdm_op_Write.ap_auto.i64P0A, i64 %add55123_out, i64 %add55123_load_1"   --->   Operation 133 'write' 'write_ln0' <Predicate = (icmp_ln249)> <Delay = 0.00>
ST_26 : Operation 134 [1/1] (0.38ns)   --->   "%ret_ln0 = ret"   --->   Operation 134 'ret' 'ret_ln0' <Predicate = (icmp_ln249)> <Delay = 0.38>

State 27 <SV = 26> <Delay = 1.64>
ST_27 : Operation 107 [1/1] (0.00ns)   --->   "%p_load11 = load i32 %empty" [flood_HLS_base.cpp:251]   --->   Operation 107 'load' 'p_load11' <Predicate = true> <Delay = 0.00>
ST_27 : Operation 108 [2/2] (1.64ns)   --->   "%tmp_25 = fcmp_ogt  i32 %div6, i32 %p_load11" [flood_HLS_base.cpp:251]   --->   Operation 108 'fcmp' 'tmp_25' <Predicate = true> <Delay = 1.64> <CoreInst = "FCompare">   --->   Core 19 'FCompare' <Latency = 1> <II = 1> <Delay = 1.64> <FuncUnit> <Opcode : 'fcmp'> <InPorts = 2> <OutPorts = 1>

State 28 <SV = 27> <Delay = 2.38>
ST_28 : Operation 109 [1/1] (0.00ns)   --->   "%specloopname_ln0 = specloopname void @_ssdm_op_SpecLoopName, void @VITIS_LOOP_249_16_VITIS_LOOP_250_17_str"   --->   Operation 109 'specloopname' 'specloopname_ln0' <Predicate = true> <Delay = 0.00>
ST_28 : Operation 110 [1/1] (0.00ns)   --->   "%speclooptripcount_ln0 = speclooptripcount void @_ssdm_op_SpecLoopTripCount, i64 2500, i64 2500, i64 2500"   --->   Operation 110 'speclooptripcount' 'speclooptripcount_ln0' <Predicate = true> <Delay = 0.00>
ST_28 : Operation 111 [1/1] (0.00ns)   --->   "%specpipeline_ln52 = specpipeline void @_ssdm_op_SpecPipeline, i32 4294967295, i32 0, i32 0, i32 0, void @empty_3" [flood_HLS_base.cpp:52]   --->   Operation 111 'specpipeline' 'specpipeline_ln52' <Predicate = true> <Delay = 0.00>
ST_28 : Operation 112 [1/1] (0.00ns)   --->   "%bitcast_ln251 = bitcast i32 %div6" [flood_HLS_base.cpp:251]   --->   Operation 112 'bitcast' 'bitcast_ln251' <Predicate = true> <Delay = 0.00>
ST_28 : Operation 113 [1/1] (0.00ns)   --->   "%tmp_10 = partselect i8 @_ssdm_op_PartSelect.i8.i32.i32.i32, i32 %bitcast_ln251, i32 23, i32 30" [flood_HLS_base.cpp:251]   --->   Operation 113 'partselect' 'tmp_10' <Predicate = true> <Delay = 0.00>
ST_28 : Operation 114 [1/1] (0.00ns)   --->   "%trunc_ln251 = trunc i32 %bitcast_ln251" [flood_HLS_base.cpp:251]   --->   Operation 114 'trunc' 'trunc_ln251' <Predicate = true> <Delay = 0.00>
ST_28 : Operation 115 [1/1] (0.00ns)   --->   "%bitcast_ln251_1 = bitcast i32 %p_load11" [flood_HLS_base.cpp:251]   --->   Operation 115 'bitcast' 'bitcast_ln251_1' <Predicate = true> <Delay = 0.00>
ST_28 : Operation 116 [1/1] (0.00ns)   --->   "%tmp_24 = partselect i8 @_ssdm_op_PartSelect.i8.i32.i32.i32, i32 %bitcast_ln251_1, i32 23, i32 30" [flood_HLS_base.cpp:251]   --->   Operation 116 'partselect' 'tmp_24' <Predicate = true> <Delay = 0.00>
ST_28 : Operation 117 [1/1] (0.00ns)   --->   "%trunc_ln251_1 = trunc i32 %bitcast_ln251_1" [flood_HLS_base.cpp:251]   --->   Operation 117 'trunc' 'trunc_ln251_1' <Predicate = true> <Delay = 0.00>
ST_28 : Operation 118 [1/1] (0.70ns)   --->   "%icmp_ln251 = icmp_ne  i8 %tmp_10, i8 255" [flood_HLS_base.cpp:251]   --->   Operation 118 'icmp' 'icmp_ln251' <Predicate = true> <Delay = 0.70> <CoreInst = "Cmp">   --->   Core 9 'Cmp' <Latency = 0> <II = 1> <Delay = 0.70> <FuncUnit> <Opcode : 'seteq' 'setne' 'setle' 'setge' 'setlt' 'setgt'> <InPorts = 2> <OutPorts = 1>
ST_28 : Operation 119 [1/1] (0.82ns)   --->   "%icmp_ln251_1 = icmp_eq  i23 %trunc_ln251, i23 0" [flood_HLS_base.cpp:251]   --->   Operation 119 'icmp' 'icmp_ln251_1' <Predicate = true> <Delay = 0.82> <CoreInst = "Cmp">   --->   Core 9 'Cmp' <Latency = 0> <II = 1> <Delay = 0.82> <FuncUnit> <Opcode : 'seteq' 'setne' 'setle' 'setge' 'setlt' 'setgt'> <InPorts = 2> <OutPorts = 1>
ST_28 : Operation 120 [1/1] (0.00ns) (grouped into LUT with out node and_ln251_1)   --->   "%or_ln251 = or i1 %icmp_ln251_1, i1 %icmp_ln251" [flood_HLS_base.cpp:251]   --->   Operation 120 'or' 'or_ln251' <Predicate = true> <Delay = 0.00> <CoreInst = "LogicGate">   --->   Core 74 'LogicGate' <Latency = 0> <II = 1> <Delay = 0.12> <FuncUnit> <Opcode : 'and' 'or' 'xor'> <InPorts = 2> <OutPorts = 1>
ST_28 : Operation 121 [1/1] (0.70ns)   --->   "%icmp_ln251_2 = icmp_ne  i8 %tmp_24, i8 255" [flood_HLS_base.cpp:251]   --->   Operation 121 'icmp' 'icmp_ln251_2' <Predicate = true> <Delay = 0.70> <CoreInst = "Cmp">   --->   Core 9 'Cmp' <Latency = 0> <II = 1> <Delay = 0.70> <FuncUnit> <Opcode : 'seteq' 'setne' 'setle' 'setge' 'setlt' 'setgt'> <InPorts = 2> <OutPorts = 1>
ST_28 : Operation 122 [1/1] (0.82ns)   --->   "%icmp_ln251_3 = icmp_eq  i23 %trunc_ln251_1, i23 0" [flood_HLS_base.cpp:251]   --->   Operation 122 'icmp' 'icmp_ln251_3' <Predicate = true> <Delay = 0.82> <CoreInst = "Cmp">   --->   Core 9 'Cmp' <Latency = 0> <II = 1> <Delay = 0.82> <FuncUnit> <Opcode : 'seteq' 'setne' 'setle' 'setge' 'setlt' 'setgt'> <InPorts = 2> <OutPorts = 1>
ST_28 : Operation 123 [1/1] (0.00ns) (grouped into LUT with out node and_ln251_1)   --->   "%or_ln251_1 = or i1 %icmp_ln251_3, i1 %icmp_ln251_2" [flood_HLS_base.cpp:251]   --->   Operation 123 'or' 'or_ln251_1' <Predicate = true> <Delay = 0.00> <CoreInst = "LogicGate">   --->   Core 74 'LogicGate' <Latency = 0> <II = 1> <Delay = 0.12> <FuncUnit> <Opcode : 'and' 'or' 'xor'> <InPorts = 2> <OutPorts = 1>
ST_28 : Operation 124 [1/2] (1.64ns)   --->   "%tmp_25 = fcmp_ogt  i32 %div6, i32 %p_load11" [flood_HLS_base.cpp:251]   --->   Operation 124 'fcmp' 'tmp_25' <Predicate = true> <Delay = 1.64> <CoreInst = "FCompare">   --->   Core 19 'FCompare' <Latency = 1> <II = 1> <Delay = 1.64> <FuncUnit> <Opcode : 'fcmp'> <InPorts = 2> <OutPorts = 1>
ST_28 : Operation 125 [1/1] (0.00ns) (grouped into LUT with out node and_ln251_1)   --->   "%and_ln251 = and i1 %or_ln251_1, i1 %or_ln251" [flood_HLS_base.cpp:251]   --->   Operation 125 'and' 'and_ln251' <Predicate = true> <Delay = 0.00> <CoreInst = "LogicGate">   --->   Core 74 'LogicGate' <Latency = 0> <II = 1> <Delay = 0.12> <FuncUnit> <Opcode : 'and' 'or' 'xor'> <InPorts = 2> <OutPorts = 1>
ST_28 : Operation 126 [1/1] (0.12ns) (out node of the LUT)   --->   "%and_ln251_1 = and i1 %and_ln251, i1 %tmp_25" [flood_HLS_base.cpp:251]   --->   Operation 126 'and' 'and_ln251_1' <Predicate = true> <Delay = 0.12> <CoreInst = "LogicGate">   --->   Core 74 'LogicGate' <Latency = 0> <II = 1> <Delay = 0.12> <FuncUnit> <Opcode : 'and' 'or' 'xor'> <InPorts = 2> <OutPorts = 1>
ST_28 : Operation 127 [1/1] (0.22ns) (out node of the LUT)   --->   "%select_ln251 = select i1 %and_ln251_1, i32 %div6, i32 %p_load11" [flood_HLS_base.cpp:251]   --->   Operation 127 'select' 'select_ln251' <Predicate = true> <Delay = 0.22> <CoreInst = "Sel">   --->   Core 73 'Sel' <Latency = 0> <II = 1> <Delay = 0.22> <FuncUnit> <Opcode : 'select'> <InPorts = 3> <OutPorts = 1>
ST_28 : Operation 128 [1/1] (0.38ns)   --->   "%store_ln251 = store i32 %select_ln251, i32 %empty" [flood_HLS_base.cpp:251]   --->   Operation 128 'store' 'store_ln251' <Predicate = true> <Delay = 0.38>
ST_28 : Operation 129 [1/1] (0.00ns)   --->   "%br_ln250 = br void %for.body528" [flood_HLS_base.cpp:250]   --->   Operation 129 'br' 'br_ln250' <Predicate = true> <Delay = 0.00>


============================================================
+ Verbose Summary: Binding
============================================================
STG Binding: 
---------------- STG Properties BEGIN ----------------
- Is combinational: 0
- Is one-state seq: 0
- Is datapath-only: 0
- Is pipelined: 0
- Is top level: 0
Port [ Return ] is wired: 1; IO mode=ap_ctrl_hs:ce=0
Port [ trunc_ln2]:  wired=1; compound=0; hidden=0; nouse=0; global=0; static=0; extern=0; dir=0; type=0; pingpong=0; private_global=0; IO mode=ap_none:ce=0
Port [ water_level]:  wired=1; compound=1; hidden=0; nouse=0; global=0; static=0; extern=0; dir=0; type=1; pingpong=0; private_global=0; MemPort=[13333333333333333]; IO mode=ap_memory:ce=0
Port [ water_level_1]:  wired=1; compound=1; hidden=0; nouse=0; global=0; static=0; extern=0; dir=0; type=1; pingpong=0; private_global=0; MemPort=[13333333333333333]; IO mode=ap_memory:ce=0
Port [ water_level_2]:  wired=1; compound=1; hidden=0; nouse=0; global=0; static=0; extern=0; dir=0; type=1; pingpong=0; private_global=0; MemPort=[13333333333333333]; IO mode=ap_memory:ce=0
Port [ p_out]:  wired=1; compound=0; hidden=0; nouse=0; global=0; static=0; extern=0; dir=1; type=0; pingpong=0; private_global=0; IO mode=ap_vld:ce=0
Port [ add55123_out]:  wired=1; compound=0; hidden=0; nouse=0; global=0; static=0; extern=0; dir=1; type=0; pingpong=0; private_global=0; IO mode=ap_vld:ce=0
---------------- STG Properties END ------------------

---------------- Datapath Model BEGIN ----------------

<LifeTime>
<method=bitvector/>
add55123              (alloca           ) [ 01111111111111111111111111100]
empty                 (alloca           ) [ 01111111111111111111111111111]
col_pos_1             (alloca           ) [ 01000000000000000000000000000]
row_pos               (alloca           ) [ 01100000000000000000000000000]
indvar_flatten34      (alloca           ) [ 01000000000000000000000000000]
trunc_ln2_read        (read             ) [ 00000000000000000000000000000]
store_ln0             (store            ) [ 00000000000000000000000000000]
store_ln52            (store            ) [ 00000000000000000000000000000]
store_ln52            (store            ) [ 00000000000000000000000000000]
store_ln0             (store            ) [ 00000000000000000000000000000]
store_ln0             (store            ) [ 00000000000000000000000000000]
br_ln0                (br               ) [ 00000000000000000000000000000]
indvar_flatten34_load (load             ) [ 00000000000000000000000000000]
icmp_ln249            (icmp             ) [ 01111111111111111111111111100]
add_ln249_1           (add              ) [ 00000000000000000000000000000]
br_ln249              (br               ) [ 00000000000000000000000000000]
col_pos_1_load        (load             ) [ 00000000000000000000000000000]
icmp_ln250            (icmp             ) [ 00100000000000000000000000000]
select_ln52           (select           ) [ 01111111111000000000000000000]
add_ln250             (add              ) [ 00000000000000000000000000000]
store_ln249           (store            ) [ 00000000000000000000000000000]
store_ln52            (store            ) [ 00000000000000000000000000000]
row_pos_load          (load             ) [ 00000000000000000000000000000]
add_ln249             (add              ) [ 00000000000000000000000000000]
select_ln249          (select           ) [ 00000000000000000000000000000]
zext_ln52             (zext             ) [ 00000000000000000000000000000]
tmp_34                (bitconcatenate   ) [ 00000000000000000000000000000]
add_ln52              (add              ) [ 00000000000000000000000000000]
zext_ln52_1           (zext             ) [ 00000000000000000000000000000]
mul_ln52              (mul              ) [ 00000000000000000000000000000]
tmp_35                (partselect       ) [ 00000000000000000000000000000]
zext_ln251            (zext             ) [ 00000000000000000000000000000]
add_ln251             (add              ) [ 01010000000000000000000000000]
store_ln52            (store            ) [ 00000000000000000000000000000]
zext_ln251_1          (zext             ) [ 00000000000000000000000000000]
water_level_addr      (getelementptr    ) [ 00101000000000000000000000000]
water_level_1_addr    (getelementptr    ) [ 00101000000000000000000000000]
water_level_2_addr    (getelementptr    ) [ 00101000000000000000000000000]
water_level_load      (load             ) [ 01100111111000000000000000000]
water_level_1_load    (load             ) [ 01100111111000000000000000000]
water_level_2_load    (load             ) [ 01100111111000000000000000000]
urem_ln52             (urem             ) [ 00000000000000000000000000000]
trunc_ln52            (trunc            ) [ 00000000000000000000000000000]
tmp                   (sparsemux        ) [ 01100000000111100000000000000]
add55123_load         (load             ) [ 00000000000000000000000000000]
sext_ln253            (sext             ) [ 00000000000000000000000000000]
add_ln253             (add              ) [ 00000000000000000000000000000]
store_ln253           (store            ) [ 00000000000000000000000000000]
conv1                 (sitofp           ) [ 01100000000000011111111111100]
div6                  (fdiv             ) [ 01100000000000000000000000011]
p_load11              (load             ) [ 00100000000000000000000000001]
specloopname_ln0      (specloopname     ) [ 00000000000000000000000000000]
speclooptripcount_ln0 (speclooptripcount) [ 00000000000000000000000000000]
specpipeline_ln52     (specpipeline     ) [ 00000000000000000000000000000]
bitcast_ln251         (bitcast          ) [ 00000000000000000000000000000]
tmp_10                (partselect       ) [ 00000000000000000000000000000]
trunc_ln251           (trunc            ) [ 00000000000000000000000000000]
bitcast_ln251_1       (bitcast          ) [ 00000000000000000000000000000]
tmp_24                (partselect       ) [ 00000000000000000000000000000]
trunc_ln251_1         (trunc            ) [ 00000000000000000000000000000]
icmp_ln251            (icmp             ) [ 00000000000000000000000000000]
icmp_ln251_1          (icmp             ) [ 00000000000000000000000000000]
or_ln251              (or               ) [ 00000000000000000000000000000]
icmp_ln251_2          (icmp             ) [ 00000000000000000000000000000]
icmp_ln251_3          (icmp             ) [ 00000000000000000000000000000]
or_ln251_1            (or               ) [ 00000000000000000000000000000]
tmp_25                (fcmp             ) [ 00000000000000000000000000000]
and_ln251             (and              ) [ 00000000000000000000000000000]
and_ln251_1           (and              ) [ 00000000000000000000000000000]
select_ln251          (select           ) [ 00000000000000000000000000000]
store_ln251           (store            ) [ 00000000000000000000000000000]
br_ln250              (br               ) [ 00000000000000000000000000000]
add55123_load_1       (load             ) [ 00000000000000000000000000000]
p_load                (load             ) [ 00000000000000000000000000000]
write_ln0             (write            ) [ 00000000000000000000000000000]
write_ln0             (write            ) [ 00000000000000000000000000000]
ret_ln0               (ret              ) [ 00000000000000000000000000000]
</LifeTime>

<model>

<comp_list>
<comp id="0" class="1000" name="trunc_ln2">
<pin_list>
<pin id="1" dir="1" index="0" bw="1" slack="0"/>
</pin_list>
<bind>
<StgValue><ssdm name="trunc_ln2"/></StgValue>
</bind>
</comp>

<comp id="2" class="1000" name="water_level">
<pin_list>
<pin id="3" dir="1" index="0" bw="1" slack="0"/>
</pin_list>
<bind>
<StgValue><ssdm name="water_level"/><MemPortTyVec>1 3 3 3 3 3 3 3 3 3 3 3 3 3 3 3 3 </MemPortTyVec>
</StgValue>
</bind>
</comp>

<comp id="4" class="1000" name="water_level_1">
<pin_list>
<pin id="5" dir="1" index="0" bw="1" slack="0"/>
</pin_list>
<bind>
<StgValue><ssdm name="water_level_1"/><MemPortTyVec>1 3 3 3 3 3 3 3 3 3 3 3 3 3 3 3 3 </MemPortTyVec>
</StgValue>
</bind>
</comp>

<comp id="6" class="1000" name="water_level_2">
<pin_list>
<pin id="7" dir="1" index="0" bw="1" slack="0"/>
</pin_list>
<bind>
<StgValue><ssdm name="water_level_2"/><MemPortTyVec>1 3 3 3 3 3 3 3 3 3 3 3 3 3 3 3 3 </MemPortTyVec>
</StgValue>
</bind>
</comp>

<comp id="8" class="1000" name="p_out">
<pin_list>
<pin id="9" dir="1" index="0" bw="1" slack="0"/>
</pin_list>
<bind>
<StgValue><ssdm name="p_out"/></StgValue>
</bind>
</comp>

<comp id="10" class="1000" name="add55123_out">
<pin_list>
<pin id="11" dir="1" index="0" bw="1" slack="0"/>
</pin_list>
<bind>
<StgValue><ssdm name="add55123_out"/></StgValue>
</bind>
</comp>

<comp id="12" class="1001" name="const_12">
<pin_list>
<pin id="13" dir="1" index="0" bw="1" slack="0"/>
</pin_list>
<bind>
<StgValue><ssdm name=""/></StgValue>
</bind>
</comp>

<comp id="14" class="1001" name="const_14">
<pin_list>
<pin id="15" dir="1" index="0" bw="1" slack="0"/>
</pin_list>
<bind>
<StgValue><ssdm name="_ssdm_op_Read.ap_auto.i64"/></StgValue>
</bind>
</comp>

<comp id="16" class="1001" name="const_16">
<pin_list>
<pin id="17" dir="1" index="0" bw="1" slack="0"/>
</pin_list>
<bind>
<StgValue><ssdm name=""/></StgValue>
</bind>
</comp>

<comp id="18" class="1001" name="const_18">
<pin_list>
<pin id="19" dir="1" index="0" bw="1" slack="0"/>
</pin_list>
<bind>
<StgValue><ssdm name=""/></StgValue>
</bind>
</comp>

<comp id="20" class="1001" name="const_20">
<pin_list>
<pin id="21" dir="1" index="0" bw="1" slack="0"/>
</pin_list>
<bind>
<StgValue><ssdm name=""/></StgValue>
</bind>
</comp>

<comp id="22" class="1001" name="const_22">
<pin_list>
<pin id="23" dir="1" index="0" bw="1" slack="0"/>
</pin_list>
<bind>
<StgValue><ssdm name=""/></StgValue>
</bind>
</comp>

<comp id="24" class="1001" name="const_24">
<pin_list>
<pin id="25" dir="1" index="0" bw="1" slack="0"/>
</pin_list>
<bind>
<StgValue><ssdm name=""/></StgValue>
</bind>
</comp>

<comp id="26" class="1001" name="const_26">
<pin_list>
<pin id="27" dir="1" index="0" bw="1" slack="0"/>
</pin_list>
<bind>
<StgValue><ssdm name=""/></StgValue>
</bind>
</comp>

<comp id="28" class="1001" name="const_28">
<pin_list>
<pin id="29" dir="1" index="0" bw="1" slack="0"/>
</pin_list>
<bind>
<StgValue><ssdm name=""/></StgValue>
</bind>
</comp>

<comp id="30" class="1001" name="const_30">
<pin_list>
<pin id="31" dir="1" index="0" bw="1" slack="0"/>
</pin_list>
<bind>
<StgValue><ssdm name=""/></StgValue>
</bind>
</comp>

<comp id="32" class="1001" name="const_32">
<pin_list>
<pin id="33" dir="1" index="0" bw="1" slack="0"/>
</pin_list>
<bind>
<StgValue><ssdm name="_ssdm_op_BitConcatenate.i10.i6.i4"/></StgValue>
</bind>
</comp>

<comp id="34" class="1001" name="const_34">
<pin_list>
<pin id="35" dir="1" index="0" bw="1" slack="0"/>
</pin_list>
<bind>
<StgValue><ssdm name=""/></StgValue>
</bind>
</comp>

<comp id="36" class="1001" name="const_36">
<pin_list>
<pin id="37" dir="1" index="0" bw="1" slack="0"/>
</pin_list>
<bind>
<StgValue><ssdm name=""/></StgValue>
</bind>
</comp>

<comp id="38" class="1001" name="const_38">
<pin_list>
<pin id="39" dir="1" index="0" bw="1" slack="0"/>
</pin_list>
<bind>
<StgValue><ssdm name="_ssdm_op_PartSelect.i5.i13.i32.i32"/></StgValue>
</bind>
</comp>

<comp id="40" class="1001" name="const_40">
<pin_list>
<pin id="41" dir="1" index="0" bw="1" slack="0"/>
</pin_list>
<bind>
<StgValue><ssdm name=""/></StgValue>
</bind>
</comp>

<comp id="42" class="1001" name="const_42">
<pin_list>
<pin id="43" dir="1" index="0" bw="1" slack="0"/>
</pin_list>
<bind>
<StgValue><ssdm name=""/></StgValue>
</bind>
</comp>

<comp id="44" class="1001" name="const_44">
<pin_list>
<pin id="45" dir="1" index="0" bw="1" slack="0"/>
</pin_list>
<bind>
<StgValue><ssdm name=""/></StgValue>
</bind>
</comp>

<comp id="46" class="1001" name="const_46">
<pin_list>
<pin id="47" dir="1" index="0" bw="1" slack="0"/>
</pin_list>
<bind>
<StgValue><ssdm name="_ssdm_op_SparseMux.ap_auto.3i32.i32.i2"/></StgValue>
</bind>
</comp>

<comp id="48" class="1001" name="const_48">
<pin_list>
<pin id="49" dir="1" index="0" bw="1" slack="0"/>
</pin_list>
<bind>
<StgValue><ssdm name=""/></StgValue>
</bind>
</comp>

<comp id="50" class="1001" name="const_50">
<pin_list>
<pin id="51" dir="1" index="0" bw="1" slack="0"/>
</pin_list>
<bind>
<StgValue><ssdm name=""/></StgValue>
</bind>
</comp>

<comp id="52" class="1001" name="const_52">
<pin_list>
<pin id="53" dir="1" index="0" bw="1" slack="0"/>
</pin_list>
<bind>
<StgValue><ssdm name=""/></StgValue>
</bind>
</comp>

<comp id="54" class="1001" name="const_54">
<pin_list>
<pin id="55" dir="1" index="0" bw="1" slack="0"/>
</pin_list>
<bind>
<StgValue><ssdm name=""/></StgValue>
</bind>
</comp>

<comp id="56" class="1001" name="const_56">
<pin_list>
<pin id="57" dir="1" index="0" bw="1" slack="0"/>
</pin_list>
<bind>
<StgValue><ssdm name=""/></StgValue>
</bind>
</comp>

<comp id="58" class="1001" name="const_58">
<pin_list>
<pin id="59" dir="1" index="0" bw="1" slack="2147483647"/>
</pin_list>
<bind>
<StgValue><ssdm name="_ssdm_op_SpecLoopName"/></StgValue>
</bind>
</comp>

<comp id="60" class="1001" name="const_60">
<pin_list>
<pin id="61" dir="1" index="0" bw="1" slack="2147483647"/>
</pin_list>
<bind>
<StgValue><ssdm name="VITIS_LOOP_249_16_VITIS_LOOP_250_17_str"/></StgValue>
</bind>
</comp>

<comp id="62" class="1001" name="const_62">
<pin_list>
<pin id="63" dir="1" index="0" bw="1" slack="2147483647"/>
</pin_list>
<bind>
<StgValue><ssdm name="_ssdm_op_SpecLoopTripCount"/></StgValue>
</bind>
</comp>

<comp id="64" class="1001" name="const_64">
<pin_list>
<pin id="65" dir="1" index="0" bw="1" slack="2147483647"/>
</pin_list>
<bind>
<StgValue><ssdm name=""/></StgValue>
</bind>
</comp>

<comp id="66" class="1001" name="const_66">
<pin_list>
<pin id="67" dir="1" index="0" bw="1" slack="2147483647"/>
</pin_list>
<bind>
<StgValue><ssdm name="_ssdm_op_SpecPipeline"/></StgValue>
</bind>
</comp>

<comp id="68" class="1001" name="const_68">
<pin_list>
<pin id="69" dir="1" index="0" bw="1" slack="2147483647"/>
</pin_list>
<bind>
<StgValue><ssdm name=""/></StgValue>
</bind>
</comp>

<comp id="70" class="1001" name="const_70">
<pin_list>
<pin id="71" dir="1" index="0" bw="1" slack="2147483647"/>
</pin_list>
<bind>
<StgValue><ssdm name=""/></StgValue>
</bind>
</comp>

<comp id="72" class="1001" name="const_72">
<pin_list>
<pin id="73" dir="1" index="0" bw="1" slack="2147483647"/>
</pin_list>
<bind>
<StgValue><ssdm name="empty_3"/></StgValue>
</bind>
</comp>

<comp id="74" class="1001" name="const_74">
<pin_list>
<pin id="75" dir="1" index="0" bw="1" slack="0"/>
</pin_list>
<bind>
<StgValue><ssdm name="_ssdm_op_PartSelect.i8.i32.i32.i32"/></StgValue>
</bind>
</comp>

<comp id="76" class="1001" name="const_76">
<pin_list>
<pin id="77" dir="1" index="0" bw="1" slack="0"/>
</pin_list>
<bind>
<StgValue><ssdm name=""/></StgValue>
</bind>
</comp>

<comp id="78" class="1001" name="const_78">
<pin_list>
<pin id="79" dir="1" index="0" bw="1" slack="0"/>
</pin_list>
<bind>
<StgValue><ssdm name=""/></StgValue>
</bind>
</comp>

<comp id="80" class="1001" name="const_80">
<pin_list>
<pin id="81" dir="1" index="0" bw="1" slack="0"/>
</pin_list>
<bind>
<StgValue><ssdm name=""/></StgValue>
</bind>
</comp>

<comp id="82" class="1001" name="const_82">
<pin_list>
<pin id="83" dir="1" index="0" bw="1" slack="0"/>
</pin_list>
<bind>
<StgValue><ssdm name=""/></StgValue>
</bind>
</comp>

<comp id="84" class="1001" name="const_84">
<pin_list>
<pin id="85" dir="1" index="0" bw="1" slack="0"/>
</pin_list>
<bind>
<StgValue><ssdm name="_ssdm_op_Write.ap_auto.floatP0A"/></StgValue>
</bind>
</comp>

<comp id="86" class="1001" name="const_86">
<pin_list>
<pin id="87" dir="1" index="0" bw="1" slack="0"/>
</pin_list>
<bind>
<StgValue><ssdm name="_ssdm_op_Write.ap_auto.i64P0A"/></StgValue>
</bind>
</comp>

<comp id="88" class="1004" name="add55123_fu_88">
<pin_list>
<pin id="89" dir="0" index="0" bw="1" slack="0"/>
<pin id="90" dir="1" index="1" bw="64" slack="0"/>
</pin_list>
<bind>
<opcode="alloca(26) " fcode="alloca"/>
<opset="add55123/1 "/>
</bind>
</comp>

<comp id="92" class="1004" name="empty_fu_92">
<pin_list>
<pin id="93" dir="0" index="0" bw="1" slack="0"/>
<pin id="94" dir="1" index="1" bw="32" slack="0"/>
</pin_list>
<bind>
<opcode="alloca(26) " fcode="alloca"/>
<opset="empty/1 "/>
</bind>
</comp>

<comp id="96" class="1004" name="col_pos_1_fu_96">
<pin_list>
<pin id="97" dir="0" index="0" bw="1" slack="0"/>
<pin id="98" dir="1" index="1" bw="6" slack="0"/>
</pin_list>
<bind>
<opcode="alloca(26) " fcode="alloca"/>
<opset="col_pos_1/1 "/>
</bind>
</comp>

<comp id="100" class="1004" name="row_pos_fu_100">
<pin_list>
<pin id="101" dir="0" index="0" bw="1" slack="0"/>
<pin id="102" dir="1" index="1" bw="6" slack="0"/>
</pin_list>
<bind>
<opcode="alloca(26) " fcode="alloca"/>
<opset="row_pos/1 "/>
</bind>
</comp>

<comp id="104" class="1004" name="indvar_flatten34_fu_104">
<pin_list>
<pin id="105" dir="0" index="0" bw="1" slack="0"/>
<pin id="106" dir="1" index="1" bw="12" slack="0"/>
</pin_list>
<bind>
<opcode="alloca(26) " fcode="alloca"/>
<opset="indvar_flatten34/1 "/>
</bind>
</comp>

<comp id="108" class="1004" name="trunc_ln2_read_read_fu_108">
<pin_list>
<pin id="109" dir="0" index="0" bw="64" slack="0"/>
<pin id="110" dir="0" index="1" bw="64" slack="0"/>
<pin id="111" dir="1" index="2" bw="64" slack="0"/>
</pin_list>
<bind>
<opcode="read(1150) " fcode="read"/>
<opset="trunc_ln2_read/1 "/>
</bind>
</comp>

<comp id="114" class="1004" name="write_ln0_write_fu_114">
<pin_list>
<pin id="115" dir="0" index="0" bw="0" slack="0"/>
<pin id="116" dir="0" index="1" bw="32" slack="0"/>
<pin id="117" dir="0" index="2" bw="32" slack="0"/>
<pin id="118" dir="1" index="3" bw="0" slack="2147483647"/>
</pin_list>
<bind>
<opcode="write(1151) " fcode="write"/>
<opset="write_ln0/26 "/>
</bind>
</comp>

<comp id="121" class="1004" name="write_ln0_write_fu_121">
<pin_list>
<pin id="122" dir="0" index="0" bw="0" slack="0"/>
<pin id="123" dir="0" index="1" bw="64" slack="0"/>
<pin id="124" dir="0" index="2" bw="64" slack="0"/>
<pin id="125" dir="1" index="3" bw="0" slack="2147483647"/>
</pin_list>
<bind>
<opcode="write(1151) " fcode="write"/>
<opset="write_ln0/26 "/>
</bind>
</comp>

<comp id="128" class="1004" name="water_level_addr_gep_fu_128">
<pin_list>
<pin id="129" dir="0" index="0" bw="32" slack="0"/>
<pin id="130" dir="0" index="1" bw="1" slack="0"/>
<pin id="131" dir="0" index="2" bw="10" slack="0"/>
<pin id="132" dir="1" index="3" bw="10" slack="0"/>
</pin_list>
<bind>
<opcode="getelementptr(29) " fcode="getelementptr"/>
<opset="water_level_addr/3 "/>
</bind>
</comp>

<comp id="135" class="1004" name="water_level_1_addr_gep_fu_135">
<pin_list>
<pin id="136" dir="0" index="0" bw="32" slack="0"/>
<pin id="137" dir="0" index="1" bw="1" slack="0"/>
<pin id="138" dir="0" index="2" bw="10" slack="0"/>
<pin id="139" dir="1" index="3" bw="10" slack="0"/>
</pin_list>
<bind>
<opcode="getelementptr(29) " fcode="getelementptr"/>
<opset="water_level_1_addr/3 "/>
</bind>
</comp>

<comp id="142" class="1004" name="water_level_2_addr_gep_fu_142">
<pin_list>
<pin id="143" dir="0" index="0" bw="32" slack="0"/>
<pin id="144" dir="0" index="1" bw="1" slack="0"/>
<pin id="145" dir="0" index="2" bw="10" slack="0"/>
<pin id="146" dir="1" index="3" bw="10" slack="0"/>
</pin_list>
<bind>
<opcode="getelementptr(29) " fcode="getelementptr"/>
<opset="water_level_2_addr/3 "/>
</bind>
</comp>

<comp id="149" class="1004" name="grp_access_fu_149">
<pin_list>
<pin id="150" dir="0" index="0" bw="10" slack="0"/>
<pin id="151" dir="0" index="1" bw="32" slack="2147483647"/>
<pin id="152" dir="0" index="2" bw="0" slack="2147483647"/>
<pin id="153" dir="1" index="3" bw="32" slack="6"/>
</pin_list>
<bind>
<opcode="load(27) " fcode="load"/>
<opset="water_level_load/3 "/>
</bind>
</comp>

<comp id="155" class="1004" name="grp_access_fu_155">
<pin_list>
<pin id="156" dir="0" index="0" bw="10" slack="0"/>
<pin id="157" dir="0" index="1" bw="32" slack="2147483647"/>
<pin id="158" dir="0" index="2" bw="0" slack="2147483647"/>
<pin id="159" dir="1" index="3" bw="32" slack="6"/>
</pin_list>
<bind>
<opcode="load(27) " fcode="load"/>
<opset="water_level_1_load/3 "/>
</bind>
</comp>

<comp id="161" class="1004" name="grp_access_fu_161">
<pin_list>
<pin id="162" dir="0" index="0" bw="10" slack="0"/>
<pin id="163" dir="0" index="1" bw="32" slack="2147483647"/>
<pin id="164" dir="0" index="2" bw="0" slack="2147483647"/>
<pin id="165" dir="1" index="3" bw="32" slack="6"/>
</pin_list>
<bind>
<opcode="load(27) " fcode="load"/>
<opset="water_level_2_load/3 "/>
</bind>
</comp>

<comp id="167" class="1004" name="grp_fu_167">
<pin_list>
<pin id="168" dir="0" index="0" bw="32" slack="1"/>
<pin id="169" dir="0" index="1" bw="32" slack="0"/>
<pin id="170" dir="1" index="2" bw="32" slack="1"/>
</pin_list>
<bind>
<opcode="fdiv(16) " fcode="fdiv"/>
<opset="div6/15 "/>
</bind>
</comp>

<comp id="172" class="1004" name="grp_fu_172">
<pin_list>
<pin id="173" dir="0" index="0" bw="32" slack="1"/>
<pin id="174" dir="1" index="1" bw="32" slack="1"/>
</pin_list>
<bind>
<opcode="sitofp(39) " fcode="sitofp"/>
<opset="conv1/11 "/>
</bind>
</comp>

<comp id="175" class="1004" name="grp_fu_175">
<pin_list>
<pin id="176" dir="0" index="0" bw="32" slack="1"/>
<pin id="177" dir="0" index="1" bw="32" slack="0"/>
<pin id="178" dir="1" index="2" bw="1" slack="0"/>
</pin_list>
<bind>
<opcode="fcmp(46) " fcode="fcmp"/>
<opset="tmp_25/27 "/>
</bind>
</comp>

<comp id="179" class="1004" name="store_ln0_store_fu_179">
<pin_list>
<pin id="180" dir="0" index="0" bw="1" slack="0"/>
<pin id="181" dir="0" index="1" bw="12" slack="0"/>
<pin id="182" dir="1" index="2" bw="0" slack="2147483647"/>
</pin_list>
<bind>
<opcode="store(28) " fcode="store"/>
<opset="store_ln0/1 "/>
</bind>
</comp>

<comp id="184" class="1004" name="store_ln52_store_fu_184">
<pin_list>
<pin id="185" dir="0" index="0" bw="1" slack="0"/>
<pin id="186" dir="0" index="1" bw="6" slack="0"/>
<pin id="187" dir="1" index="2" bw="0" slack="2147483647"/>
</pin_list>
<bind>
<opcode="store(28) " fcode="store"/>
<opset="store_ln52/1 "/>
</bind>
</comp>

<comp id="189" class="1004" name="store_ln52_store_fu_189">
<pin_list>
<pin id="190" dir="0" index="0" bw="1" slack="0"/>
<pin id="191" dir="0" index="1" bw="6" slack="0"/>
<pin id="192" dir="1" index="2" bw="0" slack="2147483647"/>
</pin_list>
<bind>
<opcode="store(28) " fcode="store"/>
<opset="store_ln52/1 "/>
</bind>
</comp>

<comp id="194" class="1004" name="store_ln0_store_fu_194">
<pin_list>
<pin id="195" dir="0" index="0" bw="32" slack="0"/>
<pin id="196" dir="0" index="1" bw="32" slack="0"/>
<pin id="197" dir="1" index="2" bw="0" slack="2147483647"/>
</pin_list>
<bind>
<opcode="store(28) " fcode="store"/>
<opset="store_ln0/1 "/>
</bind>
</comp>

<comp id="199" class="1004" name="store_ln0_store_fu_199">
<pin_list>
<pin id="200" dir="0" index="0" bw="64" slack="0"/>
<pin id="201" dir="0" index="1" bw="64" slack="0"/>
<pin id="202" dir="1" index="2" bw="0" slack="2147483647"/>
</pin_list>
<bind>
<opcode="store(28) " fcode="store"/>
<opset="store_ln0/1 "/>
</bind>
</comp>

<comp id="204" class="1004" name="indvar_flatten34_load_load_fu_204">
<pin_list>
<pin id="205" dir="0" index="0" bw="12" slack="0"/>
<pin id="206" dir="1" index="1" bw="12" slack="0"/>
</pin_list>
<bind>
<opcode="load(27) " fcode="load"/>
<opset="indvar_flatten34_load/1 "/>
</bind>
</comp>

<comp id="207" class="1004" name="icmp_ln249_fu_207">
<pin_list>
<pin id="208" dir="0" index="0" bw="12" slack="0"/>
<pin id="209" dir="0" index="1" bw="12" slack="0"/>
<pin id="210" dir="1" index="2" bw="1" slack="1"/>
</pin_list>
<bind>
<opcode="icmp(45) " fcode="icmp"/>
<opset="icmp_ln249/1 "/>
</bind>
</comp>

<comp id="213" class="1004" name="add_ln249_1_fu_213">
<pin_list>
<pin id="214" dir="0" index="0" bw="12" slack="0"/>
<pin id="215" dir="0" index="1" bw="1" slack="0"/>
<pin id="216" dir="1" index="2" bw="12" slack="0"/>
</pin_list>
<bind>
<opcode="add(8) " fcode="add"/>
<opset="add_ln249_1/1 "/>
</bind>
</comp>

<comp id="219" class="1004" name="col_pos_1_load_load_fu_219">
<pin_list>
<pin id="220" dir="0" index="0" bw="6" slack="0"/>
<pin id="221" dir="1" index="1" bw="6" slack="0"/>
</pin_list>
<bind>
<opcode="load(27) " fcode="load"/>
<opset="col_pos_1_load/1 "/>
</bind>
</comp>

<comp id="222" class="1004" name="icmp_ln250_fu_222">
<pin_list>
<pin id="223" dir="0" index="0" bw="6" slack="0"/>
<pin id="224" dir="0" index="1" bw="5" slack="0"/>
<pin id="225" dir="1" index="2" bw="1" slack="0"/>
</pin_list>
<bind>
<opcode="icmp(45) " fcode="icmp"/>
<opset="icmp_ln250/1 "/>
</bind>
</comp>

<comp id="228" class="1004" name="select_ln52_fu_228">
<pin_list>
<pin id="229" dir="0" index="0" bw="1" slack="0"/>
<pin id="230" dir="0" index="1" bw="1" slack="0"/>
<pin id="231" dir="0" index="2" bw="6" slack="0"/>
<pin id="232" dir="1" index="3" bw="6" slack="0"/>
</pin_list>
<bind>
<opcode="select(49) " fcode="select"/>
<opset="select_ln52/1 "/>
</bind>
</comp>

<comp id="236" class="1004" name="grp_fu_236">
<pin_list>
<pin id="237" dir="0" index="0" bw="6" slack="0"/>
<pin id="238" dir="0" index="1" bw="3" slack="0"/>
<pin id="239" dir="1" index="2" bw="2" slack="0"/>
</pin_list>
<bind>
<opcode="urem(17) " fcode="urem"/>
<opset="urem_ln52/1 "/>
</bind>
</comp>

<comp id="242" class="1004" name="add_ln250_fu_242">
<pin_list>
<pin id="243" dir="0" index="0" bw="6" slack="0"/>
<pin id="244" dir="0" index="1" bw="1" slack="0"/>
<pin id="245" dir="1" index="2" bw="6" slack="0"/>
</pin_list>
<bind>
<opcode="add(8) " fcode="add"/>
<opset="add_ln250/1 "/>
</bind>
</comp>

<comp id="248" class="1004" name="store_ln249_store_fu_248">
<pin_list>
<pin id="249" dir="0" index="0" bw="12" slack="0"/>
<pin id="250" dir="0" index="1" bw="12" slack="0"/>
<pin id="251" dir="1" index="2" bw="0" slack="2147483647"/>
</pin_list>
<bind>
<opcode="store(28) " fcode="store"/>
<opset="store_ln249/1 "/>
</bind>
</comp>

<comp id="253" class="1004" name="store_ln52_store_fu_253">
<pin_list>
<pin id="254" dir="0" index="0" bw="6" slack="0"/>
<pin id="255" dir="0" index="1" bw="6" slack="0"/>
<pin id="256" dir="1" index="2" bw="0" slack="2147483647"/>
</pin_list>
<bind>
<opcode="store(28) " fcode="store"/>
<opset="store_ln52/1 "/>
</bind>
</comp>

<comp id="258" class="1004" name="row_pos_load_load_fu_258">
<pin_list>
<pin id="259" dir="0" index="0" bw="6" slack="1"/>
<pin id="260" dir="1" index="1" bw="6" slack="0"/>
</pin_list>
<bind>
<opcode="load(27) " fcode="load"/>
<opset="row_pos_load/2 "/>
</bind>
</comp>

<comp id="261" class="1004" name="add_ln249_fu_261">
<pin_list>
<pin id="262" dir="0" index="0" bw="6" slack="0"/>
<pin id="263" dir="0" index="1" bw="1" slack="0"/>
<pin id="264" dir="1" index="2" bw="6" slack="0"/>
</pin_list>
<bind>
<opcode="add(8) " fcode="add"/>
<opset="add_ln249/2 "/>
</bind>
</comp>

<comp id="267" class="1004" name="select_ln249_fu_267">
<pin_list>
<pin id="268" dir="0" index="0" bw="1" slack="1"/>
<pin id="269" dir="0" index="1" bw="6" slack="0"/>
<pin id="270" dir="0" index="2" bw="6" slack="0"/>
<pin id="271" dir="1" index="3" bw="6" slack="0"/>
</pin_list>
<bind>
<opcode="select(49) " fcode="select"/>
<opset="select_ln249/2 "/>
</bind>
</comp>

<comp id="274" class="1004" name="zext_ln52_fu_274">
<pin_list>
<pin id="275" dir="0" index="0" bw="6" slack="0"/>
<pin id="276" dir="1" index="1" bw="10" slack="0"/>
</pin_list>
<bind>
<opcode="zext(34) " fcode="zext"/>
<opset="zext_ln52/2 "/>
</bind>
</comp>

<comp id="278" class="1004" name="tmp_34_fu_278">
<pin_list>
<pin id="279" dir="0" index="0" bw="10" slack="0"/>
<pin id="280" dir="0" index="1" bw="6" slack="0"/>
<pin id="281" dir="0" index="2" bw="1" slack="0"/>
<pin id="282" dir="1" index="3" bw="10" slack="0"/>
</pin_list>
<bind>
<opcode="bitconcatenate(1004) " fcode="bitconcatenate"/>
<opset="tmp_34/2 "/>
</bind>
</comp>

<comp id="286" class="1004" name="add_ln52_fu_286">
<pin_list>
<pin id="287" dir="0" index="0" bw="10" slack="0"/>
<pin id="288" dir="0" index="1" bw="6" slack="0"/>
<pin id="289" dir="1" index="2" bw="10" slack="0"/>
</pin_list>
<bind>
<opcode="add(8) " fcode="add"/>
<opset="add_ln52/2 "/>
</bind>
</comp>

<comp id="292" class="1004" name="zext_ln52_1_fu_292">
<pin_list>
<pin id="293" dir="0" index="0" bw="6" slack="1"/>
<pin id="294" dir="1" index="1" bw="13" slack="0"/>
</pin_list>
<bind>
<opcode="zext(34) " fcode="zext"/>
<opset="zext_ln52_1/2 "/>
</bind>
</comp>

<comp id="295" class="1004" name="mul_ln52_fu_295">
<pin_list>
<pin id="296" dir="0" index="0" bw="6" slack="0"/>
<pin id="297" dir="0" index="1" bw="8" slack="0"/>
<pin id="298" dir="1" index="2" bw="13" slack="0"/>
</pin_list>
<bind>
<opcode="mul(12) " fcode="mul"/>
<opset="mul_ln52/2 "/>
</bind>
</comp>

<comp id="301" class="1004" name="tmp_35_fu_301">
<pin_list>
<pin id="302" dir="0" index="0" bw="5" slack="0"/>
<pin id="303" dir="0" index="1" bw="13" slack="0"/>
<pin id="304" dir="0" index="2" bw="5" slack="0"/>
<pin id="305" dir="0" index="3" bw="5" slack="0"/>
<pin id="306" dir="1" index="4" bw="5" slack="0"/>
</pin_list>
<bind>
<opcode="partselect(1002) " fcode="partselect"/>
<opset="tmp_35/2 "/>
</bind>
</comp>

<comp id="311" class="1004" name="zext_ln251_fu_311">
<pin_list>
<pin id="312" dir="0" index="0" bw="5" slack="0"/>
<pin id="313" dir="1" index="1" bw="10" slack="0"/>
</pin_list>
<bind>
<opcode="zext(34) " fcode="zext"/>
<opset="zext_ln251/2 "/>
</bind>
</comp>

<comp id="315" class="1004" name="add_ln251_fu_315">
<pin_list>
<pin id="316" dir="0" index="0" bw="10" slack="0"/>
<pin id="317" dir="0" index="1" bw="5" slack="0"/>
<pin id="318" dir="1" index="2" bw="10" slack="1"/>
</pin_list>
<bind>
<opcode="add(8) " fcode="add"/>
<opset="add_ln251/2 "/>
</bind>
</comp>

<comp id="321" class="1004" name="store_ln52_store_fu_321">
<pin_list>
<pin id="322" dir="0" index="0" bw="6" slack="0"/>
<pin id="323" dir="0" index="1" bw="6" slack="1"/>
<pin id="324" dir="1" index="2" bw="0" slack="2147483647"/>
</pin_list>
<bind>
<opcode="store(28) " fcode="store"/>
<opset="store_ln52/2 "/>
</bind>
</comp>

<comp id="326" class="1004" name="zext_ln251_1_fu_326">
<pin_list>
<pin id="327" dir="0" index="0" bw="10" slack="1"/>
<pin id="328" dir="1" index="1" bw="64" slack="0"/>
</pin_list>
<bind>
<opcode="zext(34) " fcode="zext"/>
<opset="zext_ln251_1/3 "/>
</bind>
</comp>

<comp id="332" class="1004" name="trunc_ln52_fu_332">
<pin_list>
<pin id="333" dir="0" index="0" bw="2" slack="0"/>
<pin id="334" dir="1" index="1" bw="2" slack="0"/>
</pin_list>
<bind>
<opcode="trunc(33) " fcode="trunc"/>
<opset="trunc_ln52/10 "/>
</bind>
</comp>

<comp id="336" class="1004" name="tmp_fu_336">
<pin_list>
<pin id="337" dir="0" index="0" bw="32" slack="0"/>
<pin id="338" dir="0" index="1" bw="2" slack="0"/>
<pin id="339" dir="0" index="2" bw="32" slack="6"/>
<pin id="340" dir="0" index="3" bw="2" slack="0"/>
<pin id="341" dir="0" index="4" bw="32" slack="6"/>
<pin id="342" dir="0" index="5" bw="2" slack="0"/>
<pin id="343" dir="0" index="6" bw="32" slack="6"/>
<pin id="344" dir="0" index="7" bw="32" slack="0"/>
<pin id="345" dir="0" index="8" bw="2" slack="0"/>
<pin id="346" dir="1" index="9" bw="32" slack="1"/>
</pin_list>
<bind>
<opcode="sparsemux(1197) " fcode="sparsemux"/>
<opset="tmp/10 "/>
</bind>
</comp>

<comp id="353" class="1004" name="add55123_load_load_fu_353">
<pin_list>
<pin id="354" dir="0" index="0" bw="64" slack="10"/>
<pin id="355" dir="1" index="1" bw="64" slack="0"/>
</pin_list>
<bind>
<opcode="load(27) " fcode="load"/>
<opset="add55123_load/11 "/>
</bind>
</comp>

<comp id="356" class="1004" name="sext_ln253_fu_356">
<pin_list>
<pin id="357" dir="0" index="0" bw="32" slack="1"/>
<pin id="358" dir="1" index="1" bw="64" slack="0"/>
</pin_list>
<bind>
<opcode="sext(35) " fcode="sext"/>
<opset="sext_ln253/11 "/>
</bind>
</comp>

<comp id="359" class="1004" name="add_ln253_fu_359">
<pin_list>
<pin id="360" dir="0" index="0" bw="32" slack="0"/>
<pin id="361" dir="0" index="1" bw="64" slack="0"/>
<pin id="362" dir="1" index="2" bw="64" slack="0"/>
</pin_list>
<bind>
<opcode="add(8) " fcode="add"/>
<opset="add_ln253/11 "/>
</bind>
</comp>

<comp id="365" class="1004" name="store_ln253_store_fu_365">
<pin_list>
<pin id="366" dir="0" index="0" bw="64" slack="0"/>
<pin id="367" dir="0" index="1" bw="64" slack="10"/>
<pin id="368" dir="1" index="2" bw="0" slack="2147483647"/>
</pin_list>
<bind>
<opcode="store(28) " fcode="store"/>
<opset="store_ln253/11 "/>
</bind>
</comp>

<comp id="370" class="1004" name="p_load11_load_fu_370">
<pin_list>
<pin id="371" dir="0" index="0" bw="32" slack="26"/>
<pin id="372" dir="1" index="1" bw="32" slack="0"/>
</pin_list>
<bind>
<opcode="load(27) " fcode="load"/>
<opset="p_load11/27 "/>
</bind>
</comp>

<comp id="374" class="1004" name="bitcast_ln251_fu_374">
<pin_list>
<pin id="375" dir="0" index="0" bw="32" slack="2"/>
<pin id="376" dir="1" index="1" bw="32" slack="0"/>
</pin_list>
<bind>
<opcode="bitcast(44) " fcode="bitcast"/>
<opset="bitcast_ln251/28 "/>
</bind>
</comp>

<comp id="377" class="1004" name="tmp_10_fu_377">
<pin_list>
<pin id="378" dir="0" index="0" bw="8" slack="0"/>
<pin id="379" dir="0" index="1" bw="32" slack="0"/>
<pin id="380" dir="0" index="2" bw="6" slack="0"/>
<pin id="381" dir="0" index="3" bw="6" slack="0"/>
<pin id="382" dir="1" index="4" bw="8" slack="0"/>
</pin_list>
<bind>
<opcode="partselect(1002) " fcode="partselect"/>
<opset="tmp_10/28 "/>
</bind>
</comp>

<comp id="387" class="1004" name="trunc_ln251_fu_387">
<pin_list>
<pin id="388" dir="0" index="0" bw="32" slack="0"/>
<pin id="389" dir="1" index="1" bw="23" slack="0"/>
</pin_list>
<bind>
<opcode="trunc(33) " fcode="trunc"/>
<opset="trunc_ln251/28 "/>
</bind>
</comp>

<comp id="391" class="1004" name="bitcast_ln251_1_fu_391">
<pin_list>
<pin id="392" dir="0" index="0" bw="32" slack="1"/>
<pin id="393" dir="1" index="1" bw="32" slack="0"/>
</pin_list>
<bind>
<opcode="bitcast(44) " fcode="bitcast"/>
<opset="bitcast_ln251_1/28 "/>
</bind>
</comp>

<comp id="394" class="1004" name="tmp_24_fu_394">
<pin_list>
<pin id="395" dir="0" index="0" bw="8" slack="0"/>
<pin id="396" dir="0" index="1" bw="32" slack="0"/>
<pin id="397" dir="0" index="2" bw="6" slack="0"/>
<pin id="398" dir="0" index="3" bw="6" slack="0"/>
<pin id="399" dir="1" index="4" bw="8" slack="0"/>
</pin_list>
<bind>
<opcode="partselect(1002) " fcode="partselect"/>
<opset="tmp_24/28 "/>
</bind>
</comp>

<comp id="404" class="1004" name="trunc_ln251_1_fu_404">
<pin_list>
<pin id="405" dir="0" index="0" bw="32" slack="0"/>
<pin id="406" dir="1" index="1" bw="23" slack="0"/>
</pin_list>
<bind>
<opcode="trunc(33) " fcode="trunc"/>
<opset="trunc_ln251_1/28 "/>
</bind>
</comp>

<comp id="408" class="1004" name="icmp_ln251_fu_408">
<pin_list>
<pin id="409" dir="0" index="0" bw="8" slack="0"/>
<pin id="410" dir="0" index="1" bw="1" slack="0"/>
<pin id="411" dir="1" index="2" bw="1" slack="0"/>
</pin_list>
<bind>
<opcode="icmp(45) " fcode="icmp"/>
<opset="icmp_ln251/28 "/>
</bind>
</comp>

<comp id="414" class="1004" name="icmp_ln251_1_fu_414">
<pin_list>
<pin id="415" dir="0" index="0" bw="23" slack="0"/>
<pin id="416" dir="0" index="1" bw="1" slack="0"/>
<pin id="417" dir="1" index="2" bw="1" slack="0"/>
</pin_list>
<bind>
<opcode="icmp(45) " fcode="icmp"/>
<opset="icmp_ln251_1/28 "/>
</bind>
</comp>

<comp id="420" class="1004" name="or_ln251_fu_420">
<pin_list>
<pin id="421" dir="0" index="0" bw="1" slack="0"/>
<pin id="422" dir="0" index="1" bw="1" slack="0"/>
<pin id="423" dir="1" index="2" bw="1" slack="0"/>
</pin_list>
<bind>
<opcode="or(24) " fcode="or"/>
<opset="or_ln251/28 "/>
</bind>
</comp>

<comp id="426" class="1004" name="icmp_ln251_2_fu_426">
<pin_list>
<pin id="427" dir="0" index="0" bw="8" slack="0"/>
<pin id="428" dir="0" index="1" bw="1" slack="0"/>
<pin id="429" dir="1" index="2" bw="1" slack="0"/>
</pin_list>
<bind>
<opcode="icmp(45) " fcode="icmp"/>
<opset="icmp_ln251_2/28 "/>
</bind>
</comp>

<comp id="432" class="1004" name="icmp_ln251_3_fu_432">
<pin_list>
<pin id="433" dir="0" index="0" bw="23" slack="0"/>
<pin id="434" dir="0" index="1" bw="1" slack="0"/>
<pin id="435" dir="1" index="2" bw="1" slack="0"/>
</pin_list>
<bind>
<opcode="icmp(45) " fcode="icmp"/>
<opset="icmp_ln251_3/28 "/>
</bind>
</comp>

<comp id="438" class="1004" name="or_ln251_1_fu_438">
<pin_list>
<pin id="439" dir="0" index="0" bw="1" slack="0"/>
<pin id="440" dir="0" index="1" bw="1" slack="0"/>
<pin id="441" dir="1" index="2" bw="1" slack="0"/>
</pin_list>
<bind>
<opcode="or(24) " fcode="or"/>
<opset="or_ln251_1/28 "/>
</bind>
</comp>

<comp id="444" class="1004" name="and_ln251_fu_444">
<pin_list>
<pin id="445" dir="0" index="0" bw="1" slack="0"/>
<pin id="446" dir="0" index="1" bw="1" slack="0"/>
<pin id="447" dir="1" index="2" bw="1" slack="0"/>
</pin_list>
<bind>
<opcode="and(23) " fcode="and"/>
<opset="and_ln251/28 "/>
</bind>
</comp>

<comp id="450" class="1004" name="and_ln251_1_fu_450">
<pin_list>
<pin id="451" dir="0" index="0" bw="1" slack="0"/>
<pin id="452" dir="0" index="1" bw="1" slack="0"/>
<pin id="453" dir="1" index="2" bw="1" slack="0"/>
</pin_list>
<bind>
<opcode="and(23) " fcode="and"/>
<opset="and_ln251_1/28 "/>
</bind>
</comp>

<comp id="456" class="1004" name="select_ln251_fu_456">
<pin_list>
<pin id="457" dir="0" index="0" bw="1" slack="0"/>
<pin id="458" dir="0" index="1" bw="32" slack="2"/>
<pin id="459" dir="0" index="2" bw="32" slack="1"/>
<pin id="460" dir="1" index="3" bw="32" slack="0"/>
</pin_list>
<bind>
<opcode="select(49) " fcode="select"/>
<opset="select_ln251/28 "/>
</bind>
</comp>

<comp id="462" class="1004" name="store_ln251_store_fu_462">
<pin_list>
<pin id="463" dir="0" index="0" bw="32" slack="0"/>
<pin id="464" dir="0" index="1" bw="32" slack="27"/>
<pin id="465" dir="1" index="2" bw="0" slack="2147483647"/>
</pin_list>
<bind>
<opcode="store(28) " fcode="store"/>
<opset="store_ln251/28 "/>
</bind>
</comp>

<comp id="467" class="1004" name="add55123_load_1_load_fu_467">
<pin_list>
<pin id="468" dir="0" index="0" bw="64" slack="25"/>
<pin id="469" dir="1" index="1" bw="64" slack="0"/>
</pin_list>
<bind>
<opcode="load(27) " fcode="load"/>
<opset="add55123_load_1/26 "/>
</bind>
</comp>

<comp id="471" class="1004" name="p_load_load_fu_471">
<pin_list>
<pin id="472" dir="0" index="0" bw="32" slack="25"/>
<pin id="473" dir="1" index="1" bw="32" slack="0"/>
</pin_list>
<bind>
<opcode="load(27) " fcode="load"/>
<opset="p_load/26 "/>
</bind>
</comp>

<comp id="475" class="1005" name="add55123_reg_475">
<pin_list>
<pin id="476" dir="0" index="0" bw="64" slack="0"/>
<pin id="477" dir="1" index="1" bw="64" slack="0"/>
</pin_list>
<bind>
<opset="add55123 "/>
</bind>
</comp>

<comp id="483" class="1005" name="empty_reg_483">
<pin_list>
<pin id="484" dir="0" index="0" bw="32" slack="0"/>
<pin id="485" dir="1" index="1" bw="32" slack="0"/>
</pin_list>
<bind>
<opset="empty "/>
</bind>
</comp>

<comp id="491" class="1005" name="col_pos_1_reg_491">
<pin_list>
<pin id="492" dir="0" index="0" bw="6" slack="0"/>
<pin id="493" dir="1" index="1" bw="6" slack="0"/>
</pin_list>
<bind>
<opset="col_pos_1 "/>
</bind>
</comp>

<comp id="498" class="1005" name="row_pos_reg_498">
<pin_list>
<pin id="499" dir="0" index="0" bw="6" slack="0"/>
<pin id="500" dir="1" index="1" bw="6" slack="0"/>
</pin_list>
<bind>
<opset="row_pos "/>
</bind>
</comp>

<comp id="505" class="1005" name="indvar_flatten34_reg_505">
<pin_list>
<pin id="506" dir="0" index="0" bw="12" slack="0"/>
<pin id="507" dir="1" index="1" bw="12" slack="0"/>
</pin_list>
<bind>
<opset="indvar_flatten34 "/>
</bind>
</comp>

<comp id="512" class="1005" name="icmp_ln249_reg_512">
<pin_list>
<pin id="513" dir="0" index="0" bw="1" slack="1"/>
<pin id="514" dir="1" index="1" bw="1" slack="2147483647"/>
</pin_list>
<bind>
<opset="icmp_ln249 "/>
</bind>
</comp>

<comp id="516" class="1005" name="icmp_ln250_reg_516">
<pin_list>
<pin id="517" dir="0" index="0" bw="1" slack="1"/>
<pin id="518" dir="1" index="1" bw="1" slack="1"/>
</pin_list>
<bind>
<opset="icmp_ln250 "/>
</bind>
</comp>

<comp id="521" class="1005" name="select_ln52_reg_521">
<pin_list>
<pin id="522" dir="0" index="0" bw="6" slack="1"/>
<pin id="523" dir="1" index="1" bw="6" slack="1"/>
</pin_list>
<bind>
<opset="select_ln52 "/>
</bind>
</comp>

<comp id="527" class="1005" name="add_ln251_reg_527">
<pin_list>
<pin id="528" dir="0" index="0" bw="10" slack="1"/>
<pin id="529" dir="1" index="1" bw="10" slack="1"/>
</pin_list>
<bind>
<opset="add_ln251 "/>
</bind>
</comp>

<comp id="532" class="1005" name="water_level_addr_reg_532">
<pin_list>
<pin id="533" dir="0" index="0" bw="10" slack="1"/>
<pin id="534" dir="1" index="1" bw="10" slack="1"/>
</pin_list>
<bind>
<opset="water_level_addr "/>
</bind>
</comp>

<comp id="537" class="1005" name="water_level_1_addr_reg_537">
<pin_list>
<pin id="538" dir="0" index="0" bw="10" slack="1"/>
<pin id="539" dir="1" index="1" bw="10" slack="1"/>
</pin_list>
<bind>
<opset="water_level_1_addr "/>
</bind>
</comp>

<comp id="542" class="1005" name="water_level_2_addr_reg_542">
<pin_list>
<pin id="543" dir="0" index="0" bw="10" slack="1"/>
<pin id="544" dir="1" index="1" bw="10" slack="1"/>
</pin_list>
<bind>
<opset="water_level_2_addr "/>
</bind>
</comp>

<comp id="547" class="1005" name="water_level_load_reg_547">
<pin_list>
<pin id="548" dir="0" index="0" bw="32" slack="6"/>
<pin id="549" dir="1" index="1" bw="32" slack="6"/>
</pin_list>
<bind>
<opset="water_level_load "/>
</bind>
</comp>

<comp id="552" class="1005" name="water_level_1_load_reg_552">
<pin_list>
<pin id="553" dir="0" index="0" bw="32" slack="6"/>
<pin id="554" dir="1" index="1" bw="32" slack="6"/>
</pin_list>
<bind>
<opset="water_level_1_load "/>
</bind>
</comp>

<comp id="557" class="1005" name="water_level_2_load_reg_557">
<pin_list>
<pin id="558" dir="0" index="0" bw="32" slack="6"/>
<pin id="559" dir="1" index="1" bw="32" slack="6"/>
</pin_list>
<bind>
<opset="water_level_2_load "/>
</bind>
</comp>

<comp id="562" class="1005" name="tmp_reg_562">
<pin_list>
<pin id="563" dir="0" index="0" bw="32" slack="1"/>
<pin id="564" dir="1" index="1" bw="32" slack="1"/>
</pin_list>
<bind>
<opset="tmp "/>
</bind>
</comp>

<comp id="568" class="1005" name="conv1_reg_568">
<pin_list>
<pin id="569" dir="0" index="0" bw="32" slack="1"/>
<pin id="570" dir="1" index="1" bw="32" slack="1"/>
</pin_list>
<bind>
<opset="conv1 "/>
</bind>
</comp>

<comp id="573" class="1005" name="div6_reg_573">
<pin_list>
<pin id="574" dir="0" index="0" bw="32" slack="1"/>
<pin id="575" dir="1" index="1" bw="32" slack="1"/>
</pin_list>
<bind>
<opset="div6 "/>
</bind>
</comp>

<comp id="580" class="1005" name="p_load11_reg_580">
<pin_list>
<pin id="581" dir="0" index="0" bw="32" slack="1"/>
<pin id="582" dir="1" index="1" bw="32" slack="1"/>
</pin_list>
<bind>
<opset="p_load11 "/>
</bind>
</comp>

</comp_list>

<net_list>
<net id="91"><net_src comp="12" pin="0"/><net_sink comp="88" pin=0"/></net>

<net id="95"><net_src comp="12" pin="0"/><net_sink comp="92" pin=0"/></net>

<net id="99"><net_src comp="12" pin="0"/><net_sink comp="96" pin=0"/></net>

<net id="103"><net_src comp="12" pin="0"/><net_sink comp="100" pin=0"/></net>

<net id="107"><net_src comp="12" pin="0"/><net_sink comp="104" pin=0"/></net>

<net id="112"><net_src comp="14" pin="0"/><net_sink comp="108" pin=0"/></net>

<net id="113"><net_src comp="0" pin="0"/><net_sink comp="108" pin=1"/></net>

<net id="119"><net_src comp="84" pin="0"/><net_sink comp="114" pin=0"/></net>

<net id="120"><net_src comp="8" pin="0"/><net_sink comp="114" pin=1"/></net>

<net id="126"><net_src comp="86" pin="0"/><net_sink comp="121" pin=0"/></net>

<net id="127"><net_src comp="10" pin="0"/><net_sink comp="121" pin=1"/></net>

<net id="133"><net_src comp="2" pin="0"/><net_sink comp="128" pin=0"/></net>

<net id="134"><net_src comp="44" pin="0"/><net_sink comp="128" pin=1"/></net>

<net id="140"><net_src comp="4" pin="0"/><net_sink comp="135" pin=0"/></net>

<net id="141"><net_src comp="44" pin="0"/><net_sink comp="135" pin=1"/></net>

<net id="147"><net_src comp="6" pin="0"/><net_sink comp="142" pin=0"/></net>

<net id="148"><net_src comp="44" pin="0"/><net_sink comp="142" pin=1"/></net>

<net id="154"><net_src comp="128" pin="3"/><net_sink comp="149" pin=0"/></net>

<net id="160"><net_src comp="135" pin="3"/><net_sink comp="155" pin=0"/></net>

<net id="166"><net_src comp="142" pin="3"/><net_sink comp="161" pin=0"/></net>

<net id="171"><net_src comp="56" pin="0"/><net_sink comp="167" pin=1"/></net>

<net id="183"><net_src comp="16" pin="0"/><net_sink comp="179" pin=0"/></net>

<net id="188"><net_src comp="18" pin="0"/><net_sink comp="184" pin=0"/></net>

<net id="193"><net_src comp="18" pin="0"/><net_sink comp="189" pin=0"/></net>

<net id="198"><net_src comp="20" pin="0"/><net_sink comp="194" pin=0"/></net>

<net id="203"><net_src comp="108" pin="2"/><net_sink comp="199" pin=0"/></net>

<net id="211"><net_src comp="204" pin="1"/><net_sink comp="207" pin=0"/></net>

<net id="212"><net_src comp="22" pin="0"/><net_sink comp="207" pin=1"/></net>

<net id="217"><net_src comp="204" pin="1"/><net_sink comp="213" pin=0"/></net>

<net id="218"><net_src comp="24" pin="0"/><net_sink comp="213" pin=1"/></net>

<net id="226"><net_src comp="219" pin="1"/><net_sink comp="222" pin=0"/></net>

<net id="227"><net_src comp="26" pin="0"/><net_sink comp="222" pin=1"/></net>

<net id="233"><net_src comp="222" pin="2"/><net_sink comp="228" pin=0"/></net>

<net id="234"><net_src comp="18" pin="0"/><net_sink comp="228" pin=1"/></net>

<net id="235"><net_src comp="219" pin="1"/><net_sink comp="228" pin=2"/></net>

<net id="240"><net_src comp="228" pin="3"/><net_sink comp="236" pin=0"/></net>

<net id="241"><net_src comp="28" pin="0"/><net_sink comp="236" pin=1"/></net>

<net id="246"><net_src comp="228" pin="3"/><net_sink comp="242" pin=0"/></net>

<net id="247"><net_src comp="30" pin="0"/><net_sink comp="242" pin=1"/></net>

<net id="252"><net_src comp="213" pin="2"/><net_sink comp="248" pin=0"/></net>

<net id="257"><net_src comp="242" pin="2"/><net_sink comp="253" pin=0"/></net>

<net id="265"><net_src comp="258" pin="1"/><net_sink comp="261" pin=0"/></net>

<net id="266"><net_src comp="30" pin="0"/><net_sink comp="261" pin=1"/></net>

<net id="272"><net_src comp="261" pin="2"/><net_sink comp="267" pin=1"/></net>

<net id="273"><net_src comp="258" pin="1"/><net_sink comp="267" pin=2"/></net>

<net id="277"><net_src comp="267" pin="3"/><net_sink comp="274" pin=0"/></net>

<net id="283"><net_src comp="32" pin="0"/><net_sink comp="278" pin=0"/></net>

<net id="284"><net_src comp="267" pin="3"/><net_sink comp="278" pin=1"/></net>

<net id="285"><net_src comp="34" pin="0"/><net_sink comp="278" pin=2"/></net>

<net id="290"><net_src comp="278" pin="3"/><net_sink comp="286" pin=0"/></net>

<net id="291"><net_src comp="274" pin="1"/><net_sink comp="286" pin=1"/></net>

<net id="299"><net_src comp="292" pin="1"/><net_sink comp="295" pin=0"/></net>

<net id="300"><net_src comp="36" pin="0"/><net_sink comp="295" pin=1"/></net>

<net id="307"><net_src comp="38" pin="0"/><net_sink comp="301" pin=0"/></net>

<net id="308"><net_src comp="295" pin="2"/><net_sink comp="301" pin=1"/></net>

<net id="309"><net_src comp="40" pin="0"/><net_sink comp="301" pin=2"/></net>

<net id="310"><net_src comp="42" pin="0"/><net_sink comp="301" pin=3"/></net>

<net id="314"><net_src comp="301" pin="4"/><net_sink comp="311" pin=0"/></net>

<net id="319"><net_src comp="286" pin="2"/><net_sink comp="315" pin=0"/></net>

<net id="320"><net_src comp="311" pin="1"/><net_sink comp="315" pin=1"/></net>

<net id="325"><net_src comp="267" pin="3"/><net_sink comp="321" pin=0"/></net>

<net id="329"><net_src comp="326" pin="1"/><net_sink comp="128" pin=2"/></net>

<net id="330"><net_src comp="326" pin="1"/><net_sink comp="135" pin=2"/></net>

<net id="331"><net_src comp="326" pin="1"/><net_sink comp="142" pin=2"/></net>

<net id="335"><net_src comp="236" pin="2"/><net_sink comp="332" pin=0"/></net>

<net id="347"><net_src comp="46" pin="0"/><net_sink comp="336" pin=0"/></net>

<net id="348"><net_src comp="48" pin="0"/><net_sink comp="336" pin=1"/></net>

<net id="349"><net_src comp="50" pin="0"/><net_sink comp="336" pin=3"/></net>

<net id="350"><net_src comp="52" pin="0"/><net_sink comp="336" pin=5"/></net>

<net id="351"><net_src comp="54" pin="0"/><net_sink comp="336" pin=7"/></net>

<net id="352"><net_src comp="332" pin="1"/><net_sink comp="336" pin=8"/></net>

<net id="363"><net_src comp="356" pin="1"/><net_sink comp="359" pin=0"/></net>

<net id="364"><net_src comp="353" pin="1"/><net_sink comp="359" pin=1"/></net>

<net id="369"><net_src comp="359" pin="2"/><net_sink comp="365" pin=0"/></net>

<net id="373"><net_src comp="370" pin="1"/><net_sink comp="175" pin=1"/></net>

<net id="383"><net_src comp="74" pin="0"/><net_sink comp="377" pin=0"/></net>

<net id="384"><net_src comp="374" pin="1"/><net_sink comp="377" pin=1"/></net>

<net id="385"><net_src comp="76" pin="0"/><net_sink comp="377" pin=2"/></net>

<net id="386"><net_src comp="78" pin="0"/><net_sink comp="377" pin=3"/></net>

<net id="390"><net_src comp="374" pin="1"/><net_sink comp="387" pin=0"/></net>

<net id="400"><net_src comp="74" pin="0"/><net_sink comp="394" pin=0"/></net>

<net id="401"><net_src comp="391" pin="1"/><net_sink comp="394" pin=1"/></net>

<net id="402"><net_src comp="76" pin="0"/><net_sink comp="394" pin=2"/></net>

<net id="403"><net_src comp="78" pin="0"/><net_sink comp="394" pin=3"/></net>

<net id="407"><net_src comp="391" pin="1"/><net_sink comp="404" pin=0"/></net>

<net id="412"><net_src comp="377" pin="4"/><net_sink comp="408" pin=0"/></net>

<net id="413"><net_src comp="80" pin="0"/><net_sink comp="408" pin=1"/></net>

<net id="418"><net_src comp="387" pin="1"/><net_sink comp="414" pin=0"/></net>

<net id="419"><net_src comp="82" pin="0"/><net_sink comp="414" pin=1"/></net>

<net id="424"><net_src comp="414" pin="2"/><net_sink comp="420" pin=0"/></net>

<net id="425"><net_src comp="408" pin="2"/><net_sink comp="420" pin=1"/></net>

<net id="430"><net_src comp="394" pin="4"/><net_sink comp="426" pin=0"/></net>

<net id="431"><net_src comp="80" pin="0"/><net_sink comp="426" pin=1"/></net>

<net id="436"><net_src comp="404" pin="1"/><net_sink comp="432" pin=0"/></net>

<net id="437"><net_src comp="82" pin="0"/><net_sink comp="432" pin=1"/></net>

<net id="442"><net_src comp="432" pin="2"/><net_sink comp="438" pin=0"/></net>

<net id="443"><net_src comp="426" pin="2"/><net_sink comp="438" pin=1"/></net>

<net id="448"><net_src comp="438" pin="2"/><net_sink comp="444" pin=0"/></net>

<net id="449"><net_src comp="420" pin="2"/><net_sink comp="444" pin=1"/></net>

<net id="454"><net_src comp="444" pin="2"/><net_sink comp="450" pin=0"/></net>

<net id="455"><net_src comp="175" pin="2"/><net_sink comp="450" pin=1"/></net>

<net id="461"><net_src comp="450" pin="2"/><net_sink comp="456" pin=0"/></net>

<net id="466"><net_src comp="456" pin="3"/><net_sink comp="462" pin=0"/></net>

<net id="470"><net_src comp="467" pin="1"/><net_sink comp="121" pin=2"/></net>

<net id="474"><net_src comp="471" pin="1"/><net_sink comp="114" pin=2"/></net>

<net id="478"><net_src comp="88" pin="1"/><net_sink comp="475" pin=0"/></net>

<net id="479"><net_src comp="475" pin="1"/><net_sink comp="199" pin=1"/></net>

<net id="480"><net_src comp="475" pin="1"/><net_sink comp="353" pin=0"/></net>

<net id="481"><net_src comp="475" pin="1"/><net_sink comp="365" pin=1"/></net>

<net id="482"><net_src comp="475" pin="1"/><net_sink comp="467" pin=0"/></net>

<net id="486"><net_src comp="92" pin="1"/><net_sink comp="483" pin=0"/></net>

<net id="487"><net_src comp="483" pin="1"/><net_sink comp="194" pin=1"/></net>

<net id="488"><net_src comp="483" pin="1"/><net_sink comp="370" pin=0"/></net>

<net id="489"><net_src comp="483" pin="1"/><net_sink comp="462" pin=1"/></net>

<net id="490"><net_src comp="483" pin="1"/><net_sink comp="471" pin=0"/></net>

<net id="494"><net_src comp="96" pin="1"/><net_sink comp="491" pin=0"/></net>

<net id="495"><net_src comp="491" pin="1"/><net_sink comp="189" pin=1"/></net>

<net id="496"><net_src comp="491" pin="1"/><net_sink comp="219" pin=0"/></net>

<net id="497"><net_src comp="491" pin="1"/><net_sink comp="253" pin=1"/></net>

<net id="501"><net_src comp="100" pin="1"/><net_sink comp="498" pin=0"/></net>

<net id="502"><net_src comp="498" pin="1"/><net_sink comp="184" pin=1"/></net>

<net id="503"><net_src comp="498" pin="1"/><net_sink comp="258" pin=0"/></net>

<net id="504"><net_src comp="498" pin="1"/><net_sink comp="321" pin=1"/></net>

<net id="508"><net_src comp="104" pin="1"/><net_sink comp="505" pin=0"/></net>

<net id="509"><net_src comp="505" pin="1"/><net_sink comp="179" pin=1"/></net>

<net id="510"><net_src comp="505" pin="1"/><net_sink comp="204" pin=0"/></net>

<net id="511"><net_src comp="505" pin="1"/><net_sink comp="248" pin=1"/></net>

<net id="515"><net_src comp="207" pin="2"/><net_sink comp="512" pin=0"/></net>

<net id="519"><net_src comp="222" pin="2"/><net_sink comp="516" pin=0"/></net>

<net id="520"><net_src comp="516" pin="1"/><net_sink comp="267" pin=0"/></net>

<net id="524"><net_src comp="228" pin="3"/><net_sink comp="521" pin=0"/></net>

<net id="525"><net_src comp="521" pin="1"/><net_sink comp="292" pin=0"/></net>

<net id="526"><net_src comp="521" pin="1"/><net_sink comp="236" pin=0"/></net>

<net id="530"><net_src comp="315" pin="2"/><net_sink comp="527" pin=0"/></net>

<net id="531"><net_src comp="527" pin="1"/><net_sink comp="326" pin=0"/></net>

<net id="535"><net_src comp="128" pin="3"/><net_sink comp="532" pin=0"/></net>

<net id="536"><net_src comp="532" pin="1"/><net_sink comp="149" pin=0"/></net>

<net id="540"><net_src comp="135" pin="3"/><net_sink comp="537" pin=0"/></net>

<net id="541"><net_src comp="537" pin="1"/><net_sink comp="155" pin=0"/></net>

<net id="545"><net_src comp="142" pin="3"/><net_sink comp="542" pin=0"/></net>

<net id="546"><net_src comp="542" pin="1"/><net_sink comp="161" pin=0"/></net>

<net id="550"><net_src comp="149" pin="3"/><net_sink comp="547" pin=0"/></net>

<net id="551"><net_src comp="547" pin="1"/><net_sink comp="336" pin=2"/></net>

<net id="555"><net_src comp="155" pin="3"/><net_sink comp="552" pin=0"/></net>

<net id="556"><net_src comp="552" pin="1"/><net_sink comp="336" pin=4"/></net>

<net id="560"><net_src comp="161" pin="3"/><net_sink comp="557" pin=0"/></net>

<net id="561"><net_src comp="557" pin="1"/><net_sink comp="336" pin=6"/></net>

<net id="565"><net_src comp="336" pin="9"/><net_sink comp="562" pin=0"/></net>

<net id="566"><net_src comp="562" pin="1"/><net_sink comp="172" pin=0"/></net>

<net id="567"><net_src comp="562" pin="1"/><net_sink comp="356" pin=0"/></net>

<net id="571"><net_src comp="172" pin="1"/><net_sink comp="568" pin=0"/></net>

<net id="572"><net_src comp="568" pin="1"/><net_sink comp="167" pin=0"/></net>

<net id="576"><net_src comp="167" pin="2"/><net_sink comp="573" pin=0"/></net>

<net id="577"><net_src comp="573" pin="1"/><net_sink comp="175" pin=0"/></net>

<net id="578"><net_src comp="573" pin="1"/><net_sink comp="374" pin=0"/></net>

<net id="579"><net_src comp="573" pin="1"/><net_sink comp="456" pin=1"/></net>

<net id="583"><net_src comp="370" pin="1"/><net_sink comp="580" pin=0"/></net>

<net id="584"><net_src comp="580" pin="1"/><net_sink comp="391" pin=0"/></net>

<net id="585"><net_src comp="580" pin="1"/><net_sink comp="175" pin=1"/></net>

<net id="586"><net_src comp="580" pin="1"/><net_sink comp="456" pin=2"/></net>

</net_list>

</model> 
---------------- Datapath Model END ------------------

* FSMD analyzer results:
  - Output states:
	Port: p_out | {26 }
	Port: add55123_out | {26 }
 - Input state : 
	Port: do_compute_Pipeline_VITIS_LOOP_249_16_VITIS_LOOP_250_17 : trunc_ln2 | {1 }
	Port: do_compute_Pipeline_VITIS_LOOP_249_16_VITIS_LOOP_250_17 : water_level | {3 4 }
	Port: do_compute_Pipeline_VITIS_LOOP_249_16_VITIS_LOOP_250_17 : water_level_1 | {3 4 }
	Port: do_compute_Pipeline_VITIS_LOOP_249_16_VITIS_LOOP_250_17 : water_level_2 | {3 4 }
  - Chain level:
	State 1
		store_ln0 : 1
		store_ln52 : 1
		store_ln52 : 1
		store_ln0 : 1
		indvar_flatten34_load : 1
		icmp_ln249 : 2
		add_ln249_1 : 2
		br_ln249 : 3
		col_pos_1_load : 1
		icmp_ln250 : 2
		select_ln52 : 3
		urem_ln52 : 4
		add_ln250 : 4
		store_ln249 : 3
		store_ln52 : 5
	State 2
		add_ln249 : 1
		select_ln249 : 2
		zext_ln52 : 3
		tmp_34 : 3
		add_ln52 : 4
		mul_ln52 : 1
		tmp_35 : 2
		zext_ln251 : 3
		add_ln251 : 5
		store_ln52 : 3
	State 3
		water_level_addr : 1
		water_level_1_addr : 1
		water_level_2_addr : 1
		water_level_load : 2
		water_level_1_load : 2
		water_level_2_load : 2
	State 4
	State 5
	State 6
	State 7
	State 8
	State 9
	State 10
		trunc_ln52 : 1
		tmp : 2
	State 11
		add_ln253 : 1
		store_ln253 : 2
	State 12
	State 13
	State 14
	State 15
	State 16
	State 17
	State 18
	State 19
	State 20
	State 21
	State 22
	State 23
	State 24
	State 25
	State 26
		write_ln0 : 1
		write_ln0 : 1
	State 27
		tmp_25 : 1
	State 28
		tmp_10 : 1
		trunc_ln251 : 1
		tmp_24 : 1
		trunc_ln251_1 : 1
		icmp_ln251 : 2
		icmp_ln251_1 : 2
		or_ln251 : 3
		icmp_ln251_2 : 2
		icmp_ln251_3 : 2
		or_ln251_1 : 3
		and_ln251 : 3
		and_ln251_1 : 3
		select_ln251 : 3
		store_ln251 : 4


============================================================
+ Verbose Summary: Datapath Resource usage 
============================================================

* Functional unit list:
|----------|----------------------------|---------|---------|---------|
| Operation|       Functional Unit      |   DSP   |    FF   |   LUT   |
|----------|----------------------------|---------|---------|---------|
|   urem   |         grp_fu_236         |    0    |   128   |    68   |
|----------|----------------------------|---------|---------|---------|
|          |     add_ln249_1_fu_213     |    0    |    0    |    19   |
|          |      add_ln250_fu_242      |    0    |    0    |    13   |
|    add   |      add_ln249_fu_261      |    0    |    0    |    13   |
|          |       add_ln52_fu_286      |    0    |    0    |    18   |
|          |      add_ln251_fu_315      |    0    |    0    |    18   |
|          |      add_ln253_fu_359      |    0    |    0    |    71   |
|----------|----------------------------|---------|---------|---------|
|          |      icmp_ln249_fu_207     |    0    |    0    |    19   |
|          |      icmp_ln250_fu_222     |    0    |    0    |    13   |
|   icmp   |      icmp_ln251_fu_408     |    0    |    0    |    15   |
|          |     icmp_ln251_1_fu_414    |    0    |    0    |    30   |
|          |     icmp_ln251_2_fu_426    |    0    |    0    |    15   |
|          |     icmp_ln251_3_fu_432    |    0    |    0    |    30   |
|----------|----------------------------|---------|---------|---------|
|          |     select_ln52_fu_228     |    0    |    0    |    6    |
|  select  |     select_ln249_fu_267    |    0    |    0    |    6    |
|          |     select_ln251_fu_456    |    0    |    0    |    32   |
|----------|----------------------------|---------|---------|---------|
|    mul   |       mul_ln52_fu_295      |    0    |    0    |    40   |
|----------|----------------------------|---------|---------|---------|
| sparsemux|         tmp_fu_336         |    0    |    0    |    9    |
|----------|----------------------------|---------|---------|---------|
|    or    |       or_ln251_fu_420      |    0    |    0    |    2    |
|          |      or_ln251_1_fu_438     |    0    |    0    |    2    |
|----------|----------------------------|---------|---------|---------|
|    and   |      and_ln251_fu_444      |    0    |    0    |    2    |
|          |     and_ln251_1_fu_450     |    0    |    0    |    2    |
|----------|----------------------------|---------|---------|---------|
|   read   | trunc_ln2_read_read_fu_108 |    0    |    0    |    0    |
|----------|----------------------------|---------|---------|---------|
|   write  |   write_ln0_write_fu_114   |    0    |    0    |    0    |
|          |   write_ln0_write_fu_121   |    0    |    0    |    0    |
|----------|----------------------------|---------|---------|---------|
|   fdiv   |         grp_fu_167         |    0    |    0    |    0    |
|----------|----------------------------|---------|---------|---------|
|  sitofp  |         grp_fu_172         |    0    |    0    |    0    |
|----------|----------------------------|---------|---------|---------|
|   fcmp   |         grp_fu_175         |    0    |    0    |    0    |
|----------|----------------------------|---------|---------|---------|
|          |      zext_ln52_fu_274      |    0    |    0    |    0    |
|   zext   |     zext_ln52_1_fu_292     |    0    |    0    |    0    |
|          |      zext_ln251_fu_311     |    0    |    0    |    0    |
|          |     zext_ln251_1_fu_326    |    0    |    0    |    0    |
|----------|----------------------------|---------|---------|---------|
|bitconcatenate|        tmp_34_fu_278       |    0    |    0    |    0    |
|----------|----------------------------|---------|---------|---------|
|          |        tmp_35_fu_301       |    0    |    0    |    0    |
|partselect|        tmp_10_fu_377       |    0    |    0    |    0    |
|          |        tmp_24_fu_394       |    0    |    0    |    0    |
|----------|----------------------------|---------|---------|---------|
|          |      trunc_ln52_fu_332     |    0    |    0    |    0    |
|   trunc  |     trunc_ln251_fu_387     |    0    |    0    |    0    |
|          |    trunc_ln251_1_fu_404    |    0    |    0    |    0    |
|----------|----------------------------|---------|---------|---------|
|   sext   |      sext_ln253_fu_356     |    0    |    0    |    0    |
|----------|----------------------------|---------|---------|---------|
|   Total  |                            |    0    |   128   |   443   |
|----------|----------------------------|---------|---------|---------|

Memories:
N/A

* Register list:
+--------------------------+--------+
|                          |   FF   |
+--------------------------+--------+
|     add55123_reg_475     |   64   |
|     add_ln251_reg_527    |   10   |
|     col_pos_1_reg_491    |    6   |
|       conv1_reg_568      |   32   |
|       div6_reg_573       |   32   |
|       empty_reg_483      |   32   |
|    icmp_ln249_reg_512    |    1   |
|    icmp_ln250_reg_516    |    1   |
| indvar_flatten34_reg_505 |   12   |
|     p_load11_reg_580     |   32   |
|      row_pos_reg_498     |    6   |
|    select_ln52_reg_521   |    6   |
|        tmp_reg_562       |   32   |
|water_level_1_addr_reg_537|   10   |
|water_level_1_load_reg_552|   32   |
|water_level_2_addr_reg_542|   10   |
|water_level_2_load_reg_557|   32   |
| water_level_addr_reg_532 |   10   |
| water_level_load_reg_547 |   32   |
+--------------------------+--------+
|           Total          |   392  |
+--------------------------+--------+

* Multiplexer (MUX) list: 
|-------------------|------|------|------|--------||---------||---------||---------|
|        Comp       |  Pin | Size |  BW  | S x BW ||  Delay  ||    FF   ||   LUT   |
|-------------------|------|------|------|--------||---------||---------||---------|
| grp_access_fu_149 |  p0  |   2  |  10  |   20   ||    0    ||    9    |
| grp_access_fu_155 |  p0  |   2  |  10  |   20   ||    0    ||    9    |
| grp_access_fu_161 |  p0  |   2  |  10  |   20   ||    0    ||    9    |
|     grp_fu_175    |  p1  |   2  |  32  |   64   ||    0    ||    9    |
|     grp_fu_236    |  p0  |   2  |   6  |   12   ||    0    ||    9    |
|-------------------|------|------|------|--------||---------||---------||---------|
|       Total       |      |      |      |   136  ||  1.935  ||    0    ||    45   |
|-------------------|------|------|------|--------||---------||---------||---------|



* Summary:
+-----------+--------+--------+--------+--------+
|           |   DSP  |  Delay |   FF   |   LUT  |
+-----------+--------+--------+--------+--------+
|  Function |    0   |    -   |   128  |   443  |
|   Memory  |    -   |    -   |    -   |    -   |
|Multiplexer|    -   |    1   |    0   |   45   |
|  Register |    -   |    -   |   392  |    -   |
+-----------+--------+--------+--------+--------+
|   Total   |    0   |    1   |   520  |   488  |
+-----------+--------+--------+--------+--------+
