

================================================================
== Synthesis Summary Report of 'do_compute'
================================================================
+ General Information: 
    * Date:           Sun May 17 16:14:35 2026
    * Version:        2024.1 (Build 5069499 on May 21 2024)
    * Project:        .tiny_dam_base_disabled
    * Solution:       solution_FLOOD_HLS_base (Vivado IP Flow Target)
    * Product family: virtexuplusHBM
    * Target device:  xcu50-fsvh2104-2-e
    

+ Performance & Resource Estimates: 
    
    PS: '+' for module; 'o' for loop; '*' for dataflow
    +-----------------------------+------+------+---------+-----------+----------+---------+------+----------+---------+----------+-------------+------------+---------+
    |           Modules           | Issue|      | Latency |  Latency  | Iteration|         | Trip |          |         |          |             |            |         |
    |           & Loops           | Type | Slack| (cycles)|    (ns)   |  Latency | Interval| Count| Pipelined|  BRAM   |    DSP   |      FF     |     LUT    |   URAM  |
    +-----------------------------+------+------+---------+-----------+----------+---------+------+----------+---------+----------+-------------+------------+---------+
    |+ do_compute                 |     -|  0.00|        -|          -|         -|        -|     -|        no|  30 (1%)|  146 (2%)|   35758 (2%)|  30655 (3%)|  3 (~0%)|
    | o VITIS_LOOP_53_1           |     -|  2.92|    15100|  6.040e+04|       302|        -|    50|        no|        -|         -|            -|           -|        -|
    |  o VITIS_LOOP_54_2          |     -|  2.92|      300|  1.200e+03|         6|        -|    50|        no|        -|         -|            -|           -|        -|
    |   o VITIS_LOOP_63_3         |     -|  2.92|        4|     16.000|         1|        -|     4|        no|        -|         -|            -|           -|        -|
    | o VITIS_LOOP_70_4           |     -|  2.92|        -|          -|         -|        -|     -|        no|        -|         -|            -|           -|        -|
    |  o VITIS_LOOP_76_5          |     -|  2.92|      154|    616.000|        22|        -|     7|        no|        -|         -|            -|           -|        -|
    |  o VITIS_LOOP_83_6          |     -|  2.92|        -|          -|         -|        -|     -|        no|        -|         -|            -|           -|        -|
    |   o VITIS_LOOP_92_7         |     -|  2.92|        -|          -|         -|        -|     -|        no|        -|         -|            -|           -|        -|
    |    o VITIS_LOOP_93_8        |     -|  2.92|        -|          -|       195|        -|     -|        no|        -|         -|            -|           -|        -|
    |     + pow_generic_double_s  |    II|  0.00|       72|    288.000|         -|        1|     -|       yes|  5 (~0%)|   65 (1%)|  12056 (~0%)|   9046 (1%)|        -|
    |     + pow_generic_double_s  |    II|  0.00|       72|    288.000|         -|        1|     -|       yes|  5 (~0%)|   65 (1%)|  12056 (~0%)|   9046 (1%)|        -|
    |  o VITIS_LOOP_109_9         |     -|  2.92|  1020100|  4.080e+06|     20402|        -|    50|        no|        -|         -|            -|           -|        -|
    |   o VITIS_LOOP_110_10       |     -|  2.92|    20400|  8.160e+04|       408|        -|    50|        no|        -|         -|            -|           -|        -|
    |    o VITIS_LOOP_121_11      |     -|  2.92|      172|    688.000|        43|        -|     4|        no|        -|         -|            -|           -|        -|
    |    o VITIS_LOOP_156_12      |     -|  2.92|      172|    688.000|        43|        -|     4|        no|        -|         -|            -|           -|        -|
    |  o PROPAGATION_ROWS         |     -|  2.92|   152600|  6.104e+05|      3052|        -|    50|        no|        -|         -|            -|           -|        -|
    |   o PROPAGATION_COLS        |     -|  2.92|     3050|  1.220e+04|        61|        -|    50|        no|        -|         -|            -|           -|        -|
    |    o NEIGHBOR_ACCUM         |     -|  2.92|       48|    192.000|        12|        -|     4|        no|        -|         -|            -|           -|        -|
    |  o VITIS_LOOP_234_13        |     -|  2.92|    15100|  6.040e+04|       302|        -|    50|        no|        -|         -|            -|           -|        -|
    |   o VITIS_LOOP_235_14       |     -|  2.92|      300|  1.200e+03|         6|        -|    50|        no|        -|         -|            -|           -|        -|
    |    o VITIS_LOOP_236_15      |     -|  2.92|        4|     16.000|         1|        -|     4|        no|        -|         -|            -|           -|        -|
    | o VITIS_LOOP_249_16         |     -|  2.92|    50100|  2.004e+05|      1002|        -|    50|        no|        -|         -|            -|           -|        -|
    |  o VITIS_LOOP_250_17        |     -|  2.92|     1000|  4.000e+03|        20|        -|    50|        no|        -|         -|            -|           -|        -|
    +-----------------------------+------+------+---------+-----------+----------+---------+------+----------+---------+----------+-------------+------------+---------+


================================================================
== HW Interfaces
================================================================
* AP_MEMORY
+-------------------+-----------+----------+
| Port              | Direction | Bitwidth |
+-------------------+-----------+----------+
| p_clouds_address0 | out       | 3        |
| p_clouds_d0       | out       | 224      |
| p_clouds_q0       | in        | 224      |
| p_ground_address0 | out       | 12       |
| p_ground_q0       | in        | 32       |
+-------------------+-----------+----------+

* Other Ports
+---------------+---------+-----------+----------+
| Port          | Mode    | Direction | Bitwidth |
+---------------+---------+-----------+----------+
| p_ex_factor   | ap_none | in        | 32       |
| p_num_minutes | ap_none | in        | 32       |
| p_threshold   | ap_none | in        | 32       |
| r_i           | ap_ovld | in        | 416      |
| r_o           | ap_ovld | out       | 416      |
+---------------+---------+-----------+----------+

* TOP LEVEL CONTROL
+-----------+------------+-----------------------------------+
| Interface | Type       | Ports                             |
+-----------+------------+-----------------------------------+
| ap_clk    | clock      | ap_clk                            |
| ap_rst    | reset      | ap_rst                            |
| ap_ctrl   | ap_ctrl_hs | ap_done ap_idle ap_ready ap_start |
+-----------+------------+-----------------------------------+


================================================================
== SW I/O Information
================================================================
* Top Function Arguments
+----------+-----------+-------------+
| Argument | Direction | Datatype    |
+----------+-----------+-------------+
| p        | inout     | parameters* |
| r        | inout     | results*    |
+----------+-----------+-------------+

* SW-to-HW Mapping
+----------+-------------------+---------+----------+
| Argument | HW Interface      | HW Type | HW Usage |
+----------+-------------------+---------+----------+
| p        | p_ground_address0 | port    | offset   |
| p        | p_ground_ce0      | port    |          |
| p        | p_ground_q0       | port    |          |
| p        | p_threshold       | port    |          |
| p        | p_num_minutes     | port    |          |
| p        | p_ex_factor       | port    |          |
| p        | p_clouds_address0 | port    | offset   |
| p        | p_clouds_ce0      | port    |          |
| p        | p_clouds_we0      | port    |          |
| p        | p_clouds_d0       | port    |          |
| p        | p_clouds_q0       | port    |          |
| r        | r_i               | port    |          |
| r        | r_o               | port    |          |
| r        | r_o_ap_vld        | port    |          |
+----------+-------------------+---------+----------+


================================================================
== M_AXI Burst Information
================================================================
 Note: All burst requests might be further partitioned into multiple requests during RTL generation based on max_read_burst_length or max_write_burst_length settings.


================================================================
== Bind Op Report
================================================================
+------------------------------------------------------------+-----+--------+---------------------+-----------+-----------+---------+
| Name                                                       | DSP | Pragma | Variable            | Op        | Impl      | Latency |
+------------------------------------------------------------+-----+--------+---------------------+-----------+-----------+---------+
| + do_compute                                               | 146 |        |                     |           |           |         |
|   add_ln53_1_fu_1336_p2                                    |     |        | add_ln53_1          | add       | fabric    | 0       |
|   icmp_ln53_fu_1342_p2                                     |     |        | icmp_ln53           | seteq     | auto      | 0       |
|   add_ln53_fu_1348_p2                                      |     |        | add_ln53            | add       | fabric    | 0       |
|   icmp_ln54_fu_1386_p2                                     |     |        | icmp_ln54           | seteq     | auto      | 0       |
|   add_ln54_fu_1392_p2                                      |     |        | add_ln54            | add       | fabric    | 0       |
|   add_ln58_fu_1402_p2                                      |     |        | add_ln58            | add       | fabric    | 0       |
|   icmp_ln63_fu_1430_p2                                     |     |        | icmp_ln63           | seteq     | auto      | 0       |
|   add_ln63_fu_1436_p2                                      |     |        | add_ln63            | add       | fabric    | 0       |
|   add_ln64_fu_1446_p2                                      |     |        | add_ln64            | add       | fabric    | 0       |
|   faddfsub_32ns_32ns_32_7_full_dsp_1_U46                   | 2   |        | add                 | fadd      | fulldsp   | 6       |
|   fpext_32ns_64_2_no_dsp_1_U54                             |     |        | max_spillage_iter   | fpext     | auto      | 1       |
|   fpext_32ns_64_2_no_dsp_1_U55                             |     |        | conv                | fpext     | auto      | 1       |
|   icmp_ln70_3_fu_1474_p2                                   |     |        | icmp_ln70_3         | setne     | auto      | 0       |
|   icmp_ln70_4_fu_1480_p2                                   |     |        | icmp_ln70_4         | seteq     | auto      | 0       |
|   or_ln70_1_fu_1486_p2                                     |     |        | or_ln70_1           | or        | auto      | 0       |
|   icmp_ln70_fu_1541_p2                                     |     |        | icmp_ln70           | setlt     | auto      | 0       |
|   icmp_ln70_1_fu_1519_p2                                   |     |        | icmp_ln70_1         | setne     | auto      | 0       |
|   icmp_ln70_2_fu_1525_p2                                   |     |        | icmp_ln70_2         | seteq     | auto      | 0       |
|   or_ln70_fu_1546_p2                                       |     |        | or_ln70             | or        | auto      | 0       |
|   and_ln70_fu_1550_p2                                      |     |        | and_ln70            | and       | auto      | 0       |
|   dcmp_64ns_64ns_1_2_no_dsp_1_U60                          |     |        | tmp_9               | dcmp      | auto      | 1       |
|   and_ln70_2_fu_1555_p2                                    |     |        | and_ln70_2          | and       | auto      | 0       |
|   and_ln70_1_fu_1561_p2                                    |     |        | and_ln70_1          | and       | auto      | 0       |
|   add_ln70_fu_1567_p2                                      |     |        | add_ln70            | add       | fabric    | 0       |
|   icmp_ln76_fu_1623_p2                                     |     |        | icmp_ln76           | seteq     | auto      | 0       |
|   add_ln76_fu_1629_p2                                      |     |        | add_ln76            | add       | fabric    | 0       |
|   fdiv_32ns_32ns_32_12_no_dsp_1_U50                        |     |        | div                 | fdiv      | fabric    | 11      |
|   faddfsub_32ns_32ns_32_7_full_dsp_1_U46                   | 2   |        | add1                | fadd      | fulldsp   | 6       |
|   fdiv_32ns_32ns_32_12_no_dsp_1_U51                        |     |        | div1                | fdiv      | fabric    | 11      |
|   faddfsub_32ns_32ns_32_7_full_dsp_1_U47                   | 2   |        | add2                | fadd      | fulldsp   | 6       |
|   icmp_ln83_fu_1713_p2                                     |     |        | icmp_ln83           | seteq     | auto      | 0       |
|   add_ln83_fu_1719_p2                                      |     |        | add_ln83            | add       | fabric    | 0       |
|   faddfsub_32ns_32ns_32_7_full_dsp_1_U46                   | 2   |        | sub                 | fadd      | fulldsp   | 6       |
|   icmp_ln85_fu_1865_p2                                     |     |        | icmp_ln85           | setne     | auto      | 0       |
|   icmp_ln85_1_fu_1871_p2                                   |     |        | icmp_ln85_1         | seteq     | auto      | 0       |
|   or_ln85_fu_1940_p2                                       |     |        | or_ln85             | or        | auto      | 0       |
|   fcmp_32ns_32ns_1_2_no_dsp_1_U56                          |     |        | tmp_4               | fcmp      | auto      | 1       |
|   and_ln85_fu_1944_p2                                      |     |        | and_ln85            | and       | auto      | 0       |
|   fmul_32ns_32ns_32_4_max_dsp_1_U48                        | 3   |        | sub_op              | fmul      | maxdsp    | 3       |
|   select_ln85_fu_1949_p3                                   |     |        | select_ln85         | select    | auto_sel  | 0       |
|   fdiv_32ns_32ns_32_12_no_dsp_1_U50                        |     |        | row_start           | fdiv      | fabric    | 11      |
|   faddfsub_32ns_32ns_32_7_full_dsp_1_U46                   | 2   |        | add3                | fadd      | fulldsp   | 6       |
|   icmp_ln86_fu_1805_p2                                     |     |        | icmp_ln86           | setne     | auto      | 0       |
|   icmp_ln86_1_fu_1811_p2                                   |     |        | icmp_ln86_1         | seteq     | auto      | 0       |
|   or_ln86_fu_1906_p2                                       |     |        | or_ln86             | or        | auto      | 0       |
|   fcmp_32ns_32ns_1_2_no_dsp_1_U56                          |     |        | tmp_6               | fcmp      | auto      | 1       |
|   and_ln86_fu_1910_p2                                      |     |        | and_ln86            | and       | auto      | 0       |
|   fmul_32ns_32ns_32_4_max_dsp_1_U48                        | 3   |        | add87_op            | fmul      | maxdsp    | 3       |
|   select_ln86_fu_1915_p3                                   |     |        | select_ln86         | select    | auto_sel  | 0       |
|   fdiv_32ns_32ns_32_12_no_dsp_1_U50                        |     |        | row_end             | fdiv      | fabric    | 11      |
|   faddfsub_32ns_32ns_32_7_full_dsp_1_U47                   | 2   |        | sub1                | fadd      | fulldsp   | 6       |
|   icmp_ln87_fu_1894_p2                                     |     |        | icmp_ln87           | setne     | auto      | 0       |
|   icmp_ln87_1_fu_1900_p2                                   |     |        | icmp_ln87_1         | seteq     | auto      | 0       |
|   or_ln87_fu_1957_p2                                       |     |        | or_ln87             | or        | auto      | 0       |
|   fcmp_32ns_32ns_1_2_no_dsp_1_U57                          |     |        | tmp_11              | fcmp      | auto      | 1       |
|   and_ln87_fu_1961_p2                                      |     |        | and_ln87            | and       | auto      | 0       |
|   fmul_32ns_32ns_32_4_max_dsp_1_U49                        | 3   |        | sub112_op           | fmul      | maxdsp    | 3       |
|   select_ln87_fu_1966_p3                                   |     |        | select_ln87         | select    | auto_sel  | 0       |
|   fdiv_32ns_32ns_32_12_no_dsp_1_U51                        |     |        | col_start           | fdiv      | fabric    | 11      |
|   faddfsub_32ns_32ns_32_7_full_dsp_1_U47                   | 2   |        | add4                | fadd      | fulldsp   | 6       |
|   icmp_ln88_fu_1835_p2                                     |     |        | icmp_ln88           | setne     | auto      | 0       |
|   icmp_ln88_1_fu_1841_p2                                   |     |        | icmp_ln88_1         | seteq     | auto      | 0       |
|   or_ln88_fu_1923_p2                                       |     |        | or_ln88             | or        | auto      | 0       |
|   fcmp_32ns_32ns_1_2_no_dsp_1_U57                          |     |        | tmp_13              | fcmp      | auto      | 1       |
|   and_ln88_fu_1927_p2                                      |     |        | and_ln88            | and       | auto      | 0       |
|   fmul_32ns_32ns_32_4_max_dsp_1_U49                        | 3   |        | add137_op           | fmul      | maxdsp    | 3       |
|   select_ln88_fu_1932_p3                                   |     |        | select_ln88         | select    | auto_sel  | 0       |
|   fdiv_32ns_32ns_32_12_no_dsp_1_U51                        |     |        | col_end             | fdiv      | fabric    | 11      |
|   icmp_ln92_2_fu_1992_p2                                   |     |        | icmp_ln92_2         | setne     | auto      | 0       |
|   icmp_ln92_3_fu_1998_p2                                   |     |        | icmp_ln92_3         | seteq     | auto      | 0       |
|   or_ln92_1_fu_2004_p2                                     |     |        | or_ln92_1           | or        | auto      | 0       |
|   icmp_ln93_3_fu_2018_p2                                   |     |        | icmp_ln93_3         | seteq     | auto      | 0       |
|   icmp_ln97_3_fu_1776_p2                                   |     |        | icmp_ln97_3         | seteq     | auto      | 0       |
|   icmp_ln92_fu_2042_p2                                     |     |        | icmp_ln92           | setne     | auto      | 0       |
|   icmp_ln92_1_fu_2048_p2                                   |     |        | icmp_ln92_1         | seteq     | auto      | 0       |
|   or_ln92_fu_2054_p2                                       |     |        | or_ln92             | or        | auto      | 0       |
|   and_ln92_fu_2060_p2                                      |     |        | and_ln92            | and       | auto      | 0       |
|   fcmp_32ns_32ns_1_2_no_dsp_1_U56                          |     |        | tmp_19              | fcmp      | auto      | 1       |
|   and_ln92_1_fu_2065_p2                                    |     |        | and_ln92_1          | and       | auto      | 0       |
|   fmul_32ns_32ns_32_4_max_dsp_1_U48                        | 3   |        | mul                 | fmul      | maxdsp    | 3       |
|   fdiv_32ns_32ns_32_12_no_dsp_1_U50                        |     |        | y_pos               | fdiv      | fabric    | 11      |
|   faddfsub_32ns_32ns_32_7_full_dsp_1_U46                   | 2   |        | p_x_assign_1        | fadd      | fulldsp   | 6       |
|   fpext_32ns_64_2_no_dsp_1_U54                             |     |        | x_assign_1          | fpext     | auto      | 1       |
|   icmp_ln93_2_fu_2080_p2                                   |     |        | icmp_ln93_2         | setne     | auto      | 0       |
|   or_ln93_1_fu_2086_p2                                     |     |        | or_ln93_1           | or        | auto      | 0       |
|   icmp_ln93_fu_2109_p2                                     |     |        | icmp_ln93           | setne     | auto      | 0       |
|   icmp_ln93_1_fu_2115_p2                                   |     |        | icmp_ln93_1         | seteq     | auto      | 0       |
|   or_ln93_fu_2121_p2                                       |     |        | or_ln93             | or        | auto      | 0       |
|   and_ln93_fu_2127_p2                                      |     |        | and_ln93            | and       | auto      | 0       |
|   fcmp_32ns_32ns_1_2_no_dsp_1_U56                          |     |        | tmp_22              | fcmp      | auto      | 1       |
|   and_ln93_1_fu_2132_p2                                    |     |        | and_ln93_1          | and       | auto      | 0       |
|   fmul_32ns_32ns_32_4_max_dsp_1_U48                        | 3   |        | mul1                | fmul      | maxdsp    | 3       |
|   fdiv_32ns_32ns_32_12_no_dsp_1_U50                        |     |        | x_pos               | fdiv      | fabric    | 11      |
|   faddfsub_32ns_32ns_32_7_full_dsp_1_U46                   | 2   |        | p_x_assign          | fadd      | fulldsp   | 6       |
|   fpext_32ns_64_2_no_dsp_1_U54                             |     |        | x_assign            | fpext     | auto      | 1       |
|   dadd_64ns_64ns_64_5_full_dsp_1_U59                       | 3   |        | add5                | dadd      | fulldsp   | 4       |
|   dsqrt_64ns_64ns_64_21_no_dsp_1_U62                       |     |        | tmp_1               | dsqrt     | fabric    | 20      |
|   fptrunc_64ns_32_2_no_dsp_1_U53                           |     |        | distance            | fptrunc   | auto      | 1       |
|   icmp_ln97_fu_2174_p2                                     |     |        | icmp_ln97           | setne     | auto      | 0       |
|   icmp_ln97_1_fu_2180_p2                                   |     |        | icmp_ln97_1         | seteq     | auto      | 0       |
|   or_ln97_fu_2186_p2                                       |     |        | or_ln97             | or        | auto      | 0       |
|   icmp_ln97_2_fu_2147_p2                                   |     |        | icmp_ln97_2         | setne     | auto      | 0       |
|   or_ln97_1_fu_2192_p2                                     |     |        | or_ln97_1           | or        | auto      | 0       |
|   and_ln97_fu_2196_p2                                      |     |        | and_ln97            | and       | auto      | 0       |
|   fcmp_32ns_32ns_1_2_no_dsp_1_U56                          |     |        | tmp_25              | fcmp      | auto      | 1       |
|   and_ln97_1_fu_2202_p2                                    |     |        | and_ln97_1          | and       | auto      | 0       |
|   fdiv_32ns_32ns_32_12_no_dsp_1_U50                        |     |        | div2                | fdiv      | fabric    | 11      |
|   fsqrt_32ns_32ns_32_12_no_dsp_1_U58                       |     |        | tmp_2               | fsqrt     | fabric    | 11      |
|   fmul_32ns_32ns_32_4_max_dsp_1_U48                        | 3   |        | mul2                | fmul      | maxdsp    | 3       |
|   faddfsub_32ns_32ns_32_7_full_dsp_1_U46                   | 2   |        | sub4                | fadd      | fulldsp   | 6       |
|   icmp_ln98_fu_2456_p2                                     |     |        | icmp_ln98           | setne     | auto      | 0       |
|   icmp_ln98_1_fu_2462_p2                                   |     |        | icmp_ln98_1         | seteq     | auto      | 0       |
|   or_ln98_fu_2468_p2                                       |     |        | or_ln98             | or        | auto      | 0       |
|   fcmp_32ns_32ns_1_2_no_dsp_1_U56                          |     |        | tmp_27              | fcmp      | auto      | 1       |
|   and_ln98_fu_2474_p2                                      |     |        | and_ln98            | and       | auto      | 0       |
|   select_ln98_fu_2480_p3                                   |     |        | select_ln98         | select    | auto_sel  | 0       |
|   fmul_32ns_32ns_32_4_max_dsp_1_U48                        | 3   |        | rain                | fmul      | maxdsp    | 3       |
|   fdiv_32ns_32ns_32_12_no_dsp_1_U50                        |     |        | div3                | fdiv      | fabric    | 11      |
|   fdiv_32ns_32ns_32_12_no_dsp_1_U50                        |     |        | meters_per_minute   | fdiv      | fabric    | 11      |
|   fmul_32ns_32ns_32_4_max_dsp_1_U48                        | 3   |        | dc                  | fmul      | maxdsp    | 3       |
|   add_ln317_fu_2532_p2                                     |     |        | add_ln317           | add       | fabric    | 0       |
|   sub_ln18_fu_2546_p2                                      |     |        | sub_ln18            | sub       | fabric    | 0       |
|   select_ln18_fu_2556_p3                                   |     |        | select_ln18         | select    | auto_sel  | 0       |
|   lshr_ln18_fu_2572_p2                                     |     |        | lshr_ln18           | lshr      | auto_pipe | 0       |
|   shl_ln18_fu_2578_p2                                      |     |        | shl_ln18            | shl       | auto_pipe | 0       |
|   val_fu_2604_p3                                           |     |        | val                 | select    | auto_sel  | 0       |
|   result_6_fu_2616_p2                                      |     |        | result_6            | sub       | fabric    | 0       |
|   result_9_fu_2621_p3                                      |     |        | result_9            | select    | auto_sel  | 0       |
|   add_ln317_1_fu_2231_p2                                   |     |        | add_ln317_1         | add       | fabric    | 0       |
|   sub_ln18_1_fu_2245_p2                                    |     |        | sub_ln18_1          | sub       | fabric    | 0       |
|   select_ln18_2_fu_2254_p3                                 |     |        | select_ln18_2       | select    | auto_sel  | 0       |
|   lshr_ln18_1_fu_2270_p2                                   |     |        | lshr_ln18_1         | lshr      | auto_pipe | 0       |
|   shl_ln18_1_fu_2276_p2                                    |     |        | shl_ln18_1          | shl       | auto_pipe | 0       |
|   val_1_fu_2302_p3                                         |     |        | val_1               | select    | auto_sel  | 0       |
|   result_12_fu_2412_p2                                     |     |        | result_12           | sub       | fabric    | 0       |
|   result_15_fu_2417_p3                                     |     |        | result_15           | select    | auto_sel  | 0       |
|   mac_muladd_6ns_6ns_12ns_12_4_1_U63                       | 1   |        | mul_ln101           | mul       | dsp_slice | 3       |
|   add_ln317_2_fu_2333_p2                                   |     |        | add_ln317_2         | add       | fabric    | 0       |
|   sub_ln18_2_fu_2347_p2                                    |     |        | sub_ln18_2          | sub       | fabric    | 0       |
|   select_ln18_4_fu_2356_p3                                 |     |        | select_ln18_4       | select    | auto_sel  | 0       |
|   lshr_ln18_2_fu_2372_p2                                   |     |        | lshr_ln18_2         | lshr      | auto_pipe | 0       |
|   shl_ln18_2_fu_2378_p2                                    |     |        | shl_ln18_2          | shl       | auto_pipe | 0       |
|   val_2_fu_2404_p3                                         |     |        | val_2               | select    | auto_sel  | 0       |
|   result_19_fu_2427_p2                                     |     |        | result_19           | sub       | fabric    | 0       |
|   result_20_fu_2432_p3                                     |     |        | result_20           | select    | auto_sel  | 0       |
|   mac_muladd_6ns_6ns_12ns_12_4_1_U63                       | 1   |        | add_ln101_1         | add       | dsp_slice | 3       |
|   add_ln101_fu_2627_p2                                     |     |        | add_ln101           | add       | fabric    | 0       |
|   add_ln102_fu_2646_p2                                     |     |        | add_ln102           | add       | fabric    | 0       |
|   faddfsub_32ns_32ns_32_7_full_dsp_1_U46                   | 2   |        | col_pos_5           | fadd      | fulldsp   | 6       |
|   faddfsub_32ns_32ns_32_7_full_dsp_1_U46                   | 2   |        | row_pos_6           | fadd      | fulldsp   | 6       |
|   add_ln109_1_fu_2659_p2                                   |     |        | add_ln109_1         | add       | fabric    | 0       |
|   icmp_ln109_fu_2665_p2                                    |     |        | icmp_ln109          | seteq     | auto      | 0       |
|   add_ln109_fu_2671_p2                                     |     |        | add_ln109           | add       | fabric    | 0       |
|   icmp_ln110_fu_2681_p2                                    |     |        | icmp_ln110          | seteq     | auto      | 0       |
|   add_ln110_fu_2687_p2                                     |     |        | add_ln110           | add       | fabric    | 0       |
|   add_ln117_fu_2697_p2                                     |     |        | add_ln117           | add       | fabric    | 0       |
|   icmp_ln111_fu_2711_p2                                    |     |        | icmp_ln111          | setgt     | auto      | 0       |
|   sitofp_32ns_32_4_no_dsp_1_U52                            |     |        | conv3               | sitofp    | auto      | 3       |
|   fdiv_32ns_32ns_32_12_no_dsp_1_U50                        |     |        | div9                | fdiv      | fabric    | 11      |
|   faddfsub_32ns_32ns_32_7_full_dsp_1_U46                   | 2   |        | current_height      | fadd      | fulldsp   | 6       |
|   icmp_ln139_1_fu_2734_p2                                  |     |        | icmp_ln139_1        | seteq     | auto      | 0       |
|   icmp_ln121_fu_2740_p2                                    |     |        | icmp_ln121          | seteq     | auto      | 0       |
|   add_ln121_fu_2746_p2                                     |     |        | add_ln121           | add       | fabric    | 0       |
|   new_row_fu_2762_p2                                       |     |        | new_row             | add       | fabric    | 0       |
|   new_col_fu_2784_p2                                       |     |        | new_col             | add       | fabric    | 0       |
|   icmp_ln128_fu_2767_p2                                    |     |        | icmp_ln128          | setgt     | auto      | 0       |
|   icmp_ln128_1_fu_2789_p2                                  |     |        | icmp_ln128_1        | setgt     | auto      | 0       |
|   or_ln128_fu_2808_p2                                      |     |        | or_ln128            | or        | auto      | 0       |
|   mac_muladd_6ns_6ns_7s_12_4_1_U64                         | 1   |        | mul_ln134           | mul       | dsp_slice | 3       |
|   mac_muladd_6ns_6ns_7s_12_4_1_U64                         | 1   |        | add_ln134           | add       | dsp_slice | 3       |
|   sitofp_32ns_32_4_no_dsp_1_U52                            |     |        | conv6               | sitofp    | auto      | 3       |
|   fdiv_32ns_32ns_32_12_no_dsp_1_U50                        |     |        | div4                | fdiv      | fabric    | 11      |
|   faddfsub_32ns_32ns_32_7_full_dsp_1_U46                   | 2   |        | neighbor_height     | fadd      | fulldsp   | 6       |
|   neighbor_height_1_fu_2812_p3                             |     |        | neighbor_height_1   | select    | auto_sel  | 0       |
|   grp_fu_1228_p2                                           |     |        | icmp_ln139          | setne     | auto      | 0       |
|   or_ln139_fu_2848_p2                                      |     |        | or_ln139            | or        | auto      | 0       |
|   icmp_ln139_2_fu_2836_p2                                  |     |        | icmp_ln139_2        | setne     | auto      | 0       |
|   icmp_ln139_3_fu_2842_p2                                  |     |        | icmp_ln139_3        | seteq     | auto      | 0       |
|   or_ln139_1_fu_2852_p2                                    |     |        | or_ln139_1          | or        | auto      | 0       |
|   and_ln139_fu_2856_p2                                     |     |        | and_ln139           | and       | auto      | 0       |
|   fcmp_32ns_32ns_1_2_no_dsp_1_U56                          |     |        | tmp_42              | fcmp      | auto      | 1       |
|   and_ln139_1_fu_2862_p2                                   |     |        | and_ln139_1         | and       | auto      | 0       |
|   faddfsub_32ns_32ns_32_7_full_dsp_1_U46                   | 2   |        | height_diff         | fadd      | fulldsp   | 6       |
|   faddfsub_32ns_32ns_32_7_full_dsp_1_U46                   | 2   |        | sum_diff_2          | fadd      | fulldsp   | 6       |
|   icmp_ln142_fu_2904_p2                                    |     |        | icmp_ln142          | setne     | auto      | 0       |
|   icmp_ln142_1_fu_2910_p2                                  |     |        | icmp_ln142_1        | seteq     | auto      | 0       |
|   or_ln142_fu_2916_p2                                      |     |        | or_ln142            | or        | auto      | 0       |
|   icmp_ln142_2_fu_2922_p2                                  |     |        | icmp_ln142_2        | setne     | auto      | 0       |
|   icmp_ln142_3_fu_2928_p2                                  |     |        | icmp_ln142_3        | seteq     | auto      | 0       |
|   or_ln142_1_fu_2934_p2                                    |     |        | or_ln142_1          | or        | auto      | 0       |
|   and_ln142_fu_2940_p2                                     |     |        | and_ln142           | and       | auto      | 0       |
|   fcmp_32ns_32ns_1_2_no_dsp_1_U56                          |     |        | tmp_46              | fcmp      | auto      | 1       |
|   and_ln142_1_fu_2946_p2                                   |     |        | and_ln142_1         | and       | auto      | 0       |
|   my_spillage_level_3_fu_2952_p3                           |     |        | my_spillage_level_3 | select    | auto_sel  | 0       |
|   sum_diff_1_fu_2967_p3                                    |     |        | sum_diff_1          | select    | auto_sel  | 0       |
|   my_spillage_level_1_fu_2960_p3                           |     |        | my_spillage_level_1 | select    | auto_sel  | 0       |
|   icmp_ln145_fu_3010_p2                                    |     |        | icmp_ln145          | setne     | auto      | 0       |
|   icmp_ln145_1_fu_3016_p2                                  |     |        | icmp_ln145_1        | seteq     | auto      | 0       |
|   or_ln145_fu_3022_p2                                      |     |        | or_ln145            | or        | auto      | 0       |
|   icmp_ln145_2_fu_3028_p2                                  |     |        | icmp_ln145_2        | setne     | auto      | 0       |
|   icmp_ln145_3_fu_3034_p2                                  |     |        | icmp_ln145_3        | seteq     | auto      | 0       |
|   or_ln145_1_fu_3040_p2                                    |     |        | or_ln145_1          | or        | auto      | 0       |
|   and_ln145_fu_3046_p2                                     |     |        | and_ln145           | and       | auto      | 0       |
|   fcmp_32ns_32ns_1_2_no_dsp_1_U56                          |     |        | tmp_37              | fcmp      | auto      | 1       |
|   and_ln145_1_fu_3052_p2                                   |     |        | and_ln145_1         | and       | auto      | 0       |
|   my_spillage_level_fu_3058_p3                             |     |        | my_spillage_level   | select    | auto_sel  | 0       |
|   icmp_ln148_fu_3084_p2                                    |     |        | icmp_ln148          | setne     | auto      | 0       |
|   icmp_ln148_1_fu_3090_p2                                  |     |        | icmp_ln148_1        | seteq     | auto      | 0       |
|   or_ln148_fu_3096_p2                                      |     |        | or_ln148            | or        | auto      | 0       |
|   fcmp_32ns_32ns_1_2_no_dsp_1_U57                          |     |        | tmp_39              | fcmp      | auto      | 1       |
|   and_ln148_fu_3102_p2                                     |     |        | and_ln148           | and       | auto      | 0       |
|   fdiv_32ns_32ns_32_12_no_dsp_1_U50                        |     |        | proportion          | fdiv      | fabric    | 11      |
|   fpext_32ns_64_2_no_dsp_1_U54                             |     |        | conv5               | fpext     | auto      | 1       |
|   icmp_ln151_fu_3126_p2                                    |     |        | icmp_ln151          | setne     | auto      | 0       |
|   icmp_ln151_1_fu_3132_p2                                  |     |        | icmp_ln151_1        | seteq     | auto      | 0       |
|   or_ln151_fu_3138_p2                                      |     |        | or_ln151            | or        | auto      | 0       |
|   dcmp_64ns_64ns_1_2_no_dsp_1_U60                          |     |        | tmp_49              | dcmp      | auto      | 1       |
|   and_ln151_fu_3142_p2                                     |     |        | and_ln151           | and       | auto      | 0       |
|   grp_fu_1228_p2                                           |     |        | notlhs159           | setne     | auto      | 0       |
|   empty_86_fu_3162_p2                                      |     |        | empty_86            | or        | auto      | 0       |
|   notlhs161_fu_3167_p2                                     |     |        | notlhs161           | setne     | auto      | 0       |
|   notrhs162_fu_3173_p2                                     |     |        | notrhs162           | seteq     | auto      | 0       |
|   empty_87_fu_3179_p2                                      |     |        | empty_87            | or        | auto      | 0       |
|   empty_88_fu_3183_p2                                      |     |        | empty_88            | and       | auto      | 0       |
|   fcmp_32ns_32ns_1_2_no_dsp_1_U56                          |     |        | tmp_52              | fcmp      | auto      | 1       |
|   empty_89_fu_3188_p2                                      |     |        | empty_89            | and       | auto      | 0       |
|   faddfsub_32ns_32ns_32_7_full_dsp_1_U46                   | 2   |        | sub5                | fadd      | fulldsp   | 6       |
|   fmul_32ns_32ns_32_4_max_dsp_1_U48                        | 3   |        | mul6                | fmul      | maxdsp    | 3       |
|   fmul_32ns_32ns_32_4_max_dsp_1_U48                        | 3   |        | div5                | fmul      | maxdsp    | 3       |
|   fmul_32ns_32ns_32_4_max_dsp_1_U48                        | 3   |        | dc_5                | fmul      | maxdsp    | 3       |
|   icmp_ln156_fu_3198_p2                                    |     |        | icmp_ln156          | seteq     | auto      | 0       |
|   add_ln156_fu_3204_p2                                     |     |        | add_ln156           | add       | fabric    | 0       |
|   new_row_1_fu_3224_p2                                     |     |        | new_row_1           | add       | fabric    | 0       |
|   new_col_1_fu_3233_p2                                     |     |        | new_col_1           | add       | fabric    | 0       |
|   icmp_ln163_fu_3238_p2                                    |     |        | icmp_ln163          | setgt     | auto      | 0       |
|   icmp_ln163_1_fu_3244_p2                                  |     |        | icmp_ln163_1        | setgt     | auto      | 0       |
|   or_ln163_fu_3250_p2                                      |     |        | or_ln163            | or        | auto      | 0       |
|   mac_muladd_6ns_6ns_6ns_12_4_1_U65                        | 1   |        | mul_ln173           | mul       | dsp_slice | 3       |
|   mac_muladd_6ns_6ns_6ns_12_4_1_U65                        | 1   |        | add_ln173           | add       | dsp_slice | 3       |
|   add_ln177_fu_3283_p2                                     |     |        | add_ln177           | add       | fabric    | 0       |
|   sitofp_32ns_32_4_no_dsp_1_U52                            |     |        | conv7               | sitofp    | auto      | 3       |
|   fdiv_32ns_32ns_32_12_no_dsp_1_U50                        |     |        | div8                | fdiv      | fabric    | 11      |
|   faddfsub_32ns_32ns_32_7_full_dsp_1_U46                   | 2   |        | neighbor_height_3   | fadd      | fulldsp   | 6       |
|   icmp_ln175_fu_3316_p2                                    |     |        | icmp_ln175          | setne     | auto      | 0       |
|   icmp_ln175_1_fu_3322_p2                                  |     |        | icmp_ln175_1        | seteq     | auto      | 0       |
|   or_ln175_fu_3328_p2                                      |     |        | or_ln175            | or        | auto      | 0       |
|   and_ln175_fu_3334_p2                                     |     |        | and_ln175           | and       | auto      | 0       |
|   fcmp_32ns_32ns_1_2_no_dsp_1_U56                          |     |        | tmp_54              | fcmp      | auto      | 1       |
|   and_ln175_1_fu_3339_p2                                   |     |        | and_ln175_1         | and       | auto      | 0       |
|   faddfsub_32ns_32ns_32_7_full_dsp_1_U46                   | 2   |        | sub7                | fadd      | fulldsp   | 6       |
|   fmul_32ns_32ns_32_4_max_dsp_1_U48                        | 3   |        | mul9                | fmul      | maxdsp    | 3       |
|   add_ln317_5_fu_3375_p2                                   |     |        | add_ln317_5         | add       | fabric    | 0       |
|   sub_ln18_5_fu_3389_p2                                    |     |        | sub_ln18_5          | sub       | fabric    | 0       |
|   select_ln18_10_fu_3399_p3                                |     |        | select_ln18_10      | select    | auto_sel  | 0       |
|   lshr_ln18_5_fu_3415_p2                                   |     |        | lshr_ln18_5         | lshr      | auto_pipe | 0       |
|   shl_ln18_5_fu_3421_p2                                    |     |        | shl_ln18_5          | shl       | auto_pipe | 0       |
|   val_3_fu_3447_p3                                         |     |        | val_3               | select    | auto_sel  | 0       |
|   result_26_fu_3462_p2                                     |     |        | result_26           | sub       | fabric    | 0       |
|   result_27_fu_3467_p3                                     |     |        | result_27           | select    | auto_sel  | 0       |
|   add_ln168_fu_3488_p2                                     |     |        | add_ln168           | add       | fabric    | 0       |
|   add_ln191_1_fu_3518_p2                                   |     |        | add_ln191_1         | add       | fabric    | 0       |
|   icmp_ln191_fu_3524_p2                                    |     |        | icmp_ln191          | seteq     | auto      | 0       |
|   add_ln191_fu_3530_p2                                     |     |        | add_ln191           | add       | fabric    | 0       |
|   icmp_ln193_fu_3536_p2                                    |     |        | icmp_ln193          | seteq     | auto      | 0       |
|   add_ln193_fu_3542_p2                                     |     |        | add_ln193           | add       | fabric    | 0       |
|   add_ln196_fu_3552_p2                                     |     |        | add_ln196           | add       | fabric    | 0       |
|   icmp_ln199_fu_3582_p2                                    |     |        | icmp_ln199          | setne     | auto      | 0       |
|   icmp_ln199_1_fu_3588_p2                                  |     |        | icmp_ln199_1        | seteq     | auto      | 0       |
|   or_ln199_fu_3594_p2                                      |     |        | or_ln199            | or        | auto      | 0       |
|   fcmp_32ns_32ns_1_2_no_dsp_1_U56                          |     |        | tmp_29              | fcmp      | auto      | 1       |
|   and_ln199_fu_3598_p2                                     |     |        | and_ln199           | and       | auto      | 0       |
|   fmul_32ns_32ns_32_4_max_dsp_1_U48                        | 3   |        | spill               | fmul      | maxdsp    | 3       |
|   fmul_32ns_32ns_32_4_max_dsp_1_U48                        | 3   |        | dc_3                | fmul      | maxdsp    | 3       |
|   add_ln317_3_fu_3844_p2                                   |     |        | add_ln317_3         | add       | fabric    | 0       |
|   sub_ln18_3_fu_3858_p2                                    |     |        | sub_ln18_3          | sub       | fabric    | 0       |
|   select_ln18_6_fu_3868_p3                                 |     |        | select_ln18_6       | select    | auto_sel  | 0       |
|   lshr_ln18_3_fu_3884_p2                                   |     |        | lshr_ln18_3         | lshr      | auto_pipe | 0       |
|   shl_ln18_3_fu_3890_p2                                    |     |        | shl_ln18_3          | shl       | auto_pipe | 0       |
|   val_4_fu_3916_p3                                         |     |        | val_4               | select    | auto_sel  | 0       |
|   result_22_fu_3938_p2                                     |     |        | result_22           | sub       | fabric    | 0       |
|   result_28_fu_3943_p3                                     |     |        | result_28           | select    | auto_sel  | 0       |
|   wl_1_fu_3950_p2                                          |     |        | wl_1                | sub       | fabric    | 0       |
|   fpext_32ns_64_2_no_dsp_1_U54                             |     |        | max_spillage_iter_5 | fpext     | auto      | 1       |
|   icmp_ln207_fu_3655_p2                                    |     |        | icmp_ln207          | setne     | auto      | 0       |
|   icmp_ln207_1_fu_3661_p2                                  |     |        | icmp_ln207_1        | seteq     | auto      | 0       |
|   or_ln207_fu_3667_p2                                      |     |        | or_ln207            | or        | auto      | 0       |
|   icmp_ln207_2_fu_3673_p2                                  |     |        | icmp_ln207_2        | setne     | auto      | 0       |
|   icmp_ln207_3_fu_3679_p2                                  |     |        | icmp_ln207_3        | seteq     | auto      | 0       |
|   or_ln207_1_fu_3685_p2                                    |     |        | or_ln207_1          | or        | auto      | 0       |
|   and_ln207_fu_3691_p2                                     |     |        | and_ln207           | and       | auto      | 0       |
|   dcmp_64ns_64ns_1_2_no_dsp_1_U60                          |     |        | tmp_32              | dcmp      | auto      | 1       |
|   and_ln207_1_fu_3697_p2                                   |     |        | and_ln207_1         | and       | auto      | 0       |
|   max_spillage_iter_8_fu_3703_p3                           |     |        | max_spillage_iter_8 | select    | auto_sel  | 0       |
|   icmp_ln211_fu_3731_p2                                    |     |        | icmp_ln211          | setne     | auto      | 0       |
|   icmp_ln211_1_fu_3737_p2                                  |     |        | icmp_ln211_1        | seteq     | auto      | 0       |
|   or_ln211_fu_3743_p2                                      |     |        | or_ln211            | or        | auto      | 0       |
|   and_ln211_fu_3749_p2                                     |     |        | and_ln211           | and       | auto      | 0       |
|   dcmp_64ns_64ns_1_2_no_dsp_1_U61                          |     |        | tmp_34              | dcmp      | auto      | 1       |
|   and_ln211_1_fu_3755_p2                                   |     |        | and_ln211_1         | and       | auto      | 0       |
|   and_ln211_2_fu_3788_p2                                   |     |        | and_ln211_2         | and       | auto      | 0       |
|   empty_95_fu_3793_p3                                      |     |        | empty_95            | select    | auto_sel  | 0       |
|   max_spillage_iter_3_fu_3801_p3                           |     |        | max_spillage_iter_3 | select    | auto_sel  | 0       |
|   wl_2_fu_3956_p3                                          |     |        | wl_2                | select    | auto_sel  | 0       |
|   icmp_ln221_fu_3963_p2                                    |     |        | icmp_ln221          | seteq     | auto      | 0       |
|   add_ln221_fu_3969_p2                                     |     |        | add_ln221           | add       | fabric    | 0       |
|   add_ln222_fu_3979_p2                                     |     |        | add_ln222           | add       | fabric    | 0       |
|   fmul_32ns_32ns_32_4_max_dsp_1_U48                        | 3   |        | div7                | fmul      | maxdsp    | 3       |
|   fmul_32ns_32ns_32_4_max_dsp_1_U48                        | 3   |        | dc_4                | fmul      | maxdsp    | 3       |
|   add_ln317_4_fu_4031_p2                                   |     |        | add_ln317_4         | add       | fabric    | 0       |
|   sub_ln18_4_fu_4045_p2                                    |     |        | sub_ln18_4          | sub       | fabric    | 0       |
|   select_ln18_8_fu_4055_p3                                 |     |        | select_ln18_8       | select    | auto_sel  | 0       |
|   lshr_ln18_4_fu_4071_p2                                   |     |        | lshr_ln18_4         | lshr      | auto_pipe | 0       |
|   shl_ln18_4_fu_4077_p2                                    |     |        | shl_ln18_4          | shl       | auto_pipe | 0       |
|   val_5_fu_4103_p3                                         |     |        | val_5               | select    | auto_sel  | 0       |
|   result_23_fu_4118_p2                                     |     |        | result_23           | sub       | fabric    | 0       |
|   result_24_fu_4123_p3                                     |     |        | result_24           | select    | auto_sel  | 0       |
|   spill_acc_1_fu_4130_p2                                   |     |        | spill_acc_1         | add       | fabric    | 0       |
|   wl_3_fu_3989_p2                                          |     |        | wl_3                | add       | fabric    | 0       |
|   add_ln234_1_fu_4136_p2                                   |     |        | add_ln234_1         | add       | fabric    | 0       |
|   icmp_ln234_fu_4142_p2                                    |     |        | icmp_ln234          | seteq     | auto      | 0       |
|   add_ln234_fu_4148_p2                                     |     |        | add_ln234           | add       | fabric    | 0       |
|   icmp_ln235_fu_4168_p2                                    |     |        | icmp_ln235          | seteq     | auto      | 0       |
|   add_ln235_fu_4174_p2                                     |     |        | add_ln235           | add       | fabric    | 0       |
|   add_ln241_fu_4184_p2                                     |     |        | add_ln241           | add       | fabric    | 0       |
|   icmp_ln236_fu_4204_p2                                    |     |        | icmp_ln236          | seteq     | auto      | 0       |
|   add_ln236_fu_4210_p2                                     |     |        | add_ln236           | add       | fabric    | 0       |
|   add_ln239_fu_4220_p2                                     |     |        | add_ln239           | add       | fabric    | 0       |
|   add_ln249_1_fu_4236_p2                                   |     |        | add_ln249_1         | add       | fabric    | 0       |
|   icmp_ln249_fu_4242_p2                                    |     |        | icmp_ln249          | seteq     | auto      | 0       |
|   add_ln249_fu_4248_p2                                     |     |        | add_ln249           | add       | fabric    | 0       |
|   icmp_ln250_fu_4272_p2                                    |     |        | icmp_ln250          | seteq     | auto      | 0       |
|   add_ln250_fu_4278_p2                                     |     |        | add_ln250           | add       | fabric    | 0       |
|   add_ln251_fu_4288_p2                                     |     |        | add_ln251           | add       | fabric    | 0       |
|   sitofp_32ns_32_4_no_dsp_1_U52                            |     |        | conv1               | sitofp    | auto      | 3       |
|   fdiv_32ns_32ns_32_12_no_dsp_1_U50                        |     |        | div6                | fdiv      | fabric    | 11      |
|   icmp_ln251_fu_4356_p2                                    |     |        | icmp_ln251          | setne     | auto      | 0       |
|   icmp_ln251_1_fu_4362_p2                                  |     |        | icmp_ln251_1        | seteq     | auto      | 0       |
|   or_ln251_fu_4368_p2                                      |     |        | or_ln251            | or        | auto      | 0       |
|   icmp_ln251_2_fu_4374_p2                                  |     |        | icmp_ln251_2        | setne     | auto      | 0       |
|   icmp_ln251_3_fu_4380_p2                                  |     |        | icmp_ln251_3        | seteq     | auto      | 0       |
|   or_ln251_1_fu_4386_p2                                    |     |        | or_ln251_1          | or        | auto      | 0       |
|   and_ln251_fu_4392_p2                                     |     |        | and_ln251           | and       | auto      | 0       |
|   fcmp_32ns_32ns_1_2_no_dsp_1_U56                          |     |        | tmp_17              | fcmp      | auto      | 1       |
|   and_ln251_1_fu_4398_p2                                   |     |        | and_ln251_1         | and       | auto      | 0       |
|   select_ln251_fu_4404_p3                                  |     |        | select_ln251        | select    | auto_sel  | 0       |
|   add_ln253_fu_4310_p2                                     |     |        | add_ln253           | add       | fabric    | 0       |
|  + pow_generic_double_s (grp_pow_generic_double_s_fu_1054) | 65  |        |                     |           |           |         |
|    b_exp_fu_630_p2                                         |     |        | b_exp               | add       | fabric    | 0       |
|    icmp_ln340_fu_636_p2                                    |     |        | icmp_ln340          | seteq     | auto      | 0       |
|    icmp_ln340_1_fu_642_p2                                  |     |        | icmp_ln340_1        | seteq     | auto      | 0       |
|    x_is_1_fu_648_p2                                        |     |        | x_is_1              | and       | auto      | 0       |
|    xor_ln341_fu_662_p2                                     |     |        | xor_ln341           | xor       | auto      | 0       |
|    x_is_p1_fu_668_p2                                       |     |        | x_is_p1             | and       | auto      | 0       |
|    icmp_ln18_fu_674_p2                                     |     |        | icmp_ln18           | seteq     | auto      | 0       |
|    xor_ln18_fu_2060_p2                                     |     |        | xor_ln18            | xor       | auto      | 0       |
|    x_is_NaN_fu_2065_p2                                     |     |        | x_is_NaN            | and       | auto      | 0       |
|    or_ln378_fu_2070_p2                                     |     |        | or_ln378            | or        | auto      | 0       |
|    select_ln378_fu_2075_p3                                 |     |        | select_ln378        | select    | auto_sel  | 0       |
|    or_ln378_1_fu_2082_p2                                   |     |        | or_ln378_1          | or        | auto      | 0       |
|    select_ln378_1_fu_2087_p3                               |     |        | select_ln378_1      | select    | auto_sel  | 0       |
|    or_ln378_2_fu_2095_p2                                   |     |        | or_ln378_2          | or        | auto      | 0       |
|    select_ln378_2_fu_2099_p3                               |     |        | select_ln378_2      | select    | auto_sel  | 0       |
|    UnifiedRetVal_fu_2153_p2                                |     |        | select_ln378_3      | select    | auto_sel  | 0       |
|    b_exp_1_fu_698_p2                                       |     |        | b_exp_1             | add       | fabric    | 0       |
|    b_frac_2_fu_773_p3                                      |     |        | b_frac_2            | select    | auto_sel  | 0       |
|    b_exp_2_fu_704_p3                                       |     |        | b_exp_2             | select    | auto_sel  | 0       |
|    mul_12s_80ns_90_5_1_U1                                  | 5   |        | Elog2               | mul       | auto      | 4       |
|    mul_54s_6ns_54_3_1_U7                                   | 3   |        | mul_ln516           | mul       | auto      | 2       |
|    select_ln42_fu_848_p3                                   |     |        | select_ln42         | select    | auto_sel  | 0       |
|    mul_71ns_4ns_75_5_1_U14                                 |     |        | mul_ln44            | mul       | auto      | 4       |
|    mul_73ns_6ns_79_5_1_U8                                  | 4   |        | mul_ln44_1          | mul       | auto      | 4       |
|    mul_83ns_6ns_89_5_1_U11                                 | 5   |        | mul_ln44_2          | mul       | auto      | 4       |
|    mul_92ns_6ns_98_5_1_U13                                 | 5   |        | mul_ln44_3          | mul       | auto      | 4       |
|    mul_87ns_6ns_93_5_1_U12                                 | 5   |        | mul_ln44_4          | mul       | auto      | 4       |
|    mul_82ns_6ns_88_5_1_U10                                 | 5   |        | mul_ln44_5          | mul       | auto      | 4       |
|    mul_77ns_6ns_83_5_1_U9                                  | 4   |        | mul_ln44_6          | mul       | auto      | 4       |
|    add_ln209_fu_1488_p2                                    |     |        | add_ln209           | add       | fabric    | 0       |
|    add_ln209_1_fu_1494_p2                                  |     |        | add_ln209_1         | add       | fabric    | 0       |
|    add_ln209_4_fu_1506_p2                                  |     |        | add_ln209_4         | add       | fabric    | 0       |
|    mul_40ns_40ns_80_2_1_U3                                 | 5   |        | mul_ln522           | mul       | auto      | 1       |
|    sub_ln522_fu_1563_p2                                    |     |        | sub_ln522           | sub       | fabric    | 0       |
|    mac_muladd_16s_15ns_19s_31_4_1_U16                      | 1   |        | mul_ln563           | mul       | dsp_slice | 3       |
|    mac_muladd_16s_15ns_19s_31_4_1_U16                      | 1   |        | add_ln563           | add       | dsp_slice | 3       |
|    icmp_ln563_fu_1667_p2                                   |     |        | icmp_ln563          | setne     | auto      | 0       |
|    add_ln563_1_fu_1673_p2                                  |     |        | add_ln563_1         | add       | fabric    | 0       |
|    select_ln563_fu_1679_p3                                 |     |        | select_ln563        | select    | auto_sel  | 0       |
|    r_exp_fu_1687_p3                                        |     |        | r_exp               | select    | auto_sel  | 0       |
|    mul_13s_71s_71_5_1_U2                                   | 4   |        | mul_ln568           | mul       | auto      | 4       |
|    sub_ln574_fu_1709_p2                                    |     |        | sub_ln574           | sub       | fabric    | 0       |
|    exp_Z4_m_1_fu_1784_p2                                   |     |        | exp_Z4_m_1          | add       | fabric    | 0       |
|    mul_43ns_36ns_79_2_1_U4                                 | 4   |        | mul_ln258           | mul       | auto      | 1       |
|    add_ln261_fu_1827_p2                                    |     |        | add_ln261           | add       | fabric    | 0       |
|    exp_Z2P_m_1_fu_1836_p2                                  |     |        | exp_Z2P_m_1         | add       | fabric    | 0       |
|    mul_49ns_44ns_93_3_1_U5                                 | 6   |        | mul_ln277           | mul       | auto      | 2       |
|    add_ln280_fu_1900_p2                                    |     |        | add_ln280           | add       | fabric    | 0       |
|    exp_Z1P_m_1_l_fu_1909_p2                                |     |        | exp_Z1P_m_1_l       | add       | fabric    | 0       |
|    add_ln616_fu_1943_p2                                    |     |        | add_ln616           | add       | fabric    | 0       |
|    mul_50ns_50ns_100_3_1_U6                                | 9   |        | mul_ln616           | mul       | auto      | 2       |
|    add_ln616_1_fu_1958_p2                                  |     |        | add_ln616_1         | add       | fabric    | 0       |
|    r_exp_1_fu_1972_p2                                      |     |        | r_exp_1             | add       | fabric    | 0       |
|    r_exp_2_fu_1977_p3                                      |     |        | r_exp_2             | select    | auto_sel  | 0       |
|    icmp_ln628_fu_1994_p2                                   |     |        | icmp_ln628          | setgt     | auto      | 0       |
|    UnifiedRetVal_fu_2153_p4                                |     |        | select_ln629        | select    | auto_sel  | 0       |
|    icmp_ln645_fu_2000_p2                                   |     |        | icmp_ln645          | setlt     | auto      | 0       |
|    out_sig_fu_2026_p3                                      |     |        | out_sig             | select    | auto_sel  | 0       |
|    out_exp_fu_2122_p2                                      |     |        | out_exp             | add       | fabric    | 0       |
|    icmp_ln378_fu_717_p2                                    |     |        | icmp_ln378          | seteq     | auto      | 0       |
|    or_ln378_3_fu_2140_p2                                   |     |        | or_ln378_3          | or        | auto      | 0       |
|    xor_ln340_fu_723_p2                                     |     |        | xor_ln340           | xor       | auto      | 0       |
|    icmp_ln378_1_fu_729_p2                                  |     |        | icmp_ln378_1        | setne     | auto      | 0       |
|    icmp_ln378_2_fu_735_p2                                  |     |        | icmp_ln378_2        | setne     | auto      | 0       |
|    and_ln378_fu_741_p2                                     |     |        | and_ln378           | and       | auto      | 0       |
|    and_ln378_1_fu_747_p2                                   |     |        | and_ln378_1         | and       | auto      | 0       |
|    and_ln628_fu_2038_p2                                    |     |        | and_ln628           | and       | auto      | 0       |
|    xor_ln628_fu_2043_p2                                    |     |        | xor_ln628           | xor       | auto      | 0       |
|    and_ln645_fu_2049_p2                                    |     |        | and_ln645           | and       | auto      | 0       |
|    and_ln645_1_fu_2055_p2                                  |     |        | and_ln645_1         | and       | auto      | 0       |
|    sparsemux_9_3_64_1_1_U15                                |     |        | UnifiedRetVal       | sparsemux | auto      | 0       |
|  + pow_generic_double_s (grp_pow_generic_double_s_fu_1083) | 65  |        |                     |           |           |         |
|    b_exp_fu_630_p2                                         |     |        | b_exp               | add       | fabric    | 0       |
|    icmp_ln340_fu_636_p2                                    |     |        | icmp_ln340          | seteq     | auto      | 0       |
|    icmp_ln340_1_fu_642_p2                                  |     |        | icmp_ln340_1        | seteq     | auto      | 0       |
|    x_is_1_fu_648_p2                                        |     |        | x_is_1              | and       | auto      | 0       |
|    xor_ln341_fu_662_p2                                     |     |        | xor_ln341           | xor       | auto      | 0       |
|    x_is_p1_fu_668_p2                                       |     |        | x_is_p1             | and       | auto      | 0       |
|    icmp_ln18_fu_674_p2                                     |     |        | icmp_ln18           | seteq     | auto      | 0       |
|    xor_ln18_fu_2060_p2                                     |     |        | xor_ln18            | xor       | auto      | 0       |
|    x_is_NaN_fu_2065_p2                                     |     |        | x_is_NaN            | and       | auto      | 0       |
|    or_ln378_fu_2070_p2                                     |     |        | or_ln378            | or        | auto      | 0       |
|    select_ln378_fu_2075_p3                                 |     |        | select_ln378        | select    | auto_sel  | 0       |
|    or_ln378_1_fu_2082_p2                                   |     |        | or_ln378_1          | or        | auto      | 0       |
|    select_ln378_1_fu_2087_p3                               |     |        | select_ln378_1      | select    | auto_sel  | 0       |
|    or_ln378_2_fu_2095_p2                                   |     |        | or_ln378_2          | or        | auto      | 0       |
|    select_ln378_2_fu_2099_p3                               |     |        | select_ln378_2      | select    | auto_sel  | 0       |
|    UnifiedRetVal_fu_2153_p2                                |     |        | select_ln378_3      | select    | auto_sel  | 0       |
|    b_exp_1_fu_698_p2                                       |     |        | b_exp_1             | add       | fabric    | 0       |
|    b_frac_2_fu_773_p3                                      |     |        | b_frac_2            | select    | auto_sel  | 0       |
|    b_exp_2_fu_704_p3                                       |     |        | b_exp_2             | select    | auto_sel  | 0       |
|    mul_12s_80ns_90_5_1_U1                                  | 5   |        | Elog2               | mul       | auto      | 4       |
|    mul_54s_6ns_54_3_1_U7                                   | 3   |        | mul_ln516           | mul       | auto      | 2       |
|    select_ln42_fu_848_p3                                   |     |        | select_ln42         | select    | auto_sel  | 0       |
|    mul_71ns_4ns_75_5_1_U14                                 |     |        | mul_ln44            | mul       | auto      | 4       |
|    mul_73ns_6ns_79_5_1_U8                                  | 4   |        | mul_ln44_1          | mul       | auto      | 4       |
|    mul_83ns_6ns_89_5_1_U11                                 | 5   |        | mul_ln44_2          | mul       | auto      | 4       |
|    mul_92ns_6ns_98_5_1_U13                                 | 5   |        | mul_ln44_3          | mul       | auto      | 4       |
|    mul_87ns_6ns_93_5_1_U12                                 | 5   |        | mul_ln44_4          | mul       | auto      | 4       |
|    mul_82ns_6ns_88_5_1_U10                                 | 5   |        | mul_ln44_5          | mul       | auto      | 4       |
|    mul_77ns_6ns_83_5_1_U9                                  | 4   |        | mul_ln44_6          | mul       | auto      | 4       |
|    add_ln209_fu_1488_p2                                    |     |        | add_ln209           | add       | fabric    | 0       |
|    add_ln209_1_fu_1494_p2                                  |     |        | add_ln209_1         | add       | fabric    | 0       |
|    add_ln209_4_fu_1506_p2                                  |     |        | add_ln209_4         | add       | fabric    | 0       |
|    mul_40ns_40ns_80_2_1_U3                                 | 5   |        | mul_ln522           | mul       | auto      | 1       |
|    sub_ln522_fu_1563_p2                                    |     |        | sub_ln522           | sub       | fabric    | 0       |
|    mac_muladd_16s_15ns_19s_31_4_1_U16                      | 1   |        | mul_ln563           | mul       | dsp_slice | 3       |
|    mac_muladd_16s_15ns_19s_31_4_1_U16                      | 1   |        | add_ln563           | add       | dsp_slice | 3       |
|    icmp_ln563_fu_1667_p2                                   |     |        | icmp_ln563          | setne     | auto      | 0       |
|    add_ln563_1_fu_1673_p2                                  |     |        | add_ln563_1         | add       | fabric    | 0       |
|    select_ln563_fu_1679_p3                                 |     |        | select_ln563        | select    | auto_sel  | 0       |
|    r_exp_fu_1687_p3                                        |     |        | r_exp               | select    | auto_sel  | 0       |
|    mul_13s_71s_71_5_1_U2                                   | 4   |        | mul_ln568           | mul       | auto      | 4       |
|    sub_ln574_fu_1709_p2                                    |     |        | sub_ln574           | sub       | fabric    | 0       |
|    exp_Z4_m_1_fu_1784_p2                                   |     |        | exp_Z4_m_1          | add       | fabric    | 0       |
|    mul_43ns_36ns_79_2_1_U4                                 | 4   |        | mul_ln258           | mul       | auto      | 1       |
|    add_ln261_fu_1827_p2                                    |     |        | add_ln261           | add       | fabric    | 0       |
|    exp_Z2P_m_1_fu_1836_p2                                  |     |        | exp_Z2P_m_1         | add       | fabric    | 0       |
|    mul_49ns_44ns_93_3_1_U5                                 | 6   |        | mul_ln277           | mul       | auto      | 2       |
|    add_ln280_fu_1900_p2                                    |     |        | add_ln280           | add       | fabric    | 0       |
|    exp_Z1P_m_1_l_fu_1909_p2                                |     |        | exp_Z1P_m_1_l       | add       | fabric    | 0       |
|    add_ln616_fu_1943_p2                                    |     |        | add_ln616           | add       | fabric    | 0       |
|    mul_50ns_50ns_100_3_1_U6                                | 9   |        | mul_ln616           | mul       | auto      | 2       |
|    add_ln616_1_fu_1958_p2                                  |     |        | add_ln616_1         | add       | fabric    | 0       |
|    r_exp_1_fu_1972_p2                                      |     |        | r_exp_1             | add       | fabric    | 0       |
|    r_exp_2_fu_1977_p3                                      |     |        | r_exp_2             | select    | auto_sel  | 0       |
|    icmp_ln628_fu_1994_p2                                   |     |        | icmp_ln628          | setgt     | auto      | 0       |
|    UnifiedRetVal_fu_2153_p4                                |     |        | select_ln629        | select    | auto_sel  | 0       |
|    icmp_ln645_fu_2000_p2                                   |     |        | icmp_ln645          | setlt     | auto      | 0       |
|    out_sig_fu_2026_p3                                      |     |        | out_sig             | select    | auto_sel  | 0       |
|    out_exp_fu_2122_p2                                      |     |        | out_exp             | add       | fabric    | 0       |
|    icmp_ln378_fu_717_p2                                    |     |        | icmp_ln378          | seteq     | auto      | 0       |
|    or_ln378_3_fu_2140_p2                                   |     |        | or_ln378_3          | or        | auto      | 0       |
|    xor_ln340_fu_723_p2                                     |     |        | xor_ln340           | xor       | auto      | 0       |
|    icmp_ln378_1_fu_729_p2                                  |     |        | icmp_ln378_1        | setne     | auto      | 0       |
|    icmp_ln378_2_fu_735_p2                                  |     |        | icmp_ln378_2        | setne     | auto      | 0       |
|    and_ln378_fu_741_p2                                     |     |        | and_ln378           | and       | auto      | 0       |
|    and_ln378_1_fu_747_p2                                   |     |        | and_ln378_1         | and       | auto      | 0       |
|    and_ln628_fu_2038_p2                                    |     |        | and_ln628           | and       | auto      | 0       |
|    xor_ln628_fu_2043_p2                                    |     |        | xor_ln628           | xor       | auto      | 0       |
|    and_ln645_fu_2049_p2                                    |     |        | and_ln645           | and       | auto      | 0       |
|    and_ln645_1_fu_2055_p2                                  |     |        | and_ln645_1         | and       | auto      | 0       |
|    sparsemux_9_3_64_1_1_U15                                |     |        | UnifiedRetVal       | sparsemux | auto      | 0       |
+------------------------------------------------------------+-----+--------+---------------------+-----------+-----------+---------+


================================================================
== Storage Report
================================================================
+----------------------------------------------------------------------------+--------------+------+------+------+--------+-----------------------------------------------------------------------+------+---------+------------------+
| Name                                                                       | Usage        | Type | BRAM | URAM | Pragma | Variable                                                              | Impl | Latency | Bitwidth, Depth, |
|                                                                            |              |      |      |      |        |                                                                       |      |         | Banks            |
+----------------------------------------------------------------------------+--------------+------+------+------+--------+-----------------------------------------------------------------------+------+---------+------------------+
| + do_compute                                                               |              |      | 30   | 3    |        |                                                                       |      |         |                  |
|   water_level_U                                                            | ram_1p array |      |      | 1    |        | water_level                                                           | auto | 1       | 32, 2500, 1      |
|   spillage_flag_U                                                          | ram_1p array |      |      | 1    |        | spillage_flag                                                         | auto | 1       | 32, 2500, 1      |
|   spillage_level_U                                                         | ram_1p array |      |      | 1    |        | spillage_level                                                        | auto | 1       | 32, 2500, 1      |
|   spillage_from_neigh_U                                                    | ram_1p array |      | 20   |      |        | spillage_from_neigh                                                   | auto | 1       | 32, 10000, 1     |
|   displacements_0_U                                                        | rom_1p       |      |      |      |        | displacements_0                                                       | auto | 1       | 2, 4, 1          |
|   displacements_1_U                                                        | rom_1p       |      |      |      |        | displacements_1                                                       | auto | 1       | 2, 4, 1          |
|  + pow_generic_double_s (grp_pow_generic_double_s_fu_1054)                 |              |      | 5    | 0    |        |                                                                       |      |         |                  |
|    pow_reduce_anonymous_namespace_log_inverse_lut_table_pow_0_5_64_array_U | rom_1p       |      |      |      |        | pow_reduce_anonymous_namespace_log_inverse_lut_table_pow_0_5_64_array | auto | 1       | 6, 64, 1         |
|    pow_reduce_anonymous_namespace_log0_lut_table_array_U                   | rom_1p       |      |      |      |        | pow_reduce_anonymous_namespace_log0_lut_table_array                   | auto | 1       | 109, 64, 1       |
|    pow_reduce_anonymous_namespace_log_lut_table_ap_fixed_4_4_16_array_U    | rom_1p       |      |      |      |        | pow_reduce_anonymous_namespace_log_lut_table_ap_fixed_4_4_16_array    | auto | 1       | 105, 16, 1       |
|    pow_reduce_anonymous_namespace_log_lut_table_ap_fixed_7_6_64_array_U    | rom_1p       |      |      |      |        | pow_reduce_anonymous_namespace_log_lut_table_ap_fixed_7_6_64_array    | auto | 1       | 102, 64, 1       |
|    pow_reduce_anonymous_namespace_log_lut_table_ap_fixed_12_6_64_array_U   | rom_1p       |      |      |      |        | pow_reduce_anonymous_namespace_log_lut_table_ap_fixed_12_6_64_array   | auto | 1       | 97, 64, 1        |
|    pow_reduce_anonymous_namespace_log_lut_table_ap_fixed_17_6_64_array_U   | rom_1p       |      |      |      |        | pow_reduce_anonymous_namespace_log_lut_table_ap_fixed_17_6_64_array   | auto | 1       | 92, 64, 1        |
|    pow_reduce_anonymous_namespace_log_lut_table_ap_fixed_22_6_64_array_U   | rom_1p       |      |      |      |        | pow_reduce_anonymous_namespace_log_lut_table_ap_fixed_22_6_64_array   | auto | 1       | 87, 64, 1        |
|    pow_reduce_anonymous_namespace_log_lut_table_ap_fixed_27_6_64_array_U   | rom_1p       |      |      |      |        | pow_reduce_anonymous_namespace_log_lut_table_ap_fixed_27_6_64_array   | auto | 1       | 82, 64, 1        |
|    pow_reduce_anonymous_namespace_log_lut_table_ap_fixed_32_6_64_array_U   | rom_1p       |      |      |      |        | pow_reduce_anonymous_namespace_log_lut_table_ap_fixed_32_6_64_array   | auto | 1       | 77, 64, 1        |
|    pow_reduce_anonymous_namespace_table_exp_Z1_ap_ufixed_array_U           | rom_1p       |      | 2    |      |        | pow_reduce_anonymous_namespace_table_exp_Z1_ap_ufixed_array           | auto | 1       | 58, 256, 1       |
|    pow_reduce_anonymous_namespace_table_f_Z3_ap_ufixed_array_U             | rom_2p       |      | 1    |      |        | pow_reduce_anonymous_namespace_table_f_Z3_ap_ufixed_array             | auto | 1       | 26, 256, 1       |
|    pow_reduce_anonymous_namespace_table_f_Z2_ap_ufixed_array_U             | rom_1p       |      | 2    |      |        | pow_reduce_anonymous_namespace_table_f_Z2_ap_ufixed_array             | auto | 1       | 42, 256, 1       |
|  + pow_generic_double_s (grp_pow_generic_double_s_fu_1083)                 |              |      | 5    | 0    |        |                                                                       |      |         |                  |
|    pow_reduce_anonymous_namespace_log_inverse_lut_table_pow_0_5_64_array_U | rom_1p       |      |      |      |        | pow_reduce_anonymous_namespace_log_inverse_lut_table_pow_0_5_64_array | auto | 1       | 6, 64, 1         |
|    pow_reduce_anonymous_namespace_log0_lut_table_array_U                   | rom_1p       |      |      |      |        | pow_reduce_anonymous_namespace_log0_lut_table_array                   | auto | 1       | 109, 64, 1       |
|    pow_reduce_anonymous_namespace_log_lut_table_ap_fixed_4_4_16_array_U    | rom_1p       |      |      |      |        | pow_reduce_anonymous_namespace_log_lut_table_ap_fixed_4_4_16_array    | auto | 1       | 105, 16, 1       |
|    pow_reduce_anonymous_namespace_log_lut_table_ap_fixed_7_6_64_array_U    | rom_1p       |      |      |      |        | pow_reduce_anonymous_namespace_log_lut_table_ap_fixed_7_6_64_array    | auto | 1       | 102, 64, 1       |
|    pow_reduce_anonymous_namespace_log_lut_table_ap_fixed_12_6_64_array_U   | rom_1p       |      |      |      |        | pow_reduce_anonymous_namespace_log_lut_table_ap_fixed_12_6_64_array   | auto | 1       | 97, 64, 1        |
|    pow_reduce_anonymous_namespace_log_lut_table_ap_fixed_17_6_64_array_U   | rom_1p       |      |      |      |        | pow_reduce_anonymous_namespace_log_lut_table_ap_fixed_17_6_64_array   | auto | 1       | 92, 64, 1        |
|    pow_reduce_anonymous_namespace_log_lut_table_ap_fixed_22_6_64_array_U   | rom_1p       |      |      |      |        | pow_reduce_anonymous_namespace_log_lut_table_ap_fixed_22_6_64_array   | auto | 1       | 87, 64, 1        |
|    pow_reduce_anonymous_namespace_log_lut_table_ap_fixed_27_6_64_array_U   | rom_1p       |      |      |      |        | pow_reduce_anonymous_namespace_log_lut_table_ap_fixed_27_6_64_array   | auto | 1       | 82, 64, 1        |
|    pow_reduce_anonymous_namespace_log_lut_table_ap_fixed_32_6_64_array_U   | rom_1p       |      |      |      |        | pow_reduce_anonymous_namespace_log_lut_table_ap_fixed_32_6_64_array   | auto | 1       | 77, 64, 1        |
|    pow_reduce_anonymous_namespace_table_exp_Z1_ap_ufixed_array_U           | rom_1p       |      | 2    |      |        | pow_reduce_anonymous_namespace_table_exp_Z1_ap_ufixed_array           | auto | 1       | 58, 256, 1       |
|    pow_reduce_anonymous_namespace_table_f_Z3_ap_ufixed_array_U             | rom_2p       |      | 1    |      |        | pow_reduce_anonymous_namespace_table_f_Z3_ap_ufixed_array             | auto | 1       | 26, 256, 1       |
|    pow_reduce_anonymous_namespace_table_f_Z2_ap_ufixed_array_U             | rom_1p       |      | 2    |      |        | pow_reduce_anonymous_namespace_table_f_Z2_ap_ufixed_array             | auto | 1       | 42, 256, 1       |
+----------------------------------------------------------------------------+--------------+------+------+------+--------+-----------------------------------------------------------------------+------+---------+------------------+


================================================================
== Pragma Report
================================================================
  No pragmas found

