

================================================================
== Vitis HLS Report for 'do_compute'
================================================================
* Date:           Sun May 17 16:14:35 2026

* Version:        2024.1 (Build 5069499 on May 21 2024)
* Project:        .tiny_dam_base_disabled
* Solution:       solution_FLOOD_HLS_base (Vivado IP Flow Target)
* Product family: virtexuplusHBM
* Target device:  xcu50-fsvh2104-2-e


================================================================
== Performance Estimates
================================================================
+ Timing: 
    * Summary: 
    +--------+---------+----------+------------+
    |  Clock |  Target | Estimated| Uncertainty|
    +--------+---------+----------+------------+
    |ap_clk  |  4.00 ns|  2.916 ns|     1.08 ns|
    +--------+---------+----------+------------+

+ Latency: 
    * Summary: 
    +---------+---------+----------+----------+-----+-----+---------+
    |  Latency (cycles) |  Latency (absolute) |  Interval | Pipeline|
    |   min   |   max   |    min   |    max   | min | max |   Type  |
    +---------+---------+----------+----------+-----+-----+---------+
    |        ?|        ?|         ?|         ?|    ?|    ?|       no|
    +---------+---------+----------+----------+-----+-----+---------+

    + Detail: 
        * Instance: 
        +----------------------------------+----------------------+---------+---------+----------+----------+-----+-----+---------+
        |                                  |                      |  Latency (cycles) |  Latency (absolute) |  Interval | Pipeline|
        |             Instance             |        Module        |   min   |   max   |    min   |    max   | min | max |   Type  |
        +----------------------------------+----------------------+---------+---------+----------+----------+-----+-----+---------+
        |grp_pow_generic_double_s_fu_1054  |pow_generic_double_s  |       72|       72|  0.288 us|  0.288 us|    1|    1|      yes|
        |grp_pow_generic_double_s_fu_1083  |pow_generic_double_s  |       72|       72|  0.288 us|  0.288 us|    1|    1|      yes|
        +----------------------------------+----------------------+---------+---------+----------+----------+-----+-----+---------+

        * Loop: 
        +--------------------------+---------+---------+-------------+-----------+-----------+------+----------+
        |                          |  Latency (cycles) |  Iteration  |  Initiation Interval  | Trip |          |
        |         Loop Name        |   min   |   max   |   Latency   |  achieved |   target  | Count| Pipelined|
        +--------------------------+---------+---------+-------------+-----------+-----------+------+----------+
        |- VITIS_LOOP_53_1         |    15100|    15100|          302|          -|          -|    50|        no|
        | + VITIS_LOOP_54_2        |      300|      300|            6|          -|          -|    50|        no|
        |  ++ VITIS_LOOP_63_3      |        4|        4|            1|          -|          -|     4|        no|
        |- VITIS_LOOP_70_4         |        ?|        ?|            ?|          -|          -|     ?|        no|
        | + VITIS_LOOP_76_5        |      154|      154|           22|          -|          -|     7|        no|
        | + VITIS_LOOP_83_6        |        ?|        ?|            ?|          -|          -|     7|        no|
        |  ++ VITIS_LOOP_92_7      |        ?|        ?|            ?|          -|          -|     ?|        no|
        |   +++ VITIS_LOOP_93_8    |        ?|        ?|    137 ~ 195|          -|          -|     ?|        no|
        | + VITIS_LOOP_109_9       |     7600|  1020100|  152 ~ 20402|          -|          -|    50|        no|
        |  ++ VITIS_LOOP_110_10    |      150|    20400|      3 ~ 408|          -|          -|    50|        no|
        |   +++ VITIS_LOOP_121_11  |      172|      172|           43|          -|          -|     4|        no|
        |   +++ VITIS_LOOP_156_12  |       12|      172|       3 ~ 43|          -|          -|     4|        no|
        | + PROPAGATION_ROWS       |   152600|   152600|         3052|          -|          -|    50|        no|
        |  ++ PROPAGATION_COLS     |     3050|     3050|           61|          -|          -|    50|        no|
        |   +++ NEIGHBOR_ACCUM     |       48|       48|           12|          -|          -|     4|        no|
        | + VITIS_LOOP_234_13      |    15100|    15100|          302|          -|          -|    50|        no|
        |  ++ VITIS_LOOP_235_14    |      300|      300|            6|          -|          -|    50|        no|
        |   +++ VITIS_LOOP_236_15  |        4|        4|            1|          -|          -|     4|        no|
        |- VITIS_LOOP_249_16       |    50100|    50100|         1002|          -|          -|    50|        no|
        | + VITIS_LOOP_250_17      |     1000|     1000|           20|          -|          -|    50|        no|
        +--------------------------+---------+---------+-------------+-----------+-----------+------+----------+



================================================================
== Utilization Estimates
================================================================
* Summary: 
+---------------------+---------+------+---------+--------+-----+
|         Name        | BRAM_18K|  DSP |    FF   |   LUT  | URAM|
+---------------------+---------+------+---------+--------+-----+
|DSP                  |        -|     3|        -|       -|    -|
|Expression           |        -|     -|        0|    7403|    -|
|FIFO                 |        -|     -|        -|       -|    -|
|Instance             |       10|   143|    25491|   19342|    -|
|Memory               |       20|     -|        4|       6|    3|
|Multiplexer          |        -|     -|        0|    3904|    -|
|Register             |        -|     -|    10263|       -|    -|
+---------------------+---------+------+---------+--------+-----+
|Total                |       30|   146|    35758|   30655|    3|
+---------------------+---------+------+---------+--------+-----+
|Available SLR        |     1344|  2976|   871680|  435840|  320|
+---------------------+---------+------+---------+--------+-----+
|Utilization SLR (%)  |        2|     4|        4|       7|   ~0|
+---------------------+---------+------+---------+--------+-----+
|Available            |     2688|  5952|  1743360|  871680|  640|
+---------------------+---------+------+---------+--------+-----+
|Utilization (%)      |        1|     2|        2|       3|   ~0|
+---------------------+---------+------+---------+--------+-----+

+ Detail: 
    * Instance: 
    +----------------------------------------+------------------------------------+---------+----+-------+------+-----+
    |                Instance                |               Module               | BRAM_18K| DSP|   FF  |  LUT | URAM|
    +----------------------------------------+------------------------------------+---------+----+-------+------+-----+
    |dadd_64ns_64ns_64_5_full_dsp_1_U59      |dadd_64ns_64ns_64_5_full_dsp_1      |        0|   3|    457|   698|    0|
    |dcmp_64ns_64ns_1_2_no_dsp_1_U60         |dcmp_64ns_64ns_1_2_no_dsp_1         |        0|   0|      0|     0|    0|
    |dcmp_64ns_64ns_1_2_no_dsp_1_U61         |dcmp_64ns_64ns_1_2_no_dsp_1         |        0|   0|      0|     0|    0|
    |dsqrt_64ns_64ns_64_21_no_dsp_1_U62      |dsqrt_64ns_64ns_64_21_no_dsp_1      |        0|   0|      0|     0|    0|
    |faddfsub_32ns_32ns_32_7_full_dsp_1_U46  |faddfsub_32ns_32ns_32_7_full_dsp_1  |        0|   2|    318|   198|    0|
    |faddfsub_32ns_32ns_32_7_full_dsp_1_U47  |faddfsub_32ns_32ns_32_7_full_dsp_1  |        0|   2|    318|   198|    0|
    |fcmp_32ns_32ns_1_2_no_dsp_1_U56         |fcmp_32ns_32ns_1_2_no_dsp_1         |        0|   0|      0|     0|    0|
    |fcmp_32ns_32ns_1_2_no_dsp_1_U57         |fcmp_32ns_32ns_1_2_no_dsp_1         |        0|   0|      0|     0|    0|
    |fdiv_32ns_32ns_32_12_no_dsp_1_U50       |fdiv_32ns_32ns_32_12_no_dsp_1       |        0|   0|      0|     0|    0|
    |fdiv_32ns_32ns_32_12_no_dsp_1_U51       |fdiv_32ns_32ns_32_12_no_dsp_1       |        0|   0|      0|     0|    0|
    |fmul_32ns_32ns_32_4_max_dsp_1_U48       |fmul_32ns_32ns_32_4_max_dsp_1       |        0|   3|    143|    78|    0|
    |fmul_32ns_32ns_32_4_max_dsp_1_U49       |fmul_32ns_32ns_32_4_max_dsp_1       |        0|   3|    143|    78|    0|
    |fpext_32ns_64_2_no_dsp_1_U54            |fpext_32ns_64_2_no_dsp_1            |        0|   0|      0|     0|    0|
    |fpext_32ns_64_2_no_dsp_1_U55            |fpext_32ns_64_2_no_dsp_1            |        0|   0|      0|     0|    0|
    |fptrunc_64ns_32_2_no_dsp_1_U53          |fptrunc_64ns_32_2_no_dsp_1          |        0|   0|      0|     0|    0|
    |fsqrt_32ns_32ns_32_12_no_dsp_1_U58      |fsqrt_32ns_32ns_32_12_no_dsp_1      |        0|   0|      0|     0|    0|
    |grp_pow_generic_double_s_fu_1054        |pow_generic_double_s                |        5|  65|  12056|  9046|    0|
    |grp_pow_generic_double_s_fu_1083        |pow_generic_double_s                |        5|  65|  12056|  9046|    0|
    |sitofp_32ns_32_4_no_dsp_1_U52           |sitofp_32ns_32_4_no_dsp_1           |        0|   0|      0|     0|    0|
    +----------------------------------------+------------------------------------+---------+----+-------+------+-----+
    |Total                                   |                                    |       10| 143|  25491| 19342|    0|
    +----------------------------------------+------------------------------------+---------+----+-------+------+-----+

    * DSP: 
    +------------------------------------+--------------------------------+--------------+
    |              Instance              |             Module             |  Expression  |
    +------------------------------------+--------------------------------+--------------+
    |mac_muladd_6ns_6ns_12ns_12_4_1_U63  |mac_muladd_6ns_6ns_12ns_12_4_1  |  i0 * i1 + i2|
    |mac_muladd_6ns_6ns_6ns_12_4_1_U65   |mac_muladd_6ns_6ns_6ns_12_4_1   |  i0 * i1 + i2|
    |mac_muladd_6ns_6ns_7s_12_4_1_U64    |mac_muladd_6ns_6ns_7s_12_4_1    |  i0 * i1 + i2|
    +------------------------------------+--------------------------------+--------------+

    * Memory: 
    +-----------------------+-----------------------------------+---------+---+----+-----+-------+-----+------+-------------+
    |         Memory        |               Module              | BRAM_18K| FF| LUT| URAM| Words | Bits| Banks| W*Bits*Banks|
    +-----------------------+-----------------------------------+---------+---+----+-----+-------+-----+------+-------------+
    |displacements_0_U      |displacements_0_ROM_AUTO_1R        |        0|  2|   3|    0|      4|    2|     1|            8|
    |displacements_1_U      |displacements_1_ROM_AUTO_1R        |        0|  2|   3|    0|      4|    2|     1|            8|
    |spillage_from_neigh_U  |spillage_from_neigh_RAM_AUTO_1R1W  |       20|  0|   0|    0|  10000|   32|     1|       320000|
    |water_level_U          |water_level_RAM_AUTO_1R1W          |        0|  0|   0|    1|   2500|   32|     1|        80000|
    |spillage_flag_U        |water_level_RAM_AUTO_1R1W          |        0|  0|   0|    1|   2500|   32|     1|        80000|
    |spillage_level_U       |water_level_RAM_AUTO_1R1W          |        0|  0|   0|    1|   2500|   32|     1|        80000|
    +-----------------------+-----------------------------------+---------+---+----+-----+-------+-----+------+-------------+
    |Total                  |                                   |       20|  4|   6|    3|  17508|  132|     6|       560016|
    +-----------------------+-----------------------------------+---------+---+----+-----+-------+-----+------+-------------+

    * FIFO: 
    N/A

    * Expression: 
    +--------------------------------+----------+----+---+-----+------------+------------+
    |          Variable Name         | Operation| DSP| FF| LUT | Bitwidth P0| Bitwidth P1|
    +--------------------------------+----------+----+---+-----+------------+------------+
    |add_ln101_fu_2627_p2            |         +|   0|  0|   39|          32|          32|
    |add_ln102_fu_2646_p2            |         +|   0|  0|   71|          64|          64|
    |add_ln109_1_fu_2659_p2          |         +|   0|  0|   19|          12|           6|
    |add_ln109_fu_2671_p2            |         +|   0|  0|   13|           6|           1|
    |add_ln110_fu_2687_p2            |         +|   0|  0|   13|           6|           1|
    |add_ln117_fu_2697_p2            |         +|   0|  0|   19|          12|          12|
    |add_ln121_fu_2746_p2            |         +|   0|  0|   10|           3|           1|
    |add_ln156_fu_3204_p2            |         +|   0|  0|   10|           3|           1|
    |add_ln168_fu_3488_p2            |         +|   0|  0|   71|          64|          64|
    |add_ln177_fu_3283_p2            |         +|   0|  0|   21|          14|          14|
    |add_ln191_1_fu_3518_p2          |         +|   0|  0|   19|          12|           6|
    |add_ln191_fu_3530_p2            |         +|   0|  0|   13|           6|           1|
    |add_ln193_fu_3542_p2            |         +|   0|  0|   13|           6|           1|
    |add_ln196_fu_3552_p2            |         +|   0|  0|   19|          12|          12|
    |add_ln221_fu_3969_p2            |         +|   0|  0|   10|           3|           1|
    |add_ln222_fu_3979_p2            |         +|   0|  0|   21|          14|          14|
    |add_ln234_1_fu_4136_p2          |         +|   0|  0|   19|          12|           6|
    |add_ln234_fu_4148_p2            |         +|   0|  0|   13|           6|           1|
    |add_ln235_fu_4174_p2            |         +|   0|  0|   13|           6|           1|
    |add_ln236_fu_4210_p2            |         +|   0|  0|   10|           3|           1|
    |add_ln239_fu_4220_p2            |         +|   0|  0|   21|          14|          14|
    |add_ln241_fu_4184_p2            |         +|   0|  0|   19|          12|          12|
    |add_ln249_1_fu_4236_p2          |         +|   0|  0|   19|          12|           6|
    |add_ln249_fu_4248_p2            |         +|   0|  0|   13|           6|           1|
    |add_ln250_fu_4278_p2            |         +|   0|  0|   13|           6|           1|
    |add_ln251_fu_4288_p2            |         +|   0|  0|   19|          12|          12|
    |add_ln253_fu_4310_p2            |         +|   0|  0|   71|          64|          64|
    |add_ln317_1_fu_2231_p2          |         +|   0|  0|   16|           9|           8|
    |add_ln317_2_fu_2333_p2          |         +|   0|  0|   16|           9|           8|
    |add_ln317_3_fu_3844_p2          |         +|   0|  0|   16|           9|           8|
    |add_ln317_4_fu_4031_p2          |         +|   0|  0|   16|           9|           8|
    |add_ln317_5_fu_3375_p2          |         +|   0|  0|   16|           9|           8|
    |add_ln317_fu_2532_p2            |         +|   0|  0|   16|           9|           8|
    |add_ln53_1_fu_1336_p2           |         +|   0|  0|   19|          12|           6|
    |add_ln53_fu_1348_p2             |         +|   0|  0|   13|           6|           1|
    |add_ln54_fu_1392_p2             |         +|   0|  0|   13|           6|           1|
    |add_ln58_fu_1402_p2             |         +|   0|  0|   19|          12|          12|
    |add_ln63_fu_1436_p2             |         +|   0|  0|   10|           3|           1|
    |add_ln64_fu_1446_p2             |         +|   0|  0|   21|          14|          14|
    |add_ln70_fu_1567_p2             |         +|   0|  0|   38|          31|           1|
    |add_ln76_fu_1629_p2             |         +|   0|  0|   10|           3|           1|
    |add_ln83_fu_1719_p2             |         +|   0|  0|   10|           3|           1|
    |new_col_1_fu_3233_p2            |         +|   0|  0|   14|           7|           7|
    |new_col_fu_2784_p2              |         +|   0|  0|   14|           7|           7|
    |new_row_1_fu_3224_p2            |         +|   0|  0|   14|           7|           7|
    |new_row_fu_2762_p2              |         +|   0|  0|   14|           7|           7|
    |spill_acc_1_fu_4130_p2          |         +|   0|  0|   39|          32|          32|
    |wl_3_fu_3989_p2                 |         +|   0|  0|   39|          32|          32|
    |result_12_fu_2412_p2            |         -|   0|  0|   13|           1|           6|
    |result_19_fu_2427_p2            |         -|   0|  0|   19|           1|          12|
    |result_22_fu_3938_p2            |         -|   0|  0|   39|           1|          32|
    |result_23_fu_4118_p2            |         -|   0|  0|   39|           1|          32|
    |result_26_fu_3462_p2            |         -|   0|  0|   39|           1|          32|
    |result_6_fu_2616_p2             |         -|   0|  0|   39|           1|          32|
    |sub_ln18_1_fu_2245_p2           |         -|   0|  0|   15|           7|           8|
    |sub_ln18_2_fu_2347_p2           |         -|   0|  0|   15|           7|           8|
    |sub_ln18_3_fu_3858_p2           |         -|   0|  0|   15|           7|           8|
    |sub_ln18_4_fu_4045_p2           |         -|   0|  0|   15|           7|           8|
    |sub_ln18_5_fu_3389_p2           |         -|   0|  0|   15|           7|           8|
    |sub_ln18_fu_2546_p2             |         -|   0|  0|   15|           7|           8|
    |wl_1_fu_3950_p2                 |         -|   0|  0|   39|          32|          32|
    |and_ln139_1_fu_2862_p2          |       and|   0|  0|    2|           1|           1|
    |and_ln139_fu_2856_p2            |       and|   0|  0|    2|           1|           1|
    |and_ln142_1_fu_2946_p2          |       and|   0|  0|    2|           1|           1|
    |and_ln142_fu_2940_p2            |       and|   0|  0|    2|           1|           1|
    |and_ln145_1_fu_3052_p2          |       and|   0|  0|    2|           1|           1|
    |and_ln145_fu_3046_p2            |       and|   0|  0|    2|           1|           1|
    |and_ln148_fu_3102_p2            |       and|   0|  0|    2|           1|           1|
    |and_ln151_fu_3142_p2            |       and|   0|  0|    2|           1|           1|
    |and_ln175_1_fu_3339_p2          |       and|   0|  0|    2|           1|           1|
    |and_ln175_fu_3334_p2            |       and|   0|  0|    2|           1|           1|
    |and_ln199_fu_3598_p2            |       and|   0|  0|    2|           1|           1|
    |and_ln207_1_fu_3697_p2          |       and|   0|  0|    2|           1|           1|
    |and_ln207_fu_3691_p2            |       and|   0|  0|    2|           1|           1|
    |and_ln211_1_fu_3755_p2          |       and|   0|  0|    2|           1|           1|
    |and_ln211_2_fu_3788_p2          |       and|   0|  0|    2|           1|           1|
    |and_ln211_fu_3749_p2            |       and|   0|  0|    2|           1|           1|
    |and_ln251_1_fu_4398_p2          |       and|   0|  0|    2|           1|           1|
    |and_ln251_fu_4392_p2            |       and|   0|  0|    2|           1|           1|
    |and_ln70_1_fu_1561_p2           |       and|   0|  0|    2|           1|           1|
    |and_ln70_2_fu_1555_p2           |       and|   0|  0|    2|           1|           1|
    |and_ln70_fu_1550_p2             |       and|   0|  0|    2|           1|           1|
    |and_ln85_fu_1944_p2             |       and|   0|  0|    2|           1|           1|
    |and_ln86_fu_1910_p2             |       and|   0|  0|    2|           1|           1|
    |and_ln87_fu_1961_p2             |       and|   0|  0|    2|           1|           1|
    |and_ln88_fu_1927_p2             |       and|   0|  0|    2|           1|           1|
    |and_ln92_1_fu_2065_p2           |       and|   0|  0|    2|           1|           1|
    |and_ln92_fu_2060_p2             |       and|   0|  0|    2|           1|           1|
    |and_ln93_1_fu_2132_p2           |       and|   0|  0|    2|           1|           1|
    |and_ln93_fu_2127_p2             |       and|   0|  0|    2|           1|           1|
    |and_ln97_1_fu_2202_p2           |       and|   0|  0|    2|           1|           1|
    |and_ln97_fu_2196_p2             |       and|   0|  0|    2|           1|           1|
    |and_ln98_fu_2474_p2             |       and|   0|  0|    2|           1|           1|
    |empty_88_fu_3183_p2             |       and|   0|  0|    2|           1|           1|
    |empty_89_fu_3188_p2             |       and|   0|  0|    2|           1|           1|
    |grp_fu_1228_p2                  |      icmp|   0|  0|   15|           8|           2|
    |icmp_ln109_fu_2665_p2           |      icmp|   0|  0|   13|           6|           5|
    |icmp_ln110_fu_2681_p2           |      icmp|   0|  0|   13|           6|           5|
    |icmp_ln111_fu_2711_p2           |      icmp|   0|  0|   39|          32|           1|
    |icmp_ln121_fu_2740_p2           |      icmp|   0|  0|   12|           3|           4|
    |icmp_ln128_1_fu_2789_p2         |      icmp|   0|  0|   14|           7|           6|
    |icmp_ln128_fu_2767_p2           |      icmp|   0|  0|   14|           7|           6|
    |icmp_ln139_1_fu_2734_p2         |      icmp|   0|  0|   30|          23|           1|
    |icmp_ln139_2_fu_2836_p2         |      icmp|   0|  0|   15|           8|           2|
    |icmp_ln139_3_fu_2842_p2         |      icmp|   0|  0|   30|          23|           1|
    |icmp_ln142_1_fu_2910_p2         |      icmp|   0|  0|   30|          23|           1|
    |icmp_ln142_2_fu_2922_p2         |      icmp|   0|  0|   15|           8|           2|
    |icmp_ln142_3_fu_2928_p2         |      icmp|   0|  0|   30|          23|           1|
    |icmp_ln142_fu_2904_p2           |      icmp|   0|  0|   15|           8|           2|
    |icmp_ln145_1_fu_3016_p2         |      icmp|   0|  0|   30|          23|           1|
    |icmp_ln145_2_fu_3028_p2         |      icmp|   0|  0|   15|           8|           2|
    |icmp_ln145_3_fu_3034_p2         |      icmp|   0|  0|   30|          23|           1|
    |icmp_ln145_fu_3010_p2           |      icmp|   0|  0|   15|           8|           2|
    |icmp_ln148_1_fu_3090_p2         |      icmp|   0|  0|   30|          23|           1|
    |icmp_ln148_fu_3084_p2           |      icmp|   0|  0|   15|           8|           2|
    |icmp_ln151_1_fu_3132_p2         |      icmp|   0|  0|   59|          52|           1|
    |icmp_ln151_fu_3126_p2           |      icmp|   0|  0|   18|          11|           2|
    |icmp_ln156_fu_3198_p2           |      icmp|   0|  0|   12|           3|           4|
    |icmp_ln163_1_fu_3244_p2         |      icmp|   0|  0|   14|           7|           6|
    |icmp_ln163_fu_3238_p2           |      icmp|   0|  0|   14|           7|           6|
    |icmp_ln175_1_fu_3322_p2         |      icmp|   0|  0|   30|          23|           1|
    |icmp_ln175_fu_3316_p2           |      icmp|   0|  0|   15|           8|           2|
    |icmp_ln191_fu_3524_p2           |      icmp|   0|  0|   13|           6|           5|
    |icmp_ln193_fu_3536_p2           |      icmp|   0|  0|   13|           6|           5|
    |icmp_ln199_1_fu_3588_p2         |      icmp|   0|  0|   30|          23|           1|
    |icmp_ln199_fu_3582_p2           |      icmp|   0|  0|   15|           8|           2|
    |icmp_ln207_1_fu_3661_p2         |      icmp|   0|  0|   59|          52|           1|
    |icmp_ln207_2_fu_3673_p2         |      icmp|   0|  0|   18|          11|           2|
    |icmp_ln207_3_fu_3679_p2         |      icmp|   0|  0|   59|          52|           1|
    |icmp_ln207_fu_3655_p2           |      icmp|   0|  0|   18|          11|           2|
    |icmp_ln211_1_fu_3737_p2         |      icmp|   0|  0|   59|          52|           1|
    |icmp_ln211_fu_3731_p2           |      icmp|   0|  0|   18|          11|           2|
    |icmp_ln221_fu_3963_p2           |      icmp|   0|  0|   12|           3|           4|
    |icmp_ln234_fu_4142_p2           |      icmp|   0|  0|   13|           6|           5|
    |icmp_ln235_fu_4168_p2           |      icmp|   0|  0|   13|           6|           5|
    |icmp_ln236_fu_4204_p2           |      icmp|   0|  0|   12|           3|           4|
    |icmp_ln249_fu_4242_p2           |      icmp|   0|  0|   13|           6|           5|
    |icmp_ln250_fu_4272_p2           |      icmp|   0|  0|   13|           6|           5|
    |icmp_ln251_1_fu_4362_p2         |      icmp|   0|  0|   30|          23|           1|
    |icmp_ln251_2_fu_4374_p2         |      icmp|   0|  0|   15|           8|           2|
    |icmp_ln251_3_fu_4380_p2         |      icmp|   0|  0|   30|          23|           1|
    |icmp_ln251_fu_4356_p2           |      icmp|   0|  0|   15|           8|           2|
    |icmp_ln53_fu_1342_p2            |      icmp|   0|  0|   13|           6|           5|
    |icmp_ln54_fu_1386_p2            |      icmp|   0|  0|   13|           6|           5|
    |icmp_ln63_fu_1430_p2            |      icmp|   0|  0|   12|           3|           4|
    |icmp_ln70_1_fu_1519_p2          |      icmp|   0|  0|   18|          11|           2|
    |icmp_ln70_2_fu_1525_p2          |      icmp|   0|  0|   59|          52|           1|
    |icmp_ln70_3_fu_1474_p2          |      icmp|   0|  0|   18|          11|           2|
    |icmp_ln70_4_fu_1480_p2          |      icmp|   0|  0|   59|          52|           1|
    |icmp_ln70_fu_1541_p2            |      icmp|   0|  0|   39|          32|          32|
    |icmp_ln76_fu_1623_p2            |      icmp|   0|  0|   10|           3|           2|
    |icmp_ln83_fu_1713_p2            |      icmp|   0|  0|   10|           3|           2|
    |icmp_ln85_1_fu_1871_p2          |      icmp|   0|  0|   30|          23|           1|
    |icmp_ln85_fu_1865_p2            |      icmp|   0|  0|   15|           8|           2|
    |icmp_ln86_1_fu_1811_p2          |      icmp|   0|  0|   30|          23|           1|
    |icmp_ln86_fu_1805_p2            |      icmp|   0|  0|   15|           8|           2|
    |icmp_ln87_1_fu_1900_p2          |      icmp|   0|  0|   30|          23|           1|
    |icmp_ln87_fu_1894_p2            |      icmp|   0|  0|   15|           8|           2|
    |icmp_ln88_1_fu_1841_p2          |      icmp|   0|  0|   30|          23|           1|
    |icmp_ln88_fu_1835_p2            |      icmp|   0|  0|   15|           8|           2|
    |icmp_ln92_1_fu_2048_p2          |      icmp|   0|  0|   30|          23|           1|
    |icmp_ln92_2_fu_1992_p2          |      icmp|   0|  0|   15|           8|           2|
    |icmp_ln92_3_fu_1998_p2          |      icmp|   0|  0|   30|          23|           1|
    |icmp_ln92_fu_2042_p2            |      icmp|   0|  0|   15|           8|           2|
    |icmp_ln93_1_fu_2115_p2          |      icmp|   0|  0|   30|          23|           1|
    |icmp_ln93_2_fu_2080_p2          |      icmp|   0|  0|   15|           8|           2|
    |icmp_ln93_3_fu_2018_p2          |      icmp|   0|  0|   30|          23|           1|
    |icmp_ln93_fu_2109_p2            |      icmp|   0|  0|   15|           8|           2|
    |icmp_ln97_1_fu_2180_p2          |      icmp|   0|  0|   30|          23|           1|
    |icmp_ln97_2_fu_2147_p2          |      icmp|   0|  0|   15|           8|           2|
    |icmp_ln97_3_fu_1776_p2          |      icmp|   0|  0|   30|          23|           1|
    |icmp_ln97_fu_2174_p2            |      icmp|   0|  0|   15|           8|           2|
    |icmp_ln98_1_fu_2462_p2          |      icmp|   0|  0|   30|          23|           1|
    |icmp_ln98_fu_2456_p2            |      icmp|   0|  0|   15|           8|           2|
    |notlhs161_fu_3167_p2            |      icmp|   0|  0|   15|           8|           2|
    |notrhs162_fu_3173_p2            |      icmp|   0|  0|   30|          23|           1|
    |lshr_ln18_1_fu_2270_p2          |      lshr|   0|  0|  242|          79|          79|
    |lshr_ln18_2_fu_2372_p2          |      lshr|   0|  0|  242|          79|          79|
    |lshr_ln18_3_fu_3884_p2          |      lshr|   0|  0|  242|          79|          79|
    |lshr_ln18_4_fu_4071_p2          |      lshr|   0|  0|  242|          79|          79|
    |lshr_ln18_5_fu_3415_p2          |      lshr|   0|  0|  242|          79|          79|
    |lshr_ln18_fu_2572_p2            |      lshr|   0|  0|  242|          79|          79|
    |empty_86_fu_3162_p2             |        or|   0|  0|    2|           1|           1|
    |empty_87_fu_3179_p2             |        or|   0|  0|    2|           1|           1|
    |or_ln128_fu_2808_p2             |        or|   0|  0|    2|           1|           1|
    |or_ln139_1_fu_2852_p2           |        or|   0|  0|    2|           1|           1|
    |or_ln139_fu_2848_p2             |        or|   0|  0|    2|           1|           1|
    |or_ln142_1_fu_2934_p2           |        or|   0|  0|    2|           1|           1|
    |or_ln142_fu_2916_p2             |        or|   0|  0|    2|           1|           1|
    |or_ln145_1_fu_3040_p2           |        or|   0|  0|    2|           1|           1|
    |or_ln145_fu_3022_p2             |        or|   0|  0|    2|           1|           1|
    |or_ln148_fu_3096_p2             |        or|   0|  0|    2|           1|           1|
    |or_ln151_fu_3138_p2             |        or|   0|  0|    2|           1|           1|
    |or_ln163_fu_3250_p2             |        or|   0|  0|    2|           1|           1|
    |or_ln175_fu_3328_p2             |        or|   0|  0|    2|           1|           1|
    |or_ln199_fu_3594_p2             |        or|   0|  0|    2|           1|           1|
    |or_ln207_1_fu_3685_p2           |        or|   0|  0|    2|           1|           1|
    |or_ln207_fu_3667_p2             |        or|   0|  0|    2|           1|           1|
    |or_ln211_fu_3743_p2             |        or|   0|  0|    2|           1|           1|
    |or_ln251_1_fu_4386_p2           |        or|   0|  0|    2|           1|           1|
    |or_ln251_fu_4368_p2             |        or|   0|  0|    2|           1|           1|
    |or_ln70_1_fu_1486_p2            |        or|   0|  0|    2|           1|           1|
    |or_ln70_fu_1546_p2              |        or|   0|  0|    2|           1|           1|
    |or_ln85_fu_1940_p2              |        or|   0|  0|    2|           1|           1|
    |or_ln86_fu_1906_p2              |        or|   0|  0|    2|           1|           1|
    |or_ln87_fu_1957_p2              |        or|   0|  0|    2|           1|           1|
    |or_ln88_fu_1923_p2              |        or|   0|  0|    2|           1|           1|
    |or_ln92_1_fu_2004_p2            |        or|   0|  0|    2|           1|           1|
    |or_ln92_fu_2054_p2              |        or|   0|  0|    2|           1|           1|
    |or_ln93_1_fu_2086_p2            |        or|   0|  0|    2|           1|           1|
    |or_ln93_fu_2121_p2              |        or|   0|  0|    2|           1|           1|
    |or_ln97_1_fu_2192_p2            |        or|   0|  0|    2|           1|           1|
    |or_ln97_fu_2186_p2              |        or|   0|  0|    2|           1|           1|
    |or_ln98_fu_2468_p2              |        or|   0|  0|    2|           1|           1|
    |empty_95_fu_3793_p3             |    select|   0|  0|  359|           1|         416|
    |max_spillage_iter_3_fu_3801_p3  |    select|   0|  0|   63|           1|          64|
    |max_spillage_iter_8_fu_3703_p3  |    select|   0|  0|   63|           1|          64|
    |my_spillage_level_1_fu_2960_p3  |    select|   0|  0|   32|           1|          32|
    |my_spillage_level_3_fu_2952_p3  |    select|   0|  0|   32|           1|          32|
    |my_spillage_level_fu_3058_p3    |    select|   0|  0|   32|           1|          32|
    |neighbor_height_1_fu_2812_p3    |    select|   0|  0|   32|           1|          32|
    |result_15_fu_2417_p3            |    select|   0|  0|    6|           1|           6|
    |result_20_fu_2432_p3            |    select|   0|  0|   12|           1|          12|
    |result_24_fu_4123_p3            |    select|   0|  0|   32|           1|          32|
    |result_27_fu_3467_p3            |    select|   0|  0|   32|           1|          32|
    |result_28_fu_3943_p3            |    select|   0|  0|   32|           1|          32|
    |result_9_fu_2621_p3             |    select|   0|  0|   32|           1|          32|
    |select_ln18_10_fu_3399_p3       |    select|   0|  0|    9|           1|           9|
    |select_ln18_2_fu_2254_p3        |    select|   0|  0|    9|           1|           9|
    |select_ln18_4_fu_2356_p3        |    select|   0|  0|    9|           1|           9|
    |select_ln18_6_fu_3868_p3        |    select|   0|  0|    9|           1|           9|
    |select_ln18_8_fu_4055_p3        |    select|   0|  0|    9|           1|           9|
    |select_ln18_fu_2556_p3          |    select|   0|  0|    9|           1|           9|
    |select_ln251_fu_4404_p3         |    select|   0|  0|   32|           1|          32|
    |select_ln85_fu_1949_p3          |    select|   0|  0|   32|           1|           1|
    |select_ln86_fu_1915_p3          |    select|   0|  0|   32|           1|          32|
    |select_ln87_fu_1966_p3          |    select|   0|  0|   32|           1|           1|
    |select_ln88_fu_1932_p3          |    select|   0|  0|   32|           1|          32|
    |select_ln98_fu_2480_p3          |    select|   0|  0|   32|           1|           1|
    |sum_diff_1_fu_2967_p3           |    select|   0|  0|   32|           1|          32|
    |val_1_fu_2302_p3                |    select|   0|  0|    6|           1|           6|
    |val_2_fu_2404_p3                |    select|   0|  0|   12|           1|          12|
    |val_3_fu_3447_p3                |    select|   0|  0|   32|           1|          32|
    |val_4_fu_3916_p3                |    select|   0|  0|   32|           1|          32|
    |val_5_fu_4103_p3                |    select|   0|  0|   32|           1|          32|
    |val_fu_2604_p3                  |    select|   0|  0|   32|           1|          32|
    |wl_2_fu_3956_p3                 |    select|   0|  0|   32|           1|          32|
    |shl_ln18_1_fu_2276_p2           |       shl|   0|  0|  242|          79|          79|
    |shl_ln18_2_fu_2378_p2           |       shl|   0|  0|  242|          79|          79|
    |shl_ln18_3_fu_3890_p2           |       shl|   0|  0|  242|          79|          79|
    |shl_ln18_4_fu_4077_p2           |       shl|   0|  0|  242|          79|          79|
    |shl_ln18_5_fu_3421_p2           |       shl|   0|  0|  242|          79|          79|
    |shl_ln18_fu_2578_p2             |       shl|   0|  0|  242|          79|          79|
    +--------------------------------+----------+----+---+-----+------------+------------+
    |Total                           |          |   0|  0| 7403|        3049|        3167|
    +--------------------------------+----------+----+---+-----+------------+------------+

    * Multiplexer: 
    +------------------------------------+------+-----------+-----+-----------+
    |                Name                |  LUT | Input Size| Bits| Total Bits|
    +------------------------------------+------+-----------+-----+-----------+
    |add551_lcssa26_fu_356               |     9|          2|   64|        128|
    |ap_NS_fsm                           |  2578|        490|    1|        490|
    |cell_pos_1_reg_1032                 |     9|          2|    3|          6|
    |cell_pos_2_reg_975                  |     9|          2|    3|          6|
    |cell_pos_3_reg_848                  |     9|          2|    3|          6|
    |cell_pos_reg_802                    |     9|          2|    3|          6|
    |cloud_1_reg_677                     |     9|          2|    3|          6|
    |cloud_reg_656                       |     9|          2|    3|          6|
    |col_pos_1_reg_1043                  |     9|          2|    6|         12|
    |col_pos_3_reg_790                   |     9|          2|    6|         12|
    |col_pos_6_reg_952                   |     9|          2|    6|         12|
    |col_pos_7_reg_1021                  |     9|          2|    6|         12|
    |col_pos_8_reg_710                   |     9|          2|   32|         64|
    |col_pos_reg_634                     |     9|          2|    6|         12|
    |depth_pos_reg_645                   |     9|          2|    3|          6|
    |displacements_0_address0_local      |    14|          3|    2|          6|
    |displacements_1_address0_local      |    14|          3|    2|          6|
    |empty_78_fu_340                     |     9|          2|  416|        832|
    |empty_79_reg_667                    |     9|          2|  416|        832|
    |empty_80_reg_698                    |     9|          2|  416|        832|
    |empty_81_reg_720                    |     9|          2|  416|        832|
    |empty_82_reg_732                    |     9|          2|  416|        832|
    |empty_83_reg_744                    |     9|          2|  416|        832|
    |empty_84_reg_778                    |     9|          2|  416|        832|
    |empty_90_reg_837                    |     9|          2|  416|        832|
    |empty_91_reg_860                    |     9|          2|  416|        832|
    |empty_92_reg_875                    |     9|          2|  416|        832|
    |empty_93_reg_894                    |     9|          2|  416|        832|
    |empty_94_reg_940                    |     9|          2|  416|        832|
    |empty_96_fu_352                     |     9|          2|   32|         64|
    |empty_fu_336                        |     9|          2|   31|         62|
    |grp_fu_1112_opcode                  |    14|          3|    2|          6|
    |grp_fu_1112_p0                      |    65|         14|   32|        448|
    |grp_fu_1112_p1                      |    59|         11|   32|        352|
    |grp_fu_1117_opcode                  |    14|          3|    2|          6|
    |grp_fu_1117_p0                      |    14|          3|   32|         96|
    |grp_fu_1117_p1                      |    14|          3|   32|         96|
    |grp_fu_1124_p0                      |    59|         11|   32|        352|
    |grp_fu_1124_p1                      |    43|          8|   32|        256|
    |grp_fu_1129_p0                      |    14|          3|   32|         96|
    |grp_fu_1139_p0                      |    49|          9|   32|        288|
    |grp_fu_1139_p1                      |    43|          8|   32|        256|
    |grp_fu_1144_p0                      |    20|          4|   32|        128|
    |grp_fu_1144_p1                      |    14|          3|   32|         96|
    |grp_fu_1161_p0                      |    20|          4|   32|        128|
    |grp_fu_1167_opcode                  |    26|          5|    5|         25|
    |grp_fu_1167_p0                      |    49|          9|   32|        288|
    |grp_fu_1167_p1                      |    65|         12|   32|        384|
    |grp_fu_1172_opcode                  |    14|          3|    5|         15|
    |grp_fu_1172_p0                      |    20|          4|   32|        128|
    |grp_fu_1172_p1                      |    14|          3|   32|         96|
    |grp_fu_1194_p0                      |    14|          3|   64|        192|
    |grp_fu_1194_p1                      |    20|          4|   64|        256|
    |max_spillage_iter_1_fu_332          |     9|          2|   64|        128|
    |max_spillage_iter_2_reg_916         |     9|          2|   64|        128|
    |max_spillage_iter_4_reg_963         |     9|          2|   64|        128|
    |my_spillage_level_2_reg_813         |     9|          2|   32|         64|
    |p_clouds_address0_local             |    20|          4|    3|         12|
    |p_ground_address0_local             |    20|          4|   12|         48|
    |phi_mul12_reg_766                   |     9|          2|   12|         24|
    |phi_mul14_reg_928                   |     9|          2|   12|         24|
    |phi_mul16_reg_1009                  |     9|          2|   12|         24|
    |phi_mul18_fu_344                    |     9|          2|   12|         24|
    |phi_mul_fu_308                      |     9|          2|   12|         24|
    |row_pos_10_reg_688                  |     9|          2|   32|         64|
    |row_pos_1_fu_348                    |     9|          2|    6|         12|
    |row_pos_3_reg_755                   |     9|          2|    6|         12|
    |row_pos_5_reg_905                   |     9|          2|    6|         12|
    |row_pos_7_reg_998                   |     9|          2|    6|         12|
    |row_pos_fu_312                      |     9|          2|    6|         12|
    |spill_acc_reg_986                   |     9|          2|   32|         64|
    |spillage_flag_address0_local        |    26|          5|   12|         60|
    |spillage_flag_d0_local              |    14|          3|   32|         96|
    |spillage_from_neigh_address0_local  |    26|          5|   14|         70|
    |spillage_from_neigh_d0_local        |    14|          3|   32|         96|
    |spillage_level_address0_local       |    26|          5|   12|         60|
    |spillage_level_d0_local             |    14|          3|   32|         96|
    |sum_diff_reg_825                    |     9|          2|   32|         64|
    |water_level_address0_local          |    49|          9|   12|        108|
    |water_level_d0_local                |    20|          4|   32|        128|
    +------------------------------------+------+-----------+-----+-----------+
    |Total                               |  3904|        761| 6464|      16488|
    +------------------------------------+------+-----------+-----+-----------+

    * Register: 
    +-------------------------------------+-----+----+-----+-----------+
    |                 Name                |  FF | LUT| Bits| Const Bits|
    +-------------------------------------+-----+----+-----+-----------+
    |add551_lcssa26_fu_356                |   64|   0|   64|          0|
    |add5_reg_4889                        |   64|   0|   64|          0|
    |add_ln101_1_reg_4947                 |   12|   0|   12|          0|
    |add_ln101_reg_4983                   |   32|   0|   32|          0|
    |add_ln109_1_reg_5003                 |   12|   0|   12|          0|
    |add_ln109_reg_5011                   |    6|   0|    6|          0|
    |add_ln110_reg_5025                   |    6|   0|    6|          0|
    |add_ln121_reg_5081                   |    3|   0|    3|          0|
    |add_ln156_reg_5231                   |    3|   0|    3|          0|
    |add_ln191_1_reg_5309                 |   12|   0|   12|          0|
    |add_ln191_reg_5317                   |    6|   0|    6|          0|
    |add_ln193_reg_5325                   |    6|   0|    6|          0|
    |add_ln196_reg_5330                   |   12|   0|   12|          0|
    |add_ln221_reg_5417                   |    3|   0|    3|          0|
    |add_ln234_1_reg_5448                 |   12|   0|   12|          0|
    |add_ln234_reg_5456                   |    6|   0|    6|          0|
    |add_ln235_reg_5464                   |    6|   0|    6|          0|
    |add_ln249_1_reg_5495                 |   12|   0|   12|          0|
    |add_ln249_reg_5503                   |    6|   0|    6|          0|
    |add_ln250_reg_5511                   |    6|   0|    6|          0|
    |add_ln53_1_reg_4464                  |   12|   0|   12|          0|
    |add_ln53_reg_4472                    |    6|   0|    6|          0|
    |add_ln54_reg_4507                    |    6|   0|    6|          0|
    |add_ln70_reg_4564                    |   31|   0|   31|          0|
    |add_ln76_reg_4610                    |    3|   0|    3|          0|
    |add_ln83_reg_4668                    |    3|   0|    3|          0|
    |and_ln139_1_reg_5163                 |    1|   0|    1|          0|
    |and_ln175_1_reg_5289                 |    1|   0|    1|          0|
    |and_ln199_reg_5371                   |    1|   0|    1|          0|
    |and_ln97_1_reg_4911                  |    1|   0|    1|          0|
    |ap_CS_fsm                            |  489|   0|  489|          0|
    |bitcast_ln139_reg_5067               |   32|   0|   32|          0|
    |bitcast_ln27_reg_4498                |   32|   0|   32|          0|
    |bitcast_ln85_1_reg_4683              |   32|   0|   32|          0|
    |bitcast_ln85_reg_4708                |   32|   0|   32|          0|
    |bitcast_ln87_reg_4691                |   32|   0|   32|          0|
    |bitcast_ln93_reg_4816                |   32|   0|   32|          0|
    |bitcast_ln98_1_reg_4697              |   32|   0|   32|          0|
    |bitcast_ln98_reg_4620                |   32|   0|   32|          0|
    |cell_pos_1_reg_1032                  |    3|   0|    3|          0|
    |cell_pos_2_reg_975                   |    3|   0|    3|          0|
    |cell_pos_3_reg_848                   |    3|   0|    3|          0|
    |cell_pos_reg_802                     |    3|   0|    3|          0|
    |cloud_1_reg_677                      |    3|   0|    3|          0|
    |cloud_reg_656                        |    3|   0|    3|          0|
    |col_pos_1_reg_1043                   |    6|   0|    6|          0|
    |col_pos_3_reg_790                    |    6|   0|    6|          0|
    |col_pos_6_reg_952                    |    6|   0|    6|          0|
    |col_pos_7_reg_1021                   |    6|   0|    6|          0|
    |col_pos_8_reg_710                    |   32|   0|   32|          0|
    |col_pos_reg_634                      |    6|   0|    6|          0|
    |col_start_reg_4806                   |   32|   0|   32|          0|
    |conv_reg_4530                        |   64|   0|   64|          0|
    |data_1_reg_4826                      |   32|   0|   32|          0|
    |data_2_reg_4850                      |   32|   0|   32|          0|
    |data_3_reg_5393                      |   32|   0|   32|          0|
    |data_4_reg_5432                      |   32|   0|   32|          0|
    |data_5_reg_5221                      |   32|   0|   32|          0|
    |depth_pos_reg_645                    |    3|   0|    3|          0|
    |displacements_1_load_reg_5096        |    2|   0|    2|          0|
    |distance_reg_4899                    |   32|   0|   32|          0|
    |empty_78_fu_340                      |  416|   0|  416|          0|
    |empty_79_reg_667                     |  416|   0|  416|          0|
    |empty_80_reg_698                     |  416|   0|  416|          0|
    |empty_81_reg_720                     |  416|   0|  416|          0|
    |empty_82_reg_732                     |  416|   0|  416|          0|
    |empty_83_reg_744                     |  416|   0|  416|          0|
    |empty_84_reg_778                     |  416|   0|  416|          0|
    |empty_86_reg_5201                    |    1|   0|    1|          0|
    |empty_89_reg_5217                    |    1|   0|    1|          0|
    |empty_90_reg_837                     |  416|   0|  416|          0|
    |empty_91_reg_860                     |  416|   0|  416|          0|
    |empty_92_reg_875                     |  416|   0|  416|          0|
    |empty_93_reg_894                     |  416|   0|  416|          0|
    |empty_94_reg_940                     |  416|   0|  416|          0|
    |empty_95_reg_5383                    |  416|   0|  416|          0|
    |empty_96_fu_352                      |   32|   0|   32|          0|
    |empty_fu_336                         |   31|   0|   31|          0|
    |icmp_ln128_1_reg_5111                |    1|   0|    1|          0|
    |icmp_ln128_reg_5101                  |    1|   0|    1|          0|
    |icmp_ln139_1_reg_5072                |    1|   0|    1|          0|
    |icmp_ln139_2_reg_5153                |    1|   0|    1|          0|
    |icmp_ln139_3_reg_5158                |    1|   0|    1|          0|
    |icmp_ln139_reg_5136                  |    1|   0|    1|          0|
    |icmp_ln151_1_reg_5193                |    1|   0|    1|          0|
    |icmp_ln151_reg_5188                  |    1|   0|    1|          0|
    |icmp_ln199_1_reg_5366                |    1|   0|    1|          0|
    |icmp_ln199_reg_5361                  |    1|   0|    1|          0|
    |icmp_ln70_1_reg_4543                 |    1|   0|    1|          0|
    |icmp_ln70_2_reg_4548                 |    1|   0|    1|          0|
    |icmp_ln85_1_reg_4746                 |    1|   0|    1|          0|
    |icmp_ln85_reg_4741                   |    1|   0|    1|          0|
    |icmp_ln86_1_reg_4719                 |    1|   0|    1|          0|
    |icmp_ln86_reg_4714                   |    1|   0|    1|          0|
    |icmp_ln87_1_reg_4761                 |    1|   0|    1|          0|
    |icmp_ln87_reg_4756                   |    1|   0|    1|          0|
    |icmp_ln88_1_reg_4736                 |    1|   0|    1|          0|
    |icmp_ln88_reg_4731                   |    1|   0|    1|          0|
    |icmp_ln93_3_reg_4821                 |    1|   0|    1|          0|
    |icmp_ln97_2_reg_4869                 |    1|   0|    1|          0|
    |icmp_ln97_3_reg_4703                 |    1|   0|    1|          0|
    |max_spillage_iter_1_fu_332           |   64|   0|   64|          0|
    |max_spillage_iter_2_reg_916          |   64|   0|   64|          0|
    |max_spillage_iter_3_reg_5388         |   64|   0|   64|          0|
    |max_spillage_iter_4_reg_963          |   64|   0|   64|          0|
    |mul9_reg_5293                        |   32|   0|   32|          0|
    |my_spillage_level_1_reg_5169         |   32|   0|   32|          0|
    |my_spillage_level_2_reg_813          |   32|   0|   32|          0|
    |my_spillage_level_reg_5179           |   32|   0|   32|          0|
    |neighbor_height_1_reg_5146           |   32|   0|   32|          0|
    |neighbor_height_2_reg_5053           |   32|   0|   32|          0|
    |notlhs161_reg_5207                   |    1|   0|    1|          0|
    |notrhs162_reg_5212                   |    1|   0|    1|          0|
    |or_ln70_1_reg_4535                   |    1|   0|    1|          0|
    |or_ln92_1_reg_4811                   |    1|   0|    1|          0|
    |or_ln93_1_reg_4845                   |    1|   0|    1|          0|
    |p_clouds_addr_reg_4615               |    3|   0|    3|          0|
    |p_clouds_load_1_reg_4678             |  224|   0|  224|          0|
    |p_ground_addr_reg_5030               |   12|   0|   12|          0|
    |p_ground_load_1_reg_5131             |   32|   0|   32|          0|
    |p_load117_reg_4553                   |   31|   0|   31|          0|
    |p_load120_reg_5521                   |   32|   0|   32|          0|
    |phi_mul12_reg_766                    |   12|   0|   12|          0|
    |phi_mul14_reg_928                    |   12|   0|   12|          0|
    |phi_mul16_reg_1009                   |   12|   0|   12|          0|
    |phi_mul18_fu_344                     |   12|   0|   12|          0|
    |phi_mul_fu_308                       |   12|   0|   12|          0|
    |reg_1241                             |   32|   0|   32|          0|
    |reg_1249                             |   32|   0|   32|          0|
    |reg_1253                             |   32|   0|   32|          0|
    |reg_1262                             |   32|   0|   32|          0|
    |reg_1268                             |   32|   0|   32|          0|
    |reg_1274                             |   32|   0|   32|          0|
    |reg_1283                             |   32|   0|   32|          0|
    |reg_1291                             |   32|   0|   32|          0|
    |reg_1299                             |   64|   0|   64|          0|
    |reg_1306                             |   32|   0|   32|          0|
    |reg_1311                             |   32|   0|   32|          0|
    |reg_1316                             |   32|   0|   32|          0|
    |result_20_reg_4942                   |   12|   0|   12|          0|
    |result_9_reg_4978                    |   32|   0|   32|          0|
    |row_pos_10_reg_688                   |   32|   0|   32|          0|
    |row_pos_1_fu_348                     |    6|   0|    6|          0|
    |row_pos_3_reg_755                    |    6|   0|    6|          0|
    |row_pos_5_reg_905                    |    6|   0|    6|          0|
    |row_pos_7_reg_998                    |    6|   0|    6|          0|
    |row_pos_fu_312                       |    6|   0|    6|          0|
    |select_ln85_reg_4791                 |   32|   0|   32|          0|
    |select_ln86_reg_4781                 |   32|   0|   32|          0|
    |select_ln87_reg_4796                 |   32|   0|   32|          0|
    |select_ln88_reg_4786                 |   32|   0|   32|          0|
    |select_ln98_reg_4957                 |   32|   0|   32|          0|
    |spill_acc_reg_986                    |   32|   0|   32|          0|
    |spillage_flag_addr_2_reg_5040        |   12|   0|   12|          0|
    |spillage_flag_addr_3_reg_5469        |   12|   0|   12|          0|
    |spillage_flag_load_reg_5350          |   32|   0|   32|          0|
    |spillage_from_neigh_addr_3_reg_5279  |   14|   0|   14|          0|
    |spillage_from_neigh_load_reg_5427    |   32|   0|   32|          0|
    |spillage_level_addr_2_reg_5045       |   12|   0|   12|          0|
    |spillage_level_addr_3_reg_5474       |   12|   0|   12|          0|
    |spillage_level_load_reg_5356         |   32|   0|   32|          0|
    |sub1_reg_4724                        |   32|   0|   32|          0|
    |sum_diff_reg_825                     |   32|   0|   32|          0|
    |tmp_11_reg_4776                      |    1|   0|    1|          0|
    |tmp_13_reg_4766                      |    1|   0|    1|          0|
    |tmp_1_reg_4894                       |   64|   0|   64|          0|
    |tmp_2_reg_4952                       |   32|   0|   32|          0|
    |tmp_48_reg_4597                      |  128|   0|  128|          0|
    |tmp_4_reg_4771                       |    1|   0|    1|          0|
    |tmp_55_reg_4602                      |  160|   0|  160|          0|
    |tmp_56_reg_4512                      |   12|   0|   14|          2|
    |tmp_57_reg_4640                      |  160|   0|  160|          0|
    |tmp_67_reg_5404                      |   12|   0|   14|          2|
    |tmp_6_reg_4751                       |    1|   0|    1|          0|
    |tmp_72_reg_5479                      |   12|   0|   14|          2|
    |tmp_reg_4879                         |   64|   0|   64|          0|
    |tmp_s_reg_4884                       |   64|   0|   64|          0|
    |trunc_ln173_1_reg_5259               |    6|   0|    6|          0|
    |trunc_ln2_reg_4625                   |   32|   0|   32|          0|
    |trunc_ln3_reg_4635                   |   32|   0|   32|          0|
    |trunc_ln78_reg_4630                  |   32|   0|   32|          0|
    |trunc_ln91_reg_4906                  |  352|   0|  352|          0|
    |trunc_ln92_1_reg_4837                |   23|   0|   23|          0|
    |trunc_ln93_1_reg_4861                |   23|   0|   23|          0|
    |val_1_reg_4920                       |    6|   0|    6|          0|
    |val_2_reg_4931                       |   12|   0|   12|          0|
    |val_3_reg_5298                       |   32|   0|   32|          0|
    |val_4_reg_5398                       |   32|   0|   32|          0|
    |val_5_reg_5437                       |   32|   0|   32|          0|
    |val_reg_4967                         |   32|   0|   32|          0|
    |water_level_addr_3_reg_4973          |   12|   0|   12|          0|
    |water_level_addr_4_reg_5335          |   12|   0|   12|          0|
    |wl_2_reg_5409                        |   32|   0|   32|          0|
    |x_assign_reg_4874                    |   64|   0|   64|          0|
    |xs_exp_1_reg_4831                    |    8|   0|    8|          0|
    |xs_exp_2_reg_4855                    |    8|   0|    8|          0|
    |xs_sign_1_reg_4915                   |    1|   0|    1|          0|
    |xs_sign_2_reg_4926                   |    1|   0|    1|          0|
    |xs_sign_reg_4962                     |    1|   0|    1|          0|
    |zext_ln110_reg_5016                  |    6|   0|    7|          1|
    |zext_ln121_reg_5061                  |    6|   0|    7|          1|
    |zext_ln73_reg_5246                   |    3|   0|   14|         11|
    +-------------------------------------+-----+----+-----+-----------+
    |Total                                |10263|   0|10282|         19|
    +-------------------------------------+-----+----+-----+-----------+



================================================================
== Interface
================================================================
* Summary: 
+-------------------+-----+-----+------------+---------------+--------------+
|     RTL Ports     | Dir | Bits|  Protocol  | Source Object |    C Type    |
+-------------------+-----+-----+------------+---------------+--------------+
|ap_clk             |   in|    1|  ap_ctrl_hs|     do_compute|  return value|
|ap_rst             |   in|    1|  ap_ctrl_hs|     do_compute|  return value|
|ap_start           |   in|    1|  ap_ctrl_hs|     do_compute|  return value|
|ap_done            |  out|    1|  ap_ctrl_hs|     do_compute|  return value|
|ap_idle            |  out|    1|  ap_ctrl_hs|     do_compute|  return value|
|ap_ready           |  out|    1|  ap_ctrl_hs|     do_compute|  return value|
|p_ground_address0  |  out|   12|   ap_memory|       p_ground|         array|
|p_ground_ce0       |  out|    1|   ap_memory|       p_ground|         array|
|p_ground_q0        |   in|   32|   ap_memory|       p_ground|         array|
|p_threshold        |   in|   32|     ap_none|    p_threshold|       pointer|
|p_num_minutes      |   in|   32|     ap_none|  p_num_minutes|       pointer|
|p_ex_factor        |   in|   32|     ap_none|    p_ex_factor|       pointer|
|p_clouds_address0  |  out|    3|   ap_memory|       p_clouds|         array|
|p_clouds_ce0       |  out|    1|   ap_memory|       p_clouds|         array|
|p_clouds_we0       |  out|    1|   ap_memory|       p_clouds|         array|
|p_clouds_d0        |  out|  224|   ap_memory|       p_clouds|         array|
|p_clouds_q0        |   in|  224|   ap_memory|       p_clouds|         array|
|r_i                |   in|  416|     ap_ovld|              r|       pointer|
|r_o                |  out|  416|     ap_ovld|              r|       pointer|
|r_o_ap_vld         |  out|    1|     ap_ovld|              r|       pointer|
+-------------------+-----+-----+------------+---------------+--------------+

