

================================================================
== Vitis HLS Report for 'do_compute'
================================================================
* Date:           Sun May 17 18:41:06 2026

* Version:        2024.1 (Build 5069499 on May 21 2024)
* Project:        .small_dam_base_disabled
* Solution:       solution_FLOOD_HLS_base (Vivado IP Flow Target)
* Product family: virtexuplusHBM
* Target device:  xcu50-fsvh2104-2-e


================================================================
== Performance Estimates
================================================================
+ Timing: 
    * Summary: 
    +--------+---------+----------+------------+
    |  Clock |  Target | Estimated| Uncertainty|
    +--------+---------+----------+------------+
    |ap_clk  |  4.00 ns|  2.916 ns|     1.08 ns|
    +--------+---------+----------+------------+

+ Latency: 
    * Summary: 
    +---------+---------+----------+----------+-----+-----+---------+
    |  Latency (cycles) |  Latency (absolute) |  Interval | Pipeline|
    |   min   |   max   |    min   |    max   | min | max |   Type  |
    +---------+---------+----------+----------+-----+-----+---------+
    |        ?|        ?|         ?|         ?|    ?|    ?|       no|
    +---------+---------+----------+----------+-----+-----+---------+

    + Detail: 
        * Instance: 
        +----------------------------------+----------------------+---------+---------+----------+----------+-----+-----+---------+
        |                                  |                      |  Latency (cycles) |  Latency (absolute) |  Interval | Pipeline|
        |             Instance             |        Module        |   min   |   max   |    min   |    max   | min | max |   Type  |
        +----------------------------------+----------------------+---------+---------+----------+----------+-----+-----+---------+
        |grp_pow_generic_double_s_fu_1056  |pow_generic_double_s  |       72|       72|  0.288 us|  0.288 us|    1|    1|      yes|
        |grp_pow_generic_double_s_fu_1085  |pow_generic_double_s  |       72|       72|  0.288 us|  0.288 us|    1|    1|      yes|
        +----------------------------------+----------------------+---------+---------+----------+----------+-----+-----+---------+

        * Loop: 
        +--------------------------+---------+---------+-------------+-----------+-----------+------+----------+
        |                          |  Latency (cycles) |  Iteration  |  Initiation Interval  | Trip |          |
        |         Loop Name        |   min   |   max   |   Latency   |  achieved |   target  | Count| Pipelined|
        +--------------------------+---------+---------+-------------+-----------+-----------+------+----------+
        |- VITIS_LOOP_53_1         |    48780|    48780|          542|          -|          -|    90|        no|
        | + VITIS_LOOP_54_2        |      540|      540|            6|          -|          -|    90|        no|
        |  ++ VITIS_LOOP_63_3      |        4|        4|            1|          -|          -|     4|        no|
        |- VITIS_LOOP_70_4         |        ?|        ?|            ?|          -|          -|     ?|        no|
        | + VITIS_LOOP_76_5        |      198|      198|           22|          -|          -|     9|        no|
        | + VITIS_LOOP_83_6        |        ?|        ?|            ?|          -|          -|     9|        no|
        |  ++ VITIS_LOOP_92_7      |        ?|        ?|            ?|          -|          -|     ?|        no|
        |   +++ VITIS_LOOP_93_8    |        ?|        ?|    137 ~ 195|          -|          -|     ?|        no|
        | + VITIS_LOOP_109_9       |    24480|  3304980|  272 ~ 36722|          -|          -|    90|        no|
        |  ++ VITIS_LOOP_110_10    |      270|    36720|      3 ~ 408|          -|          -|    90|        no|
        |   +++ VITIS_LOOP_121_11  |      172|      172|           43|          -|          -|     4|        no|
        |   +++ VITIS_LOOP_156_12  |       12|      172|       3 ~ 43|          -|          -|     4|        no|
        | + PROPAGATION_ROWS       |   494280|   494280|         5492|          -|          -|    90|        no|
        |  ++ PROPAGATION_COLS     |     5490|     5490|           61|          -|          -|    90|        no|
        |   +++ NEIGHBOR_ACCUM     |       48|       48|           12|          -|          -|     4|        no|
        | + VITIS_LOOP_234_13      |    48780|    48780|          542|          -|          -|    90|        no|
        |  ++ VITIS_LOOP_235_14    |      540|      540|            6|          -|          -|    90|        no|
        |   +++ VITIS_LOOP_236_15  |        4|        4|            1|          -|          -|     4|        no|
        |- VITIS_LOOP_249_16       |   162180|   162180|         1802|          -|          -|    90|        no|
        | + VITIS_LOOP_250_17      |     1800|     1800|           20|          -|          -|    90|        no|
        +--------------------------+---------+---------+-------------+-----------+-----------+------+----------+



================================================================
== Utilization Estimates
================================================================
* Summary: 
+---------------------+---------+------+---------+--------+-----+
|         Name        | BRAM_18K|  DSP |    FF   |   LUT  | URAM|
+---------------------+---------+------+---------+--------+-----+
|DSP                  |        -|     3|        -|       -|    -|
|Expression           |        -|     -|        0|    7459|    -|
|FIFO                 |        -|     -|        -|       -|    -|
|Instance             |       10|   143|    25491|   19342|    -|
|Memory               |      111|     -|        4|       6|    0|
|Multiplexer          |        -|     -|        0|    3904|    -|
|Register             |        -|     -|    10285|       -|    -|
+---------------------+---------+------+---------+--------+-----+
|Total                |      121|   146|    35780|   30711|    0|
+---------------------+---------+------+---------+--------+-----+
|Available SLR        |     1344|  2976|   871680|  435840|  320|
+---------------------+---------+------+---------+--------+-----+
|Utilization SLR (%)  |        9|     4|        4|       7|    0|
+---------------------+---------+------+---------+--------+-----+
|Available            |     2688|  5952|  1743360|  871680|  640|
+---------------------+---------+------+---------+--------+-----+
|Utilization (%)      |        4|     2|        2|       3|    0|
+---------------------+---------+------+---------+--------+-----+

+ Detail: 
    * Instance: 
    +----------------------------------------+------------------------------------+---------+----+-------+------+-----+
    |                Instance                |               Module               | BRAM_18K| DSP|   FF  |  LUT | URAM|
    +----------------------------------------+------------------------------------+---------+----+-------+------+-----+
    |dadd_64ns_64ns_64_5_full_dsp_1_U59      |dadd_64ns_64ns_64_5_full_dsp_1      |        0|   3|    457|   698|    0|
    |dcmp_64ns_64ns_1_2_no_dsp_1_U60         |dcmp_64ns_64ns_1_2_no_dsp_1         |        0|   0|      0|     0|    0|
    |dcmp_64ns_64ns_1_2_no_dsp_1_U61         |dcmp_64ns_64ns_1_2_no_dsp_1         |        0|   0|      0|     0|    0|
    |dsqrt_64ns_64ns_64_21_no_dsp_1_U62      |dsqrt_64ns_64ns_64_21_no_dsp_1      |        0|   0|      0|     0|    0|
    |faddfsub_32ns_32ns_32_7_full_dsp_1_U46  |faddfsub_32ns_32ns_32_7_full_dsp_1  |        0|   2|    318|   198|    0|
    |faddfsub_32ns_32ns_32_7_full_dsp_1_U47  |faddfsub_32ns_32ns_32_7_full_dsp_1  |        0|   2|    318|   198|    0|
    |fcmp_32ns_32ns_1_2_no_dsp_1_U56         |fcmp_32ns_32ns_1_2_no_dsp_1         |        0|   0|      0|     0|    0|
    |fcmp_32ns_32ns_1_2_no_dsp_1_U57         |fcmp_32ns_32ns_1_2_no_dsp_1         |        0|   0|      0|     0|    0|
    |fdiv_32ns_32ns_32_12_no_dsp_1_U50       |fdiv_32ns_32ns_32_12_no_dsp_1       |        0|   0|      0|     0|    0|
    |fdiv_32ns_32ns_32_12_no_dsp_1_U51       |fdiv_32ns_32ns_32_12_no_dsp_1       |        0|   0|      0|     0|    0|
    |fmul_32ns_32ns_32_4_max_dsp_1_U48       |fmul_32ns_32ns_32_4_max_dsp_1       |        0|   3|    143|    78|    0|
    |fmul_32ns_32ns_32_4_max_dsp_1_U49       |fmul_32ns_32ns_32_4_max_dsp_1       |        0|   3|    143|    78|    0|
    |fpext_32ns_64_2_no_dsp_1_U54            |fpext_32ns_64_2_no_dsp_1            |        0|   0|      0|     0|    0|
    |fpext_32ns_64_2_no_dsp_1_U55            |fpext_32ns_64_2_no_dsp_1            |        0|   0|      0|     0|    0|
    |fptrunc_64ns_32_2_no_dsp_1_U53          |fptrunc_64ns_32_2_no_dsp_1          |        0|   0|      0|     0|    0|
    |fsqrt_32ns_32ns_32_12_no_dsp_1_U58      |fsqrt_32ns_32ns_32_12_no_dsp_1      |        0|   0|      0|     0|    0|
    |grp_pow_generic_double_s_fu_1056        |pow_generic_double_s                |        5|  65|  12056|  9046|    0|
    |grp_pow_generic_double_s_fu_1085        |pow_generic_double_s                |        5|  65|  12056|  9046|    0|
    |sitofp_32ns_32_4_no_dsp_1_U52           |sitofp_32ns_32_4_no_dsp_1           |        0|   0|      0|     0|    0|
    +----------------------------------------+------------------------------------+---------+----+-------+------+-----+
    |Total                                   |                                    |       10| 143|  25491| 19342|    0|
    +----------------------------------------+------------------------------------+---------+----+-------+------+-----+

    * DSP: 
    +------------------------------------+--------------------------------+--------------+
    |              Instance              |             Module             |  Expression  |
    +------------------------------------+--------------------------------+--------------+
    |mac_muladd_7ns_7ns_13ns_13_4_1_U63  |mac_muladd_7ns_7ns_13ns_13_4_1  |  i0 * i1 + i2|
    |mac_muladd_7ns_7ns_7ns_13_4_1_U65   |mac_muladd_7ns_7ns_7ns_13_4_1   |  i0 * i1 + i2|
    |mac_muladd_7ns_7ns_8s_13_4_1_U64    |mac_muladd_7ns_7ns_8s_13_4_1    |  i0 * i1 + i2|
    +------------------------------------+--------------------------------+--------------+

    * Memory: 
    +-----------------------+-----------------------------------+---------+---+----+-----+-------+-----+------+-------------+
    |         Memory        |               Module              | BRAM_18K| FF| LUT| URAM| Words | Bits| Banks| W*Bits*Banks|
    +-----------------------+-----------------------------------+---------+---+----+-----+-------+-----+------+-------------+
    |displacements_0_U      |displacements_0_ROM_AUTO_1R        |        0|  2|   3|    0|      4|    2|     1|            8|
    |displacements_1_U      |displacements_1_ROM_AUTO_1R        |        0|  2|   3|    0|      4|    2|     1|            8|
    |spillage_from_neigh_U  |spillage_from_neigh_RAM_AUTO_1R1W  |       63|  0|   0|    0|  32400|   32|     1|      1036800|
    |water_level_U          |water_level_RAM_AUTO_1R1W          |       16|  0|   0|    0|   8100|   32|     1|       259200|
    |spillage_flag_U        |water_level_RAM_AUTO_1R1W          |       16|  0|   0|    0|   8100|   32|     1|       259200|
    |spillage_level_U       |water_level_RAM_AUTO_1R1W          |       16|  0|   0|    0|   8100|   32|     1|       259200|
    +-----------------------+-----------------------------------+---------+---+----+-----+-------+-----+------+-------------+
    |Total                  |                                   |      111|  4|   6|    0|  56708|  132|     6|      1814416|
    +-----------------------+-----------------------------------+---------+---+----+-----+-------+-----+------+-------------+

    * FIFO: 
    N/A

    * Expression: 
    +--------------------------------+----------+----+---+-----+------------+------------+
    |          Variable Name         | Operation| DSP| FF| LUT | Bitwidth P0| Bitwidth P1|
    +--------------------------------+----------+----+---+-----+------------+------------+
    |add_ln101_fu_2630_p2            |         +|   0|  0|   39|          32|          32|
    |add_ln102_fu_2649_p2            |         +|   0|  0|   71|          64|          64|
    |add_ln109_1_fu_2662_p2          |         +|   0|  0|   20|          13|           7|
    |add_ln109_fu_2674_p2            |         +|   0|  0|   14|           7|           1|
    |add_ln110_fu_2690_p2            |         +|   0|  0|   14|           7|           1|
    |add_ln117_fu_2700_p2            |         +|   0|  0|   20|          13|          13|
    |add_ln121_fu_2749_p2            |         +|   0|  0|   10|           3|           1|
    |add_ln156_fu_3207_p2            |         +|   0|  0|   10|           3|           1|
    |add_ln168_fu_3491_p2            |         +|   0|  0|   71|          64|          64|
    |add_ln177_fu_3286_p2            |         +|   0|  0|   22|          15|          15|
    |add_ln191_1_fu_3521_p2          |         +|   0|  0|   20|          13|           7|
    |add_ln191_fu_3533_p2            |         +|   0|  0|   14|           7|           1|
    |add_ln193_fu_3545_p2            |         +|   0|  0|   14|           7|           1|
    |add_ln196_fu_3555_p2            |         +|   0|  0|   20|          13|          13|
    |add_ln221_fu_3973_p2            |         +|   0|  0|   10|           3|           1|
    |add_ln222_fu_3983_p2            |         +|   0|  0|   22|          15|          15|
    |add_ln234_1_fu_4140_p2          |         +|   0|  0|   20|          13|           7|
    |add_ln234_fu_4152_p2            |         +|   0|  0|   14|           7|           1|
    |add_ln235_fu_4178_p2            |         +|   0|  0|   14|           7|           1|
    |add_ln236_fu_4214_p2            |         +|   0|  0|   10|           3|           1|
    |add_ln239_fu_4224_p2            |         +|   0|  0|   22|          15|          15|
    |add_ln241_fu_4188_p2            |         +|   0|  0|   20|          13|          13|
    |add_ln249_1_fu_4240_p2          |         +|   0|  0|   20|          13|           7|
    |add_ln249_fu_4252_p2            |         +|   0|  0|   14|           7|           1|
    |add_ln250_fu_4282_p2            |         +|   0|  0|   14|           7|           1|
    |add_ln251_fu_4292_p2            |         +|   0|  0|   20|          13|          13|
    |add_ln253_fu_4314_p2            |         +|   0|  0|   71|          64|          64|
    |add_ln317_1_fu_2234_p2          |         +|   0|  0|   16|           9|           8|
    |add_ln317_2_fu_2336_p2          |         +|   0|  0|   16|           9|           8|
    |add_ln317_3_fu_3848_p2          |         +|   0|  0|   16|           9|           8|
    |add_ln317_4_fu_4035_p2          |         +|   0|  0|   16|           9|           8|
    |add_ln317_5_fu_3378_p2          |         +|   0|  0|   16|           9|           8|
    |add_ln317_fu_2535_p2            |         +|   0|  0|   16|           9|           8|
    |add_ln53_1_fu_1339_p2           |         +|   0|  0|   20|          13|           7|
    |add_ln53_fu_1351_p2             |         +|   0|  0|   14|           7|           1|
    |add_ln54_fu_1395_p2             |         +|   0|  0|   14|           7|           1|
    |add_ln58_fu_1405_p2             |         +|   0|  0|   20|          13|          13|
    |add_ln63_fu_1439_p2             |         +|   0|  0|   10|           3|           1|
    |add_ln64_fu_1449_p2             |         +|   0|  0|   22|          15|          15|
    |add_ln70_fu_1570_p2             |         +|   0|  0|   38|          31|           1|
    |add_ln76_fu_1632_p2             |         +|   0|  0|   12|           4|           1|
    |add_ln83_fu_1722_p2             |         +|   0|  0|   12|           4|           1|
    |new_col_1_fu_3236_p2            |         +|   0|  0|   15|           8|           8|
    |new_col_fu_2787_p2              |         +|   0|  0|   15|           8|           8|
    |new_row_1_fu_3227_p2            |         +|   0|  0|   15|           8|           8|
    |new_row_fu_2765_p2              |         +|   0|  0|   15|           8|           8|
    |spill_acc_1_fu_4134_p2          |         +|   0|  0|   39|          32|          32|
    |wl_3_fu_3993_p2                 |         +|   0|  0|   39|          32|          32|
    |result_12_fu_2415_p2            |         -|   0|  0|   14|           1|           7|
    |result_19_fu_2430_p2            |         -|   0|  0|   20|           1|          13|
    |result_22_fu_3942_p2            |         -|   0|  0|   39|           1|          32|
    |result_23_fu_4122_p2            |         -|   0|  0|   39|           1|          32|
    |result_26_fu_3465_p2            |         -|   0|  0|   39|           1|          32|
    |result_6_fu_2619_p2             |         -|   0|  0|   39|           1|          32|
    |sub_ln18_1_fu_2248_p2           |         -|   0|  0|   15|           7|           8|
    |sub_ln18_2_fu_2350_p2           |         -|   0|  0|   15|           7|           8|
    |sub_ln18_3_fu_3862_p2           |         -|   0|  0|   15|           7|           8|
    |sub_ln18_4_fu_4049_p2           |         -|   0|  0|   15|           7|           8|
    |sub_ln18_5_fu_3392_p2           |         -|   0|  0|   15|           7|           8|
    |sub_ln18_fu_2549_p2             |         -|   0|  0|   15|           7|           8|
    |wl_1_fu_3954_p2                 |         -|   0|  0|   39|          32|          32|
    |and_ln139_1_fu_2865_p2          |       and|   0|  0|    2|           1|           1|
    |and_ln139_fu_2859_p2            |       and|   0|  0|    2|           1|           1|
    |and_ln142_1_fu_2949_p2          |       and|   0|  0|    2|           1|           1|
    |and_ln142_fu_2943_p2            |       and|   0|  0|    2|           1|           1|
    |and_ln145_1_fu_3055_p2          |       and|   0|  0|    2|           1|           1|
    |and_ln145_fu_3049_p2            |       and|   0|  0|    2|           1|           1|
    |and_ln148_fu_3105_p2            |       and|   0|  0|    2|           1|           1|
    |and_ln151_fu_3145_p2            |       and|   0|  0|    2|           1|           1|
    |and_ln175_1_fu_3342_p2          |       and|   0|  0|    2|           1|           1|
    |and_ln175_fu_3337_p2            |       and|   0|  0|    2|           1|           1|
    |and_ln199_fu_3602_p2            |       and|   0|  0|    2|           1|           1|
    |and_ln207_1_fu_3701_p2          |       and|   0|  0|    2|           1|           1|
    |and_ln207_fu_3695_p2            |       and|   0|  0|    2|           1|           1|
    |and_ln211_1_fu_3759_p2          |       and|   0|  0|    2|           1|           1|
    |and_ln211_2_fu_3792_p2          |       and|   0|  0|    2|           1|           1|
    |and_ln211_fu_3753_p2            |       and|   0|  0|    2|           1|           1|
    |and_ln251_1_fu_4402_p2          |       and|   0|  0|    2|           1|           1|
    |and_ln251_fu_4396_p2            |       and|   0|  0|    2|           1|           1|
    |and_ln70_1_fu_1564_p2           |       and|   0|  0|    2|           1|           1|
    |and_ln70_2_fu_1558_p2           |       and|   0|  0|    2|           1|           1|
    |and_ln70_fu_1553_p2             |       and|   0|  0|    2|           1|           1|
    |and_ln85_fu_1947_p2             |       and|   0|  0|    2|           1|           1|
    |and_ln86_fu_1913_p2             |       and|   0|  0|    2|           1|           1|
    |and_ln87_fu_1964_p2             |       and|   0|  0|    2|           1|           1|
    |and_ln88_fu_1930_p2             |       and|   0|  0|    2|           1|           1|
    |and_ln92_1_fu_2068_p2           |       and|   0|  0|    2|           1|           1|
    |and_ln92_fu_2063_p2             |       and|   0|  0|    2|           1|           1|
    |and_ln93_1_fu_2135_p2           |       and|   0|  0|    2|           1|           1|
    |and_ln93_fu_2130_p2             |       and|   0|  0|    2|           1|           1|
    |and_ln97_1_fu_2205_p2           |       and|   0|  0|    2|           1|           1|
    |and_ln97_fu_2199_p2             |       and|   0|  0|    2|           1|           1|
    |and_ln98_fu_2477_p2             |       and|   0|  0|    2|           1|           1|
    |empty_88_fu_3186_p2             |       and|   0|  0|    2|           1|           1|
    |empty_89_fu_3191_p2             |       and|   0|  0|    2|           1|           1|
    |grp_fu_1231_p2                  |      icmp|   0|  0|   15|           8|           2|
    |icmp_ln109_fu_2668_p2           |      icmp|   0|  0|   14|           7|           7|
    |icmp_ln110_fu_2684_p2           |      icmp|   0|  0|   14|           7|           7|
    |icmp_ln111_fu_2714_p2           |      icmp|   0|  0|   39|          32|           1|
    |icmp_ln121_fu_2743_p2           |      icmp|   0|  0|   12|           3|           4|
    |icmp_ln128_1_fu_2792_p2         |      icmp|   0|  0|   15|           8|           7|
    |icmp_ln128_fu_2770_p2           |      icmp|   0|  0|   15|           8|           7|
    |icmp_ln139_1_fu_2737_p2         |      icmp|   0|  0|   30|          23|           1|
    |icmp_ln139_2_fu_2839_p2         |      icmp|   0|  0|   15|           8|           2|
    |icmp_ln139_3_fu_2845_p2         |      icmp|   0|  0|   30|          23|           1|
    |icmp_ln142_1_fu_2913_p2         |      icmp|   0|  0|   30|          23|           1|
    |icmp_ln142_2_fu_2925_p2         |      icmp|   0|  0|   15|           8|           2|
    |icmp_ln142_3_fu_2931_p2         |      icmp|   0|  0|   30|          23|           1|
    |icmp_ln142_fu_2907_p2           |      icmp|   0|  0|   15|           8|           2|
    |icmp_ln145_1_fu_3019_p2         |      icmp|   0|  0|   30|          23|           1|
    |icmp_ln145_2_fu_3031_p2         |      icmp|   0|  0|   15|           8|           2|
    |icmp_ln145_3_fu_3037_p2         |      icmp|   0|  0|   30|          23|           1|
    |icmp_ln145_fu_3013_p2           |      icmp|   0|  0|   15|           8|           2|
    |icmp_ln148_1_fu_3093_p2         |      icmp|   0|  0|   30|          23|           1|
    |icmp_ln148_fu_3087_p2           |      icmp|   0|  0|   15|           8|           2|
    |icmp_ln151_1_fu_3135_p2         |      icmp|   0|  0|   59|          52|           1|
    |icmp_ln151_fu_3129_p2           |      icmp|   0|  0|   18|          11|           2|
    |icmp_ln156_fu_3201_p2           |      icmp|   0|  0|   12|           3|           4|
    |icmp_ln163_1_fu_3247_p2         |      icmp|   0|  0|   15|           8|           7|
    |icmp_ln163_fu_3241_p2           |      icmp|   0|  0|   15|           8|           7|
    |icmp_ln175_1_fu_3325_p2         |      icmp|   0|  0|   30|          23|           1|
    |icmp_ln175_fu_3319_p2           |      icmp|   0|  0|   15|           8|           2|
    |icmp_ln191_fu_3527_p2           |      icmp|   0|  0|   14|           7|           7|
    |icmp_ln193_fu_3539_p2           |      icmp|   0|  0|   14|           7|           7|
    |icmp_ln199_1_fu_3592_p2         |      icmp|   0|  0|   30|          23|           1|
    |icmp_ln199_fu_3586_p2           |      icmp|   0|  0|   15|           8|           2|
    |icmp_ln207_1_fu_3665_p2         |      icmp|   0|  0|   59|          52|           1|
    |icmp_ln207_2_fu_3677_p2         |      icmp|   0|  0|   18|          11|           2|
    |icmp_ln207_3_fu_3683_p2         |      icmp|   0|  0|   59|          52|           1|
    |icmp_ln207_fu_3659_p2           |      icmp|   0|  0|   18|          11|           2|
    |icmp_ln211_1_fu_3741_p2         |      icmp|   0|  0|   59|          52|           1|
    |icmp_ln211_fu_3735_p2           |      icmp|   0|  0|   18|          11|           2|
    |icmp_ln221_fu_3967_p2           |      icmp|   0|  0|   12|           3|           4|
    |icmp_ln234_fu_4146_p2           |      icmp|   0|  0|   14|           7|           7|
    |icmp_ln235_fu_4172_p2           |      icmp|   0|  0|   14|           7|           7|
    |icmp_ln236_fu_4208_p2           |      icmp|   0|  0|   12|           3|           4|
    |icmp_ln249_fu_4246_p2           |      icmp|   0|  0|   14|           7|           7|
    |icmp_ln250_fu_4276_p2           |      icmp|   0|  0|   14|           7|           7|
    |icmp_ln251_1_fu_4366_p2         |      icmp|   0|  0|   30|          23|           1|
    |icmp_ln251_2_fu_4378_p2         |      icmp|   0|  0|   15|           8|           2|
    |icmp_ln251_3_fu_4384_p2         |      icmp|   0|  0|   30|          23|           1|
    |icmp_ln251_fu_4360_p2           |      icmp|   0|  0|   15|           8|           2|
    |icmp_ln53_fu_1345_p2            |      icmp|   0|  0|   14|           7|           7|
    |icmp_ln54_fu_1389_p2            |      icmp|   0|  0|   14|           7|           7|
    |icmp_ln63_fu_1433_p2            |      icmp|   0|  0|   12|           3|           4|
    |icmp_ln70_1_fu_1522_p2          |      icmp|   0|  0|   18|          11|           2|
    |icmp_ln70_2_fu_1528_p2          |      icmp|   0|  0|   59|          52|           1|
    |icmp_ln70_3_fu_1477_p2          |      icmp|   0|  0|   18|          11|           2|
    |icmp_ln70_4_fu_1483_p2          |      icmp|   0|  0|   59|          52|           1|
    |icmp_ln70_fu_1544_p2            |      icmp|   0|  0|   39|          32|          32|
    |icmp_ln76_fu_1626_p2            |      icmp|   0|  0|   12|           4|           4|
    |icmp_ln83_fu_1716_p2            |      icmp|   0|  0|   12|           4|           4|
    |icmp_ln85_1_fu_1874_p2          |      icmp|   0|  0|   30|          23|           1|
    |icmp_ln85_fu_1868_p2            |      icmp|   0|  0|   15|           8|           2|
    |icmp_ln86_1_fu_1814_p2          |      icmp|   0|  0|   30|          23|           1|
    |icmp_ln86_fu_1808_p2            |      icmp|   0|  0|   15|           8|           2|
    |icmp_ln87_1_fu_1903_p2          |      icmp|   0|  0|   30|          23|           1|
    |icmp_ln87_fu_1897_p2            |      icmp|   0|  0|   15|           8|           2|
    |icmp_ln88_1_fu_1844_p2          |      icmp|   0|  0|   30|          23|           1|
    |icmp_ln88_fu_1838_p2            |      icmp|   0|  0|   15|           8|           2|
    |icmp_ln92_1_fu_2051_p2          |      icmp|   0|  0|   30|          23|           1|
    |icmp_ln92_2_fu_1995_p2          |      icmp|   0|  0|   15|           8|           2|
    |icmp_ln92_3_fu_2001_p2          |      icmp|   0|  0|   30|          23|           1|
    |icmp_ln92_fu_2045_p2            |      icmp|   0|  0|   15|           8|           2|
    |icmp_ln93_1_fu_2118_p2          |      icmp|   0|  0|   30|          23|           1|
    |icmp_ln93_2_fu_2083_p2          |      icmp|   0|  0|   15|           8|           2|
    |icmp_ln93_3_fu_2021_p2          |      icmp|   0|  0|   30|          23|           1|
    |icmp_ln93_fu_2112_p2            |      icmp|   0|  0|   15|           8|           2|
    |icmp_ln97_1_fu_2183_p2          |      icmp|   0|  0|   30|          23|           1|
    |icmp_ln97_2_fu_2150_p2          |      icmp|   0|  0|   15|           8|           2|
    |icmp_ln97_3_fu_1779_p2          |      icmp|   0|  0|   30|          23|           1|
    |icmp_ln97_fu_2177_p2            |      icmp|   0|  0|   15|           8|           2|
    |icmp_ln98_1_fu_2465_p2          |      icmp|   0|  0|   30|          23|           1|
    |icmp_ln98_fu_2459_p2            |      icmp|   0|  0|   15|           8|           2|
    |notlhs161_fu_3170_p2            |      icmp|   0|  0|   15|           8|           2|
    |notrhs162_fu_3176_p2            |      icmp|   0|  0|   30|          23|           1|
    |lshr_ln18_1_fu_2273_p2          |      lshr|   0|  0|  242|          79|          79|
    |lshr_ln18_2_fu_2375_p2          |      lshr|   0|  0|  242|          79|          79|
    |lshr_ln18_3_fu_3888_p2          |      lshr|   0|  0|  242|          79|          79|
    |lshr_ln18_4_fu_4075_p2          |      lshr|   0|  0|  242|          79|          79|
    |lshr_ln18_5_fu_3418_p2          |      lshr|   0|  0|  242|          79|          79|
    |lshr_ln18_fu_2575_p2            |      lshr|   0|  0|  242|          79|          79|
    |empty_86_fu_3165_p2             |        or|   0|  0|    2|           1|           1|
    |empty_87_fu_3182_p2             |        or|   0|  0|    2|           1|           1|
    |or_ln128_fu_2811_p2             |        or|   0|  0|    2|           1|           1|
    |or_ln139_1_fu_2855_p2           |        or|   0|  0|    2|           1|           1|
    |or_ln139_fu_2851_p2             |        or|   0|  0|    2|           1|           1|
    |or_ln142_1_fu_2937_p2           |        or|   0|  0|    2|           1|           1|
    |or_ln142_fu_2919_p2             |        or|   0|  0|    2|           1|           1|
    |or_ln145_1_fu_3043_p2           |        or|   0|  0|    2|           1|           1|
    |or_ln145_fu_3025_p2             |        or|   0|  0|    2|           1|           1|
    |or_ln148_fu_3099_p2             |        or|   0|  0|    2|           1|           1|
    |or_ln151_fu_3141_p2             |        or|   0|  0|    2|           1|           1|
    |or_ln163_fu_3253_p2             |        or|   0|  0|    2|           1|           1|
    |or_ln175_fu_3331_p2             |        or|   0|  0|    2|           1|           1|
    |or_ln199_fu_3598_p2             |        or|   0|  0|    2|           1|           1|
    |or_ln207_1_fu_3689_p2           |        or|   0|  0|    2|           1|           1|
    |or_ln207_fu_3671_p2             |        or|   0|  0|    2|           1|           1|
    |or_ln211_fu_3747_p2             |        or|   0|  0|    2|           1|           1|
    |or_ln251_1_fu_4390_p2           |        or|   0|  0|    2|           1|           1|
    |or_ln251_fu_4372_p2             |        or|   0|  0|    2|           1|           1|
    |or_ln70_1_fu_1489_p2            |        or|   0|  0|    2|           1|           1|
    |or_ln70_fu_1549_p2              |        or|   0|  0|    2|           1|           1|
    |or_ln85_fu_1943_p2              |        or|   0|  0|    2|           1|           1|
    |or_ln86_fu_1909_p2              |        or|   0|  0|    2|           1|           1|
    |or_ln87_fu_1960_p2              |        or|   0|  0|    2|           1|           1|
    |or_ln88_fu_1926_p2              |        or|   0|  0|    2|           1|           1|
    |or_ln92_1_fu_2007_p2            |        or|   0|  0|    2|           1|           1|
    |or_ln92_fu_2057_p2              |        or|   0|  0|    2|           1|           1|
    |or_ln93_1_fu_2089_p2            |        or|   0|  0|    2|           1|           1|
    |or_ln93_fu_2124_p2              |        or|   0|  0|    2|           1|           1|
    |or_ln97_1_fu_2195_p2            |        or|   0|  0|    2|           1|           1|
    |or_ln97_fu_2189_p2              |        or|   0|  0|    2|           1|           1|
    |or_ln98_fu_2471_p2              |        or|   0|  0|    2|           1|           1|
    |empty_95_fu_3797_p3             |    select|   0|  0|  359|           1|         416|
    |max_spillage_iter_3_fu_3805_p3  |    select|   0|  0|   63|           1|          64|
    |max_spillage_iter_8_fu_3707_p3  |    select|   0|  0|   63|           1|          64|
    |my_spillage_level_1_fu_2963_p3  |    select|   0|  0|   32|           1|          32|
    |my_spillage_level_3_fu_2955_p3  |    select|   0|  0|   32|           1|          32|
    |my_spillage_level_fu_3061_p3    |    select|   0|  0|   32|           1|          32|
    |neighbor_height_1_fu_2815_p3    |    select|   0|  0|   32|           1|          32|
    |result_15_fu_2420_p3            |    select|   0|  0|    7|           1|           7|
    |result_20_fu_2435_p3            |    select|   0|  0|   13|           1|          13|
    |result_24_fu_4127_p3            |    select|   0|  0|   32|           1|          32|
    |result_27_fu_3470_p3            |    select|   0|  0|   32|           1|          32|
    |result_28_fu_3947_p3            |    select|   0|  0|   32|           1|          32|
    |result_9_fu_2624_p3             |    select|   0|  0|   32|           1|          32|
    |select_ln18_10_fu_3402_p3       |    select|   0|  0|    9|           1|           9|
    |select_ln18_2_fu_2257_p3        |    select|   0|  0|    9|           1|           9|
    |select_ln18_4_fu_2359_p3        |    select|   0|  0|    9|           1|           9|
    |select_ln18_6_fu_3872_p3        |    select|   0|  0|    9|           1|           9|
    |select_ln18_8_fu_4059_p3        |    select|   0|  0|    9|           1|           9|
    |select_ln18_fu_2559_p3          |    select|   0|  0|    9|           1|           9|
    |select_ln251_fu_4408_p3         |    select|   0|  0|   32|           1|          32|
    |select_ln85_fu_1952_p3          |    select|   0|  0|   32|           1|           1|
    |select_ln86_fu_1918_p3          |    select|   0|  0|   32|           1|          32|
    |select_ln87_fu_1969_p3          |    select|   0|  0|   32|           1|           1|
    |select_ln88_fu_1935_p3          |    select|   0|  0|   32|           1|          32|
    |select_ln98_fu_2483_p3          |    select|   0|  0|   32|           1|           1|
    |sum_diff_1_fu_2970_p3           |    select|   0|  0|   32|           1|          32|
    |val_1_fu_2305_p3                |    select|   0|  0|    7|           1|           7|
    |val_2_fu_2407_p3                |    select|   0|  0|   13|           1|          13|
    |val_3_fu_3450_p3                |    select|   0|  0|   32|           1|          32|
    |val_4_fu_3920_p3                |    select|   0|  0|   32|           1|          32|
    |val_5_fu_4107_p3                |    select|   0|  0|   32|           1|          32|
    |val_fu_2607_p3                  |    select|   0|  0|   32|           1|          32|
    |wl_2_fu_3960_p3                 |    select|   0|  0|   32|           1|          32|
    |shl_ln18_1_fu_2279_p2           |       shl|   0|  0|  242|          79|          79|
    |shl_ln18_2_fu_2381_p2           |       shl|   0|  0|  242|          79|          79|
    |shl_ln18_3_fu_3894_p2           |       shl|   0|  0|  242|          79|          79|
    |shl_ln18_4_fu_4081_p2           |       shl|   0|  0|  242|          79|          79|
    |shl_ln18_5_fu_3424_p2           |       shl|   0|  0|  242|          79|          79|
    |shl_ln18_fu_2581_p2             |       shl|   0|  0|  242|          79|          79|
    +--------------------------------+----------+----+---+-----+------------+------------+
    |Total                           |          |   0|  0| 7459|        3095|        3219|
    +--------------------------------+----------+----+---+-----+------------+------------+

    * Multiplexer: 
    +------------------------------------+------+-----------+-----+-----------+
    |                Name                |  LUT | Input Size| Bits| Total Bits|
    +------------------------------------+------+-----------+-----+-----------+
    |add551_lcssa26_fu_358               |     9|          2|   64|        128|
    |ap_NS_fsm                           |  2578|        490|    1|        490|
    |cell_pos_1_reg_1034                 |     9|          2|    3|          6|
    |cell_pos_2_reg_977                  |     9|          2|    3|          6|
    |cell_pos_3_reg_850                  |     9|          2|    3|          6|
    |cell_pos_reg_804                    |     9|          2|    3|          6|
    |cloud_1_reg_679                     |     9|          2|    4|          8|
    |cloud_reg_658                       |     9|          2|    4|          8|
    |col_pos_1_reg_1045                  |     9|          2|    7|         14|
    |col_pos_3_reg_792                   |     9|          2|    7|         14|
    |col_pos_6_reg_954                   |     9|          2|    7|         14|
    |col_pos_7_reg_1023                  |     9|          2|    7|         14|
    |col_pos_8_reg_712                   |     9|          2|   32|         64|
    |col_pos_reg_636                     |     9|          2|    7|         14|
    |depth_pos_reg_647                   |     9|          2|    3|          6|
    |displacements_0_address0_local      |    14|          3|    2|          6|
    |displacements_1_address0_local      |    14|          3|    2|          6|
    |empty_78_fu_342                     |     9|          2|  416|        832|
    |empty_79_reg_669                    |     9|          2|  416|        832|
    |empty_80_reg_700                    |     9|          2|  416|        832|
    |empty_81_reg_722                    |     9|          2|  416|        832|
    |empty_82_reg_734                    |     9|          2|  416|        832|
    |empty_83_reg_746                    |     9|          2|  416|        832|
    |empty_84_reg_780                    |     9|          2|  416|        832|
    |empty_90_reg_839                    |     9|          2|  416|        832|
    |empty_91_reg_862                    |     9|          2|  416|        832|
    |empty_92_reg_877                    |     9|          2|  416|        832|
    |empty_93_reg_896                    |     9|          2|  416|        832|
    |empty_94_reg_942                    |     9|          2|  416|        832|
    |empty_96_fu_354                     |     9|          2|   32|         64|
    |empty_fu_338                        |     9|          2|   31|         62|
    |grp_fu_1114_opcode                  |    14|          3|    2|          6|
    |grp_fu_1114_p0                      |    65|         14|   32|        448|
    |grp_fu_1114_p1                      |    59|         11|   32|        352|
    |grp_fu_1119_opcode                  |    14|          3|    2|          6|
    |grp_fu_1119_p0                      |    14|          3|   32|         96|
    |grp_fu_1119_p1                      |    14|          3|   32|         96|
    |grp_fu_1126_p0                      |    59|         11|   32|        352|
    |grp_fu_1126_p1                      |    43|          8|   32|        256|
    |grp_fu_1131_p0                      |    14|          3|   32|         96|
    |grp_fu_1141_p0                      |    49|          9|   32|        288|
    |grp_fu_1141_p1                      |    43|          8|   32|        256|
    |grp_fu_1146_p0                      |    20|          4|   32|        128|
    |grp_fu_1146_p1                      |    14|          3|   32|         96|
    |grp_fu_1163_p0                      |    20|          4|   32|        128|
    |grp_fu_1169_opcode                  |    26|          5|    5|         25|
    |grp_fu_1169_p0                      |    49|          9|   32|        288|
    |grp_fu_1169_p1                      |    65|         12|   32|        384|
    |grp_fu_1174_opcode                  |    14|          3|    5|         15|
    |grp_fu_1174_p0                      |    20|          4|   32|        128|
    |grp_fu_1174_p1                      |    14|          3|   32|         96|
    |grp_fu_1197_p0                      |    14|          3|   64|        192|
    |grp_fu_1197_p1                      |    20|          4|   64|        256|
    |max_spillage_iter_1_fu_334          |     9|          2|   64|        128|
    |max_spillage_iter_2_reg_918         |     9|          2|   64|        128|
    |max_spillage_iter_4_reg_965         |     9|          2|   64|        128|
    |my_spillage_level_2_reg_815         |     9|          2|   32|         64|
    |p_clouds_address0_local             |    20|          4|    4|         16|
    |p_ground_address0_local             |    20|          4|   13|         52|
    |phi_mul12_reg_768                   |     9|          2|   13|         26|
    |phi_mul14_reg_930                   |     9|          2|   13|         26|
    |phi_mul16_reg_1011                  |     9|          2|   13|         26|
    |phi_mul18_fu_346                    |     9|          2|   13|         26|
    |phi_mul_fu_310                      |     9|          2|   13|         26|
    |row_pos_10_reg_690                  |     9|          2|   32|         64|
    |row_pos_1_fu_350                    |     9|          2|    7|         14|
    |row_pos_3_reg_757                   |     9|          2|    7|         14|
    |row_pos_5_reg_907                   |     9|          2|    7|         14|
    |row_pos_7_reg_1000                  |     9|          2|    7|         14|
    |row_pos_fu_314                      |     9|          2|    7|         14|
    |spill_acc_reg_988                   |     9|          2|   32|         64|
    |spillage_flag_address0_local        |    26|          5|   13|         65|
    |spillage_flag_d0_local              |    14|          3|   32|         96|
    |spillage_from_neigh_address0_local  |    26|          5|   15|         75|
    |spillage_from_neigh_d0_local        |    14|          3|   32|         96|
    |spillage_level_address0_local       |    26|          5|   13|         65|
    |spillage_level_d0_local             |    14|          3|   32|         96|
    |sum_diff_reg_827                    |     9|          2|   32|         64|
    |water_level_address0_local          |    49|          9|   13|        117|
    |water_level_d0_local                |    20|          4|   32|        128|
    +------------------------------------+------+-----------+-----+-----------+
    |Total                               |  3904|        761| 6487|      16554|
    +------------------------------------+------+-----------+-----+-----------+

    * Register: 
    +-------------------------------------+-----+----+-----+-----------+
    |                 Name                |  FF | LUT| Bits| Const Bits|
    +-------------------------------------+-----+----+-----+-----------+
    |add551_lcssa26_fu_358                |   64|   0|   64|          0|
    |add5_reg_4893                        |   64|   0|   64|          0|
    |add_ln101_1_reg_4951                 |   13|   0|   13|          0|
    |add_ln101_reg_4987                   |   32|   0|   32|          0|
    |add_ln109_1_reg_5007                 |   13|   0|   13|          0|
    |add_ln109_reg_5015                   |    7|   0|    7|          0|
    |add_ln110_reg_5029                   |    7|   0|    7|          0|
    |add_ln121_reg_5085                   |    3|   0|    3|          0|
    |add_ln156_reg_5235                   |    3|   0|    3|          0|
    |add_ln191_1_reg_5313                 |   13|   0|   13|          0|
    |add_ln191_reg_5321                   |    7|   0|    7|          0|
    |add_ln193_reg_5329                   |    7|   0|    7|          0|
    |add_ln196_reg_5334                   |   13|   0|   13|          0|
    |add_ln221_reg_5420                   |    3|   0|    3|          0|
    |add_ln234_1_reg_5451                 |   13|   0|   13|          0|
    |add_ln234_reg_5459                   |    7|   0|    7|          0|
    |add_ln235_reg_5467                   |    7|   0|    7|          0|
    |add_ln249_1_reg_5498                 |   13|   0|   13|          0|
    |add_ln249_reg_5506                   |    7|   0|    7|          0|
    |add_ln250_reg_5514                   |    7|   0|    7|          0|
    |add_ln53_1_reg_4468                  |   13|   0|   13|          0|
    |add_ln53_reg_4476                    |    7|   0|    7|          0|
    |add_ln54_reg_4511                    |    7|   0|    7|          0|
    |add_ln70_reg_4568                    |   31|   0|   31|          0|
    |add_ln76_reg_4614                    |    4|   0|    4|          0|
    |add_ln83_reg_4672                    |    4|   0|    4|          0|
    |and_ln139_1_reg_5167                 |    1|   0|    1|          0|
    |and_ln175_1_reg_5293                 |    1|   0|    1|          0|
    |and_ln199_reg_5374                   |    1|   0|    1|          0|
    |and_ln97_1_reg_4915                  |    1|   0|    1|          0|
    |ap_CS_fsm                            |  489|   0|  489|          0|
    |bitcast_ln139_reg_5071               |   32|   0|   32|          0|
    |bitcast_ln27_reg_4502                |   32|   0|   32|          0|
    |bitcast_ln85_1_reg_4687              |   32|   0|   32|          0|
    |bitcast_ln85_reg_4712                |   32|   0|   32|          0|
    |bitcast_ln87_reg_4695                |   32|   0|   32|          0|
    |bitcast_ln93_reg_4820                |   32|   0|   32|          0|
    |bitcast_ln98_1_reg_4701              |   32|   0|   32|          0|
    |bitcast_ln98_reg_4624                |   32|   0|   32|          0|
    |cell_pos_1_reg_1034                  |    3|   0|    3|          0|
    |cell_pos_2_reg_977                   |    3|   0|    3|          0|
    |cell_pos_3_reg_850                   |    3|   0|    3|          0|
    |cell_pos_reg_804                     |    3|   0|    3|          0|
    |cloud_1_reg_679                      |    4|   0|    4|          0|
    |cloud_reg_658                        |    4|   0|    4|          0|
    |col_pos_1_reg_1045                   |    7|   0|    7|          0|
    |col_pos_3_reg_792                    |    7|   0|    7|          0|
    |col_pos_6_reg_954                    |    7|   0|    7|          0|
    |col_pos_7_reg_1023                   |    7|   0|    7|          0|
    |col_pos_8_reg_712                    |   32|   0|   32|          0|
    |col_pos_reg_636                      |    7|   0|    7|          0|
    |col_start_reg_4810                   |   32|   0|   32|          0|
    |conv_reg_4534                        |   64|   0|   64|          0|
    |data_1_reg_4830                      |   32|   0|   32|          0|
    |data_2_reg_4854                      |   32|   0|   32|          0|
    |data_3_reg_5396                      |   32|   0|   32|          0|
    |data_4_reg_5435                      |   32|   0|   32|          0|
    |data_5_reg_5225                      |   32|   0|   32|          0|
    |depth_pos_reg_647                    |    3|   0|    3|          0|
    |displacements_1_load_reg_5100        |    2|   0|    2|          0|
    |distance_reg_4903                    |   32|   0|   32|          0|
    |empty_78_fu_342                      |  416|   0|  416|          0|
    |empty_79_reg_669                     |  416|   0|  416|          0|
    |empty_80_reg_700                     |  416|   0|  416|          0|
    |empty_81_reg_722                     |  416|   0|  416|          0|
    |empty_82_reg_734                     |  416|   0|  416|          0|
    |empty_83_reg_746                     |  416|   0|  416|          0|
    |empty_84_reg_780                     |  416|   0|  416|          0|
    |empty_86_reg_5205                    |    1|   0|    1|          0|
    |empty_89_reg_5221                    |    1|   0|    1|          0|
    |empty_90_reg_839                     |  416|   0|  416|          0|
    |empty_91_reg_862                     |  416|   0|  416|          0|
    |empty_92_reg_877                     |  416|   0|  416|          0|
    |empty_93_reg_896                     |  416|   0|  416|          0|
    |empty_94_reg_942                     |  416|   0|  416|          0|
    |empty_95_reg_5386                    |  416|   0|  416|          0|
    |empty_96_fu_354                      |   32|   0|   32|          0|
    |empty_fu_338                         |   31|   0|   31|          0|
    |icmp_ln128_1_reg_5115                |    1|   0|    1|          0|
    |icmp_ln128_reg_5105                  |    1|   0|    1|          0|
    |icmp_ln139_1_reg_5076                |    1|   0|    1|          0|
    |icmp_ln139_2_reg_5157                |    1|   0|    1|          0|
    |icmp_ln139_3_reg_5162                |    1|   0|    1|          0|
    |icmp_ln139_reg_5140                  |    1|   0|    1|          0|
    |icmp_ln151_1_reg_5197                |    1|   0|    1|          0|
    |icmp_ln151_reg_5192                  |    1|   0|    1|          0|
    |icmp_ln199_1_reg_5364                |    1|   0|    1|          0|
    |icmp_ln199_reg_5359                  |    1|   0|    1|          0|
    |icmp_ln70_1_reg_4547                 |    1|   0|    1|          0|
    |icmp_ln70_2_reg_4552                 |    1|   0|    1|          0|
    |icmp_ln85_1_reg_4750                 |    1|   0|    1|          0|
    |icmp_ln85_reg_4745                   |    1|   0|    1|          0|
    |icmp_ln86_1_reg_4723                 |    1|   0|    1|          0|
    |icmp_ln86_reg_4718                   |    1|   0|    1|          0|
    |icmp_ln87_1_reg_4765                 |    1|   0|    1|          0|
    |icmp_ln87_reg_4760                   |    1|   0|    1|          0|
    |icmp_ln88_1_reg_4740                 |    1|   0|    1|          0|
    |icmp_ln88_reg_4735                   |    1|   0|    1|          0|
    |icmp_ln93_3_reg_4825                 |    1|   0|    1|          0|
    |icmp_ln97_2_reg_4873                 |    1|   0|    1|          0|
    |icmp_ln97_3_reg_4707                 |    1|   0|    1|          0|
    |max_spillage_iter_1_fu_334           |   64|   0|   64|          0|
    |max_spillage_iter_2_reg_918          |   64|   0|   64|          0|
    |max_spillage_iter_3_reg_5391         |   64|   0|   64|          0|
    |max_spillage_iter_4_reg_965          |   64|   0|   64|          0|
    |mul9_reg_5297                        |   32|   0|   32|          0|
    |my_spillage_level_1_reg_5173         |   32|   0|   32|          0|
    |my_spillage_level_2_reg_815          |   32|   0|   32|          0|
    |my_spillage_level_reg_5183           |   32|   0|   32|          0|
    |neighbor_height_1_reg_5150           |   32|   0|   32|          0|
    |neighbor_height_2_reg_5057           |   32|   0|   32|          0|
    |notlhs161_reg_5211                   |    1|   0|    1|          0|
    |notrhs162_reg_5216                   |    1|   0|    1|          0|
    |or_ln70_1_reg_4539                   |    1|   0|    1|          0|
    |or_ln92_1_reg_4815                   |    1|   0|    1|          0|
    |or_ln93_1_reg_4849                   |    1|   0|    1|          0|
    |p_clouds_addr_reg_4619               |    4|   0|    4|          0|
    |p_clouds_load_1_reg_4682             |  224|   0|  224|          0|
    |p_ground_addr_reg_5034               |   13|   0|   13|          0|
    |p_ground_load_1_reg_5135             |   32|   0|   32|          0|
    |p_load120_reg_4557                   |   31|   0|   31|          0|
    |p_load123_reg_5524                   |   32|   0|   32|          0|
    |phi_mul12_reg_768                    |   13|   0|   13|          0|
    |phi_mul14_reg_930                    |   13|   0|   13|          0|
    |phi_mul16_reg_1011                   |   13|   0|   13|          0|
    |phi_mul18_fu_346                     |   13|   0|   13|          0|
    |phi_mul_fu_310                       |   13|   0|   13|          0|
    |reg_1244                             |   32|   0|   32|          0|
    |reg_1252                             |   32|   0|   32|          0|
    |reg_1256                             |   32|   0|   32|          0|
    |reg_1265                             |   32|   0|   32|          0|
    |reg_1271                             |   32|   0|   32|          0|
    |reg_1277                             |   32|   0|   32|          0|
    |reg_1286                             |   32|   0|   32|          0|
    |reg_1294                             |   32|   0|   32|          0|
    |reg_1302                             |   64|   0|   64|          0|
    |reg_1309                             |   32|   0|   32|          0|
    |reg_1314                             |   32|   0|   32|          0|
    |reg_1319                             |   32|   0|   32|          0|
    |result_20_reg_4946                   |   13|   0|   13|          0|
    |result_9_reg_4982                    |   32|   0|   32|          0|
    |row_pos_10_reg_690                   |   32|   0|   32|          0|
    |row_pos_1_fu_350                     |    7|   0|    7|          0|
    |row_pos_3_reg_757                    |    7|   0|    7|          0|
    |row_pos_5_reg_907                    |    7|   0|    7|          0|
    |row_pos_7_reg_1000                   |    7|   0|    7|          0|
    |row_pos_fu_314                       |    7|   0|    7|          0|
    |select_ln85_reg_4795                 |   32|   0|   32|          0|
    |select_ln86_reg_4785                 |   32|   0|   32|          0|
    |select_ln87_reg_4800                 |   32|   0|   32|          0|
    |select_ln88_reg_4790                 |   32|   0|   32|          0|
    |select_ln98_reg_4961                 |   32|   0|   32|          0|
    |spill_acc_reg_988                    |   32|   0|   32|          0|
    |spillage_flag_addr_2_reg_5044        |   13|   0|   13|          0|
    |spillage_flag_addr_3_reg_5472        |   13|   0|   13|          0|
    |spillage_from_neigh_addr_3_reg_5283  |   15|   0|   15|          0|
    |spillage_from_neigh_load_reg_5430    |   32|   0|   32|          0|
    |spillage_level_addr_2_reg_5049       |   13|   0|   13|          0|
    |spillage_level_addr_3_reg_5477       |   13|   0|   13|          0|
    |spillage_level_load_reg_5369         |   32|   0|   32|          0|
    |sub1_reg_4728                        |   32|   0|   32|          0|
    |sum_diff_reg_827                     |   32|   0|   32|          0|
    |tmp_11_reg_4780                      |    1|   0|    1|          0|
    |tmp_13_reg_4770                      |    1|   0|    1|          0|
    |tmp_1_reg_4898                       |   64|   0|   64|          0|
    |tmp_2_reg_4956                       |   32|   0|   32|          0|
    |tmp_48_reg_4601                      |  128|   0|  128|          0|
    |tmp_4_reg_4775                       |    1|   0|    1|          0|
    |tmp_55_reg_4606                      |  160|   0|  160|          0|
    |tmp_56_reg_4516                      |   13|   0|   15|          2|
    |tmp_57_reg_4644                      |  160|   0|  160|          0|
    |tmp_67_reg_5407                      |   13|   0|   15|          2|
    |tmp_6_reg_4755                       |    1|   0|    1|          0|
    |tmp_72_reg_5482                      |   13|   0|   15|          2|
    |tmp_reg_4883                         |   64|   0|   64|          0|
    |tmp_s_reg_4888                       |   64|   0|   64|          0|
    |trunc_ln173_1_reg_5263               |    7|   0|    7|          0|
    |trunc_ln2_reg_4629                   |   32|   0|   32|          0|
    |trunc_ln3_reg_4639                   |   32|   0|   32|          0|
    |trunc_ln78_reg_4634                  |   32|   0|   32|          0|
    |trunc_ln91_reg_4910                  |  352|   0|  352|          0|
    |trunc_ln92_1_reg_4841                |   23|   0|   23|          0|
    |trunc_ln93_1_reg_4865                |   23|   0|   23|          0|
    |val_1_reg_4924                       |    7|   0|    7|          0|
    |val_2_reg_4935                       |   13|   0|   13|          0|
    |val_3_reg_5302                       |   32|   0|   32|          0|
    |val_4_reg_5401                       |   32|   0|   32|          0|
    |val_5_reg_5440                       |   32|   0|   32|          0|
    |val_reg_4971                         |   32|   0|   32|          0|
    |water_level_addr_3_reg_4977          |   13|   0|   13|          0|
    |water_level_addr_4_reg_5339          |   13|   0|   13|          0|
    |wl_2_reg_5412                        |   32|   0|   32|          0|
    |x_assign_reg_4878                    |   64|   0|   64|          0|
    |xs_exp_1_reg_4835                    |    8|   0|    8|          0|
    |xs_exp_2_reg_4859                    |    8|   0|    8|          0|
    |xs_sign_1_reg_4919                   |    1|   0|    1|          0|
    |xs_sign_2_reg_4930                   |    1|   0|    1|          0|
    |xs_sign_reg_4966                     |    1|   0|    1|          0|
    |zext_ln110_reg_5020                  |    7|   0|    8|          1|
    |zext_ln121_reg_5065                  |    7|   0|    8|          1|
    |zext_ln73_reg_5250                   |    3|   0|   15|         12|
    +-------------------------------------+-----+----+-----+-----------+
    |Total                                |10285|   0|10305|         20|
    +-------------------------------------+-----+----+-----+-----------+



================================================================
== Interface
================================================================
* Summary: 
+-------------------+-----+-----+------------+---------------+--------------+
|     RTL Ports     | Dir | Bits|  Protocol  | Source Object |    C Type    |
+-------------------+-----+-----+------------+---------------+--------------+
|ap_clk             |   in|    1|  ap_ctrl_hs|     do_compute|  return value|
|ap_rst             |   in|    1|  ap_ctrl_hs|     do_compute|  return value|
|ap_start           |   in|    1|  ap_ctrl_hs|     do_compute|  return value|
|ap_done            |  out|    1|  ap_ctrl_hs|     do_compute|  return value|
|ap_idle            |  out|    1|  ap_ctrl_hs|     do_compute|  return value|
|ap_ready           |  out|    1|  ap_ctrl_hs|     do_compute|  return value|
|p_ground_address0  |  out|   13|   ap_memory|       p_ground|         array|
|p_ground_ce0       |  out|    1|   ap_memory|       p_ground|         array|
|p_ground_q0        |   in|   32|   ap_memory|       p_ground|         array|
|p_threshold        |   in|   32|     ap_none|    p_threshold|       pointer|
|p_num_minutes      |   in|   32|     ap_none|  p_num_minutes|       pointer|
|p_ex_factor        |   in|   32|     ap_none|    p_ex_factor|       pointer|
|p_clouds_address0  |  out|    4|   ap_memory|       p_clouds|         array|
|p_clouds_ce0       |  out|    1|   ap_memory|       p_clouds|         array|
|p_clouds_we0       |  out|    1|   ap_memory|       p_clouds|         array|
|p_clouds_d0        |  out|  224|   ap_memory|       p_clouds|         array|
|p_clouds_q0        |   in|  224|   ap_memory|       p_clouds|         array|
|r_i                |   in|  416|     ap_ovld|              r|       pointer|
|r_o                |  out|  416|     ap_ovld|              r|       pointer|
|r_o_ap_vld         |  out|    1|     ap_ovld|              r|       pointer|
+-------------------+-----+-----+------------+---------------+--------------+

